[1/2] Building CXX object CMakeFiles/aggregate_alignment.dir/aggregate_alignment.cpp.o
[2/2] Linking CXX executable aggregate_alignment
{"command": ["cmake", "--build", "/Users/catethos/workspace/ladybugex/zig_library/_build/sanitizers-clt21/tests", "--target", "aggregate_alignment", "--parallel", "2"], "cwd": "/Users/catethos/workspace/ladybugex/zig_library", "exit": 0, "seconds": 1.652}
/Users/catethos/workspace/ladybugex/zig_library/native/upstream/ladybug/src/processor/operator/order_by/order_by_key_encoder.cpp:185:13: runtime error: store to misaligned address 0x00011da70002 for type 'uint32_t' (aka 'unsigned int'), which requires 4 byte alignment
0x00011da70002: note: pointer points here
 00 00  00 01 00 00 00 00 00 00  00 00 00 00 00 00 00 00  00 00 00 00 00 00 00 00  00 00 00 00 00 00
              ^ 
    #0 0x000111388990 in lbug::processor::OrderByKeyEncoder::encodeFTIdx(unsigned int, unsigned char*)+0x2ac (liblbug.0.20.2.dylib:arm64+0x1350990)
    #1 0x000111387f1c in lbug::processor::OrderByKeyEncoder::encodeKeys(std::__1::vector<lbug::common::ValueVector*, std::__1::allocator<lbug::common::ValueVector*>> const&)+0x4c4 (liblbug.0.20.2.dylib:arm64+0x134ff1c)
    #2 0x00011139f610 in lbug::processor::SortLocalState::append(std::__1::vector<lbug::common::ValueVector*, std::__1::allocator<lbug::common::ValueVector*>> const&, std::__1::vector<lbug::common::ValueVector*, std::__1::allocator<lbug::common::ValueVector*>> const&)+0x4c (liblbug.0.20.2.dylib:arm64+0x1367610)
    #3 0x000111384dfc in lbug::processor::OrderBy::executeInternal(lbug::processor::ExecutionContext*)+0xd4 (liblbug.0.20.2.dylib:arm64+0x134cdfc)
    #4 0x0001117017b0 in lbug::processor::Sink::execute(lbug::processor::ResultSet*, lbug::processor::ExecutionContext*)+0x9c (liblbug.0.20.2.dylib:arm64+0x16c97b0)
    #5 0x0001117011ec in lbug::processor::ProcessorTask::run()+0x524 (liblbug.0.20.2.dylib:arm64+0x16c91ec)
    #6 0x000110360578 in lbug::common::TaskScheduler::runWorkerThread()+0x47c (liblbug.0.20.2.dylib:arm64+0x328578)
    #7 0x00011036243c in void* std::__1::__thread_proxy[abi:nqe210106]<std::__1::tuple<std::__1::unique_ptr<std::__1::__thread_struct, std::__1::default_delete<std::__1::__thread_struct>>, lbug::common::TaskScheduler::TaskScheduler(unsigned long long, unsigned int)::$_0>>(void*)+0x11c (liblbug.0.20.2.dylib:arm64+0x32a43c)
    #8 0x000102c3dd64 in asan_thread_start(void*)+0x4c (libclang_rt.asan_osx_dynamic.dylib:arm64e+0x3dd64)
    #9 0x000181d97c54 in _pthread_start+0x84 (libsystem_pthread.dylib:arm64e+0x6c54)
    #10 0x000181d92c18 in thread_start+0x4 (libsystem_pthread.dylib:arm64e+0x1c18)

SUMMARY: UndefinedBehaviorSanitizer: undefined-behavior /Users/catethos/workspace/ladybugex/zig_library/native/upstream/ladybug/src/processor/operator/order_by/order_by_key_encoder.cpp:185:13 
{"command": ["/Users/catethos/workspace/ladybugex/zig_library/_build/sanitizers-clt21/tests/aggregate_alignment"], "cwd": "/Users/catethos/workspace/ladybugex/zig_library", "exit": -6, "seconds": 1.369}
Traceback (most recent call last):
  File "<stdin>", line 6, in <module>
  File "/Users/catethos/workspace/ladybugex/zig_library/scripts/proof.py", line 28, in run
    raise RuntimeError(f"command failed: {args}")
RuntimeError: command failed: ['/Users/catethos/workspace/ladybugex/zig_library/_build/sanitizers-clt21/tests/aggregate_alignment']
