[0/1] Re-running CMake...
-- Configuring done (0.1s)
-- Generating done (0.0s)
-- Build files have been written to: /Users/catethos/workspace/ladybugex/zig_library/_build/native/tests
[1/3] Building CXX object CMakeFiles/benchmark.dir/benchmark.cpp.o
[2/3] Linking CXX executable benchmark
        1.54 real         0.87 user         0.36 sys
           227540992  maximum resident set size
                   0  average shared memory size
                   0  average unshared data size
                   0  average unshared stack size
               23407  page reclaims
                4355  page faults
                   0  swaps
                   0  block input operations
                   0  block output operations
                   0  messages sent
                   0  messages received
                   2  signals received
                2615  voluntary context switches
                1323  involuntary context switches
            54865824  instructions retired
            20151512  cycles elapsed
             2490728  peak memory footprint
{"command": ["/usr/bin/time", "-l", "cmake", "--build", "_build/native/tests", "--target", "benchmark", "--parallel", "2"], "cwd": "/Users/catethos/workspace/ladybugex/zig_library", "exit": 0, "seconds": 1.547}
{"command": ["/Users/catethos/workspace/ladybugex/zig_library/_build/native/tests/fixture", "/Users/catethos/workspace/ladybugex/zig_library/docs/evidence/benchmark-host-1/fixture.duckdb"], "cwd": "/Users/catethos/workspace/ladybugex/zig_library", "exit": 0, "seconds": 0.024}
{"command": ["python3", "-c", "import os, sys\nwith open(sys.argv[1], 'x') as log:\n    os.dup2(log.fileno(), 1)\n    os.dup2(log.fileno(), 2)\n    os.execv('/usr/bin/time', ['/usr/bin/time', '-l', *sys.argv[2:]])\n", "/Users/catethos/workspace/ladybugex/zig_library/docs/evidence/benchmark-host-1/cpp.log", "/Users/catethos/workspace/ladybugex/zig_library/_build/native/tests/benchmark", "/Users/catethos/workspace/ladybugex/zig_library/docs/evidence/benchmark-host-1/setup.cypher", "/Users/catethos/workspace/ladybugex/zig_library/docs/evidence/benchmark-host-1/cases.tsv"], "cwd": "/Users/catethos/workspace/ladybugex/zig_library", "exit": 0, "seconds": 1.858}
{"command": ["python3", "-c", "import os, sys\nwith open(sys.argv[1], 'x') as log:\n    os.dup2(log.fileno(), 1)\n    os.dup2(log.fileno(), 2)\n    os.execv('/usr/bin/time', ['/usr/bin/time', '-l', *sys.argv[2:]])\n", "/Users/catethos/workspace/ladybugex/zig_library/docs/evidence/benchmark-host-1/aphid.log", "mix", "run", "--no-compile", "scripts/benchmark.exs", "/Users/catethos/workspace/ladybugex/zig_library/docs/evidence/benchmark-host-1/setup.cypher", "/Users/catethos/workspace/ladybugex/zig_library/docs/evidence/benchmark-host-1/cases.tsv"], "cwd": "/Users/catethos/workspace/ladybugex/zig_library", "exit": 0, "seconds": 6.04}
