{"command": ["install_name_tool", "-delete_rpath", "/Users/catethos/workspace/ladybugex/zig_library/_build/native/tests", "/var/folders/z1/r2b_0ydd7yg1xjgf6m352nf40000gn/T/aphid-relocated-4gnbk9wo/bundle/lib/aphid-0.1.0/priv/lib/Elixir.Aphid.FeatureProof.so"], "cwd": "/Users/catethos/workspace/ladybugex/zig_library", "exit": 0, "seconds": 0.02}
{"command": ["install_name_tool", "-delete_rpath", "/Users/catethos/workspace/ladybugex/zig_library/_build/native/ladybug/src", "/var/folders/z1/r2b_0ydd7yg1xjgf6m352nf40000gn/T/aphid-relocated-4gnbk9wo/bundle/lib/aphid-0.1.0/priv/lib/Elixir.Aphid.FeatureProof.so"], "cwd": "/Users/catethos/workspace/ladybugex/zig_library", "exit": 0, "seconds": 0.02}
{"command": ["install_name_tool", "-change", "@rpath/libaphid_feature_bridge.dylib", "@loader_path/libaphid_feature_bridge.dylib", "/var/folders/z1/r2b_0ydd7yg1xjgf6m352nf40000gn/T/aphid-relocated-4gnbk9wo/bundle/lib/aphid-0.1.0/priv/lib/Elixir.Aphid.FeatureProof.so"], "cwd": "/Users/catethos/workspace/ladybugex/zig_library", "exit": 0, "seconds": 0.02}
{"command": ["install_name_tool", "-id", "@loader_path/Elixir.Aphid.FeatureProof.so", "/var/folders/z1/r2b_0ydd7yg1xjgf6m352nf40000gn/T/aphid-relocated-4gnbk9wo/bundle/lib/aphid-0.1.0/priv/lib/Elixir.Aphid.FeatureProof.so"], "cwd": "/Users/catethos/workspace/ladybugex/zig_library", "exit": 0, "seconds": 0.02}
/var/folders/z1/r2b_0ydd7yg1xjgf6m352nf40000gn/T/aphid-relocated-4gnbk9wo/bundle/lib/aphid-0.1.0/priv/lib/Elixir.Aphid.FeatureProof.so: replacing existing signature
{"command": ["codesign", "--force", "--sign", "-", "/var/folders/z1/r2b_0ydd7yg1xjgf6m352nf40000gn/T/aphid-relocated-4gnbk9wo/bundle/lib/aphid-0.1.0/priv/lib/Elixir.Aphid.FeatureProof.so"], "cwd": "/Users/catethos/workspace/ladybugex/zig_library", "exit": 0, "seconds": 0.022}
{"command": ["install_name_tool", "-delete_rpath", "/Users/catethos/workspace/ladybugex/zig_library/_build/native/ladybug/src", "/var/folders/z1/r2b_0ydd7yg1xjgf6m352nf40000gn/T/aphid-relocated-4gnbk9wo/bundle/lib/aphid-0.1.0/priv/lib/libaphid_feature_bridge.dylib"], "cwd": "/Users/catethos/workspace/ladybugex/zig_library", "exit": 0, "seconds": 0.02}
{"command": ["install_name_tool", "-change", "@rpath/libaphid_feature_bridge.dylib", "@loader_path/libaphid_feature_bridge.dylib", "/var/folders/z1/r2b_0ydd7yg1xjgf6m352nf40000gn/T/aphid-relocated-4gnbk9wo/bundle/lib/aphid-0.1.0/priv/lib/libaphid_feature_bridge.dylib"], "cwd": "/Users/catethos/workspace/ladybugex/zig_library", "exit": 0, "seconds": 0.02}
{"command": ["install_name_tool", "-change", "@rpath/liblbug.0.dylib", "@loader_path/liblbug.dylib", "/var/folders/z1/r2b_0ydd7yg1xjgf6m352nf40000gn/T/aphid-relocated-4gnbk9wo/bundle/lib/aphid-0.1.0/priv/lib/libaphid_feature_bridge.dylib"], "cwd": "/Users/catethos/workspace/ladybugex/zig_library", "exit": 0, "seconds": 0.02}
{"command": ["install_name_tool", "-id", "@loader_path/libaphid_feature_bridge.dylib", "/var/folders/z1/r2b_0ydd7yg1xjgf6m352nf40000gn/T/aphid-relocated-4gnbk9wo/bundle/lib/aphid-0.1.0/priv/lib/libaphid_feature_bridge.dylib"], "cwd": "/Users/catethos/workspace/ladybugex/zig_library", "exit": 0, "seconds": 0.02}
/var/folders/z1/r2b_0ydd7yg1xjgf6m352nf40000gn/T/aphid-relocated-4gnbk9wo/bundle/lib/aphid-0.1.0/priv/lib/libaphid_feature_bridge.dylib: replacing existing signature
{"command": ["codesign", "--force", "--sign", "-", "/var/folders/z1/r2b_0ydd7yg1xjgf6m352nf40000gn/T/aphid-relocated-4gnbk9wo/bundle/lib/aphid-0.1.0/priv/lib/libaphid_feature_bridge.dylib"], "cwd": "/Users/catethos/workspace/ladybugex/zig_library", "exit": 0, "seconds": 0.01}
{"command": ["install_name_tool", "-change", "@rpath/liblbug.0.dylib", "@loader_path/liblbug.dylib", "/var/folders/z1/r2b_0ydd7yg1xjgf6m352nf40000gn/T/aphid-relocated-4gnbk9wo/bundle/lib/aphid-0.1.0/priv/lib/liblbug.dylib"], "cwd": "/Users/catethos/workspace/ladybugex/zig_library", "exit": 0, "seconds": 0.129}
{"command": ["install_name_tool", "-id", "@loader_path/liblbug.dylib", "/var/folders/z1/r2b_0ydd7yg1xjgf6m352nf40000gn/T/aphid-relocated-4gnbk9wo/bundle/lib/aphid-0.1.0/priv/lib/liblbug.dylib"], "cwd": "/Users/catethos/workspace/ladybugex/zig_library", "exit": 0, "seconds": 0.24}
/var/folders/z1/r2b_0ydd7yg1xjgf6m352nf40000gn/T/aphid-relocated-4gnbk9wo/bundle/lib/aphid-0.1.0/priv/lib/liblbug.dylib: replacing existing signature
{"command": ["codesign", "--force", "--sign", "-", "/var/folders/z1/r2b_0ydd7yg1xjgf6m352nf40000gn/T/aphid-relocated-4gnbk9wo/bundle/lib/aphid-0.1.0/priv/lib/liblbug.dylib"], "cwd": "/Users/catethos/workspace/ladybugex/zig_library", "exit": 0, "seconds": 0.297}
{"command": ["install_name_tool", "-delete_rpath", "/Users/catethos/workspace/ladybugex/zig_library/_build/native/ladybug/src", "/var/folders/z1/r2b_0ydd7yg1xjgf6m352nf40000gn/T/aphid-relocated-4gnbk9wo/bundle/lib/aphid-0.1.0/priv/lib/features"], "cwd": "/Users/catethos/workspace/ladybugex/zig_library", "exit": 0, "seconds": 0.02}
{"command": ["install_name_tool", "-change", "@rpath/liblbug.0.dylib", "@loader_path/liblbug.dylib", "/var/folders/z1/r2b_0ydd7yg1xjgf6m352nf40000gn/T/aphid-relocated-4gnbk9wo/bundle/lib/aphid-0.1.0/priv/lib/features"], "cwd": "/Users/catethos/workspace/ladybugex/zig_library", "exit": 0, "seconds": 0.02}
/var/folders/z1/r2b_0ydd7yg1xjgf6m352nf40000gn/T/aphid-relocated-4gnbk9wo/bundle/lib/aphid-0.1.0/priv/lib/features: replacing existing signature
{"command": ["codesign", "--force", "--sign", "-", "/var/folders/z1/r2b_0ydd7yg1xjgf6m352nf40000gn/T/aphid-relocated-4gnbk9wo/bundle/lib/aphid-0.1.0/priv/lib/features"], "cwd": "/Users/catethos/workspace/ladybugex/zig_library", "exit": 0, "seconds": 0.01}
/var/folders/z1/r2b_0ydd7yg1xjgf6m352nf40000gn/T/aphid-relocated-4gnbk9wo/bundle/lib/aphid-0.1.0/priv/lib/fixture: replacing existing signature
{"command": ["codesign", "--force", "--sign", "-", "/var/folders/z1/r2b_0ydd7yg1xjgf6m352nf40000gn/T/aphid-relocated-4gnbk9wo/bundle/lib/aphid-0.1.0/priv/lib/fixture"], "cwd": "/Users/catethos/workspace/ladybugex/zig_library", "exit": 0, "seconds": 0.131}
{"command": ["/usr/bin/sandbox-exec", "-p", "(version 1)(allow default)(deny network*)", "/var/folders/z1/r2b_0ydd7yg1xjgf6m352nf40000gn/T/aphid-relocated-4gnbk9wo/bundle/lib/aphid-0.1.0/priv/lib/fixture", "/var/folders/z1/r2b_0ydd7yg1xjgf6m352nf40000gn/T/aphid-relocated-4gnbk9wo/caf\u00e9 fixture.duckdb"], "cwd": "/var/folders/z1/r2b_0ydd7yg1xjgf6m352nf40000gn/T/aphid-relocated-4gnbk9wo/bundle", "exit": 0, "seconds": 1.039}
FTS, indexed vector, empty FTS, DuckDB attach/read/import/detach passed: create
{"command": ["/usr/bin/sandbox-exec", "-p", "(version 1)(allow default)(deny network*)", "/var/folders/z1/r2b_0ydd7yg1xjgf6m352nf40000gn/T/aphid-relocated-4gnbk9wo/bundle/lib/aphid-0.1.0/priv/lib/features", "create", "/var/folders/z1/r2b_0ydd7yg1xjgf6m352nf40000gn/T/aphid-relocated-4gnbk9wo/nativegraph", "/var/folders/z1/r2b_0ydd7yg1xjgf6m352nf40000gn/T/aphid-relocated-4gnbk9wo/caf\u00e9 fixture.duckdb"], "cwd": "/var/folders/z1/r2b_0ydd7yg1xjgf6m352nf40000gn/T/aphid-relocated-4gnbk9wo/bundle", "exit": 0, "seconds": 2.016}

00:56:07.637 [debug] loaded module at Elixir.Aphid.FeatureProof
FTS, indexed vector, empty FTS, DuckDB attach/read/import/detach passed: create
offline relocated BEAM feature proof passed: create
{"command": ["/usr/bin/sandbox-exec", "-p", "(version 1)(allow default)(deny network*)", "elixir", "/var/folders/z1/r2b_0ydd7yg1xjgf6m352nf40000gn/T/aphid-relocated-4gnbk9wo/bundle/check.exs", "create", "/var/folders/z1/r2b_0ydd7yg1xjgf6m352nf40000gn/T/aphid-relocated-4gnbk9wo/beamgraph", "/var/folders/z1/r2b_0ydd7yg1xjgf6m352nf40000gn/T/aphid-relocated-4gnbk9wo/caf\u00e9 fixture.duckdb"], "cwd": "/var/folders/z1/r2b_0ydd7yg1xjgf6m352nf40000gn/T/aphid-relocated-4gnbk9wo/bundle", "exit": 0, "seconds": 2.473}
FTS, indexed vector, empty FTS, DuckDB attach/read/import/detach passed: reopen
{"command": ["/usr/bin/sandbox-exec", "-p", "(version 1)(allow default)(deny network*)", "/var/folders/z1/r2b_0ydd7yg1xjgf6m352nf40000gn/T/aphid-relocated-4gnbk9wo/bundle/lib/aphid-0.1.0/priv/lib/features", "reopen", "/var/folders/z1/r2b_0ydd7yg1xjgf6m352nf40000gn/T/aphid-relocated-4gnbk9wo/nativegraph", "/var/folders/z1/r2b_0ydd7yg1xjgf6m352nf40000gn/T/aphid-relocated-4gnbk9wo/caf\u00e9 fixture.duckdb"], "cwd": "/var/folders/z1/r2b_0ydd7yg1xjgf6m352nf40000gn/T/aphid-relocated-4gnbk9wo/bundle", "exit": 0, "seconds": 0.128}

00:56:08.514 [debug] loaded module at Elixir.Aphid.FeatureProof
FTS, indexed vector, empty FTS, DuckDB attach/read/import/detach passed: reopen
offline relocated BEAM feature proof passed: reopen
{"command": ["/usr/bin/sandbox-exec", "-p", "(version 1)(allow default)(deny network*)", "elixir", "/var/folders/z1/r2b_0ydd7yg1xjgf6m352nf40000gn/T/aphid-relocated-4gnbk9wo/bundle/check.exs", "reopen", "/var/folders/z1/r2b_0ydd7yg1xjgf6m352nf40000gn/T/aphid-relocated-4gnbk9wo/beamgraph", "/var/folders/z1/r2b_0ydd7yg1xjgf6m352nf40000gn/T/aphid-relocated-4gnbk9wo/caf\u00e9 fixture.duckdb"], "cwd": "/var/folders/z1/r2b_0ydd7yg1xjgf6m352nf40000gn/T/aphid-relocated-4gnbk9wo/bundle", "exit": 0, "seconds": 0.349}
{"archive": "/Users/catethos/workspace/ladybugex/zig_library/artifacts/engine-proof-aarch64-macos.tar.gz", "sha256": "896cb0d1625d0a425f32dc798126ef9a8e7301b6d5fcf1e253af299345182ffe", "bytes": 37554347}
