2026-09-08T07:12:59.6482966Z Current runner version: '2.337.0'
2026-09-08T07:12:59.6513815Z ##[group]Runner Image Provisioner
2026-09-08T07:12:59.6514719Z Hosted Compute Agent
2026-09-08T07:12:59.6515435Z Version: 20260828.587
2026-09-08T07:12:59.6516107Z Commit: abac92662cab4cc7352de4f9f9d2e2419aad9c29
2026-09-08T07:12:59.6517211Z Build Date: 2026-08-28T16:44:25Z
2026-09-08T07:12:59.6518110Z Worker ID: {ad1e3ff4-7049-4684-abc6-847a9db32d01}
2026-09-08T07:12:59.6518848Z Azure Region: centralus
2026-09-08T07:12:59.6519523Z ##[endgroup]
2026-09-08T07:12:59.6522114Z ##[group]Operating System
2026-09-08T07:12:59.6522811Z Ubuntu
2026-09-08T07:12:59.6523453Z 24.04.4
2026-09-08T07:12:59.6523962Z LTS
2026-09-08T07:12:59.6524460Z ##[endgroup]
2026-09-08T07:12:59.6525117Z ##[group]Runner Image
2026-09-08T07:12:59.6525756Z Image: ubuntu-24.04-arm
2026-09-08T07:12:59.6526459Z Version: 20260831.111.1
2026-09-08T07:12:59.6528334Z Included Software: https://github.com/actions/runner-images/blob/ubuntu24-arm64/20260831.111/images/ubuntu/Ubuntu2404-Arm64-Readme.md
2026-09-08T07:12:59.6530073Z Image Release: https://github.com/actions/runner-images/releases/tag/ubuntu24-arm64%2F20260831.111
2026-09-08T07:12:59.6531080Z ##[endgroup]
2026-09-08T07:12:59.6532379Z ##[group]GITHUB_TOKEN Permissions
2026-09-08T07:12:59.6535513Z Actions: read
2026-09-08T07:12:59.6536717Z Contents: read
2026-09-08T07:12:59.6537654Z Metadata: read
2026-09-08T07:12:59.6538201Z ##[endgroup]
2026-09-08T07:12:59.6541432Z Secret source: Actions
2026-09-08T07:12:59.6542850Z Prepare workflow directory
2026-09-08T07:12:59.6945024Z Prepare all required actions
2026-09-08T07:12:59.6998494Z Getting action download info
2026-09-08T07:12:59.9542781Z Download action repository 'actions/checkout@d23441a48e516b6c34aea4fa41551a30e30af803' (SHA:d23441a48e516b6c34aea4fa41551a30e30af803)
2026-09-08T07:13:00.0596568Z Download action repository 'actions/setup-python@ece7cb06caefa5fff74198d8649806c4678c61a1' (SHA:ece7cb06caefa5fff74198d8649806c4678c61a1)
2026-09-08T07:13:00.1545515Z Download action repository 'erlef/setup-beam@54075bcc5e249e4758d363f27d099f55d843f124' (SHA:54075bcc5e249e4758d363f27d099f55d843f124)
2026-09-08T07:13:00.6469022Z Complete job name: consumer (ubuntu-24.04-arm, aarch64-linux-gnu)
2026-09-08T07:13:00.7355608Z ##[group]Run actions/checkout@d23441a48e516b6c34aea4fa41551a30e30af803
2026-09-08T07:13:00.7357650Z with:
2026-09-08T07:13:00.7358274Z   persist-credentials: false
2026-09-08T07:13:00.7359014Z   repository: catethos/Aphid
2026-09-08T07:13:00.7362811Z   token: ***
2026-09-08T07:13:00.7363370Z   ssh-strict: true
2026-09-08T07:13:00.7364066Z   ssh-user: git
2026-09-08T07:13:00.7364594Z   clean: true
2026-09-08T07:13:00.7365234Z   sparse-checkout-cone-mode: true
2026-09-08T07:13:00.7365941Z   fetch-depth: 1
2026-09-08T07:13:00.7366505Z   fetch-tags: false
2026-09-08T07:13:00.7367496Z   show-progress: true
2026-09-08T07:13:00.7368079Z   lfs: false
2026-09-08T07:13:00.7368607Z   submodules: false
2026-09-08T07:13:00.7369360Z   set-safe-directory: true
2026-09-08T07:13:00.7370019Z   allow-unsafe-pr-checkout: false
2026-09-08T07:13:00.7371460Z ##[endgroup]
2026-09-08T07:13:00.8306631Z Syncing repository: catethos/Aphid
2026-09-08T07:13:00.8309576Z ##[group]Getting Git version info
2026-09-08T07:13:00.8310943Z Working directory is '/home/runner/work/Aphid/Aphid'
2026-09-08T07:13:00.8312283Z [command]/usr/bin/git version
2026-09-08T07:13:00.8385136Z git version 2.55.0
2026-09-08T07:13:00.8407653Z ##[endgroup]
2026-09-08T07:13:00.8423576Z Temporarily overriding HOME='/home/runner/work/_temp/f9f60ffb-ae5c-4b2d-a0dc-094ef89f2882' before making global git config changes
2026-09-08T07:13:00.8425086Z Adding repository directory to the temporary git global config as a safe directory
2026-09-08T07:13:00.8429505Z [command]/usr/bin/git config --global --add safe.directory /home/runner/work/Aphid/Aphid
2026-09-08T07:13:00.8464160Z Deleting the contents of '/home/runner/work/Aphid/Aphid'
2026-09-08T07:13:00.8469976Z ##[group]Determining repository object format
2026-09-08T07:13:00.8472638Z ##[endgroup]
2026-09-08T07:13:00.8474781Z ##[group]Initializing the repository
2026-09-08T07:13:00.8477676Z [command]/usr/bin/git init /home/runner/work/Aphid/Aphid
2026-09-08T07:13:00.8611365Z hint: Using 'master' as the name for the initial branch. This default branch name
2026-09-08T07:13:00.8616164Z hint: will change to "main" in Git 3.0. To configure the initial branch name
2026-09-08T07:13:00.8618487Z hint: to use in all of your new repositories, which will suppress this warning,
2026-09-08T07:13:00.8619573Z hint: call:
2026-09-08T07:13:00.8620512Z hint:
2026-09-08T07:13:00.8621410Z hint: 	git config --global init.defaultBranch <name>
2026-09-08T07:13:00.8622295Z hint:
2026-09-08T07:13:00.8623294Z hint: Names commonly chosen instead of 'master' are 'main', 'trunk' and
2026-09-08T07:13:00.8624550Z hint: 'development'. The just-created branch can be renamed via this command:
2026-09-08T07:13:00.8625723Z hint:
2026-09-08T07:13:00.8626479Z hint: 	git branch -m <name>
2026-09-08T07:13:00.8627567Z hint:
2026-09-08T07:13:00.8628822Z hint: Disable this message with "git config set advice.defaultBranchName false"
2026-09-08T07:13:00.8630351Z Initialized empty Git repository in /home/runner/work/Aphid/Aphid/.git/
2026-09-08T07:13:00.8633225Z [command]/usr/bin/git remote add origin https://github.com/catethos/Aphid
2026-09-08T07:13:00.8657874Z ##[endgroup]
2026-09-08T07:13:00.8659318Z ##[group]Disabling automatic garbage collection
2026-09-08T07:13:00.8661663Z [command]/usr/bin/git config --local gc.auto 0
2026-09-08T07:13:00.8695997Z ##[endgroup]
2026-09-08T07:13:00.8697767Z ##[group]Setting up auth
2026-09-08T07:13:00.8698999Z Removing SSH command configuration
2026-09-08T07:13:00.8702578Z [command]/usr/bin/git config --local --name-only --get-regexp core\.sshCommand
2026-09-08T07:13:00.8738674Z [command]/usr/bin/git submodule foreach --recursive sh -c "git config --local --name-only --get-regexp 'core\.sshCommand' && git config --local --unset-all 'core.sshCommand' || :"
2026-09-08T07:13:00.9081914Z Removing HTTP extra header
2026-09-08T07:13:00.9087729Z [command]/usr/bin/git config --local --name-only --get-regexp http\.https\:\/\/github\.com\/\.extraheader
2026-09-08T07:13:00.9120537Z [command]/usr/bin/git submodule foreach --recursive sh -c "git config --local --name-only --get-regexp 'http\.https\:\/\/github\.com\/\.extraheader' && git config --local --unset-all 'http.https://github.com/.extraheader' || :"
2026-09-08T07:13:00.9326134Z Removing includeIf entries pointing to credentials config files
2026-09-08T07:13:00.9331554Z [command]/usr/bin/git config --local --name-only --get-regexp ^includeIf\.gitdir:
2026-09-08T07:13:00.9365314Z [command]/usr/bin/git submodule foreach --recursive git config --local --show-origin --name-only --get-regexp remote.origin.url
2026-09-08T07:13:00.9577116Z [command]/usr/bin/git config --file /home/runner/work/_temp/git-credentials-f662dafc-29da-4b3c-bc33-3a3b9a789088.config http.https://github.com/.extraheader AUTHORIZATION: basic ***
2026-09-08T07:13:00.9619626Z [command]/usr/bin/git config --local includeIf.gitdir:/home/runner/work/Aphid/Aphid/.git.path /home/runner/work/_temp/git-credentials-f662dafc-29da-4b3c-bc33-3a3b9a789088.config
2026-09-08T07:13:00.9653283Z [command]/usr/bin/git config --local includeIf.gitdir:/home/runner/work/Aphid/Aphid/.git/worktrees/*.path /home/runner/work/_temp/git-credentials-f662dafc-29da-4b3c-bc33-3a3b9a789088.config
2026-09-08T07:13:00.9688704Z [command]/usr/bin/git config --local includeIf.gitdir:/github/workspace/.git.path /github/runner_temp/git-credentials-f662dafc-29da-4b3c-bc33-3a3b9a789088.config
2026-09-08T07:13:00.9722441Z [command]/usr/bin/git config --local includeIf.gitdir:/github/workspace/.git/worktrees/*.path /github/runner_temp/git-credentials-f662dafc-29da-4b3c-bc33-3a3b9a789088.config
2026-09-08T07:13:00.9753619Z ##[endgroup]
2026-09-08T07:13:00.9755496Z ##[group]Fetching the repository
2026-09-08T07:13:00.9763531Z [command]/usr/bin/git -c protocol.version=2 fetch --no-tags --prune --no-recurse-submodules --depth=1 origin +61bbc60555ef1331fbe3b76f87a0387d20675074:refs/remotes/origin/main
2026-09-08T07:13:02.2620980Z From https://github.com/catethos/Aphid
2026-09-08T07:13:02.2622403Z  * [new ref]         61bbc60555ef1331fbe3b76f87a0387d20675074 -> origin/main
2026-09-08T07:13:02.2631921Z [command]/usr/bin/git branch --list --remote origin/main
2026-09-08T07:13:02.2656804Z   origin/main
2026-09-08T07:13:02.2664707Z [command]/usr/bin/git rev-parse refs/remotes/origin/main
2026-09-08T07:13:02.2689983Z 61bbc60555ef1331fbe3b76f87a0387d20675074
2026-09-08T07:13:02.2696177Z ##[endgroup]
2026-09-08T07:13:02.2697637Z ##[group]Determining the checkout info
2026-09-08T07:13:02.2698564Z ##[endgroup]
2026-09-08T07:13:02.2699353Z [command]/usr/bin/git sparse-checkout disable
2026-09-08T07:13:02.2746768Z [command]/usr/bin/git config --local --unset-all extensions.worktreeConfig
2026-09-08T07:13:02.2774731Z ##[group]Checking out the ref
2026-09-08T07:13:02.2779083Z [command]/usr/bin/git checkout --progress --force -B main refs/remotes/origin/main
2026-09-08T07:13:02.3986276Z Switched to a new branch 'main'
2026-09-08T07:13:02.3987830Z branch 'main' set up to track 'origin/main'.
2026-09-08T07:13:02.4002991Z ##[endgroup]
2026-09-08T07:13:02.4041676Z [command]/usr/bin/git log -1 --format=%H
2026-09-08T07:13:02.4065336Z 61bbc60555ef1331fbe3b76f87a0387d20675074
2026-09-08T07:13:02.4075460Z ##[group]Removing auth
2026-09-08T07:13:02.4076247Z Removing SSH command configuration
2026-09-08T07:13:02.4078456Z [command]/usr/bin/git config --local --name-only --get-regexp core\.sshCommand
2026-09-08T07:13:02.4110761Z [command]/usr/bin/git submodule foreach --recursive sh -c "git config --local --name-only --get-regexp 'core\.sshCommand' && git config --local --unset-all 'core.sshCommand' || :"
2026-09-08T07:13:02.4303383Z Removing HTTP extra header
2026-09-08T07:13:02.4305587Z [command]/usr/bin/git config --local --name-only --get-regexp http\.https\:\/\/github\.com\/\.extraheader
2026-09-08T07:13:02.4337242Z [command]/usr/bin/git submodule foreach --recursive sh -c "git config --local --name-only --get-regexp 'http\.https\:\/\/github\.com\/\.extraheader' && git config --local --unset-all 'http.https://github.com/.extraheader' || :"
2026-09-08T07:13:02.4528916Z Removing includeIf entries pointing to credentials config files
2026-09-08T07:13:02.4530762Z [command]/usr/bin/git config --local --name-only --get-regexp ^includeIf\.gitdir:
2026-09-08T07:13:02.4555330Z includeif.gitdir:/home/runner/work/Aphid/Aphid/.git.path
2026-09-08T07:13:02.4556378Z includeif.gitdir:/home/runner/work/Aphid/Aphid/.git/worktrees/*.path
2026-09-08T07:13:02.4557422Z includeif.gitdir:/github/workspace/.git.path
2026-09-08T07:13:02.4558314Z includeif.gitdir:/github/workspace/.git/worktrees/*.path
2026-09-08T07:13:02.4564392Z [command]/usr/bin/git config --local --get-all includeif.gitdir:/home/runner/work/Aphid/Aphid/.git.path
2026-09-08T07:13:02.4588091Z /home/runner/work/_temp/git-credentials-f662dafc-29da-4b3c-bc33-3a3b9a789088.config
2026-09-08T07:13:02.4597362Z [command]/usr/bin/git config --local --unset includeif.gitdir:/home/runner/work/Aphid/Aphid/.git.path /home/runner/work/_temp/git-credentials-f662dafc-29da-4b3c-bc33-3a3b9a789088.config
2026-09-08T07:13:02.4630397Z [command]/usr/bin/git config --local --get-all includeif.gitdir:/home/runner/work/Aphid/Aphid/.git/worktrees/*.path
2026-09-08T07:13:02.4652966Z /home/runner/work/_temp/git-credentials-f662dafc-29da-4b3c-bc33-3a3b9a789088.config
2026-09-08T07:13:02.4663597Z [command]/usr/bin/git config --local --unset includeif.gitdir:/home/runner/work/Aphid/Aphid/.git/worktrees/*.path /home/runner/work/_temp/git-credentials-f662dafc-29da-4b3c-bc33-3a3b9a789088.config
2026-09-08T07:13:02.4702108Z [command]/usr/bin/git config --local --get-all includeif.gitdir:/github/workspace/.git.path
2026-09-08T07:13:02.4725053Z /github/runner_temp/git-credentials-f662dafc-29da-4b3c-bc33-3a3b9a789088.config
2026-09-08T07:13:02.4734691Z [command]/usr/bin/git config --local --unset includeif.gitdir:/github/workspace/.git.path /github/runner_temp/git-credentials-f662dafc-29da-4b3c-bc33-3a3b9a789088.config
2026-09-08T07:13:02.4767804Z [command]/usr/bin/git config --local --get-all includeif.gitdir:/github/workspace/.git/worktrees/*.path
2026-09-08T07:13:02.4790725Z /github/runner_temp/git-credentials-f662dafc-29da-4b3c-bc33-3a3b9a789088.config
2026-09-08T07:13:02.4796675Z [command]/usr/bin/git config --local --unset includeif.gitdir:/github/workspace/.git/worktrees/*.path /github/runner_temp/git-credentials-f662dafc-29da-4b3c-bc33-3a3b9a789088.config
2026-09-08T07:13:02.4840275Z [command]/usr/bin/git submodule foreach --recursive git config --local --show-origin --name-only --get-regexp remote.origin.url
2026-09-08T07:13:02.5030636Z Removing credentials config '/home/runner/work/_temp/git-credentials-f662dafc-29da-4b3c-bc33-3a3b9a789088.config'
2026-09-08T07:13:02.5039624Z ##[endgroup]
2026-09-08T07:13:02.5325516Z ##[group]Run actions/setup-python@ece7cb06caefa5fff74198d8649806c4678c61a1
2026-09-08T07:13:02.5326494Z with:
2026-09-08T07:13:02.5327167Z   python-version: 3.14
2026-09-08T07:13:02.5327765Z   check-latest: false
2026-09-08T07:13:02.5330628Z   token: ***
2026-09-08T07:13:02.5331103Z   update-environment: true
2026-09-08T07:13:02.5332122Z   allow-prereleases: false
2026-09-08T07:13:02.5332584Z   freethreaded: false
2026-09-08T07:13:02.5333075Z ##[endgroup]
2026-09-08T07:13:02.6451905Z ##[group]Installed versions
2026-09-08T07:13:02.6547832Z Successfully set up CPython (3.14.7)
2026-09-08T07:13:02.6548893Z ##[endgroup]
2026-09-08T07:13:02.6744484Z ##[group]Run erlef/setup-beam@54075bcc5e249e4758d363f27d099f55d843f124
2026-09-08T07:13:02.6745183Z with:
2026-09-08T07:13:02.6745590Z   otp-version: 29.0.4
2026-09-08T07:13:02.6746292Z   elixir-version: 1.20.0
2026-09-08T07:13:02.6749398Z   github-token: ***
2026-09-08T07:13:02.6750006Z   otp-architecture: 64
2026-09-08T07:13:02.6750449Z   install-hex: true
2026-09-08T07:13:02.6750856Z   install-rebar: true
2026-09-08T07:13:02.6751439Z   version-type: loose
2026-09-08T07:13:02.6751895Z   disable_problem_matchers: false
2026-09-08T07:13:02.6753030Z   hexpm-mirrors: https://builds.hex.pm

2026-09-08T07:13:02.6753548Z env:
2026-09-08T07:13:02.6754024Z   pythonLocation: /opt/hostedtoolcache/Python/3.14.7/arm64
2026-09-08T07:13:02.6754846Z   PKG_CONFIG_PATH: /opt/hostedtoolcache/Python/3.14.7/arm64/lib/pkgconfig
2026-09-08T07:13:02.6755507Z   Python_ROOT_DIR: /opt/hostedtoolcache/Python/3.14.7/arm64
2026-09-08T07:13:02.6756320Z   Python2_ROOT_DIR: /opt/hostedtoolcache/Python/3.14.7/arm64
2026-09-08T07:13:02.6757221Z   Python3_ROOT_DIR: /opt/hostedtoolcache/Python/3.14.7/arm64
2026-09-08T07:13:02.6757989Z   LD_LIBRARY_PATH: /opt/hostedtoolcache/Python/3.14.7/arm64/lib
2026-09-08T07:13:02.6758538Z ##[endgroup]
2026-09-08T07:13:02.8869773Z ##[group]Installing Erlang/OTP OTP-29.0.4 - built on arm64/ubuntu-24.04
2026-09-08T07:13:03.4490206Z [command]/usr/bin/tar zx --strip-components=1 --warning=no-unknown-keyword --overwrite -C /home/runner/work/_temp/42a9aaa2-7ca3-4d69-a2ad-e985f8b19cb4 -f /home/runner/work/_temp/fc29259b-44ea-402a-bca6-da11ffeb8084
2026-09-08T07:13:05.8205566Z [command]/home/runner/work/_temp/.setup-beam/otp/Install -minimal /home/runner/work/_temp/.setup-beam/otp
2026-09-08T07:13:05.8446684Z Installed Erlang/OTP version
2026-09-08T07:13:05.8464292Z [command]/home/runner/work/_temp/.setup-beam/otp/bin/erl -version
2026-09-08T07:13:05.8556636Z Erlang (SMP,ASYNC_THREADS) (BEAM) emulator version 17.0.4
2026-09-08T07:13:05.8583391Z ##[endgroup]
2026-09-08T07:13:05.8599690Z [command]/home/runner/work/_temp/.setup-beam/otp/bin/erl -noshell -eval io:format(erlang:system_info(otp_release)), halt().
2026-09-08T07:13:06.0348310Z 29::debug::Was not able to coerce latest with semver
2026-09-08T07:13:06.0360923Z Using Elixir 1.20.0 (built for Erlang/OTP 29)
2026-09-08T07:13:06.0362079Z ##[group]Installing Elixir v1.20.0-otp-29
2026-09-08T07:13:06.2187816Z [command]/usr/bin/unzip -o -q /home/runner/work/_temp/d07cd2cf-1fc2-4cb6-884a-593e3a883246
2026-09-08T07:13:06.6004677Z Installed Elixir version
2026-09-08T07:13:06.6022135Z [command]/home/runner/work/_temp/.setup-beam/elixir/bin/elixir -v
2026-09-08T07:13:06.7900509Z Erlang/OTP 29 [erts-17.0.4] [source] [64-bit] [smp:4:4] [ds:4:4:10] [async-threads:1] [jit]
2026-09-08T07:13:06.7901371Z 
2026-09-08T07:13:06.7938384Z Elixir 1.20.0 (compiled with Erlang/OTP 29)
2026-09-08T07:13:06.7981127Z ##[endgroup]
2026-09-08T07:13:06.7981674Z ##[group]Running mix local.rebar,--force
2026-09-08T07:13:06.7998132Z [command]/home/runner/work/_temp/.setup-beam/elixir/bin/mix local.rebar --force
2026-09-08T07:13:07.6332150Z * creating /home/runner/.mix/elixir/1-20-otp-29/rebar3
2026-09-08T07:13:07.6386416Z ##[endgroup]
2026-09-08T07:13:07.6387349Z ##[group]Running mix local.hex,--force
2026-09-08T07:13:07.6411607Z [command]/home/runner/work/_temp/.setup-beam/elixir/bin/mix local.hex --force
2026-09-08T07:13:08.5253772Z * creating /home/runner/.mix/archives/hex-2.5.1
2026-09-08T07:13:08.5322110Z ##[endgroup]
2026-09-08T07:13:08.5481804Z ##[group]Run sudo apt-get update
2026-09-08T07:13:08.5482338Z [36;1msudo apt-get update[0m
2026-09-08T07:13:08.5482913Z [36;1msudo apt-get install --yes bubblewrap binutils[0m
2026-09-08T07:13:08.5483313Z [36;1mmix local.hex --force[0m
2026-09-08T07:13:08.5592780Z shell: /usr/bin/bash -e {0}
2026-09-08T07:13:08.5593188Z env:
2026-09-08T07:13:08.5593843Z   pythonLocation: /opt/hostedtoolcache/Python/3.14.7/arm64
2026-09-08T07:13:08.5594349Z   PKG_CONFIG_PATH: /opt/hostedtoolcache/Python/3.14.7/arm64/lib/pkgconfig
2026-09-08T07:13:08.5594895Z   Python_ROOT_DIR: /opt/hostedtoolcache/Python/3.14.7/arm64
2026-09-08T07:13:08.5595337Z   Python2_ROOT_DIR: /opt/hostedtoolcache/Python/3.14.7/arm64
2026-09-08T07:13:08.5595753Z   Python3_ROOT_DIR: /opt/hostedtoolcache/Python/3.14.7/arm64
2026-09-08T07:13:08.5596233Z   LD_LIBRARY_PATH: /opt/hostedtoolcache/Python/3.14.7/arm64/lib
2026-09-08T07:13:08.5596650Z   INSTALL_DIR_FOR_OTP: /home/runner/work/_temp/.setup-beam/otp
2026-09-08T07:13:08.5597675Z   INSTALL_DIR_FOR_ELIXIR: /home/runner/work/_temp/.setup-beam/elixir
2026-09-08T07:13:08.5598118Z ##[endgroup]
2026-09-08T07:13:08.6718494Z Get:1 https://packages.microsoft.com/ubuntu/24.04/prod noble InRelease [3600 B]
2026-09-08T07:13:08.7302129Z Get:2 https://packages.microsoft.com/ubuntu/24.04/prod noble/main arm64 Packages [394 kB]
2026-09-08T07:13:08.7430876Z Get:3 https://packages.microsoft.com/ubuntu/24.04/prod noble/main amd64 Packages [441 kB]
2026-09-08T07:13:09.1387824Z Hit:4 http://ports.ubuntu.com/ubuntu-ports noble InRelease
2026-09-08T07:13:09.2788075Z Get:5 http://ports.ubuntu.com/ubuntu-ports noble-updates InRelease [126 kB]
2026-09-08T07:13:09.8820857Z Get:6 http://ports.ubuntu.com/ubuntu-ports noble-backports InRelease [126 kB]
2026-09-08T07:13:10.1671011Z Get:7 http://ports.ubuntu.com/ubuntu-ports noble-security InRelease [126 kB]
2026-09-08T07:13:10.3603681Z Get:8 http://ports.ubuntu.com/ubuntu-ports noble-updates/main arm64 Packages [1318 kB]
2026-09-08T07:13:10.9838326Z Get:9 http://ports.ubuntu.com/ubuntu-ports noble-updates/main Translation-en [292 kB]
2026-09-08T07:13:11.1500844Z Get:10 http://ports.ubuntu.com/ubuntu-ports noble-updates/main arm64 Components [178 kB]
2026-09-08T07:13:11.3066442Z Get:11 http://ports.ubuntu.com/ubuntu-ports noble-updates/universe arm64 Packages [1731 kB]
2026-09-08T07:13:11.6592589Z Get:12 http://ports.ubuntu.com/ubuntu-ports noble-updates/universe Translation-en [339 kB]
2026-09-08T07:13:11.8152650Z Get:13 http://ports.ubuntu.com/ubuntu-ports noble-updates/universe arm64 Components [387 kB]
2026-09-08T07:13:11.9741707Z Get:14 http://ports.ubuntu.com/ubuntu-ports noble-updates/restricted arm64 Packages [2320 kB]
2026-09-08T07:13:12.2742549Z Get:15 http://ports.ubuntu.com/ubuntu-ports noble-updates/restricted Translation-en [352 kB]
2026-09-08T07:13:12.4222560Z Get:16 http://ports.ubuntu.com/ubuntu-ports noble-backports/main arm64 Components [3576 B]
2026-09-08T07:13:12.5628046Z Get:17 http://ports.ubuntu.com/ubuntu-ports noble-backports/universe arm64 Components [12.6 kB]
2026-09-08T07:13:12.8828400Z Get:18 http://ports.ubuntu.com/ubuntu-ports noble-security/main arm64 Packages [1065 kB]
2026-09-08T07:13:13.0497812Z Get:19 http://ports.ubuntu.com/ubuntu-ports noble-security/main Translation-en [212 kB]
2026-09-08T07:13:13.1946146Z Get:20 http://ports.ubuntu.com/ubuntu-ports noble-security/main arm64 Components [43.3 kB]
2026-09-08T07:13:13.3353065Z Get:21 http://ports.ubuntu.com/ubuntu-ports noble-security/universe arm64 Packages [1280 kB]
2026-09-08T07:13:13.5072870Z Get:22 http://ports.ubuntu.com/ubuntu-ports noble-security/universe Translation-en [241 kB]
2026-09-08T07:13:13.6527945Z Get:23 http://ports.ubuntu.com/ubuntu-ports noble-security/universe arm64 Components [76.2 kB]
2026-09-08T07:13:13.7944748Z Get:24 http://ports.ubuntu.com/ubuntu-ports noble-security/restricted arm64 Packages [2210 kB]
2026-09-08T07:13:13.9902690Z Get:25 http://ports.ubuntu.com/ubuntu-ports noble-security/restricted Translation-en [334 kB]
2026-09-08T07:13:17.8160780Z Fetched 13.6 MB in 5s (2513 kB/s)
2026-09-08T07:13:18.7458783Z Reading package lists...
2026-09-08T07:13:18.7759115Z Reading package lists...
2026-09-08T07:13:19.0267546Z Building dependency tree...
2026-09-08T07:13:19.0272098Z Reading state information...
2026-09-08T07:13:19.2855156Z binutils is already the newest version (2.42-4ubuntu2.10).
2026-09-08T07:13:19.2855755Z The following NEW packages will be installed:
2026-09-08T07:13:19.2861461Z   bubblewrap
2026-09-08T07:13:19.3924920Z 0 upgraded, 1 newly installed, 0 to remove and 43 not upgraded.
2026-09-08T07:13:19.3925425Z Need to get 49.7 kB of archives.
2026-09-08T07:13:19.3926152Z After this operation, 129 kB of additional disk space will be used.
2026-09-08T07:13:19.3926804Z Get:1 http://ports.ubuntu.com/ubuntu-ports noble-updates/main arm64 bubblewrap arm64 0.9.0-1ubuntu0.1 [49.7 kB]
2026-09-08T07:13:19.7385646Z Fetched 49.7 kB in 0s (280 kB/s)
2026-09-08T07:13:19.7603422Z Selecting previously unselected package bubblewrap.
2026-09-08T07:13:19.7801100Z (Reading database ... 
2026-09-08T07:13:19.7801870Z (Reading database ... 5%
2026-09-08T07:13:19.7802157Z (Reading database ... 10%
2026-09-08T07:13:19.7802704Z (Reading database ... 15%
2026-09-08T07:13:19.7802989Z (Reading database ... 20%
2026-09-08T07:13:19.7803336Z (Reading database ... 25%
2026-09-08T07:13:19.7803659Z (Reading database ... 30%
2026-09-08T07:13:19.7803933Z (Reading database ... 35%
2026-09-08T07:13:19.7804291Z (Reading database ... 40%
2026-09-08T07:13:19.7804564Z (Reading database ... 45%
2026-09-08T07:13:19.7804894Z (Reading database ... 50%
2026-09-08T07:13:19.7945601Z (Reading database ... 55%
2026-09-08T07:13:19.8871712Z (Reading database ... 60%
2026-09-08T07:13:20.0269905Z (Reading database ... 65%
2026-09-08T07:13:20.1501324Z (Reading database ... 70%
2026-09-08T07:13:20.1831448Z (Reading database ... 75%
2026-09-08T07:13:20.2745239Z (Reading database ... 80%
2026-09-08T07:13:20.3862610Z (Reading database ... 85%
2026-09-08T07:13:20.4790342Z (Reading database ... 90%
2026-09-08T07:13:20.6177436Z (Reading database ... 95%
2026-09-08T07:13:20.6178511Z (Reading database ... 100%
2026-09-08T07:13:20.6179397Z (Reading database ... 200999 files and directories currently installed.)
2026-09-08T07:13:20.6222820Z Preparing to unpack .../bubblewrap_0.9.0-1ubuntu0.1_arm64.deb ...
2026-09-08T07:13:20.6305834Z Unpacking bubblewrap (0.9.0-1ubuntu0.1) ...
2026-09-08T07:13:20.6813320Z Setting up bubblewrap (0.9.0-1ubuntu0.1) ...
2026-09-08T07:13:20.6877182Z Processing triggers for man-db (2.12.0-4build2) ...
2026-09-08T07:13:20.6903882Z Not building database; man-db/auto-update is not 'true'.
2026-09-08T07:13:23.0846506Z 
2026-09-08T07:13:23.0847343Z Running kernel seems to be up-to-date.
2026-09-08T07:13:23.0847641Z 
2026-09-08T07:13:23.0847892Z No services need to be restarted.
2026-09-08T07:13:23.0848085Z 
2026-09-08T07:13:23.0848345Z No containers need to be restarted.
2026-09-08T07:13:23.0848558Z 
2026-09-08T07:13:23.0851197Z No user sessions are running outdated binaries.
2026-09-08T07:13:23.0851549Z 
2026-09-08T07:13:23.0851794Z No VM guests are running outdated hypervisor (qemu) binaries on this host.
2026-09-08T07:13:25.1518426Z * creating /home/runner/.mix/archives/hex-2.5.1
2026-09-08T07:13:25.1644097Z ##[group]Run python3 -u scripts/linux_consumer_ci.py --target "$APHID_TARGET" --work "$RUNNER_TEMP/aphid-current-consumer"
2026-09-08T07:13:25.1645148Z [36;1mpython3 -u scripts/linux_consumer_ci.py --target "$APHID_TARGET" --work "$RUNNER_TEMP/aphid-current-consumer"[0m
2026-09-08T07:13:25.1701200Z shell: /usr/bin/bash -e {0}
2026-09-08T07:13:25.1701536Z env:
2026-09-08T07:13:25.1702064Z   pythonLocation: /opt/hostedtoolcache/Python/3.14.7/arm64
2026-09-08T07:13:25.1702513Z   PKG_CONFIG_PATH: /opt/hostedtoolcache/Python/3.14.7/arm64/lib/pkgconfig
2026-09-08T07:13:25.1703085Z   Python_ROOT_DIR: /opt/hostedtoolcache/Python/3.14.7/arm64
2026-09-08T07:13:25.1703504Z   Python2_ROOT_DIR: /opt/hostedtoolcache/Python/3.14.7/arm64
2026-09-08T07:13:25.1703947Z   Python3_ROOT_DIR: /opt/hostedtoolcache/Python/3.14.7/arm64
2026-09-08T07:13:25.1704417Z   LD_LIBRARY_PATH: /opt/hostedtoolcache/Python/3.14.7/arm64/lib
2026-09-08T07:13:25.1704949Z   INSTALL_DIR_FOR_OTP: /home/runner/work/_temp/.setup-beam/otp
2026-09-08T07:13:25.1705882Z   INSTALL_DIR_FOR_ELIXIR: /home/runner/work/_temp/.setup-beam/elixir
2026-09-08T07:13:25.1708853Z   GH_TOKEN: ***
2026-09-08T07:13:25.1709268Z   APHID_TARGET: aarch64-linux-gnu
2026-09-08T07:13:25.1709590Z ##[endgroup]
2026-09-08T07:13:27.3810113Z {"command": ["gh", "run", "download", "34193449987", "--repo", "catethos/Aphid", "--name", "validation-aarch64-linux-gnu-34193449987-1", "--dir", "/home/runner/work/_temp/aphid-current-consumer/retained"], "cwd": "/home/runner/work/Aphid/Aphid", "exit": 0, "seconds": 1.667}
2026-09-08T07:13:27.9065939Z Building aphid 0.1.0-dev
2026-09-08T07:13:27.9066343Z   Dependencies:
2026-09-08T07:13:27.9067240Z     zigler == 0.16.0 (app: zigler)
2026-09-08T07:13:27.9067592Z     telemetry ~> 1.3 (app: telemetry)
2026-09-08T07:13:27.9107698Z   App: aphid
2026-09-08T07:13:27.9108113Z   Name: aphid
2026-09-08T07:13:27.9108330Z   Files:
2026-09-08T07:13:27.9108698Z     mix.exs
2026-09-08T07:13:27.9108918Z     mix.lock
2026-09-08T07:13:27.9109221Z     mix/aphid_bundle.exs
2026-09-08T07:13:27.9109505Z     lib/aphid.ex
2026-09-08T07:13:27.9109743Z     lib/aphid/application.ex
2026-09-08T07:13:27.9110124Z     lib/aphid/bundle_loader.ex
2026-09-08T07:13:27.9110396Z     lib/aphid/database.ex
2026-09-08T07:13:27.9110716Z     lib/aphid/error.ex
2026-09-08T07:13:27.9110974Z     lib/aphid/native.ex
2026-09-08T07:13:27.9111233Z     lib/aphid/options.ex
2026-09-08T07:13:27.9111543Z     lib/aphid/proof.ex
2026-09-08T07:13:27.9111791Z     lib/aphid/result.ex
2026-09-08T07:13:27.9112121Z     lib/aphid/stream.ex
2026-09-08T07:13:27.9112379Z     lib/aphid/telemetry.ex
2026-09-08T07:13:27.9112640Z     lib/aphid/transaction.ex
2026-09-08T07:13:27.9112947Z     lib/aphid/value.ex
2026-09-08T07:13:27.9113196Z     README.md
2026-09-08T07:13:27.9113464Z     LICENSE
2026-09-08T07:13:27.9113687Z     THIRD_PARTY.md
2026-09-08T07:13:27.9113926Z     docs/architecture.md
2026-09-08T07:13:27.9114248Z     docs/extensions.md
2026-09-08T07:13:27.9114504Z     docs/github-release.md
2026-09-08T07:13:27.9114818Z     docs/local-installation.md
2026-09-08T07:13:27.9115121Z     docs/release-checklist.md
2026-09-08T07:13:27.9115395Z     docs/source-installation.md
2026-09-08T07:13:27.9115717Z     docs/status.md
2026-09-08T07:13:27.9115947Z     docs/telemetry.md
2026-09-08T07:13:27.9116254Z     docs/types.md
2026-09-08T07:13:27.9116491Z     native/lock.json
2026-09-08T07:13:27.9116736Z     native/local-bundle.json
2026-09-08T07:13:27.9117321Z     native/linux-bundles.json
2026-09-08T07:13:27.9117601Z     native/aphid_nif.zig
2026-09-08T07:13:27.9117862Z     native/bridge.h
2026-09-08T07:13:27.9118147Z     native/bridge.cpp
2026-09-08T07:13:27.9118408Z     native/CMakeLists.txt
2026-09-08T07:13:27.9118773Z     native/patches/aggregate-state-alignment.patch
2026-09-08T07:13:27.9119140Z     native/patches/alp-conversion-range.patch
2026-09-08T07:13:27.9119499Z     native/patches/detach-clear-default.patch
2026-09-08T07:13:27.9120842Z     native/patches/duckdb-tabular-only.patch
2026-09-08T07:13:27.9121424Z     native/patches/fts-atomic-create.patch
2026-09-08T07:13:27.9121937Z     native/patches/join-row-alignment.patch
2026-09-08T07:13:27.9122376Z     native/patches/node-delete-finalize.patch
2026-09-08T07:13:27.9122715Z     native/patches/row-value-alignment.patch
2026-09-08T07:13:27.9123117Z     native/patches/sort-key-alignment.patch
2026-09-08T07:13:27.9123453Z     native/patches/string-hash-alignment.patch
2026-09-08T07:13:27.9123877Z     native/patches/vector-drop-auto-transaction.patch
2026-09-08T07:13:27.9124251Z     scripts/build.py
2026-09-08T07:13:27.9124503Z     scripts/proof.py
2026-09-08T07:13:27.9124807Z     scripts/source_preflight.py
2026-09-08T07:13:27.9125080Z     native/proof.zig
2026-09-08T07:13:27.9125367Z     native/proof.h
2026-09-08T07:13:27.9125631Z     native/proof.cpp
2026-09-08T07:13:27.9125871Z   Version: 0.1.0-dev
2026-09-08T07:13:27.9126139Z   Build tools: mix
2026-09-08T07:13:27.9126423Z   Description: LadybugDB for Elixir through Zigler
2026-09-08T07:13:27.9126802Z   Licenses: MIT
2026-09-08T07:13:27.9127383Z   Links: 
2026-09-08T07:13:27.9127644Z     GitHub: https://github.com/catethos/Aphid
2026-09-08T07:13:27.9128099Z   Elixir: ~> 1.20
2026-09-08T07:13:27.9480754Z Package checksum: b85967b047662ccdc66851d246a9a7301fe8c797225d7e479948653838dc57df
2026-09-08T07:13:27.9481601Z Saved to /home/runner/work/_temp/aphid-current-consumer/aphid-0.1.0-dev-combined.tar
2026-09-08T07:13:27.9834269Z {"command": ["mix", "hex.build", "--output", "/home/runner/work/_temp/aphid-current-consumer/aphid-0.1.0-dev-combined.tar"], "cwd": "/home/runner/work/Aphid/Aphid", "exit": 0, "seconds": 0.565}
2026-09-08T07:13:27.9836216Z {"source_package_sha256": "b85967b047662ccdc66851d246a9a7301fe8c797225d7e479948653838dc57df", "native_archive_sha256": "235ceb0490a1baf64e33fd53f17f683ce263197cf0cac6cf1107275dd94b62af", "native_qualification": {"run_id": 34193449987, "attempt": 1, "commit": "c37c458211d0bff7e4054f90bf5d429f29ece2ef"}}
2026-09-08T07:13:28.9983771Z using exact local Hex source package: b85967b047662ccdc66851d246a9a7301fe8c797225d7e479948653838dc57df
2026-09-08T07:13:29.0324080Z fresh caches; pinned source dependencies: [{"name": "earmark_parser", "version": "1.4.46", "sha256": "9c44636e8a1c68c62f526b2dcd85d941dbbcee7ab82cf64ba06ce28bef8e89f5"}, {"name": "ex_doc", "version": "0.39.1", "sha256": "8abf0ed3e3ca87c0847dfc4168ceab5bedfe881692f1b7c45f4a11b232806865"}, {"name": "makeup", "version": "1.2.2", "sha256": "9a1a24e5b343b8ae16abea0822c10a6f75da27af7fa802ada5251f7579bfccfa"}, {"name": "makeup_elixir", "version": "1.0.1", "sha256": "7284900d412a3e5cfd97fdaed4f5ed389b8f2b4cb49efc0eb3bd10e2febf9507"}, {"name": "makeup_erlang", "version": "1.1.0", "sha256": "1cd6780fb1dd1a03979abaed0fe82712b0625118fd5257d3ebbf73f960c73c3c"}, {"name": "nimble_parsec", "version": "1.4.2", "sha256": "4b21398942dda052b403bbe1da991ccd03a053668d147d53fb8c4e0efe09c973"}, {"name": "pegasus", "version": "0.2.6", "sha256": "0ac159f0ccab7967cf90208327cc8a35788874814c8d78e19d47104d3fc049b9"}, {"name": "protoss", "version": "1.1.0", "sha256": "c2f874383dd047fcfdf467b814dd33a208a4d24a467aef90d86185b41a0752ad"}, {"name": "telemetry", "version": "1.4.2", "sha256": "928f6495066506077862c0d1646609eed891a4326bee3126ba54b60af61febb1"}, {"name": "zig_doc", "version": "0.7.0", "sha256": "28b57b0bc12f241fc855b6514fe5198f3067fbab2555a3e3a83f6f9ed4699f4c"}, {"name": "zig_get", "version": "0.16.0", "sha256": "2841127cf2005da74fb28d3cc68397a393d3d71df5f45752b974345e696beb01"}, {"name": "zig_parser", "version": "0.7.0", "sha256": "fd0b2fc343820a202787a78a40feae372386b4303717b099223d5f5c5f21f0bb"}, {"name": "zigler", "version": "0.16.0", "sha256": "867ce49289568a7fabff400cb9f1636a429defcd488f3302a82c4b51b2bc7741"}]
2026-09-08T07:13:29.1862555Z Linux namespace probe passed: build trees hidden, compiler paths masked, external network unavailable
2026-09-08T07:13:29.2184357Z {"command": ["sudo", "-E", "bwrap", "--die-with-parent", "--unshare-pid", "--ro-bind", "/", "/", "--dev", "/dev", "--proc", "/proc", "--bind", "/home/runner/work/_temp/aphid-current-consumer/fresh", "/home/runner/work/_temp/aphid-current-consumer/fresh", "--unshare-net", "--tmpfs", "/home/runner/work/Aphid/Aphid", "--tmpfs", "/home/runner/work/_temp/aphid-current-consumer/retained", "--ro-bind", "/dev/null", "/usr/bin/aarch64-linux-gnu-as", "--ro-bind", "/dev/null", "/usr/bin/aarch64-linux-gnu-g++-12", "--ro-bind", "/dev/null", "/usr/bin/aarch64-linux-gnu-g++-13", "--ro-bind", "/dev/null", "/usr/bin/aarch64-linux-gnu-g++-14", "--ro-bind", "/dev/null", "/usr/bin/aarch64-linux-gnu-gcc-12", "--ro-bind", "/dev/null", "/usr/bin/aarch64-linux-gnu-gcc-13", "--ro-bind", "/dev/null", "/usr/bin/aarch64-linux-gnu-gcc-14", "--ro-bind", "/dev/null", "/usr/bin/aarch64-linux-gnu-ld.bfd", "--ro-bind", "/dev/null", "/usr/bin/c89-gcc", "--ro-bind", "/dev/null", "/usr/bin/c99-gcc", "--ro-bind", "/dev/null", "/usr/bin/make", "--ro-bind", "/dev/null", "/usr/lib/llvm-16/bin/clang", "--ro-bind", "/dev/null", "/usr/lib/llvm-16/bin/lld", "--ro-bind", "/dev/null", "/usr/lib/llvm-16/bin/llvm-as", "--ro-bind", "/dev/null", "/usr/lib/llvm-17/bin/clang", "--ro-bind", "/dev/null", "/usr/lib/llvm-17/bin/lld", "--ro-bind", "/dev/null", "/usr/lib/llvm-17/bin/llvm-as", "--ro-bind", "/dev/null", "/usr/lib/llvm-18/bin/clang", "--ro-bind", "/dev/null", "/usr/lib/llvm-18/bin/lld", "--ro-bind", "/dev/null", "/usr/lib/llvm-18/bin/llvm-as", "--ro-bind", "/dev/null", "/usr/local/bin/cmake", "--ro-bind", "/dev/null", "/usr/local/bin/ninja", "--cap-add", "CAP_SETUID", "--cap-add", "CAP_SETGID", "--cap-add", "CAP_SETPCAP", "--clearenv", "--setenv", "LANG", "C.UTF-8", "--setenv", "HOME", "/home/runner", "--setenv", "PATH", "/home/runner/work/_temp/.setup-beam/elixir/bin:/home/runner/.mix/escripts:/home/runner/work/_temp/.setup-beam/otp/bin:/opt/hostedtoolcache/Python/3.14.7/arm64/bin:/opt/hostedtoolcache/Python/3.14.7/arm64:/snap/bin:/home/runner/.local/bin:/opt/pipx_bin:/home/runner/.cargo/bin:/home/runner/.config/composer/vendor/bin:/home/runner/.dotnet/tools:/usr/local/sbin:/usr/local/bin:/usr/sbin:/usr/bin:/sbin:/bin:/usr/games:/usr/local/games:/snap/bin", "--", "/usr/bin/setpriv", "--reuid", "1001", "--regid", "1001", "--clear-groups", "--bounding-set=-all", "--no-new-privs", "--", "/opt/hostedtoolcache/Python/3.14.7/arm64/bin/python3", "/home/runner/work/_temp/aphid-current-consumer/fresh/isolation-check.py"], "cwd": "/home/runner/work/_temp/aphid-current-consumer/fresh", "exit": 0, "seconds": 0.164}
2026-09-08T07:13:29.4335253Z UTF-8 runtime filename mode verified
2026-09-08T07:13:29.4831156Z {"command": ["sudo", "-E", "bwrap", "--die-with-parent", "--unshare-pid", "--ro-bind", "/", "/", "--dev", "/dev", "--proc", "/proc", "--bind", "/home/runner/work/_temp/aphid-current-consumer/fresh", "/home/runner/work/_temp/aphid-current-consumer/fresh", "--unshare-net", "--tmpfs", "/home/runner/work/Aphid/Aphid", "--tmpfs", "/home/runner/work/_temp/aphid-current-consumer/retained", "--ro-bind", "/dev/null", "/usr/bin/aarch64-linux-gnu-as", "--ro-bind", "/dev/null", "/usr/bin/aarch64-linux-gnu-g++-12", "--ro-bind", "/dev/null", "/usr/bin/aarch64-linux-gnu-g++-13", "--ro-bind", "/dev/null", "/usr/bin/aarch64-linux-gnu-g++-14", "--ro-bind", "/dev/null", "/usr/bin/aarch64-linux-gnu-gcc-12", "--ro-bind", "/dev/null", "/usr/bin/aarch64-linux-gnu-gcc-13", "--ro-bind", "/dev/null", "/usr/bin/aarch64-linux-gnu-gcc-14", "--ro-bind", "/dev/null", "/usr/bin/aarch64-linux-gnu-ld.bfd", "--ro-bind", "/dev/null", "/usr/bin/c89-gcc", "--ro-bind", "/dev/null", "/usr/bin/c99-gcc", "--ro-bind", "/dev/null", "/usr/bin/make", "--ro-bind", "/dev/null", "/usr/lib/llvm-16/bin/clang", "--ro-bind", "/dev/null", "/usr/lib/llvm-16/bin/lld", "--ro-bind", "/dev/null", "/usr/lib/llvm-16/bin/llvm-as", "--ro-bind", "/dev/null", "/usr/lib/llvm-17/bin/clang", "--ro-bind", "/dev/null", "/usr/lib/llvm-17/bin/lld", "--ro-bind", "/dev/null", "/usr/lib/llvm-17/bin/llvm-as", "--ro-bind", "/dev/null", "/usr/lib/llvm-18/bin/clang", "--ro-bind", "/dev/null", "/usr/lib/llvm-18/bin/lld", "--ro-bind", "/dev/null", "/usr/lib/llvm-18/bin/llvm-as", "--ro-bind", "/dev/null", "/usr/local/bin/cmake", "--ro-bind", "/dev/null", "/usr/local/bin/ninja", "--cap-add", "CAP_SETUID", "--cap-add", "CAP_SETGID", "--cap-add", "CAP_SETPCAP", "--clearenv", "--setenv", "LANG", "C.UTF-8", "--setenv", "HOME", "/home/runner", "--setenv", "PATH", "/home/runner/work/_temp/.setup-beam/elixir/bin:/home/runner/.mix/escripts:/home/runner/work/_temp/.setup-beam/otp/bin:/opt/hostedtoolcache/Python/3.14.7/arm64/bin:/opt/hostedtoolcache/Python/3.14.7/arm64:/snap/bin:/home/runner/.local/bin:/opt/pipx_bin:/home/runner/.cargo/bin:/home/runner/.config/composer/vendor/bin:/home/runner/.dotnet/tools:/usr/local/sbin:/usr/local/bin:/usr/sbin:/usr/bin:/sbin:/bin:/usr/games:/usr/local/games:/snap/bin", "--", "/usr/bin/setpriv", "--reuid", "1001", "--regid", "1001", "--clear-groups", "--bounding-set=-all", "--no-new-privs", "--", "/home/runner/work/_temp/.setup-beam/elixir/bin/elixir", "-e", ":utf8 = :file.native_name_encoding(); IO.puts(\"UTF-8 runtime filename mode verified\")"], "cwd": "/home/runner/work/_temp/aphid-current-consumer/fresh", "exit": 0, "seconds": 0.264}
2026-09-08T07:13:30.4415929Z Resolving Hex dependencies...
2026-09-08T07:13:30.4612840Z Resolution completed in 0.018s
2026-09-08T07:13:30.4626598Z Unchanged:
2026-09-08T07:13:30.4626991Z   earmark_parser 1.4.46
2026-09-08T07:13:30.4634227Z   ex_doc 0.39.1
2026-09-08T07:13:30.4634768Z   makeup 1.2.2
2026-09-08T07:13:30.4635416Z   makeup_elixir 1.0.1
2026-09-08T07:13:30.4635891Z   makeup_erlang 1.1.0
2026-09-08T07:13:30.4636291Z   nimble_parsec 1.4.2
2026-09-08T07:13:30.4636755Z   pegasus 0.2.6
2026-09-08T07:13:30.4637379Z   protoss 1.1.0
2026-09-08T07:13:30.4637885Z   telemetry 1.4.2
2026-09-08T07:13:30.4638305Z   zig_doc 0.7.0
2026-09-08T07:13:30.4638634Z   zig_get 0.16.0
2026-09-08T07:13:30.4639096Z   zig_parser 0.7.0
2026-09-08T07:13:30.4639442Z   zigler 0.16.0
2026-09-08T07:13:30.4685788Z * Getting zigler (Hex package)
2026-09-08T07:13:30.6177060Z * Getting telemetry (Hex package)
2026-09-08T07:13:30.8480617Z * creating /home/runner/work/_temp/aphid-current-consumer/fresh/mix-home/elixir/1-20-otp-29/rebar3
2026-09-08T07:13:30.8487913Z * Getting protoss (Hex package)
2026-09-08T07:13:30.8533015Z * Getting zig_doc (Hex package)
2026-09-08T07:13:30.8591215Z * Getting zig_get (Hex package)
2026-09-08T07:13:30.8625793Z * Getting zig_parser (Hex package)
2026-09-08T07:13:30.8777932Z * Getting pegasus (Hex package)
2026-09-08T07:13:30.8843553Z * Getting nimble_parsec (Hex package)
2026-09-08T07:13:30.8905065Z * Getting ex_doc (Hex package)
2026-09-08T07:13:30.9198165Z * Getting earmark_parser (Hex package)
2026-09-08T07:13:30.9343913Z * Getting makeup_elixir (Hex package)
2026-09-08T07:13:30.9435433Z * Getting makeup_erlang (Hex package)
2026-09-08T07:13:30.9497861Z * Getting makeup (Hex package)
2026-09-08T07:13:31.0403374Z {"command": ["sudo", "-E", "bwrap", "--die-with-parent", "--unshare-pid", "--ro-bind", "/", "/", "--dev", "/dev", "--proc", "/proc", "--bind", "/home/runner/work/_temp/aphid-current-consumer/fresh", "/home/runner/work/_temp/aphid-current-consumer/fresh", "--tmpfs", "/home/runner/work/Aphid/Aphid", "--tmpfs", "/home/runner/work/_temp/aphid-current-consumer/retained", "--ro-bind", "/dev/null", "/usr/bin/aarch64-linux-gnu-as", "--ro-bind", "/dev/null", "/usr/bin/aarch64-linux-gnu-g++-12", "--ro-bind", "/dev/null", "/usr/bin/aarch64-linux-gnu-g++-13", "--ro-bind", "/dev/null", "/usr/bin/aarch64-linux-gnu-g++-14", "--ro-bind", "/dev/null", "/usr/bin/aarch64-linux-gnu-gcc-12", "--ro-bind", "/dev/null", "/usr/bin/aarch64-linux-gnu-gcc-13", "--ro-bind", "/dev/null", "/usr/bin/aarch64-linux-gnu-gcc-14", "--ro-bind", "/dev/null", "/usr/bin/aarch64-linux-gnu-ld.bfd", "--ro-bind", "/dev/null", "/usr/bin/c89-gcc", "--ro-bind", "/dev/null", "/usr/bin/c99-gcc", "--ro-bind", "/dev/null", "/usr/bin/make", "--ro-bind", "/dev/null", "/usr/lib/llvm-16/bin/clang", "--ro-bind", "/dev/null", "/usr/lib/llvm-16/bin/lld", "--ro-bind", "/dev/null", "/usr/lib/llvm-16/bin/llvm-as", "--ro-bind", "/dev/null", "/usr/lib/llvm-17/bin/clang", "--ro-bind", "/dev/null", "/usr/lib/llvm-17/bin/lld", "--ro-bind", "/dev/null", "/usr/lib/llvm-17/bin/llvm-as", "--ro-bind", "/dev/null", "/usr/lib/llvm-18/bin/clang", "--ro-bind", "/dev/null", "/usr/lib/llvm-18/bin/lld", "--ro-bind", "/dev/null", "/usr/lib/llvm-18/bin/llvm-as", "--ro-bind", "/dev/null", "/usr/local/bin/cmake", "--ro-bind", "/dev/null", "/usr/local/bin/ninja", "--cap-add", "CAP_SETUID", "--cap-add", "CAP_SETGID", "--cap-add", "CAP_SETPCAP", "--clearenv", "--setenv", "LANG", "C.UTF-8", "--setenv", "HOME", "/home/runner/work/_temp/aphid-current-consumer/fresh/home", "--setenv", "PATH", "/home/runner/work/_temp/aphid-current-consumer/fresh/tools:/home/runner/work/_temp/.setup-beam/elixir/bin:/home/runner/work/_temp/.setup-beam/elixir/bin:/home/runner/work/_temp/.setup-beam/otp/bin:/usr/bin:/bin:/usr/sbin:/sbin", "--setenv", "MIX_HOME", "/home/runner/work/_temp/aphid-current-consumer/fresh/mix-home", "--setenv", "HEX_HOME", "/home/runner/work/_temp/aphid-current-consumer/fresh/hex-home", "--setenv", "MIX_ENV", "prod", "--setenv", "ZIG_EXECUTABLE_PATH", "/home/runner/work/_temp/aphid-current-consumer/fresh/tools/zig", "--setenv", "ZIG_GLOBAL_CACHE_DIR", "/home/runner/work/_temp/aphid-current-consumer/fresh/zig-cache", "--setenv", "ZIGLER_STAGING_ROOT", "/home/runner/work/_temp/aphid-current-consumer/fresh/staging", "--setenv", "ERL_FLAGS", "+S 1:1 +SDcpu 1:1", "--setenv", "APHID_INSTALL", "precompiled", "--setenv", "APHID_BUNDLE_ARCHIVE", "/home/runner/work/_temp/aphid-current-consumer/fresh/candidate.tar.gz", "--setenv", "APHID_BUNDLE_SHA256", "235ceb0490a1baf64e33fd53f17f683ce263197cf0cac6cf1107275dd94b62af", "--setenv", "TMPDIR", "/home/runner/work/_temp/aphid-current-consumer/fresh/tmp", "--", "/usr/bin/setpriv", "--reuid", "1001", "--regid", "1001", "--clear-groups", "--bounding-set=-all", "--no-new-privs", "--", "mix", "deps.get", "--check-locked"], "cwd": "/home/runner/work/_temp/aphid-current-consumer/fresh/consumer", "exit": 0, "seconds": 1.517}
2026-09-08T07:13:31.0414127Z Normal Hex acquisition verified: 13 locked archives; switching to loopback-only networking
2026-09-08T07:13:31.5714400Z ==> earmark_parser
2026-09-08T07:13:31.5723709Z Compiling 2 files (.xrl)
2026-09-08T07:13:31.6043698Z Compiling 1 file (.yrl)
2026-09-08T07:13:31.6325419Z Compiling 3 files (.erl)
2026-09-08T07:13:31.8595235Z Compiling 32 files (.ex)
2026-09-08T07:13:32.8063602Z Generated earmark_parser app
2026-09-08T07:13:32.8195061Z ==> protoss
2026-09-08T07:13:32.8195437Z Compiling 1 file (.ex)
2026-09-08T07:13:32.8610744Z Generated protoss app
2026-09-08T07:13:32.8800395Z ==> zig_get
2026-09-08T07:13:32.8800834Z Compiling 1 file (.ex)
2026-09-08T07:13:32.9445097Z Generated zig_get app
2026-09-08T07:13:32.9589968Z ==> nimble_parsec
2026-09-08T07:13:32.9591041Z Compiling 4 files (.ex)
2026-09-08T07:13:33.3284694Z Generated nimble_parsec app
2026-09-08T07:13:33.3643634Z ==> pegasus
2026-09-08T07:13:33.3645203Z Compiling 11 files (.ex)
2026-09-08T07:13:35.1693261Z Generated pegasus app
2026-09-08T07:13:35.1826413Z ==> zig_parser
2026-09-08T07:13:35.1827248Z Compiling 37 files (.ex)
2026-09-08T07:13:39.5688171Z     warning: incompatible types given to Map.replace!/3:
2026-09-08T07:13:39.5689210Z 
2026-09-08T07:13:39.5689893Z         Map.replace!(parse(args), :doc_comment, comment)
2026-09-08T07:13:39.5691344Z 
2026-09-08T07:13:39.5691636Z     the map:
2026-09-08T07:13:39.5692057Z 
2026-09-08T07:13:39.5692300Z         dynamic(%Zig.Parser.Test{block: %Zig.Parser.Block{}, location: nil})
2026-09-08T07:13:39.5692624Z 
2026-09-08T07:13:39.5692740Z     does not have all required keys:
2026-09-08T07:13:39.5692931Z 
2026-09-08T07:13:39.5693141Z         :doc_comment
2026-09-08T07:13:39.5693303Z 
2026-09-08T07:13:39.5693449Z     therefore this function will always raise
2026-09-08T07:13:39.5693652Z 
2026-09-08T07:13:39.5693772Z     where "args" was given the type:
2026-09-08T07:13:39.5694043Z 
2026-09-08T07:13:39.5694173Z         # type: dynamic(non_empty_list(term()))
2026-09-08T07:13:39.5694503Z         # from: lib/zig.parser/test.ex:16:10
2026-09-08T07:13:39.5695491Z         parse(args)
2026-09-08T07:13:39.5695681Z 
2026-09-08T07:13:39.5695821Z     where "comment" was given the type:
2026-09-08T07:13:39.5696010Z 
2026-09-08T07:13:39.5696122Z         # type: dynamic()
2026-09-08T07:13:39.5696458Z         # from: lib/zig.parser/test.ex
2026-09-08T07:13:39.5696826Z         [{:TestDecl, [start, {:doc_comment, comment} | args]} | rest_args]
2026-09-08T07:13:39.5697321Z 
2026-09-08T07:13:39.5697502Z     type warning found at:
2026-09-08T07:13:39.5698004Z     │
2026-09-08T07:13:39.5698363Z  17 │       |> Map.replace!(:doc_comment, comment)
2026-09-08T07:13:39.5698881Z     │              ~
2026-09-08T07:13:39.5699135Z     │
2026-09-08T07:13:39.5699646Z     └─ lib/zig.parser/test.ex:17:14: Zig.Parser.Test.post_traverse/5
2026-09-08T07:13:39.5699947Z 
2026-09-08T07:13:39.9299053Z Generated zig_parser app
2026-09-08T07:13:39.9582393Z ==> makeup
2026-09-08T07:13:39.9582736Z Compiling 15 files (.ex)
2026-09-08T07:13:40.3811137Z Generated makeup app
2026-09-08T07:13:40.3985753Z ==> makeup_elixir
2026-09-08T07:13:40.3986539Z Compiling 6 files (.ex)
2026-09-08T07:13:50.2364537Z Generated makeup_elixir app
2026-09-08T07:13:50.2533585Z ==> makeup_erlang
2026-09-08T07:13:59.9666832Z Compiling 4 files (.ex)
2026-09-08T07:13:59.9667471Z Generated makeup_erlang app
2026-09-08T07:13:59.9925894Z ==> ex_doc
2026-09-08T07:13:59.9926591Z Compiling 27 files (.ex)
2026-09-08T07:14:01.5853650Z      warning: this clause of defp favicon_path/1 is never used (or it will always fail/warn when invoked)
2026-09-08T07:14:01.5854556Z      │
2026-09-08T07:14:01.5855252Z  153 │   defp favicon_path(%{favicon: nil}), do: nil
2026-09-08T07:14:01.5855693Z      │        ~
2026-09-08T07:14:01.5856000Z      │
2026-09-08T07:14:01.5856731Z      └─ lib/ex_doc/formatter/html/templates.ex:153:8: ExDoc.Formatter.HTML.Templates.favicon_path/1
2026-09-08T07:14:01.5857778Z 
2026-09-08T07:14:01.5858423Z      warning: the following clause cannot match because the previous clauses already matched all possible values:
2026-09-08T07:14:01.5859081Z 
2026-09-08T07:14:01.5859264Z          _ ->
2026-09-08T07:14:01.5859396Z 
2026-09-08T07:14:01.5859543Z      it attempts to match on the result of:
2026-09-08T07:14:01.5859756Z 
2026-09-08T07:14:01.5859981Z          result
2026-09-08T07:14:01.5860136Z 
2026-09-08T07:14:01.5860255Z      which has the already matched type:
2026-09-08T07:14:01.5860464Z 
2026-09-08T07:14:01.5860705Z          dynamic({:docs_v1, term(), term(), term(), term(), term(), term()} or {:error, term()})
2026-09-08T07:14:01.5861097Z 
2026-09-08T07:14:01.5861230Z      type warning found at:
2026-09-08T07:14:01.5861586Z      │
2026-09-08T07:14:01.5861977Z  124 │       _ ->
2026-09-08T07:14:01.5862305Z      │         ~
2026-09-08T07:14:01.5862569Z      │
2026-09-08T07:14:01.5863087Z      └─ lib/ex_doc/retriever.ex:124:9: ExDoc.Retriever.docs_chunk/1
2026-09-08T07:14:01.5863390Z 
2026-09-08T07:14:01.5892651Z      warning: this clause of defp logo_path/1 is never used (or it will always fail/warn when invoked)
2026-09-08T07:14:01.5893722Z      │
2026-09-08T07:14:01.5894298Z  156 │   defp logo_path(%{logo: nil}), do: nil
2026-09-08T07:14:01.5894813Z      │        ~
2026-09-08T07:14:01.5895394Z      │
2026-09-08T07:14:01.5896101Z      └─ lib/ex_doc/formatter/html/templates.ex:156:8: ExDoc.Formatter.HTML.Templates.logo_path/1
2026-09-08T07:14:01.5896618Z 
2026-09-08T07:14:01.5978604Z      warning: the following clause will never match:
2026-09-08T07:14:01.5978954Z 
2026-09-08T07:14:01.5979073Z          nil ->
2026-09-08T07:14:01.5979228Z 
2026-09-08T07:14:01.5979369Z      because it attempts to match on the result of:
2026-09-08T07:14:01.5979717Z 
2026-09-08T07:14:01.5979929Z          ExDoc.Language.Source.fetch_type!(module_data, name, arity)
2026-09-08T07:14:01.5980204Z 
2026-09-08T07:14:01.5980356Z      which has type:
2026-09-08T07:14:01.5980485Z 
2026-09-08T07:14:01.5980699Z          dynamic(not false and not nil)
2026-09-08T07:14:01.5980906Z 
2026-09-08T07:14:01.5981502Z      type warning found at:
2026-09-08T07:14:01.5981919Z      │
2026-09-08T07:14:01.5982552Z  150 │         nil ->
2026-09-08T07:14:01.5982977Z      │         ~~~~~~
2026-09-08T07:14:01.5983320Z      │
2026-09-08T07:14:01.5983769Z      └─ lib/ex_doc/language/erlang.ex:150: ExDoc.Language.Erlang.type_data/6
2026-09-08T07:14:01.5984093Z 
2026-09-08T07:14:01.6127224Z      warning: the following clause is redundant:
2026-09-08T07:14:01.6128121Z 
2026-09-08T07:14:01.6128843Z          defp to_var({:<<>>, _, _}, _)
2026-09-08T07:14:01.6129147Z 
2026-09-08T07:14:01.6129266Z      it has type:
2026-09-08T07:14:01.6129421Z 
2026-09-08T07:14:01.6129813Z          dynamic({:<<>>, term(), term()}), dynamic()
2026-09-08T07:14:01.6130047Z 
2026-09-08T07:14:01.6130251Z      previous clauses have already matched on the following types:
2026-09-08T07:14:01.6130582Z 
2026-09-08T07:14:01.6130684Z          {:%{}, term(), term()}, term()
2026-09-08T07:14:01.6131073Z          {atom(), term(), term()}, term()
2026-09-08T07:14:01.6131318Z 
2026-09-08T07:14:01.6131654Z      │
2026-09-08T07:14:01.6132173Z  569 │   defp to_var({:<<>>, _, _}, _), do: {:binary, [], nil}
2026-09-08T07:14:01.6132615Z      │        ~
2026-09-08T07:14:01.6132852Z      │
2026-09-08T07:14:01.6133358Z      └─ lib/ex_doc/language/elixir.ex:569:8: ExDoc.Language.Elixir.to_var/2
2026-09-08T07:14:01.6133666Z 
2026-09-08T07:14:01.6188601Z      warning: the following clause is redundant:
2026-09-08T07:14:01.6188944Z 
2026-09-08T07:14:01.6189309Z          defp to_var({:{}, _, _}, _)
2026-09-08T07:14:01.6189502Z 
2026-09-08T07:14:01.6189622Z      it has type:
2026-09-08T07:14:01.6189754Z 
2026-09-08T07:14:01.6189890Z          dynamic({:{}, term(), term()}), dynamic()
2026-09-08T07:14:01.6190203Z 
2026-09-08T07:14:01.6190388Z      previous clauses have already matched on the following types:
2026-09-08T07:14:01.6190675Z 
2026-09-08T07:14:01.6190813Z          {:%{}, term(), term()}, term()
2026-09-08T07:14:01.6191189Z          {atom(), term(), term()}, term()
2026-09-08T07:14:01.6191413Z 
2026-09-08T07:14:01.6191663Z      │
2026-09-08T07:14:01.6192083Z  570 │   defp to_var({:{}, _, _}, _), do: {:tuple, [], nil}
2026-09-08T07:14:01.6192601Z      │        ~
2026-09-08T07:14:01.6192900Z      │
2026-09-08T07:14:01.6193437Z      └─ lib/ex_doc/language/elixir.ex:570:8: ExDoc.Language.Elixir.to_var/2
2026-09-08T07:14:01.6193765Z 
2026-09-08T07:14:01.6202542Z      warning: the following clause is redundant:
2026-09-08T07:14:01.6202828Z 
2026-09-08T07:14:01.6203149Z          defp to_var(float, _) when is_integer(float)
2026-09-08T07:14:01.6203413Z 
2026-09-08T07:14:01.6203562Z      it has type:
2026-09-08T07:14:01.6203694Z 
2026-09-08T07:14:01.6203813Z          integer(), dynamic()
2026-09-08T07:14:01.6204063Z 
2026-09-08T07:14:01.6204273Z      previous clauses have already matched on the following types:
2026-09-08T07:14:01.6204555Z 
2026-09-08T07:14:01.6204662Z          {:%{}, term(), term()}, term()
2026-09-08T07:14:01.6205024Z          {atom(), term(), term()}, term()
2026-09-08T07:14:01.6205401Z          {term(), term()}, term()
2026-09-08T07:14:01.6205681Z          integer(), term()
2026-09-08T07:14:01.6205896Z 
2026-09-08T07:14:01.6206146Z      │
2026-09-08T07:14:01.6206620Z  573 │   defp to_var(float, _) when is_integer(float), do: {:float, [], nil}
2026-09-08T07:14:01.6207548Z      │        ~
2026-09-08T07:14:01.6207874Z      │
2026-09-08T07:14:01.6208340Z      └─ lib/ex_doc/language/elixir.ex:573:8: ExDoc.Language.Elixir.to_var/2
2026-09-08T07:14:01.6208739Z 
2026-09-08T07:14:01.6237748Z Generated ex_doc app
2026-09-08T07:14:01.9290396Z ==> aphid_consumer
2026-09-08T07:14:01.9290812Z ===> Analyzing applications...
2026-09-08T07:14:01.9833464Z ===> Compiling telemetry
2026-09-08T07:14:02.2740322Z ==> zig_doc
2026-09-08T07:14:02.2849134Z Compiling 5 files (.ex)
2026-09-08T07:14:02.5000909Z     warning: the following clause will never match:
2026-09-08T07:14:02.5001240Z 
2026-09-08T07:14:02.5001382Z         {{:error, reason}, path} ->
2026-09-08T07:14:02.5001550Z 
2026-09-08T07:14:02.5002335Z     it is expected to match on type:
2026-09-08T07:14:02.5002514Z 
2026-09-08T07:14:02.5002783Z         dynamic(
2026-09-08T07:14:02.5003027Z           :error or
2026-09-08T07:14:02.5003362Z             ({term(), :read, binary() or empty_list() or non_empty_list(term(), term())} and
2026-09-08T07:14:02.5003883Z                not {{:ok, term()}, :read, binary() or empty_list() or non_empty_list(term(), term())})
2026-09-08T07:14:02.5004272Z         )
2026-09-08T07:14:02.5004369Z 
2026-09-08T07:14:02.5004466Z     type warning found at:
2026-09-08T07:14:02.5004908Z     │
2026-09-08T07:14:02.5005165Z  69 │       {{:error, reason}, path} ->
2026-09-08T07:14:02.5005454Z     │       ~~~~~~~~~~~~~~~~~~~~~~~~~~~
2026-09-08T07:14:02.5005687Z     │
2026-09-08T07:14:02.5006058Z     └─ lib/zig.doc/generator.ex:69: Zig.Doc.Generator.modulenode_from_config/3
2026-09-08T07:14:02.5006353Z 
2026-09-08T07:14:02.5024599Z Generated zig_doc app
2026-09-08T07:14:02.5403475Z ==> zigler
2026-09-08T07:14:02.5403915Z Compiling 50 files (.ex)
2026-09-08T07:14:02.5515830Z 
2026-09-08T07:14:02.5516265Z 07:14:02.549 [warning] not cross-compiling windows-msvc
2026-09-08T07:14:02.6388689Z      warning: clauses with the same name and arity (number of arguments) should be grouped together, "def render_elixir_spec/1" was previously defined (lib/zig/_nif.ex:373)
2026-09-08T07:14:02.6389647Z      │
2026-09-08T07:14:02.6389932Z  386 │   def render_elixir_spec(nif) do
2026-09-08T07:14:02.6390208Z      │       ~
2026-09-08T07:14:02.6390404Z      │
2026-09-08T07:14:02.6390629Z      └─ lib/zig/_nif.ex:386:7
2026-09-08T07:14:02.6390780Z 
2026-09-08T07:14:04.5612704Z 
2026-09-08T07:14:04.5613486Z 07:14:04.560 [debug] creating staging directory /home/runner/work/_temp/aphid-current-consumer/fresh/staging/Elixir.Zig.Formatter
2026-09-08T07:14:04.5698181Z      warning: unused require EEx
2026-09-08T07:14:04.5698737Z      │
2026-09-08T07:14:04.5699006Z  437 │   require EEx
2026-09-08T07:14:04.5699226Z      │   ~
2026-09-08T07:14:04.5699402Z      │
2026-09-08T07:14:04.5699677Z      └─ lib/zig/_nif.ex:437:3
2026-09-08T07:14:04.5699847Z 
2026-09-08T07:14:04.5729141Z 
2026-09-08T07:14:04.5729718Z 07:14:04.572 [info] searching for zig in /home/runner/work/_temp/aphid-current-consumer/fresh/home/.cache/zigler/zig-aarch64-linux-0.16.0/zig
2026-09-08T07:14:05.0842266Z warning: Zig.Formatter not active (%CompileError{file: nil, line: nil, description: "zig executable not found"}).  If you need Formatter function, and zig is not available, Please run `mix zig.get` to install it.
2026-09-08T07:14:05.0859278Z ##[warning]  lib/zig/formatter.ex:46: (file)
2026-09-08T07:14:05.0866801Z   (elixir 1.20.0) src/elixir_compiler.erl:102: :elixir_compiler.dispatch/4
2026-09-08T07:14:05.0867579Z   (elixir 1.20.0) src/elixir_compiler.erl:76: :elixir_compiler.compile/4
2026-09-08T07:14:05.0868055Z   (elixir 1.20.0) src/elixir_compiler.erl:42: :elixir_compiler.optimize_defmodule/2
2026-09-08T07:14:05.0868514Z   (elixir 1.20.0) src/elixir_lexical.erl:18: :elixir_lexical.run/3
2026-09-08T07:14:05.0868978Z   (elixir 1.20.0) src/elixir_compiler.erl:21: :elixir_compiler.quoted/3
2026-09-08T07:14:05.0869239Z 
2026-09-08T07:14:05.1553370Z Generated zigler app
2026-09-08T07:14:06.4889379Z ==> aphid
2026-09-08T07:14:06.4889915Z Aphid local bundle verified and installed: SHA256 235ceb0490a1baf64e33fd53f17f683ce263197cf0cac6cf1107275dd94b62af
2026-09-08T07:14:06.4920862Z Compiling 13 files (.ex)
2026-09-08T07:14:06.6809401Z 
2026-09-08T07:14:06.6810422Z 07:14:06.680 [debug] skipping compile step for precompiled module Elixir.Aphid.Proof, at /home/runner/work/_temp/aphid-current-consumer/fresh/consumer/_build/prod/lib/aphid/priv/lib/Elixir.Aphid.Proof.so
2026-09-08T07:14:06.6822821Z 
2026-09-08T07:14:06.6823544Z 07:14:06.681 [debug] destination library path: /home/runner/work/_temp/aphid-current-consumer/fresh/consumer/_build/prod/lib/aphid/priv/lib/Elixir.Aphid.Proof.so
2026-09-08T07:14:06.9319608Z 
2026-09-08T07:14:06.9321316Z 07:14:06.931 [debug] skipping compile step for precompiled module Elixir.Aphid.Native, at /home/runner/work/_temp/aphid-current-consumer/fresh/consumer/_build/prod/lib/aphid/priv/lib/Elixir.Aphid.Native.so
2026-09-08T07:14:06.9331442Z 
2026-09-08T07:14:06.9332216Z 07:14:06.931 [debug] destination library path: /home/runner/work/_temp/aphid-current-consumer/fresh/consumer/_build/prod/lib/aphid/priv/lib/Elixir.Aphid.Native.so
2026-09-08T07:14:07.5725620Z Generated aphid app
2026-09-08T07:14:07.6239957Z {"command": ["sudo", "-E", "bwrap", "--die-with-parent", "--unshare-pid", "--ro-bind", "/", "/", "--dev", "/dev", "--proc", "/proc", "--bind", "/home/runner/work/_temp/aphid-current-consumer/fresh", "/home/runner/work/_temp/aphid-current-consumer/fresh", "--unshare-net", "--tmpfs", "/home/runner/work/Aphid/Aphid", "--tmpfs", "/home/runner/work/_temp/aphid-current-consumer/retained", "--ro-bind", "/dev/null", "/usr/bin/aarch64-linux-gnu-as", "--ro-bind", "/dev/null", "/usr/bin/aarch64-linux-gnu-g++-12", "--ro-bind", "/dev/null", "/usr/bin/aarch64-linux-gnu-g++-13", "--ro-bind", "/dev/null", "/usr/bin/aarch64-linux-gnu-g++-14", "--ro-bind", "/dev/null", "/usr/bin/aarch64-linux-gnu-gcc-12", "--ro-bind", "/dev/null", "/usr/bin/aarch64-linux-gnu-gcc-13", "--ro-bind", "/dev/null", "/usr/bin/aarch64-linux-gnu-gcc-14", "--ro-bind", "/dev/null", "/usr/bin/aarch64-linux-gnu-ld.bfd", "--ro-bind", "/dev/null", "/usr/bin/c89-gcc", "--ro-bind", "/dev/null", "/usr/bin/c99-gcc", "--ro-bind", "/dev/null", "/usr/bin/make", "--ro-bind", "/dev/null", "/usr/lib/llvm-16/bin/clang", "--ro-bind", "/dev/null", "/usr/lib/llvm-16/bin/lld", "--ro-bind", "/dev/null", "/usr/lib/llvm-16/bin/llvm-as", "--ro-bind", "/dev/null", "/usr/lib/llvm-17/bin/clang", "--ro-bind", "/dev/null", "/usr/lib/llvm-17/bin/lld", "--ro-bind", "/dev/null", "/usr/lib/llvm-17/bin/llvm-as", "--ro-bind", "/dev/null", "/usr/lib/llvm-18/bin/clang", "--ro-bind", "/dev/null", "/usr/lib/llvm-18/bin/lld", "--ro-bind", "/dev/null", "/usr/lib/llvm-18/bin/llvm-as", "--ro-bind", "/dev/null", "/usr/local/bin/cmake", "--ro-bind", "/dev/null", "/usr/local/bin/ninja", "--cap-add", "CAP_SETUID", "--cap-add", "CAP_SETGID", "--cap-add", "CAP_SETPCAP", "--clearenv", "--setenv", "LANG", "C.UTF-8", "--setenv", "HOME", "/home/runner/work/_temp/aphid-current-consumer/fresh/home", "--setenv", "PATH", "/home/runner/work/_temp/aphid-current-consumer/fresh/tools:/home/runner/work/_temp/.setup-beam/elixir/bin:/home/runner/work/_temp/.setup-beam/elixir/bin:/home/runner/work/_temp/.setup-beam/otp/bin:/usr/bin:/bin:/usr/sbin:/sbin", "--setenv", "MIX_HOME", "/home/runner/work/_temp/aphid-current-consumer/fresh/mix-home", "--setenv", "HEX_HOME", "/home/runner/work/_temp/aphid-current-consumer/fresh/hex-home", "--setenv", "MIX_ENV", "prod", "--setenv", "ZIG_EXECUTABLE_PATH", "/home/runner/work/_temp/aphid-current-consumer/fresh/tools/zig", "--setenv", "ZIG_GLOBAL_CACHE_DIR", "/home/runner/work/_temp/aphid-current-consumer/fresh/zig-cache", "--setenv", "ZIGLER_STAGING_ROOT", "/home/runner/work/_temp/aphid-current-consumer/fresh/staging", "--setenv", "ERL_FLAGS", "+S 1:1 +SDcpu 1:1", "--setenv", "APHID_INSTALL", "precompiled", "--setenv", "APHID_BUNDLE_ARCHIVE", "/home/runner/work/_temp/aphid-current-consumer/fresh/candidate.tar.gz", "--setenv", "APHID_BUNDLE_SHA256", "235ceb0490a1baf64e33fd53f17f683ce263197cf0cac6cf1107275dd94b62af", "--setenv", "TMPDIR", "/home/runner/work/_temp/aphid-current-consumer/fresh/tmp", "--", "/usr/bin/setpriv", "--reuid", "1001", "--regid", "1001", "--clear-groups", "--bounding-set=-all", "--no-new-privs", "--", "mix", "deps.compile"], "cwd": "/home/runner/work/_temp/aphid-current-consumer/fresh/consumer", "exit": 0, "seconds": 36.583}
2026-09-08T07:14:09.5685324Z ==> aphid
2026-09-08T07:14:09.5696050Z Aphid local bundle verified and installed: SHA256 235ceb0490a1baf64e33fd53f17f683ce263197cf0cac6cf1107275dd94b62af
2026-09-08T07:14:09.9999701Z ==> aphid_consumer
2026-09-08T07:14:10.0000018Z Generated aphid_consumer app
2026-09-08T07:14:10.0440919Z {"command": ["sudo", "-E", "bwrap", "--die-with-parent", "--unshare-pid", "--ro-bind", "/", "/", "--dev", "/dev", "--proc", "/proc", "--bind", "/home/runner/work/_temp/aphid-current-consumer/fresh", "/home/runner/work/_temp/aphid-current-consumer/fresh", "--unshare-net", "--tmpfs", "/home/runner/work/Aphid/Aphid", "--tmpfs", "/home/runner/work/_temp/aphid-current-consumer/retained", "--ro-bind", "/dev/null", "/usr/bin/aarch64-linux-gnu-as", "--ro-bind", "/dev/null", "/usr/bin/aarch64-linux-gnu-g++-12", "--ro-bind", "/dev/null", "/usr/bin/aarch64-linux-gnu-g++-13", "--ro-bind", "/dev/null", "/usr/bin/aarch64-linux-gnu-g++-14", "--ro-bind", "/dev/null", "/usr/bin/aarch64-linux-gnu-gcc-12", "--ro-bind", "/dev/null", "/usr/bin/aarch64-linux-gnu-gcc-13", "--ro-bind", "/dev/null", "/usr/bin/aarch64-linux-gnu-gcc-14", "--ro-bind", "/dev/null", "/usr/bin/aarch64-linux-gnu-ld.bfd", "--ro-bind", "/dev/null", "/usr/bin/c89-gcc", "--ro-bind", "/dev/null", "/usr/bin/c99-gcc", "--ro-bind", "/dev/null", "/usr/bin/make", "--ro-bind", "/dev/null", "/usr/lib/llvm-16/bin/clang", "--ro-bind", "/dev/null", "/usr/lib/llvm-16/bin/lld", "--ro-bind", "/dev/null", "/usr/lib/llvm-16/bin/llvm-as", "--ro-bind", "/dev/null", "/usr/lib/llvm-17/bin/clang", "--ro-bind", "/dev/null", "/usr/lib/llvm-17/bin/lld", "--ro-bind", "/dev/null", "/usr/lib/llvm-17/bin/llvm-as", "--ro-bind", "/dev/null", "/usr/lib/llvm-18/bin/clang", "--ro-bind", "/dev/null", "/usr/lib/llvm-18/bin/lld", "--ro-bind", "/dev/null", "/usr/lib/llvm-18/bin/llvm-as", "--ro-bind", "/dev/null", "/usr/local/bin/cmake", "--ro-bind", "/dev/null", "/usr/local/bin/ninja", "--cap-add", "CAP_SETUID", "--cap-add", "CAP_SETGID", "--cap-add", "CAP_SETPCAP", "--clearenv", "--setenv", "LANG", "C.UTF-8", "--setenv", "HOME", "/home/runner/work/_temp/aphid-current-consumer/fresh/home", "--setenv", "PATH", "/home/runner/work/_temp/aphid-current-consumer/fresh/tools:/home/runner/work/_temp/.setup-beam/elixir/bin:/home/runner/work/_temp/.setup-beam/elixir/bin:/home/runner/work/_temp/.setup-beam/otp/bin:/usr/bin:/bin:/usr/sbin:/sbin", "--setenv", "MIX_HOME", "/home/runner/work/_temp/aphid-current-consumer/fresh/mix-home", "--setenv", "HEX_HOME", "/home/runner/work/_temp/aphid-current-consumer/fresh/hex-home", "--setenv", "MIX_ENV", "prod", "--setenv", "ZIG_EXECUTABLE_PATH", "/home/runner/work/_temp/aphid-current-consumer/fresh/tools/zig", "--setenv", "ZIG_GLOBAL_CACHE_DIR", "/home/runner/work/_temp/aphid-current-consumer/fresh/zig-cache", "--setenv", "ZIGLER_STAGING_ROOT", "/home/runner/work/_temp/aphid-current-consumer/fresh/staging", "--setenv", "ERL_FLAGS", "+S 1:1 +SDcpu 1:1", "--setenv", "APHID_INSTALL", "precompiled", "--setenv", "APHID_BUNDLE_ARCHIVE", "/home/runner/work/_temp/aphid-current-consumer/fresh/candidate.tar.gz", "--setenv", "APHID_BUNDLE_SHA256", "235ceb0490a1baf64e33fd53f17f683ce263197cf0cac6cf1107275dd94b62af", "--setenv", "TMPDIR", "/home/runner/work/_temp/aphid-current-consumer/fresh/tmp", "--", "/usr/bin/setpriv", "--reuid", "1001", "--regid", "1001", "--clear-groups", "--bounding-set=-all", "--no-new-privs", "--", "mix", "compile"], "cwd": "/home/runner/work/_temp/aphid-current-consumer/fresh/consumer", "exit": 0, "seconds": 2.42}
2026-09-08T07:14:10.7620843Z runtime identity: {"1.20.0", ~c"29", ~c"2.18"}
2026-09-08T07:14:12.3699917Z Running ExUnit with seed: 0, max_cases: 2
2026-09-08T07:14:12.3700169Z 
2026-09-08T07:14:17.2754510Z ................Aphid basic example passed
2026-09-08T07:14:17.3134350Z .Aphid transaction example passed
2026-09-08T07:14:17.3394193Z .Aphid stream example passed
2026-09-08T07:14:17.4194270Z .Aphid FTS example passed
2026-09-08T07:14:17.4574259Z .Aphid vector example passed
2026-09-08T07:14:17.5457957Z .Aphid DuckDB example passed
2026-09-08T07:14:23.8058423Z .............stale-cancel race: 30 iterations; maximum cancel-to-idle 207002 us
2026-09-08T07:14:28.2994143Z ........heartbeat: 11 samples; maximum gap 6 ms
2026-09-08T07:14:28.3911792Z .
2026-09-08T07:14:28.3913602Z 07:14:28.389 [error] Aphid artifact [unloadable]: /home/runner/work/_temp/aphid-current-consumer/fresh/consumer/_build/prod/lib/aphid/priv/lib/Elixir.Aphid.Native: {:upgrade, ~c"Library upgrade-call unsuccessful (-1)."}; use the matching complete bundle and runtime. No source fallback.
2026-09-08T07:14:28.3955085Z 
2026-09-08T07:14:28.3955624Z 07:14:28.392 [warning] The on_load function for module Elixir.Aphid.Native returned:
2026-09-08T07:14:28.3956158Z {:error, {:upgrade, ~c"Library upgrade-call unsuccessful (-1)."}}
2026-09-08T07:14:28.3956413Z 
2026-09-08T07:14:30.9102099Z .................................................
2026-09-08T07:14:30.9120988Z Finished in 20.1 seconds (1.5s on load, 0.00s async, 18.5s sync)
2026-09-08T07:14:30.9121276Z 
2026-09-08T07:14:30.9121385Z Result: 92 passed
2026-09-08T07:14:30.9679702Z {"command": ["sudo", "-E", "bwrap", "--die-with-parent", "--unshare-pid", "--ro-bind", "/", "/", "--dev", "/dev", "--proc", "/proc", "--bind", "/home/runner/work/_temp/aphid-current-consumer/fresh", "/home/runner/work/_temp/aphid-current-consumer/fresh", "--unshare-net", "--tmpfs", "/home/runner/work/Aphid/Aphid", "--tmpfs", "/home/runner/work/_temp/aphid-current-consumer/retained", "--ro-bind", "/dev/null", "/usr/bin/aarch64-linux-gnu-as", "--ro-bind", "/dev/null", "/usr/bin/aarch64-linux-gnu-g++-12", "--ro-bind", "/dev/null", "/usr/bin/aarch64-linux-gnu-g++-13", "--ro-bind", "/dev/null", "/usr/bin/aarch64-linux-gnu-g++-14", "--ro-bind", "/dev/null", "/usr/bin/aarch64-linux-gnu-gcc-12", "--ro-bind", "/dev/null", "/usr/bin/aarch64-linux-gnu-gcc-13", "--ro-bind", "/dev/null", "/usr/bin/aarch64-linux-gnu-gcc-14", "--ro-bind", "/dev/null", "/usr/bin/aarch64-linux-gnu-ld.bfd", "--ro-bind", "/dev/null", "/usr/bin/c89-gcc", "--ro-bind", "/dev/null", "/usr/bin/c99-gcc", "--ro-bind", "/dev/null", "/usr/bin/make", "--ro-bind", "/dev/null", "/usr/lib/llvm-16/bin/clang", "--ro-bind", "/dev/null", "/usr/lib/llvm-16/bin/lld", "--ro-bind", "/dev/null", "/usr/lib/llvm-16/bin/llvm-as", "--ro-bind", "/dev/null", "/usr/lib/llvm-17/bin/clang", "--ro-bind", "/dev/null", "/usr/lib/llvm-17/bin/lld", "--ro-bind", "/dev/null", "/usr/lib/llvm-17/bin/llvm-as", "--ro-bind", "/dev/null", "/usr/lib/llvm-18/bin/clang", "--ro-bind", "/dev/null", "/usr/lib/llvm-18/bin/lld", "--ro-bind", "/dev/null", "/usr/lib/llvm-18/bin/llvm-as", "--ro-bind", "/dev/null", "/usr/local/bin/cmake", "--ro-bind", "/dev/null", "/usr/local/bin/ninja", "--cap-add", "CAP_SETUID", "--cap-add", "CAP_SETGID", "--cap-add", "CAP_SETPCAP", "--clearenv", "--setenv", "LANG", "C.UTF-8", "--setenv", "HOME", "/home/runner/work/_temp/aphid-current-consumer/fresh/home", "--setenv", "PATH", "/home/runner/work/_temp/aphid-current-consumer/fresh/tools:/home/runner/work/_temp/.setup-beam/elixir/bin:/home/runner/work/_temp/.setup-beam/elixir/bin:/home/runner/work/_temp/.setup-beam/otp/bin:/usr/bin:/bin:/usr/sbin:/sbin", "--setenv", "MIX_HOME", "/home/runner/work/_temp/aphid-current-consumer/fresh/mix-home", "--setenv", "HEX_HOME", "/home/runner/work/_temp/aphid-current-consumer/fresh/hex-home", "--setenv", "MIX_ENV", "prod", "--setenv", "ZIG_EXECUTABLE_PATH", "/home/runner/work/_temp/aphid-current-consumer/fresh/tools/zig", "--setenv", "ZIG_GLOBAL_CACHE_DIR", "/home/runner/work/_temp/aphid-current-consumer/fresh/zig-cache", "--setenv", "ZIGLER_STAGING_ROOT", "/home/runner/work/_temp/aphid-current-consumer/fresh/staging", "--setenv", "ERL_FLAGS", "+S 1:1 +SDcpu 1:1", "--setenv", "TMPDIR", "/home/runner/work/_temp/aphid-current-consumer/fresh/tmp", "--", "/usr/bin/setpriv", "--reuid", "1001", "--regid", "1001", "--clear-groups", "--bounding-set=-all", "--no-new-privs", "--", "mix", "run", "--no-compile", "check.exs"], "cwd": "/home/runner/work/_temp/aphid-current-consumer/fresh/consumer", "exit": 0, "seconds": 20.904}
2026-09-08T07:14:31.1288078Z fresh Mix consumer passed; native files unchanged; no native compiler invocation
2026-09-08T07:14:31.1676436Z {"command": ["/opt/hostedtoolcache/Python/3.14.7/arm64/bin/python3", "scripts/precompiled_consumer.py", "--archive", "/home/runner/work/_temp/aphid-current-consumer/retained/aphid-linux-distribution/packaged/aphid-0.1.0-dev-aarch64-linux-gnu.tar.gz", "--sha256", "235ceb0490a1baf64e33fd53f17f683ce263197cf0cac6cf1107275dd94b62af", "--package", "/home/runner/work/_temp/aphid-current-consumer/aphid-0.1.0-dev-combined.tar", "--package-sha256", "b85967b047662ccdc66851d246a9a7301fe8c797225d7e479948653838dc57df", "--destination", "/home/runner/work/_temp/aphid-current-consumer/fresh", "--hex-dependencies", "--hide-build", "/home/runner/work/_temp/aphid-current-consumer/retained"], "cwd": "/home/runner/work/Aphid/Aphid", "exit": 0, "seconds": 63.184}
2026-09-08T07:14:31.2246023Z CASE missing
2026-09-08T07:14:31.6699224Z Aphid artifact [missing]: set APHID_BUNDLE_ARCHIVE to an existing local .tar.gz. No source fallback.
2026-09-08T07:14:31.6892463Z {"command": ["elixir", "/home/runner/work/_temp/aphid-current-consumer/failures/reject.exs"], "cwd": "/home/runner/work/_temp/aphid-current-consumer/failures", "exit": 0, "seconds": 0.465}
2026-09-08T07:14:31.6893854Z CASE missing-pin
2026-09-08T07:14:32.1285697Z Aphid artifact [corrupt]: set APHID_BUNDLE_SHA256 to an independently trusted 64-digit SHA256. No source fallback.
2026-09-08T07:14:32.1549142Z {"command": ["elixir", "/home/runner/work/_temp/aphid-current-consumer/failures/reject.exs"], "cwd": "/home/runner/work/_temp/aphid-current-consumer/failures", "exit": 0, "seconds": 0.465}
2026-09-08T07:14:32.1550799Z CASE checksum
2026-09-08T07:14:32.6099782Z Aphid artifact [corrupt]: archive SHA256 mismatch; obtain the pinned archive again. No source fallback.
2026-09-08T07:14:32.6200272Z {"command": ["elixir", "/home/runner/work/_temp/aphid-current-consumer/failures/reject.exs"], "cwd": "/home/runner/work/_temp/aphid-current-consumer/failures", "exit": 0, "seconds": 0.465}
2026-09-08T07:14:32.6201650Z CASE target
2026-09-08T07:14:33.0886723Z Aphid artifact [unsupported-target]: the artifact does not match this operating system. No source fallback.
2026-09-08T07:14:33.1351504Z {"command": ["elixir", "/home/runner/work/_temp/aphid-current-consumer/failures/reject.exs"], "cwd": "/home/runner/work/_temp/aphid-current-consumer/failures", "exit": 0, "seconds": 0.515}
2026-09-08T07:14:33.1352756Z CASE engine
2026-09-08T07:14:33.5937864Z Aphid artifact [incompatible-engine]: native lock differs; obtain the bundle for this Aphid source package. No source fallback.
2026-09-08T07:14:33.6504610Z {"command": ["elixir", "/home/runner/work/_temp/aphid-current-consumer/failures/reject.exs"], "cwd": "/home/runner/work/_temp/aphid-current-consumer/failures", "exit": 0, "seconds": 0.515}
2026-09-08T07:14:33.6506188Z CASE manifest
2026-09-08T07:14:34.1109658Z Aphid artifact [corrupt]: content manifest mismatch; obtain the pinned archive again. No source fallback.
2026-09-08T07:14:34.1657293Z {"command": ["elixir", "/home/runner/work/_temp/aphid-current-consumer/failures/reject.exs"], "cwd": "/home/runner/work/_temp/aphid-current-consumer/failures", "exit": 0, "seconds": 0.515}
2026-09-08T07:14:34.1658728Z CASE missing-sidecar
2026-09-08T07:14:34.6334949Z Aphid artifact [missing]: bundle lacks liblbug.so; obtain the complete 0.1.0-dev bundle. No source fallback.
2026-09-08T07:14:34.6811486Z {"command": ["elixir", "/home/runner/work/_temp/aphid-current-consumer/failures/reject.exs"], "cwd": "/home/runner/work/_temp/aphid-current-consumer/failures", "exit": 0, "seconds": 0.515}
2026-09-08T07:14:34.6813134Z CASE architecture
2026-09-08T07:14:35.1443092Z Aphid artifact [wrong-architecture]: Elixir.Aphid.Native.so has the wrong ELF machine architecture. No source fallback.
2026-09-08T07:14:35.1963319Z {"command": ["elixir", "/home/runner/work/_temp/aphid-current-consumer/failures/reject.exs"], "cwd": "/home/runner/work/_temp/aphid-current-consumer/failures", "exit": 0, "seconds": 0.515}
2026-09-08T07:14:35.1964697Z CASE unloadable-header
2026-09-08T07:14:35.6640478Z Aphid artifact [unloadable]: Elixir.Aphid.Native.so is not a native shared library for this target; obtain a valid bundle. No source fallback.
2026-09-08T07:14:35.7115227Z {"command": ["elixir", "/home/runner/work/_temp/aphid-current-consumer/failures/reject.exs"], "cwd": "/home/runner/work/_temp/aphid-current-consumer/failures", "exit": 0, "seconds": 0.515}
2026-09-08T07:14:35.7116547Z CASE native-fingerprint
2026-09-08T07:14:36.1801303Z Aphid artifact [incompatible-engine]: native fingerprint differs from this package's reviewed local-bundle.json; use the matching candidate. No source fallback.
2026-09-08T07:14:36.2268576Z {"command": ["elixir", "/home/runner/work/_temp/aphid-current-consumer/failures/reject.exs"], "cwd": "/home/runner/work/_temp/aphid-current-consumer/failures", "exit": 0, "seconds": 0.515}
2026-09-08T07:14:36.2273083Z CASE lost-selection
2026-09-08T07:14:36.6703929Z Aphid artifact [selection]: this build contains a local bundle; keep its archive/checksum selection or use an empty source build path. No source fallback.
2026-09-08T07:14:36.6922254Z {"command": ["elixir", "/home/runner/work/_temp/aphid-current-consumer/failures/reject.exs"], "cwd": "/home/runner/work/_temp/aphid-current-consumer/failures", "exit": 0, "seconds": 0.465}
2026-09-08T07:14:36.6923401Z CASE force-source
2026-09-08T07:14:37.1373125Z Aphid artifact [selection]: unset ZIGLER_PRECOMPILE_FORCE_RECOMPILE; local bundle mode never falls back to source. No source fallback.
2026-09-08T07:14:37.1573618Z {"command": ["elixir", "/home/runner/work/_temp/aphid-current-consumer/failures/reject.exs"], "cwd": "/home/runner/work/_temp/aphid-current-consumer/failures", "exit": 0, "seconds": 0.465}
2026-09-08T07:14:37.1574690Z CASE conflicting-source
2026-09-08T07:14:37.6029130Z Aphid artifact [selection]: use APHID_INSTALL=precompiled with archive or HTTPS URL and SHA256, or explicit source without bundle inputs. No source fallback.
2026-09-08T07:14:37.6224518Z {"command": ["elixir", "/home/runner/work/_temp/aphid-current-consumer/failures/reject.exs"], "cwd": "/home/runner/work/_temp/aphid-current-consumer/failures", "exit": 0, "seconds": 0.465}
2026-09-08T07:14:37.6225919Z CASE invalid-tar
2026-09-08T07:14:38.0850923Z Aphid artifact [corrupt]: invalid tar archive: :eof. No source fallback.
2026-09-08T07:14:38.1376517Z {"command": ["elixir", "/home/runner/work/_temp/aphid-current-consumer/failures/reject.exs"], "cwd": "/home/runner/work/_temp/aphid-current-consumer/failures", "exit": 0, "seconds": 0.515}
2026-09-08T07:14:38.1378010Z CASE traversal
2026-09-08T07:14:38.6058167Z Aphid artifact [unsafe]: archive contains a link, special file or unsafe path: "../escape". No source fallback.
2026-09-08T07:14:38.6528676Z {"command": ["elixir", "/home/runner/work/_temp/aphid-current-consumer/failures/reject.exs"], "cwd": "/home/runner/work/_temp/aphid-current-consumer/failures", "exit": 0, "seconds": 0.515}
2026-09-08T07:14:38.6530432Z CASE absolute
2026-09-08T07:14:39.1203447Z Aphid artifact [unsafe]: archive contains a link, special file or unsafe path: "/tmp/aphid-escape". No source fallback.
2026-09-08T07:14:39.1685752Z {"command": ["elixir", "/home/runner/work/_temp/aphid-current-consumer/failures/reject.exs"], "cwd": "/home/runner/work/_temp/aphid-current-consumer/failures", "exit": 0, "seconds": 0.515}
2026-09-08T07:14:39.1687178Z CASE duplicate
2026-09-08T07:14:39.6364886Z Aphid artifact [unsafe]: duplicate or case-colliding archive member. No source fallback.
2026-09-08T07:14:39.6839290Z {"command": ["elixir", "/home/runner/work/_temp/aphid-current-consumer/failures/reject.exs"], "cwd": "/home/runner/work/_temp/aphid-current-consumer/failures", "exit": 0, "seconds": 0.515}
2026-09-08T07:14:39.6840612Z CASE case-collision
2026-09-08T07:14:40.1468624Z Aphid artifact [unsafe]: duplicate or case-colliding archive member. No source fallback.
2026-09-08T07:14:40.1990487Z {"command": ["elixir", "/home/runner/work/_temp/aphid-current-consumer/failures/reject.exs"], "cwd": "/home/runner/work/_temp/aphid-current-consumer/failures", "exit": 0, "seconds": 0.515}
2026-09-08T07:14:40.1991673Z CASE file-directory
2026-09-08T07:14:40.6661913Z Aphid artifact [unsafe]: archive file is also used as a directory. No source fallback.
2026-09-08T07:14:40.7140661Z {"command": ["elixir", "/home/runner/work/_temp/aphid-current-consumer/failures/reject.exs"], "cwd": "/home/runner/work/_temp/aphid-current-consumer/failures", "exit": 0, "seconds": 0.515}
2026-09-08T07:14:40.7142167Z CASE dot-path
2026-09-08T07:14:41.1769629Z Aphid artifact [unsafe]: archive contains a link, special file or unsafe path: "./escape". No source fallback.
2026-09-08T07:14:41.2292088Z {"command": ["elixir", "/home/runner/work/_temp/aphid-current-consumer/failures/reject.exs"], "cwd": "/home/runner/work/_temp/aphid-current-consumer/failures", "exit": 0, "seconds": 0.515}
2026-09-08T07:14:41.2293415Z CASE symlink
2026-09-08T07:14:41.6926536Z Aphid artifact [unsafe]: archive contains a link, special file or unsafe path: "link". No source fallback.
2026-09-08T07:14:41.7444403Z {"command": ["elixir", "/home/runner/work/_temp/aphid-current-consumer/failures/reject.exs"], "cwd": "/home/runner/work/_temp/aphid-current-consumer/failures", "exit": 0, "seconds": 0.515}
2026-09-08T07:14:41.7445509Z CASE hardlink
2026-09-08T07:14:42.2047433Z Aphid artifact [unsafe]: archive contains a link, special file or unsafe path: "hard". No source fallback.
2026-09-08T07:14:42.2596366Z {"command": ["elixir", "/home/runner/work/_temp/aphid-current-consumer/failures/reject.exs"], "cwd": "/home/runner/work/_temp/aphid-current-consumer/failures", "exit": 0, "seconds": 0.515}
2026-09-08T07:14:42.2598149Z CASE fifo
2026-09-08T07:14:42.7284259Z Aphid artifact [unsafe]: archive contains a link, special file or unsafe path: "fifo". No source fallback.
2026-09-08T07:14:42.7748620Z {"command": ["elixir", "/home/runner/work/_temp/aphid-current-consumer/failures/reject.exs"], "cwd": "/home/runner/work/_temp/aphid-current-consumer/failures", "exit": 0, "seconds": 0.515}
2026-09-08T07:14:42.8075029Z REAL LOADER missing
2026-09-08T07:14:43.1250220Z 
2026-09-08T07:14:43.1251274Z 07:14:43.121 [error] Aphid artifact [missing]: /home/runner/work/_temp/aphid-current-consumer/failures/load-missing/aphid/priv/lib/liblbug.so; reinstall the complete pinned bundle. No source fallback.
2026-09-08T07:14:43.1263577Z real loader rejected artifact: Elixir.Aphid.Native
2026-09-08T07:14:43.1360680Z 
2026-09-08T07:14:43.1361076Z 07:14:43.126 [warning] The on_load function for module Elixir.Aphid.Native returned:
2026-09-08T07:14:43.1361481Z {:error,
2026-09-08T07:14:43.1361658Z  {:missing,
2026-09-08T07:14:43.1362068Z   "/home/runner/work/_temp/aphid-current-consumer/failures/load-missing/aphid/priv/lib/liblbug.so"}}
2026-09-08T07:14:43.1362452Z 
2026-09-08T07:14:43.1414921Z 
2026-09-08T07:14:43.1415656Z 07:14:43.141 [error] Aphid artifact [missing]: /home/runner/work/_temp/aphid-current-consumer/failures/load-missing/aphid/priv/lib/liblbug.so; reinstall the complete pinned bundle. No source fallback.
2026-09-08T07:14:43.1429326Z real loader rejected artifact: Elixir.Aphid.Proof
2026-09-08T07:14:43.1430182Z 
2026-09-08T07:14:43.1430441Z 07:14:43.142 [warning] The on_load function for module Elixir.Aphid.Proof returned:
2026-09-08T07:14:43.1430832Z {:error,
2026-09-08T07:14:43.1430999Z  {:missing,
2026-09-08T07:14:43.1431384Z   "/home/runner/work/_temp/aphid-current-consumer/failures/load-missing/aphid/priv/lib/liblbug.so"}}
2026-09-08T07:14:43.1431788Z 
2026-09-08T07:14:43.1724237Z {"command": ["elixir", "-pa", "/home/runner/work/_temp/aphid-current-consumer/failures/load-missing/aphid/ebin", "/home/runner/work/_temp/aphid-current-consumer/failures/load.exs"], "cwd": "/home/runner/work/_temp/aphid-current-consumer/failures", "exit": 0, "seconds": 0.365}
2026-09-08T07:14:43.2047249Z REAL LOADER corrupt
2026-09-08T07:14:43.5169004Z 
2026-09-08T07:14:43.5170145Z 07:14:43.513 [error] Aphid artifact [corrupt]: /home/runner/work/_temp/aphid-current-consumer/failures/load-corrupt/aphid/priv/lib/liblbug.so; reinstall the complete pinned bundle. No source fallback.
2026-09-08T07:14:43.5182439Z real loader rejected artifact: Elixir.Aphid.Native
2026-09-08T07:14:43.5277567Z 
2026-09-08T07:14:43.5278062Z 07:14:43.517 [warning] The on_load function for module Elixir.Aphid.Native returned:
2026-09-08T07:14:43.5278470Z {:error,
2026-09-08T07:14:43.5278641Z  {:corrupt,
2026-09-08T07:14:43.5279032Z   "/home/runner/work/_temp/aphid-current-consumer/failures/load-corrupt/aphid/priv/lib/liblbug.so"}}
2026-09-08T07:14:43.5280313Z 
2026-09-08T07:14:43.5332084Z 
2026-09-08T07:14:43.5332893Z 07:14:43.532 [error] Aphid artifact [corrupt]: /home/runner/work/_temp/aphid-current-consumer/failures/load-corrupt/aphid/priv/lib/liblbug.so; reinstall the complete pinned bundle. No source fallback.
2026-09-08T07:14:43.5346147Z real loader rejected artifact: Elixir.Aphid.Proof
2026-09-08T07:14:43.5347313Z 
2026-09-08T07:14:43.5347584Z 07:14:43.534 [warning] The on_load function for module Elixir.Aphid.Proof returned:
2026-09-08T07:14:43.5347958Z {:error,
2026-09-08T07:14:43.5348128Z  {:corrupt,
2026-09-08T07:14:43.5348518Z   "/home/runner/work/_temp/aphid-current-consumer/failures/load-corrupt/aphid/priv/lib/liblbug.so"}}
2026-09-08T07:14:43.5348892Z 
2026-09-08T07:14:43.5697873Z {"command": ["elixir", "-pa", "/home/runner/work/_temp/aphid-current-consumer/failures/load-corrupt/aphid/ebin", "/home/runner/work/_temp/aphid-current-consumer/failures/load.exs"], "cwd": "/home/runner/work/_temp/aphid-current-consumer/failures", "exit": 0, "seconds": 0.365}
2026-09-08T07:14:43.5988829Z REAL LOADER unloadable
2026-09-08T07:14:44.0177072Z 
2026-09-08T07:14:44.0178811Z 07:14:44.014 [error] Aphid artifact [unloadable]: /home/runner/work/_temp/aphid-current-consumer/failures/load-unloadable/aphid/priv/lib/Elixir.Aphid.Native: {:load_failed, ~c"Failed to load NIF library: '/home/runner/work/_temp/aphid-current-consumer/failures/load-unloadable/aphid/priv/lib/Elixir.Aphid.Native.so: failed to map segment from shared object'"}; use the matching complete bundle and runtime. No source fallback.
2026-09-08T07:14:44.0205428Z real loader rejected artifact: Elixir.Aphid.Native
2026-09-08T07:14:44.0205682Z 
2026-09-08T07:14:44.0205929Z 07:14:44.018 [warning] The on_load function for module Elixir.Aphid.Native returned:
2026-09-08T07:14:44.0206307Z {:error,
2026-09-08T07:14:44.0206479Z  {:load_failed,
2026-09-08T07:14:44.0207391Z   ~c"Failed to load NIF library: '/home/runner/work/_temp/aphid-current-consumer/failures/load-unloadable/aphid/priv/lib/Elixir.Aphid.Native.so: failed to map segment from shared object'"}}
2026-09-08T07:14:44.1044627Z 
2026-09-08T07:14:44.1044647Z 
2026-09-08T07:14:44.1046442Z 07:14:44.103 [error] Aphid artifact [unloadable]: /home/runner/work/_temp/aphid-current-consumer/failures/load-unloadable/aphid/priv/lib/Elixir.Aphid.Proof: {:load_failed, ~c"Failed to load NIF library: '/home/runner/work/_temp/aphid-current-consumer/failures/load-unloadable/aphid/priv/lib/Elixir.Aphid.Proof.so: failed to map segment from shared object'"}; use the matching complete bundle and runtime. No source fallback.
2026-09-08T07:14:44.1058879Z real loader rejected artifact: Elixir.Aphid.Proof
2026-09-08T07:14:44.1059154Z 
2026-09-08T07:14:44.1059399Z 07:14:44.105 [warning] The on_load function for module Elixir.Aphid.Proof returned:
2026-09-08T07:14:44.1059794Z {:error,
2026-09-08T07:14:44.1059986Z  {:load_failed,
2026-09-08T07:14:44.1060721Z   ~c"Failed to load NIF library: '/home/runner/work/_temp/aphid-current-consumer/failures/load-unloadable/aphid/priv/lib/Elixir.Aphid.Proof.so: failed to map segment from shared object'"}}
2026-09-08T07:14:44.1061508Z 
2026-09-08T07:14:44.1645711Z {"command": ["sudo", "-E", "unshare", "--mount", "--fork", "--propagation", "private", "sh", "-c", "mount --bind \"$1\" \"$1\" && mount -o remount,bind,noexec \"$1\" && shift && exec \"$@\"", "noexec-proof", "/home/runner/work/_temp/aphid-current-consumer/failures/load-unloadable/aphid/priv/lib", "/usr/bin/setpriv", "--reuid", "1001", "--regid", "1001", "--clear-groups", "--no-new-privs", "--", "/usr/bin/env", "PATH=/home/runner/work/_temp/.setup-beam/elixir/bin:/home/runner/.mix/escripts:/home/runner/work/_temp/.setup-beam/otp/bin:/opt/hostedtoolcache/Python/3.14.7/arm64/bin:/opt/hostedtoolcache/Python/3.14.7/arm64:/snap/bin:/home/runner/.local/bin:/opt/pipx_bin:/home/runner/.cargo/bin:/home/runner/.config/composer/vendor/bin:/home/runner/.dotnet/tools:/usr/local/sbin:/usr/local/bin:/usr/sbin:/usr/bin:/sbin:/bin:/usr/games:/usr/local/games:/snap/bin", "/home/runner/work/_temp/.setup-beam/elixir/bin/elixir", "-pa", "/home/runner/work/_temp/aphid-current-consumer/failures/load-unloadable/aphid/ebin", "/home/runner/work/_temp/aphid-current-consumer/failures/load.exs"], "cwd": "/home/runner/work/_temp/aphid-current-consumer/failures", "exit": 0, "seconds": 0.565}
2026-09-08T07:14:44.1650146Z real Mix adapter rejection cases and loader processes passed
2026-09-08T07:14:44.2056614Z {"command": ["/opt/hostedtoolcache/Python/3.14.7/arm64/bin/python3", "scripts/local_bundle_failures.py", "--destination", "/home/runner/work/_temp/aphid-current-consumer/failures", "--consumer", "/home/runner/work/_temp/aphid-current-consumer/fresh"], "cwd": "/home/runner/work/Aphid/Aphid", "exit": 0, "seconds": 13.038}
2026-09-08T07:14:44.2058220Z Current combined source package passed with the unchanged qualified Linux bundle; no native build or artifact upload.
2026-09-08T07:14:44.2297288Z Post job cleanup.
2026-09-08T07:14:44.3459398Z Post job cleanup.
2026-09-08T07:14:44.4177910Z [command]/usr/bin/git version
2026-09-08T07:14:44.4222654Z git version 2.55.0
2026-09-08T07:14:44.4268272Z Temporarily overriding HOME='/home/runner/work/_temp/36d4b3f9-f199-44e0-b56b-80d72299f24e' before making global git config changes
2026-09-08T07:14:44.4269025Z Adding repository directory to the temporary git global config as a safe directory
2026-09-08T07:14:44.4269612Z [command]/usr/bin/git config --global --add safe.directory /home/runner/work/Aphid/Aphid
2026-09-08T07:14:44.4301894Z Removing SSH command configuration
2026-09-08T07:14:44.4309919Z [command]/usr/bin/git config --local --name-only --get-regexp core\.sshCommand
2026-09-08T07:14:44.4342026Z [command]/usr/bin/git submodule foreach --recursive sh -c "git config --local --name-only --get-regexp 'core\.sshCommand' && git config --local --unset-all 'core.sshCommand' || :"
2026-09-08T07:14:44.4530705Z Removing HTTP extra header
2026-09-08T07:14:44.4535678Z [command]/usr/bin/git config --local --name-only --get-regexp http\.https\:\/\/github\.com\/\.extraheader
2026-09-08T07:14:44.4569968Z [command]/usr/bin/git submodule foreach --recursive sh -c "git config --local --name-only --get-regexp 'http\.https\:\/\/github\.com\/\.extraheader' && git config --local --unset-all 'http.https://github.com/.extraheader' || :"
2026-09-08T07:14:44.4765725Z Removing includeIf entries pointing to credentials config files
2026-09-08T07:14:44.4772296Z [command]/usr/bin/git config --local --name-only --get-regexp ^includeIf\.gitdir:
2026-09-08T07:14:44.4802656Z [command]/usr/bin/git submodule foreach --recursive git config --local --show-origin --name-only --get-regexp remote.origin.url
2026-09-08T07:14:44.5142746Z Cleaning up orphan processes
