CASE missing
Aphid artifact [missing]: set APHID_BUNDLE_ARCHIVE to an existing local .tar.gz. No source fallback.
{"command": ["elixir", "/private/tmp/aphid-default-failures-1/reject.exs"], "cwd": "/private/tmp/aphid-default-failures-1", "exit": 0, "seconds": 0.573}
CASE missing-pin
Aphid artifact [corrupt]: set APHID_BUNDLE_SHA256 to an independently trusted 64-digit SHA256. No source fallback.
{"command": ["elixir", "/private/tmp/aphid-default-failures-1/reject.exs"], "cwd": "/private/tmp/aphid-default-failures-1", "exit": 0, "seconds": 0.336}
CASE checksum
Aphid artifact [corrupt]: archive SHA256 mismatch; obtain the pinned archive again. No source fallback.
{"command": ["elixir", "/private/tmp/aphid-default-failures-1/reject.exs"], "cwd": "/private/tmp/aphid-default-failures-1", "exit": 0, "seconds": 0.349}
CASE target
Aphid artifact [unsupported-target]: the artifact does not match this operating system. No source fallback.
{"command": ["elixir", "/private/tmp/aphid-default-failures-1/reject.exs"], "cwd": "/private/tmp/aphid-default-failures-1", "exit": 0, "seconds": 0.338}
CASE engine
Aphid artifact [incompatible-engine]: native lock differs; obtain the bundle for this Aphid source package. No source fallback.
{"command": ["elixir", "/private/tmp/aphid-default-failures-1/reject.exs"], "cwd": "/private/tmp/aphid-default-failures-1", "exit": 0, "seconds": 0.345}
CASE manifest
Aphid artifact [corrupt]: content manifest mismatch; obtain the pinned archive again. No source fallback.
{"command": ["elixir", "/private/tmp/aphid-default-failures-1/reject.exs"], "cwd": "/private/tmp/aphid-default-failures-1", "exit": 0, "seconds": 0.388}
CASE missing-sidecar
Aphid artifact [missing]: bundle lacks liblbug.dylib; obtain the complete 0.1.0-dev bundle. No source fallback.
{"command": ["elixir", "/private/tmp/aphid-default-failures-1/reject.exs"], "cwd": "/private/tmp/aphid-default-failures-1", "exit": 0, "seconds": 0.342}
CASE architecture
Aphid artifact [wrong-architecture]: Elixir.Aphid.Native.so is not ARM64. No source fallback.
{"command": ["elixir", "/private/tmp/aphid-default-failures-1/reject.exs"], "cwd": "/private/tmp/aphid-default-failures-1", "exit": 0, "seconds": 0.395}
CASE unloadable-header
Aphid artifact [unloadable]: Elixir.Aphid.Native.so is not a native shared library for this target; obtain a valid bundle. No source fallback.
{"command": ["elixir", "/private/tmp/aphid-default-failures-1/reject.exs"], "cwd": "/private/tmp/aphid-default-failures-1", "exit": 0, "seconds": 0.392}
CASE native-fingerprint
Aphid artifact [incompatible-engine]: native fingerprint differs from this package's reviewed local-bundle.json; use the matching candidate. No source fallback.
{"command": ["elixir", "/private/tmp/aphid-default-failures-1/reject.exs"], "cwd": "/private/tmp/aphid-default-failures-1", "exit": 0, "seconds": 0.346}
CASE lost-selection
Aphid artifact [missing]: this development version has no authorized default delivery; select a pinned archive or HTTPS URL, or set APHID_INSTALL=source with its build prerequisites. No source fallback.
{"command": ["elixir", "/private/tmp/aphid-default-failures-1/reject.exs"], "cwd": "/private/tmp/aphid-default-failures-1", "exit": 0, "seconds": 0.336}
CASE force-source
Aphid artifact [selection]: unset ZIGLER_PRECOMPILE_FORCE_RECOMPILE; local bundle mode never falls back to source. No source fallback.
{"command": ["elixir", "/private/tmp/aphid-default-failures-1/reject.exs"], "cwd": "/private/tmp/aphid-default-failures-1", "exit": 0, "seconds": 0.344}
CASE conflicting-source
Aphid artifact [selection]: use APHID_INSTALL=precompiled with archive or HTTPS URL and SHA256, or explicit source without bundle inputs. No source fallback.
{"command": ["elixir", "/private/tmp/aphid-default-failures-1/reject.exs"], "cwd": "/private/tmp/aphid-default-failures-1", "exit": 0, "seconds": 0.351}
CASE invalid-tar
Aphid artifact [corrupt]: invalid tar archive: :eof. No source fallback.
{"command": ["elixir", "/private/tmp/aphid-default-failures-1/reject.exs"], "cwd": "/private/tmp/aphid-default-failures-1", "exit": 0, "seconds": 0.347}
CASE traversal
Aphid artifact [unsafe]: archive contains a link, special file or unsafe path: "../escape". No source fallback.
{"command": ["elixir", "/private/tmp/aphid-default-failures-1/reject.exs"], "cwd": "/private/tmp/aphid-default-failures-1", "exit": 0, "seconds": 0.344}
CASE absolute
Aphid artifact [unsafe]: archive contains a link, special file or unsafe path: "/tmp/aphid-escape". No source fallback.
{"command": ["elixir", "/private/tmp/aphid-default-failures-1/reject.exs"], "cwd": "/private/tmp/aphid-default-failures-1", "exit": 0, "seconds": 0.4}
CASE duplicate
Aphid artifact [unsafe]: duplicate or case-colliding archive member. No source fallback.
{"command": ["elixir", "/private/tmp/aphid-default-failures-1/reject.exs"], "cwd": "/private/tmp/aphid-default-failures-1", "exit": 0, "seconds": 0.401}
CASE case-collision
Aphid artifact [unsafe]: duplicate or case-colliding archive member. No source fallback.
{"command": ["elixir", "/private/tmp/aphid-default-failures-1/reject.exs"], "cwd": "/private/tmp/aphid-default-failures-1", "exit": 0, "seconds": 0.343}
CASE file-directory
Aphid artifact [unsafe]: archive file is also used as a directory. No source fallback.
{"command": ["elixir", "/private/tmp/aphid-default-failures-1/reject.exs"], "cwd": "/private/tmp/aphid-default-failures-1", "exit": 0, "seconds": 0.389}
CASE dot-path
Aphid artifact [unsafe]: archive contains a link, special file or unsafe path: "./escape". No source fallback.
{"command": ["elixir", "/private/tmp/aphid-default-failures-1/reject.exs"], "cwd": "/private/tmp/aphid-default-failures-1", "exit": 0, "seconds": 0.351}
CASE symlink
Aphid artifact [unsafe]: archive contains a link, special file or unsafe path: "link". No source fallback.
{"command": ["elixir", "/private/tmp/aphid-default-failures-1/reject.exs"], "cwd": "/private/tmp/aphid-default-failures-1", "exit": 0, "seconds": 0.39}
CASE hardlink
Aphid artifact [unsafe]: archive contains a link, special file or unsafe path: "hard". No source fallback.
{"command": ["elixir", "/private/tmp/aphid-default-failures-1/reject.exs"], "cwd": "/private/tmp/aphid-default-failures-1", "exit": 0, "seconds": 0.394}
CASE fifo
Aphid artifact [unsafe]: archive contains a link, special file or unsafe path: "fifo". No source fallback.
{"command": ["elixir", "/private/tmp/aphid-default-failures-1/reject.exs"], "cwd": "/private/tmp/aphid-default-failures-1", "exit": 0, "seconds": 0.345}
REAL LOADER missing

15:57:36.192 [error] Aphid artifact [missing]: /private/tmp/aphid-default-failures-1/load-missing/aphid/priv/lib/liblbug.dylib; reinstall the complete pinned bundle. No source fallback.
real loader rejected artifact: Elixir.Aphid.Native

15:57:36.195 [warning] The on_load function for module Elixir.Aphid.Native returned:
{:error,
 {:missing,
  "/private/tmp/aphid-default-failures-1/load-missing/aphid/priv/lib/liblbug.dylib"}}


15:57:36.204 [error] Aphid artifact [missing]: /private/tmp/aphid-default-failures-1/load-missing/aphid/priv/lib/liblbug.dylib; reinstall the complete pinned bundle. No source fallback.
real loader rejected artifact: Elixir.Aphid.Proof

15:57:36.205 [warning] The on_load function for module Elixir.Aphid.Proof returned:
{:error,
 {:missing,
  "/private/tmp/aphid-default-failures-1/load-missing/aphid/priv/lib/liblbug.dylib"}}

{"command": ["elixir", "-pa", "/private/tmp/aphid-default-failures-1/load-missing/aphid/ebin", "/private/tmp/aphid-default-failures-1/load.exs"], "cwd": "/private/tmp/aphid-default-failures-1", "exit": 0, "seconds": 0.29}
REAL LOADER corrupt

15:57:37.743 [error] Aphid artifact [corrupt]: /private/tmp/aphid-default-failures-1/load-corrupt/aphid/priv/lib/liblbug.dylib; reinstall the complete pinned bundle. No source fallback.
real loader rejected artifact: Elixir.Aphid.Native

15:57:37.745 [warning] The on_load function for module Elixir.Aphid.Native returned:
{:error,
 {:corrupt,
  "/private/tmp/aphid-default-failures-1/load-corrupt/aphid/priv/lib/liblbug.dylib"}}


15:57:37.755 [error] Aphid artifact [corrupt]: /private/tmp/aphid-default-failures-1/load-corrupt/aphid/priv/lib/liblbug.dylib; reinstall the complete pinned bundle. No source fallback.
real loader rejected artifact: Elixir.Aphid.Proof

15:57:37.756 [warning] The on_load function for module Elixir.Aphid.Proof returned:
{:error,
 {:corrupt,
  "/private/tmp/aphid-default-failures-1/load-corrupt/aphid/priv/lib/liblbug.dylib"}}

{"command": ["elixir", "-pa", "/private/tmp/aphid-default-failures-1/load-corrupt/aphid/ebin", "/private/tmp/aphid-default-failures-1/load.exs"], "cwd": "/private/tmp/aphid-default-failures-1", "exit": 0, "seconds": 0.289}
REAL LOADER unloadable

15:57:41.009 [error] Aphid artifact [unloadable]: /private/tmp/aphid-default-failures-1/load-unloadable/aphid/priv/lib/Elixir.Aphid.Native: {:load_failed, ~c"Failed to load NIF library: 'dlopen(/private/tmp/aphid-default-failures-1/load-unloadable/aphid/priv/lib/Elixir.Aphid.Native.so, 0x0006): tried: '/private/tmp/aphid-default-failures-1/load-unloadable/aphid/priv/lib/Elixir.Aphid.Native.so' (file system sandbox blocked mmap() of '/private/tmp/aphid-default-failures-1/load-unloadable/aphid/priv/lib/Elixir.Aphid.Native.so'), '/System/Volumes/Preboot/Cryptexes/OS/private/tmp/aphid-default-failures-1/load-unloadable/aphid/priv/lib/Elixir.Aphid.Native.so' (no such file), '/private/tmp/aphid-default-failures-1/load-unloadable/aphid/priv/lib/Elixir.Aphid.Native.so' (file system sandbox blocked mmap() of '/private/tmp/aphid-default-failures-1/load-unloadable/aphid/priv/lib/Elixir.Aphid.Native.so')'"}; use the matching complete bundle and runtime. No source fallback.
real loader rejected artifact: Elixir.Aphid.Native

15:57:41.014 [warning] The on_load function for module Elixir.Aphid.Native returned:
{:error,
 {:load_failed,
  ~c"Failed to load NIF library: 'dlopen(/private/tmp/aphid-default-failures-1/load-unloadable/aphid/priv/lib/Elixir.Aphid.Native.so, 0x0006): tried: '/private/tmp/aphid-default-failures-1/load-unloadable/aphid/priv/lib/Elixir.Aphid.Native.so' (file system sandbox blocked mmap() of '/private/tmp/aphid-default-failures-1/load-unloadable/aphid/priv/lib/Elixir.Aphid.Native.so'), '/System/Volumes/Preboot/Cryptexes/OS/private/tmp/aphid-default-failures-1/load-unloadable/aphid/priv/lib/Elixir.Aphid.Native.so' (no such file), '/private/tmp/aphid-default-failures-1/load-unloadable/aphid/priv/lib/Elixir.Aphid.Native.so' (file system sandbox blocked mmap() of '/private/tmp/aphid-default-failures-1/load-unloadable/aphid/priv/lib/Elixir.Aphid.Native.so')'"}}


15:57:41.439 [error] Aphid artifact [unloadable]: /private/tmp/aphid-default-failures-1/load-unloadable/aphid/priv/lib/Elixir.Aphid.Proof: {:load_failed, ~c"Failed to load NIF library: 'dlopen(/private/tmp/aphid-default-failures-1/load-unloadable/aphid/priv/lib/Elixir.Aphid.Proof.so, 0x0006): tried: '/private/tmp/aphid-default-failures-1/load-unloadable/aphid/priv/lib/Elixir.Aphid.Proof.so' (file system sandbox blocked mmap() of '/private/tmp/aphid-default-failures-1/load-unloadable/aphid/priv/lib/Elixir.Aphid.Proof.so'), '/System/Volumes/Preboot/Cryptexes/OS/private/tmp/aphid-default-failures-1/load-unloadable/aphid/priv/lib/Elixir.Aphid.Proof.so' (no such file), '/private/tmp/aphid-default-failures-1/load-unloadable/aphid/priv/lib/Elixir.Aphid.Proof.so' (file system sandbox blocked mmap() of '/private/tmp/aphid-default-failures-1/load-unloadable/aphid/priv/lib/Elixir.Aphid.Proof.so')'"}; use the matching complete bundle and runtime. No source fallback.
real loader rejected artifact: Elixir.Aphid.Proof

15:57:41.440 [warning] The on_load function for module Elixir.Aphid.Proof returned:
{:error,
 {:load_failed,
  ~c"Failed to load NIF library: 'dlopen(/private/tmp/aphid-default-failures-1/load-unloadable/aphid/priv/lib/Elixir.Aphid.Proof.so, 0x0006): tried: '/private/tmp/aphid-default-failures-1/load-unloadable/aphid/priv/lib/Elixir.Aphid.Proof.so' (file system sandbox blocked mmap() of '/private/tmp/aphid-default-failures-1/load-unloadable/aphid/priv/lib/Elixir.Aphid.Proof.so'), '/System/Volumes/Preboot/Cryptexes/OS/private/tmp/aphid-default-failures-1/load-unloadable/aphid/priv/lib/Elixir.Aphid.Proof.so' (no such file), '/private/tmp/aphid-default-failures-1/load-unloadable/aphid/priv/lib/Elixir.Aphid.Proof.so' (file system sandbox blocked mmap() of '/private/tmp/aphid-default-failures-1/load-unloadable/aphid/priv/lib/Elixir.Aphid.Proof.so')'"}}

{"command": ["/usr/bin/sandbox-exec", "-f", "/private/tmp/aphid-default-failures-1/unloadable.sb", "elixir", "-pa", "/private/tmp/aphid-default-failures-1/load-unloadable/aphid/ebin", "/private/tmp/aphid-default-failures-1/load.exs"], "cwd": "/private/tmp/aphid-default-failures-1", "exit": 0, "seconds": 1.502}
real Mix adapter rejection cases and loader processes passed
