-- Found Python3: /opt/homebrew/Frameworks/Python.framework/Versions/3.14/bin/python3.14 (found version "3.14.7") found components: Interpreter
-- The C compiler identification is AppleClang 17.0.0.17000404
-- The CXX compiler identification is AppleClang 17.0.0.17000404
-- Detecting C compiler ABI info
-- Detecting C compiler ABI info - done
-- Check for working C compiler: /usr/bin/cc - skipped
-- Detecting C compile features
-- Detecting C compile features - done
-- Detecting CXX compiler ABI info
-- Detecting CXX compiler ABI info - done
-- Check for working CXX compiler: /usr/bin/c++ - skipped
-- Detecting CXX compile features
-- Detecting CXX compile features - done
-- Performing Test CMAKE_HAVE_LIBC_PTHREAD
-- Performing Test CMAKE_HAVE_LIBC_PTHREAD - Success
-- Found Threads: TRUE
CMake Warning at CMakeLists.txt:200 (message):
  Not disabling vptr sanitizer on M1 Macbook - set DISABLE_VPTR_SANITIZER
  manually if you run into issues with false positives in the sanitizer


-- GIT_COMMIT_HASH has length 11 different than the expected 10
-- git hash 6ddac802ff, version v1.4.4, extension folder v1.4.4
-- Extensions will be deployed to: /Users/catethos/workspace/ladybugex/zig_library/_build/native/duckdb/repository
-- Load extension 'core_functions' from '/Users/catethos/workspace/ladybugex/zig_library/native/upstream/duckdb/extensions' @ v1.4.4
-- Load extension 'parquet' from '/Users/catethos/workspace/ladybugex/zig_library/native/upstream/duckdb/extensions' @ v1.4.4
-- Extensions linked into DuckDB: [core_functions, parquet]
-- Configuring done (2.2s)
-- Generating done (0.3s)
-- Build files have been written to: /Users/catethos/workspace/ladybugex/zig_library/_build/native/duckdb
