* assembling aphid_consumer-0.0.0 on MIX_ENV=prod
* skipping runtime configuration (config/runtime.exs not found)
* creating /private/tmp/aphid-embedded-release-1/assembled/releases/0.0.0/env.sh
* building /private/tmp/aphid-embedded-release-1/assembled/aphid_consumer-0.0.0.tar.gz

Release created at /private/tmp/aphid-embedded-release-1/assembled

    # To start your system
    /private/tmp/aphid-embedded-release-1/assembled/bin/aphid_consumer start

Once the release is running:

    # To connect to it remotely
    /private/tmp/aphid-embedded-release-1/assembled/bin/aphid_consumer remote

    # To stop it gracefully (you may also send SIGINT/SIGTERM)
    /private/tmp/aphid-embedded-release-1/assembled/bin/aphid_consumer stop

To list all commands:

    /private/tmp/aphid-embedded-release-1/assembled/bin/aphid_consumer

{"command": ["/usr/bin/sandbox-exec", "-f", "/private/tmp/aphid-embedded-release-1/assemble.sb", "mix", "release", "--no-compile", "--path", "/private/tmp/aphid-embedded-release-1/assembled"], "cwd": "/private/tmp/aphid-embedded-release-1/build", "exit": 0, "seconds": 11.199}
{"release_archive": "/Users/catethos/workspace/ladybugex/zig_library/artifacts/mix-release-embedded-aarch64-macos-1.tar.gz", "sha256": "2ee9d858ec12ab848f083ceb4b1b57d2acf289a40bc94690eaac3991e21a9008", "bytes": 91405126}
audited shipped Mach-O files: 22
denied compiler execution: :eperm
runtime guards verified: network, compiler, development, build and host-runtime reads denied
{"command": ["/usr/bin/sandbox-exec", "-f", "/private/tmp/aphid-embedded-release-1/runtime.sb", "/private/tmp/aphid-embedded-release-1/relocated caf\u00e9 release/bin/aphid_consumer", "eval", "Code.require_file(\"guards.exs\")"], "cwd": "/private/tmp/aphid-embedded-release-1/relocated caf\u00e9 release/validation", "exit": 0, "seconds": 3.39}
bundled release runtime: {"1.20.0", ~c"17.0.4",
 "/private/tmp/aphid-embedded-release-1/relocated café release"}
Running ExUnit with seed: 0, max_cases: 2

................Aphid basic example passed
.Aphid transaction example passed
.Aphid stream example passed
.Aphid FTS example passed
.Aphid vector example passed
.Aphid DuckDB example passed
.............stale-cancel race: 30 iterations; maximum cancel-to-idle 107005 us
........heartbeat: 32 samples; maximum gap 6 ms
.
00:53:07.532 [error] Aphid artifact [unloadable]: /private/tmp/aphid-embedded-release-1/relocated café release/lib/aphid-0.1.0-dev/priv/lib/Elixir.Aphid.Native: {:upgrade, ~c"Library upgrade-call unsuccessful (-1)."}; use the matching complete bundle and runtime. No source fallback.

00:53:07.535 [warning] The on_load function for module Elixir.Aphid.Native returned:
{:error, {:upgrade, ~c"Library upgrade-call unsuccessful (-1)."}}

.................................................
Finished in 14.4 seconds (0.00s async, 14.4s sync)

Result: 92 passed
relocated Mix release: all 92 tests passed
{"command": ["/usr/bin/sandbox-exec", "-f", "/private/tmp/aphid-embedded-release-1/runtime.sb", "/private/tmp/aphid-embedded-release-1/relocated caf\u00e9 release/bin/aphid_consumer", "eval", "Code.require_file(\"suite.exs\")"], "cwd": "/private/tmp/aphid-embedded-release-1/relocated caf\u00e9 release/validation", "exit": 0, "seconds": 18.992}

00:53:10.823 [notice] Application aphid exited: :stopped
embedded activation passed; application restart did not reload NIFs
release start booted applications, loaded both NIFs, persisted data and closed database
{"command": ["/usr/bin/sandbox-exec", "-f", "/private/tmp/aphid-embedded-release-1/runtime.sb", "/private/tmp/aphid-embedded-release-1/relocated caf\u00e9 release/bin/aphid_consumer", "start"], "cwd": "/private/tmp/aphid-embedded-release-1/relocated caf\u00e9 release/validation", "exit": 0, "seconds": 0.775}
new release VM reopened persisted database after graceful shutdown
{"command": ["/usr/bin/sandbox-exec", "-f", "/private/tmp/aphid-embedded-release-1/runtime.sb", "/private/tmp/aphid-embedded-release-1/relocated caf\u00e9 release/bin/aphid_consumer", "eval", "Code.require_file(\"reopen.exs\")"], "cwd": "/private/tmp/aphid-embedded-release-1/relocated caf\u00e9 release/validation", "exit": 0, "seconds": 0.556}
retained ExUnit scratch databases (not archive contents): ['validation/tmp/Aphid.TransactionTest/test-supervisor-death-stops-even-an-exit-trapping-callback-before-persistent-reopen-cc171fa5/graph', 'validation/tmp/AphidTest/test-supervisor-restart-preserves-data-and-waits-for-the-retiring-native-owner-1f95b412/graph']
relocated Mix release passed: closure unchanged, compiler-free, offline start/shutdown/reopen, 92 tests; no release support claim
