Compiling 13 files (.ex)

19:58:03.209 [info] searching for zig in /Users/catethos/Library/Caches/zigler/zig-aarch64-macos-0.16.0/zig

19:58:03.209 [info] searching for zig in /Users/catethos/Library/Caches/zigler/zig-aarch64-macos-0.16.0/zig

19:58:03.212 [info] system zig found in /Users/catethos/.zvm/bin/zig

19:58:03.212 [debug] running command: /Users/catethos/.zvm/bin/zig fmt /private/var/folders/z1/r2b_0ydd7yg1xjgf6m352nf40000gn/T/Elixir.Aphid.Native/build.zig

19:58:03.212 [info] system zig found in /Users/catethos/.zvm/bin/zig

19:58:03.212 [debug] running command: /Users/catethos/.zvm/bin/zig fmt /private/var/folders/z1/r2b_0ydd7yg1xjgf6m352nf40000gn/T/Elixir.Aphid.Proof/build.zig

19:58:03.566 [debug] wrote build.zig to /private/var/folders/z1/r2b_0ydd7yg1xjgf6m352nf40000gn/T/Elixir.Aphid.Proof/build.zig

19:58:03.566 [debug] wrote build.zig to /private/var/folders/z1/r2b_0ydd7yg1xjgf6m352nf40000gn/T/Elixir.Aphid.Native/build.zig

19:58:03.573 [info] searching for zig in /Users/catethos/Library/Caches/zigler/zig-aarch64-macos-0.16.0/zig

19:58:03.573 [info] searching for zig in /Users/catethos/Library/Caches/zigler/zig-aarch64-macos-0.16.0/zig

19:58:03.574 [info] system zig found in /Users/catethos/.zvm/bin/zig

19:58:03.574 [debug] running command: /Users/catethos/.zvm/bin/zig build -Dzigler-mode=sema -Derts_include=/Users/catethos/.local/share/mise/installs/erlang/29.0.4/erts-17.0.4/include -Derl_nif_header=/Users/catethos/.local/share/mise/installs/erlang/29.0.4/erts-17.0.4/include/erl_nif.h -Derl_nif_win_path=/Users/catethos/workspace/ladybugex/zig_library/_build/hardening-beam/lib/zigler/priv/erl_nif_win -Dzigler_priv=/Users/catethos/workspace/ladybugex/zig_library/_build/hardening-beam/lib/zigler/priv -Dmodule_root=/Users/catethos/workspace/ladybugex/zig_library/lib/aphid

19:58:03.574 [info] system zig found in /Users/catethos/.zvm/bin/zig

19:58:03.574 [debug] running command: /Users/catethos/.zvm/bin/zig build -Dzigler-mode=sema -Derts_include=/Users/catethos/.local/share/mise/installs/erlang/29.0.4/erts-17.0.4/include -Derl_nif_header=/Users/catethos/.local/share/mise/installs/erlang/29.0.4/erts-17.0.4/include/erl_nif.h -Derl_nif_win_path=/Users/catethos/workspace/ladybugex/zig_library/_build/hardening-beam/lib/zigler/priv/erl_nif_win -Dzigler_priv=/Users/catethos/workspace/ladybugex/zig_library/_build/hardening-beam/lib/zigler/priv -Dmodule_root=/Users/catethos/workspace/ladybugex/zig_library/lib/aphid

19:58:03.931 [info] searching for zig in /Users/catethos/Library/Caches/zigler/zig-aarch64-macos-0.16.0/zig

19:58:03.932 [info] system zig found in /Users/catethos/.zvm/bin/zig

19:58:03.932 [debug] running command: /Users/catethos/.zvm/bin/zig fmt /private/var/folders/z1/r2b_0ydd7yg1xjgf6m352nf40000gn/T/Elixir.Aphid.Proof/module.zig

19:58:03.982 [debug] wrote module code to /private/var/folders/z1/r2b_0ydd7yg1xjgf6m352nf40000gn/T/Elixir.Aphid.Proof/module.zig

19:58:03.983 [info] searching for zig in /Users/catethos/Library/Caches/zigler/zig-aarch64-macos-0.16.0/zig

19:58:03.983 [info] system zig found in /Users/catethos/.zvm/bin/zig

19:58:03.983 [debug] running command: /Users/catethos/.zvm/bin/zig build -Derts_include=/Users/catethos/.local/share/mise/installs/erlang/29.0.4/erts-17.0.4/include -Derl_nif_header=/Users/catethos/.local/share/mise/installs/erlang/29.0.4/erts-17.0.4/include/erl_nif.h -Derl_nif_win_path=/Users/catethos/workspace/ladybugex/zig_library/_build/hardening-beam/lib/zigler/priv/erl_nif_win -Dzigler_priv=/Users/catethos/workspace/ladybugex/zig_library/_build/hardening-beam/lib/zigler/priv -Dmodule_root=/Users/catethos/workspace/ladybugex/zig_library/lib/aphid --prefix /Users/catethos/workspace/ladybugex/zig_library/_build/hardening-beam/lib/aphid/priv

19:58:04.204 [debug] compiled lib at: /Users/catethos/workspace/ladybugex/zig_library/_build/hardening-beam/lib/aphid/priv

19:58:04.208 [debug] moved library to /Users/catethos/workspace/ladybugex/zig_library/_build/hardening-beam/lib/aphid/priv/lib/Elixir.Aphid.Proof.so

19:58:12.490 [info] searching for zig in /Users/catethos/Library/Caches/zigler/zig-aarch64-macos-0.16.0/zig

19:58:12.490 [info] system zig found in /Users/catethos/.zvm/bin/zig

19:58:12.490 [debug] running command: /Users/catethos/.zvm/bin/zig fmt /private/var/folders/z1/r2b_0ydd7yg1xjgf6m352nf40000gn/T/Elixir.Aphid.Native/module.zig

19:58:12.532 [debug] wrote module code to /private/var/folders/z1/r2b_0ydd7yg1xjgf6m352nf40000gn/T/Elixir.Aphid.Native/module.zig

19:58:12.532 [info] searching for zig in /Users/catethos/Library/Caches/zigler/zig-aarch64-macos-0.16.0/zig

19:58:12.532 [info] system zig found in /Users/catethos/.zvm/bin/zig

19:58:12.532 [debug] running command: /Users/catethos/.zvm/bin/zig build -Derts_include=/Users/catethos/.local/share/mise/installs/erlang/29.0.4/erts-17.0.4/include -Derl_nif_header=/Users/catethos/.local/share/mise/installs/erlang/29.0.4/erts-17.0.4/include/erl_nif.h -Derl_nif_win_path=/Users/catethos/workspace/ladybugex/zig_library/_build/hardening-beam/lib/zigler/priv/erl_nif_win -Dzigler_priv=/Users/catethos/workspace/ladybugex/zig_library/_build/hardening-beam/lib/zigler/priv -Dmodule_root=/Users/catethos/workspace/ladybugex/zig_library/lib/aphid --prefix /Users/catethos/workspace/ladybugex/zig_library/_build/hardening-beam/lib/aphid/priv
Compiling lib/aphid/native.ex (it's taking more than 10s)

19:58:14.345 [debug] compiled lib at: /Users/catethos/workspace/ladybugex/zig_library/_build/hardening-beam/lib/aphid/priv

19:58:14.348 [debug] moved library to /Users/catethos/workspace/ladybugex/zig_library/_build/hardening-beam/lib/aphid/priv/lib/Elixir.Aphid.Native.so
Generated aphid app
