Resolving Hex dependencies...
Resolution completed in 0.02s
Unchanged:
  earmark_parser 1.4.46
  ex_doc 0.39.1
  makeup 1.2.2
  makeup_elixir 1.0.1
  makeup_erlang 1.1.0
  nimble_parsec 1.4.2
  pegasus 0.2.6
  protoss 1.1.0
  telemetry 1.4.2
  zig_doc 0.7.0
  zig_get 0.16.0
  zig_parser 0.7.0
  zigler 0.16.0
* Getting zigler (Hex package)
* Getting telemetry (Hex package)
* Getting protoss (Hex package)
* Getting zig_doc (Hex package)
* Getting zig_get (Hex package)
* Getting zig_parser (Hex package)
* Getting pegasus (Hex package)
* Getting nimble_parsec (Hex package)
* Getting ex_doc (Hex package)
* Getting earmark_parser (Hex package)
* Getting makeup_elixir (Hex package)
* Getting makeup_erlang (Hex package)
* Getting makeup (Hex package)
