Hex:    2.4.2
Elixir: 1.20.0
OTP:    29.0.4

Built with: Elixir 1.19.5 and OTP 28.4.1
Failed to check for new Hex version
{:failed_connect, [{:to_address, {~c"repo.hex.pm", 443}}, {:inet, [:inet], :nxdomain}]}

18:38:44.030 [error] GenServer Hex.Registry.Server terminating
** (MatchError) no match of right hand side value:

    {:error, :eaccess}

    (hex 2.4.2) lib/hex/registry/server.ex:273: Hex.Registry.Server.persist/2
    (hex 2.4.2) lib/hex/registry/server.ex:107: anonymous fn/2 in Hex.Registry.Server.handle_call/3
    (hex 2.4.2) lib/hex/registry/server.ex:480: Hex.Registry.Server.wait_pending/2
    (hex 2.4.2) lib/hex/registry/server.ex:105: Hex.Registry.Server.handle_call/3
    (stdlib 8.0.3) gen_server.erl:2470: :gen_server.try_handle_call/4
    (stdlib 8.0.3) gen_server.erl:2499: :gen_server.handle_msg/3
    (stdlib 8.0.3) proc_lib.erl:333: :proc_lib.init_p_do_apply/3
Last message (from #PID<0.101.0>): :close
State: %{ets: #Reference<0.187785196.56492035.197195>, pending: MapSet.new([]), waiting: %{}, path: "/Users/catethos/.hex/cache.ets", fetched: MapSet.new([]), pending_fun: nil}
Client #PID<0.101.0> is alive

    (stdlib 8.0.3) gen.erl:262: :gen.do_call/4
    (elixir 1.20.0) lib/gen_server.ex:1180: GenServer.call/3
    (mix 1.20.0) lib/mix/task.ex:502: anonymous fn/3 in Mix.Task.run_task/5
    (mix 1.20.0) lib/mix/cli.ex:129: Mix.CLI.run_task/2
    /Users/catethos/.local/share/mise/installs/elixir/1.20.0-otp-28/bin/mix:7: (file)
    (elixir 1.20.0) src/elixir_compiler.erl:102: :elixir_compiler.dispatch/4
    (elixir 1.20.0) src/elixir_compiler.erl:76: :elixir_compiler.compile/4
    (elixir 1.20.0) src/elixir_compiler.erl:42: :elixir_compiler.optimize_defmodule/2
** (exit) exited in: GenServer.call(Hex.Registry.Server, :close, 60000)
    ** (EXIT) an exception was raised:
        ** (MatchError) no match of right hand side value:

    {:error, :eaccess}

            (hex 2.4.2) lib/hex/registry/server.ex:273: Hex.Registry.Server.persist/2
            (hex 2.4.2) lib/hex/registry/server.ex:107: anonymous fn/2 in Hex.Registry.Server.handle_call/3
            (hex 2.4.2) lib/hex/registry/server.ex:480: Hex.Registry.Server.wait_pending/2
            (hex 2.4.2) lib/hex/registry/server.ex:105: Hex.Registry.Server.handle_call/3
            (stdlib 8.0.3) gen_server.erl:2470: :gen_server.try_handle_call/4
            (stdlib 8.0.3) gen_server.erl:2499: :gen_server.handle_msg/3
            (stdlib 8.0.3) proc_lib.erl:333: :proc_lib.init_p_do_apply/3
    (elixir 1.20.0) lib/gen_server.ex:1183: GenServer.call/3
    (mix 1.20.0) lib/mix/task.ex:502: anonymous fn/3 in Mix.Task.run_task/5
    (mix 1.20.0) lib/mix/cli.ex:129: Mix.CLI.run_task/2
    /Users/catethos/.local/share/mise/installs/elixir/1.20.0-otp-28/bin/mix:7: (file)
