-- Configuring done (0.1s)
-- Generating done (0.0s)
-- Build files have been written to: /Users/catethos/workspace/ladybugex/zig_library/_build/native/bridge
{"command": ["cmake", "-S", "native", "-B", "_build/native/bridge", "-G", "Ninja", "-DCMAKE_BUILD_TYPE=Release", "-DCMAKE_OSX_DEPLOYMENT_TARGET=13.3", "-DLADYBUG_SOURCE=/Users/catethos/workspace/ladybugex/zig_library/native/upstream/ladybug", "-DLADYBUG_BUILD=/Users/catethos/workspace/ladybugex/zig_library/_build/native/ladybug", "-DAPHID_BUILD_TESTS=ON"], "cwd": "/Users/catethos/workspace/ladybugex/zig_library", "exit": 0, "seconds": 0.137}
ninja: no work to do.
{"command": ["cmake", "--build", "_build/native/bridge", "--parallel", "2"], "cwd": "/Users/catethos/workspace/ladybugex/zig_library", "exit": 0, "seconds": 0.048}
prepared parameter scalar types, raw timestamp units, bytes and integer overflow passed
typed empty/null nested parameters, JSON validation and duplicate map keys passed
bounded conversion reservations and stale conversion rejection passed
failed delivery, throwing callback, worker failure and joined cleanup passed
exclusive fetch, stale fetch, metadata, finish/close during fetch and parent retention passed
active/retiring path distinction, alias reservation and reopen after fetch release passed
{"command": ["/Users/catethos/workspace/ladybugex/zig_library/_build/native/bridge/lifecycle"], "cwd": "/Users/catethos/workspace/ladybugex/zig_library", "exit": 0, "seconds": 0.47}
-- Configuring done (0.0s)
-- Generating done (0.0s)
-- Build files have been written to: /Users/catethos/workspace/ladybugex/zig_library/_build/native/tests
{"command": ["cmake", "-S", "native/tests", "-B", "_build/native/tests", "-G", "Ninja", "-DCMAKE_BUILD_TYPE=Release", "-DCMAKE_OSX_DEPLOYMENT_TARGET=13.3", "-DDuckDB_DIR=/Users/catethos/workspace/ladybugex/zig_library/_build/native/duckdb", "-DLADYBUG_SOURCE=/Users/catethos/workspace/ladybugex/zig_library/native/upstream/ladybug", "-DLADYBUG_BUILD=/Users/catethos/workspace/ladybugex/zig_library/_build/native/ladybug"], "cwd": "/Users/catethos/workspace/ladybugex/zig_library", "exit": 0, "seconds": 0.085}
ninja: no work to do.
{"command": ["cmake", "--build", "_build/native/tests", "--target", "fixture", "--parallel", "2"], "cwd": "/Users/catethos/workspace/ladybugex/zig_library", "exit": 0, "seconds": 0.024}
Running ExUnit with seed: 0, max_cases: 2

..Aphid basic example passed
.................heartbeat: 30 samples; maximum gap 6 ms
.
03:26:34.344 [warning] The on_load function for module Elixir.Aphid.Native returned:
{:error, {:upgrade, ~c"Library upgrade-call unsuccessful (-1)."}}

............
03:26:34.698 [debug] loaded module at Elixir.Aphid.Proof
..........
Finished in 4.5 seconds (0.4s async, 4.0s sync)

Result: 42 passed
{"command": ["mix", "test", "--seed", "0"], "cwd": "/Users/catethos/workspace/ladybugex/zig_library", "exit": 0, "seconds": 5.09}
