-- Configuring done (0.0s)
-- Generating done (0.0s)
-- Build files have been written to: /Users/catethos/workspace/ladybugex/zig_library/_build/native/bridge
{"command": ["cmake", "-S", "native", "-B", "_build/native/bridge", "-G", "Ninja", "-DCMAKE_BUILD_TYPE=Release", "-DCMAKE_OSX_DEPLOYMENT_TARGET=13.3", "-DLADYBUG_SOURCE=/Users/catethos/workspace/ladybugex/zig_library/native/upstream/ladybug", "-DLADYBUG_BUILD=/Users/catethos/workspace/ladybugex/zig_library/_build/native/ladybug", "-DAPHID_BUILD_TESTS=ON"], "cwd": "/Users/catethos/workspace/ladybugex/zig_library", "exit": 0, "seconds": 0.09}
ninja: no work to do.
{"command": ["cmake", "--build", "_build/native/bridge", "--parallel", "2"], "cwd": "/Users/catethos/workspace/ladybugex/zig_library", "exit": 0, "seconds": 0.024}
prepared parameter scalar types, raw timestamp units, bytes and integer overflow passed
typed empty/null nested parameters, JSON validation and duplicate map keys passed
bounded conversion reservations and stale conversion rejection passed
failed delivery, throwing callback, worker failure and joined cleanup passed
exclusive fetch, stale fetch, metadata, finish/close during fetch and parent retention passed
active/retiring path distinction, alias reservation and reopen after fetch release passed
{"command": ["/Users/catethos/workspace/ladybugex/zig_library/_build/native/bridge/lifecycle"], "cwd": "/Users/catethos/workspace/ladybugex/zig_library", "exit": 0, "seconds": 0.417}
-- Configuring done (0.0s)
-- Generating done (0.0s)
-- Build files have been written to: /Users/catethos/workspace/ladybugex/zig_library/_build/native/tests
{"command": ["cmake", "-S", "native/tests", "-B", "_build/native/tests", "-G", "Ninja", "-DCMAKE_BUILD_TYPE=Release", "-DCMAKE_OSX_DEPLOYMENT_TARGET=13.3", "-DDuckDB_DIR=/Users/catethos/workspace/ladybugex/zig_library/_build/native/duckdb", "-DLADYBUG_SOURCE=/Users/catethos/workspace/ladybugex/zig_library/native/upstream/ladybug", "-DLADYBUG_BUILD=/Users/catethos/workspace/ladybugex/zig_library/_build/native/ladybug"], "cwd": "/Users/catethos/workspace/ladybugex/zig_library", "exit": 0, "seconds": 0.079}
ninja: no work to do.
{"command": ["cmake", "--build", "_build/native/tests", "--target", "fixture", "--parallel", "2"], "cwd": "/Users/catethos/workspace/ladybugex/zig_library", "exit": 0, "seconds": 0.024}
Running ExUnit with seed: 0, max_cases: 2

..Aphid basic example passed
........

  1) test truncated native parameter diagnostics remain displayable UTF-8 (AphidTest)
     test/aphid_test.exs:87
     Expected truthy, got false
     code: assert String.valid?(message)
     arguments:

         # 1
         <<67, 111, 110, 118, 101, 114, 115, 105, 111, 110, 32, 101, 120, 99,
           101, 112, 116, 105, 111, 110, 58, 32, 73, 110, 118, 97, 108,
           105, 100, 32, 85, 85, 73, 68, 58, 32, 120, 231, 140, 171,
           231, 140, 171, 231, 140, 171, 231, 140, 171, 231, 140, 171,
           231, 140, 171, 231, 140, 171, 231, 140, 171, 231, 140, 171,
           231, 140, 171, 231, 140, 171, 231, 140, 171, 231, 140, 171,
           231, 140, 171, 231, 140, 171, 231, 140, 171, 231, 140, 171,
           231, 140, 171, 231, 140, 171, 231, 140, 171, 231, 140, 171,
           231, 140, 171, 231, 140, 171, 231, 140, 171, 231, 140, 171,
           231, 140, 171, 231, 140, 171, 231, 140, 171, 231, 140, 171,
           231, 140, 171, 231, 140, 171, 231, 140, 171, 231, 140, 171,
           231, 140, 171, 231, 140, 171, 231, 140, 171, 231, 140, 171,
           231, 140, 171, 231, 140, 171, 231, 140, 171, 231, 140, 171,
           231, 140, 171, 231, 140, 171, 231, 140, 171, 231, 140, 171,
           231, 140, 171, 231, 140, 171, 231, 140, 171, 231, 140, 171,
           231, 140, 171, 231, 140, 171, 231, 140, 171, 231, 140, 171,
           231, 140, 171, 231, ...>>

     stacktrace:
       test/aphid_test.exs:94: anonymous fn/3 in AphidTest."test truncated native parameter diagnostics remain displayable UTF-8"/1
       (elixir 1.20.0) lib/enum.ex:2622: Enum."-reduce/3-lists^foldl/2-0-"/3
       test/aphid_test.exs:90: (test)

.........heartbeat: 30 samples; maximum gap 6 ms
.
03:27:19.622 [warning] The on_load function for module Elixir.Aphid.Native returned:
{:error, {:upgrade, ~c"Library upgrade-call unsuccessful (-1)."}}

............
03:27:19.996 [debug] loaded module at Elixir.Aphid.Proof
..........
Finished in 4.4 seconds (0.5s async, 3.9s sync)

Result: 42/43 passed
Failed: 1 test
{"command": ["mix", "test", "--seed", "0"], "cwd": "/Users/catethos/workspace/ladybugex/zig_library", "exit": 2, "seconds": 4.817}
Traceback (most recent call last):
  File "/Users/catethos/workspace/ladybugex/zig_library/scripts/lifecycle.py", line 19, in <module>
    run(["mix", "test", "--seed", "0"],
    ~~~^^^^^^^^^^^^^^^^^^^^^^^^^^^^^^^^
        env=dict(os.environ, MIX_ENV="test", ERL_FLAGS="+S 1:1 +SDcpu 4"), timeout=120)
        ^^^^^^^^^^^^^^^^^^^^^^^^^^^^^^^^^^^^^^^^^^^^^^^^^^^^^^^^^^^^^^^^^^^^^^^^^^^^^^^
  File "/Users/catethos/workspace/ladybugex/zig_library/scripts/proof.py", line 28, in run
    raise RuntimeError(f"command failed: {args}")
RuntimeError: command failed: ['mix', 'test', '--seed', '0']
