-- Configuring done (0.0s)
-- Generating done (0.0s)
-- Build files have been written to: /Users/catethos/workspace/ladybugex/zig_library/_build/native/bridge
{"command": ["cmake", "-S", "native", "-B", "_build/native/bridge", "-G", "Ninja", "-DCMAKE_BUILD_TYPE=Release", "-DCMAKE_OSX_DEPLOYMENT_TARGET=13.3", "-DLADYBUG_SOURCE=/Users/catethos/workspace/ladybugex/zig_library/native/upstream/ladybug", "-DLADYBUG_BUILD=/Users/catethos/workspace/ladybugex/zig_library/_build/native/ladybug", "-DAPHID_BUILD_TESTS=ON"], "cwd": "/Users/catethos/workspace/ladybugex/zig_library", "exit": 0, "seconds": 0.076}
[1/2] Building CXX object CMakeFiles/lifecycle.dir/tests/lifecycle.cpp.o
[2/2] Linking CXX executable lifecycle
{"command": ["cmake", "--build", "_build/native/bridge", "--parallel", "2"], "cwd": "/Users/catethos/workspace/ladybugex/zig_library", "exit": 0, "seconds": 1.654}
engine transaction visibility, commit, rollback, destructor rollback and failure/autocommit semantics passed
native transaction leases, stale/foreign rejection, commit, rollback, abandonment and failure guard passed
transaction abandonment during execution/fetch rolls back before reuse passed
prepared parameter scalar types, raw timestamp units, bytes and integer overflow passed
typed empty/null nested parameters, JSON validation and duplicate map keys passed
bounded conversion reservations and stale conversion rejection passed
failed delivery, throwing callback, worker failure and joined cleanup passed
exclusive fetch, stale fetch, metadata, finish/close during fetch and parent retention passed
active/retiring path distinction, alias reservation and reopen after fetch release passed
{"command": ["/Users/catethos/workspace/ladybugex/zig_library/_build/native/bridge/lifecycle"], "cwd": "/Users/catethos/workspace/ladybugex/zig_library", "exit": 0, "seconds": 3.346}
-- The CXX compiler identification is AppleClang 17.0.0.17000404
-- Detecting CXX compiler ABI info
-- Detecting CXX compiler ABI info - done
-- Check for working CXX compiler: /usr/bin/c++ - skipped
-- Detecting CXX compile features
-- Detecting CXX compile features - done
-- Performing Test CMAKE_HAVE_LIBC_PTHREAD
-- Performing Test CMAKE_HAVE_LIBC_PTHREAD - Success
-- Found Threads: TRUE
-- Configuring done (0.4s)
-- Generating done (0.0s)
-- Build files have been written to: /Users/catethos/workspace/ladybugex/zig_library/_build/native/tests
{"command": ["cmake", "-S", "native/tests", "-B", "_build/native/tests", "-G", "Ninja", "-DCMAKE_BUILD_TYPE=Release", "-DCMAKE_OSX_DEPLOYMENT_TARGET=13.3", "-DDuckDB_DIR=/Users/catethos/workspace/ladybugex/zig_library/_build/native/duckdb", "-DLADYBUG_SOURCE=/Users/catethos/workspace/ladybugex/zig_library/native/upstream/ladybug", "-DLADYBUG_BUILD=/Users/catethos/workspace/ladybugex/zig_library/_build/native/ladybug"], "cwd": "/Users/catethos/workspace/ladybugex/zig_library", "exit": 0, "seconds": 0.405}
[1/2] Building CXX object CMakeFiles/fixture.dir/fixture.cpp.o
[2/2] Linking CXX executable fixture
ld: warning: ignoring duplicate libraries: '/Users/catethos/workspace/ladybugex/zig_library/_build/native/duckdb/extension/core_functions/libcore_functions_extension.a', '/Users/catethos/workspace/ladybugex/zig_library/_build/native/duckdb/extension/parquet/libparquet_extension.a', '/Users/catethos/workspace/ladybugex/zig_library/_build/native/duckdb/src/libduckdb_static.a'
{"command": ["cmake", "--build", "_build/native/tests", "--target", "fixture", "--parallel", "2"], "cwd": "/Users/catethos/workspace/ladybugex/zig_library", "exit": 0, "seconds": 2.091}
Compiling 1 file (.ex)
Running ExUnit with seed: 0, max_cases: 2

............Aphid basic example passed
.Aphid transaction example passed
.Aphid stream example passed
.Aphid FTS example passed
.Aphid vector example passed
.Aphid DuckDB example passed
............................stale-cancel race: 30 iterations; maximum cancel-to-idle 83000 us
........heartbeat: 31 samples; maximum gap 6 ms
.
18:45:30.524 [warning] The on_load function for module Elixir.Aphid.Native returned:
{:error, {:upgrade, ~c"Library upgrade-call unsuccessful (-1)."}}

.....
18:45:30.710 [debug] loaded module at Elixir.Aphid.Proof
................................
Finished in 15.6 seconds (1.1s async, 14.4s sync)

Result: 91 passed
{"command": ["mix", "test", "--seed", "0"], "cwd": "/Users/catethos/workspace/ladybugex/zig_library", "exit": 0, "seconds": 16.269}
