-- Configuring done (0.1s)
-- Generating done (0.1s)
-- Build files have been written to: /Users/catethos/workspace/ladybugex/zig_library/_build/native/bridge
{"command": ["cmake", "-S", "native", "-B", "_build/native/bridge", "-G", "Ninja", "-DCMAKE_BUILD_TYPE=Release", "-DCMAKE_OSX_DEPLOYMENT_TARGET=13.3", "-DLADYBUG_SOURCE=/Users/catethos/workspace/ladybugex/zig_library/native/upstream/ladybug", "-DLADYBUG_BUILD=/Users/catethos/workspace/ladybugex/zig_library/_build/native/ladybug", "-DAPHID_BUILD_TESTS=ON"], "cwd": "/Users/catethos/workspace/ladybugex/zig_library", "exit": 0, "seconds": 0.291}
[1/4] Building CXX object CMakeFiles/aphid_bridge.dir/bridge.cpp.o
[2/4] Building CXX object CMakeFiles/lifecycle.dir/tests/lifecycle.cpp.o
[3/4] Linking CXX shared library libaphid_bridge.dylib
[4/4] Linking CXX executable lifecycle
{"command": ["cmake", "--build", "_build/native/bridge", "--parallel", "2"], "cwd": "/Users/catethos/workspace/ladybugex/zig_library", "exit": 0, "seconds": 2.193}
prepared parameter scalar types, raw timestamp units, bytes and integer overflow passed
failed delivery, throwing callback, worker failure and joined cleanup passed
exclusive fetch, stale fetch, metadata, finish/close during fetch and parent retention passed
{"command": ["/Users/catethos/workspace/ladybugex/zig_library/_build/native/bridge/lifecycle"], "cwd": "/Users/catethos/workspace/ladybugex/zig_library", "exit": 0, "seconds": 1.464}
Running ExUnit with seed: 0, max_cases: 2

.........heartbeat: 30 samples; maximum gap 6 ms
.
02:04:57.264 [warning] The on_load function for module Elixir.Aphid.Native returned:
{:error, {:upgrade, ~c"Library upgrade-call unsuccessful (-1)."}}

........
02:04:57.467 [debug] loaded module at Elixir.Aphid.Proof
..
Finished in 4.1 seconds (0.2s async, 3.8s sync)

Result: 20 passed
{"command": ["mix", "test", "--seed", "0"], "cwd": "/Users/catethos/workspace/ladybugex/zig_library", "exit": 0, "seconds": 4.779}
