-- Configuring done (0.1s)
-- Generating done (0.0s)
-- Build files have been written to: /Users/catethos/workspace/ladybugex/zig_library/_build/native/bridge
{"command": ["cmake", "-S", "native", "-B", "_build/native/bridge", "-G", "Ninja", "-DCMAKE_BUILD_TYPE=Release", "-DCMAKE_OSX_DEPLOYMENT_TARGET=13.3", "-DLADYBUG_SOURCE=/Users/catethos/workspace/ladybugex/zig_library/native/upstream/ladybug", "-DLADYBUG_BUILD=/Users/catethos/workspace/ladybugex/zig_library/_build/native/ladybug", "-DAPHID_BUILD_TESTS=ON"], "cwd": "/Users/catethos/workspace/ladybugex/zig_library", "exit": 0, "seconds": 0.143}
ninja: no work to do.
{"command": ["cmake", "--build", "_build/native/bridge", "--parallel", "2"], "cwd": "/Users/catethos/workspace/ladybugex/zig_library", "exit": 0, "seconds": 0.048}
engine transaction visibility, commit, rollback, destructor rollback and failure/autocommit semantics passed
native transaction leases, stale/foreign rejection, commit, rollback, abandonment and failure guard passed
transaction abandonment during execution/fetch rolls back before reuse passed
prepared parameter scalar types, raw timestamp units, bytes and integer overflow passed
typed empty/null nested parameters, JSON validation and duplicate map keys passed
bounded conversion reservations and stale conversion rejection passed
failed delivery, throwing callback, worker failure and joined cleanup passed
exclusive fetch, stale fetch, metadata, finish/close during fetch and parent retention passed
active/retiring path distinction, alias reservation and reopen after fetch release passed
{"command": ["/Users/catethos/workspace/ladybugex/zig_library/_build/native/bridge/lifecycle"], "cwd": "/Users/catethos/workspace/ladybugex/zig_library", "exit": 0, "seconds": 0.797}
-- Configuring done (0.0s)
-- Generating done (0.0s)
-- Build files have been written to: /Users/catethos/workspace/ladybugex/zig_library/_build/native/tests
{"command": ["cmake", "-S", "native/tests", "-B", "_build/native/tests", "-G", "Ninja", "-DCMAKE_BUILD_TYPE=Release", "-DCMAKE_OSX_DEPLOYMENT_TARGET=13.3", "-DDuckDB_DIR=/Users/catethos/workspace/ladybugex/zig_library/_build/native/duckdb", "-DLADYBUG_SOURCE=/Users/catethos/workspace/ladybugex/zig_library/native/upstream/ladybug", "-DLADYBUG_BUILD=/Users/catethos/workspace/ladybugex/zig_library/_build/native/ladybug"], "cwd": "/Users/catethos/workspace/ladybugex/zig_library", "exit": 0, "seconds": 0.09}
ninja: no work to do.
{"command": ["cmake", "--build", "_build/native/tests", "--target", "fixture", "--parallel", "2"], "cwd": "/Users/catethos/workspace/ladybugex/zig_library", "exit": 0, "seconds": 0.024}
Running ExUnit with seed: 0, max_cases: 2

..Aphid basic example passed
..................heartbeat: 30 samples; maximum gap 6 ms
.
03:53:54.205 [warning] The on_load function for module Elixir.Aphid.Native returned:
{:error, {:upgrade, ~c"Library upgrade-call unsuccessful (-1)."}}

....

  1) test garbage collection releases a forgotten lease while its owner stays alive (Aphid.NativeTransactionsTest)
     test/native_transactions_test.exs:84
     Assertion with > failed, both sides are exactly equal
     code: assert remaining > 0
     left: 0
     stacktrace:
       test/native_transactions_test.exs:131: Aphid.NativeTransactionsTest.eventually/2
       test/native_transactions_test.exs:115: Aphid.NativeTransactionsTest.leased/4
       test/native_transactions_test.exs:96: Aphid.NativeTransactionsTest.forget_lease/1
       test/native_transactions_test.exs:86: (test)

...........
03:53:57.753 [debug] loaded module at Elixir.Aphid.Proof
...................
Finished in 8.8 seconds (0.7s async, 8.1s sync)

Result: 55/56 passed
Failed: 1 test
{"command": ["mix", "test", "--seed", "0"], "cwd": "/Users/catethos/workspace/ladybugex/zig_library", "exit": 2, "seconds": 9.256}
Traceback (most recent call last):
  File "/Users/catethos/workspace/ladybugex/zig_library/scripts/lifecycle.py", line 19, in <module>
    run(["mix", "test", "--seed", "0"],
    ~~~^^^^^^^^^^^^^^^^^^^^^^^^^^^^^^^^
        env=dict(os.environ, MIX_ENV="test", ERL_FLAGS="+S 1:1 +SDcpu 4"), timeout=120)
        ^^^^^^^^^^^^^^^^^^^^^^^^^^^^^^^^^^^^^^^^^^^^^^^^^^^^^^^^^^^^^^^^^^^^^^^^^^^^^^^
  File "/Users/catethos/workspace/ladybugex/zig_library/scripts/proof.py", line 28, in run
    raise RuntimeError(f"command failed: {args}")
RuntimeError: command failed: ['mix', 'test', '--seed', '0']
