2026-09-08T05:58:32.3358060Z Current runner version: '2.337.0'
2026-09-08T05:58:32.3392016Z ##[group]Runner Image Provisioner
2026-09-08T05:58:32.3393200Z Hosted Compute Agent
2026-09-08T05:58:32.3393965Z Version: 20260828.587
2026-09-08T05:58:32.3394637Z Commit: abac92662cab4cc7352de4f9f9d2e2419aad9c29
2026-09-08T05:58:32.3395511Z Build Date: 2026-08-28T16:44:25Z
2026-09-08T05:58:32.3396351Z Worker ID: {7114e4f6-1891-41af-afcd-cb74dc1a9652}
2026-09-08T05:58:32.3397080Z Azure Region: centralus
2026-09-08T05:58:32.3397744Z ##[endgroup]
2026-09-08T05:58:32.3399784Z ##[group]Operating System
2026-09-08T05:58:32.3400479Z Ubuntu
2026-09-08T05:58:32.3401491Z 24.04.4
2026-09-08T05:58:32.3402026Z LTS
2026-09-08T05:58:32.3402596Z ##[endgroup]
2026-09-08T05:58:32.3403232Z ##[group]Runner Image
2026-09-08T05:58:32.3403901Z Image: ubuntu-24.04-arm
2026-09-08T05:58:32.3404704Z Version: 20260831.111.1
2026-09-08T05:58:32.3406199Z Included Software: https://github.com/actions/runner-images/blob/ubuntu24-arm64/20260831.111/images/ubuntu/Ubuntu2404-Arm64-Readme.md
2026-09-08T05:58:32.3407830Z Image Release: https://github.com/actions/runner-images/releases/tag/ubuntu24-arm64%2F20260831.111
2026-09-08T05:58:32.3409265Z ##[endgroup]
2026-09-08T05:58:32.3410438Z ##[group]GITHUB_TOKEN Permissions
2026-09-08T05:58:32.3413994Z Contents: read
2026-09-08T05:58:32.3414623Z Metadata: read
2026-09-08T05:58:32.3415215Z ##[endgroup]
2026-09-08T05:58:32.3418338Z Secret source: Actions
2026-09-08T05:58:32.3419786Z Prepare workflow directory
2026-09-08T05:58:32.3804151Z Prepare all required actions
2026-09-08T05:58:32.3857165Z Getting action download info
2026-09-08T05:58:32.6373580Z Download action repository 'actions/checkout@d23441a48e516b6c34aea4fa41551a30e30af803' (SHA:d23441a48e516b6c34aea4fa41551a30e30af803)
2026-09-08T05:58:32.7457835Z Download action repository 'actions/setup-python@ece7cb06caefa5fff74198d8649806c4678c61a1' (SHA:ece7cb06caefa5fff74198d8649806c4678c61a1)
2026-09-08T05:58:32.8872935Z Download action repository 'erlef/setup-beam@54075bcc5e249e4758d363f27d099f55d843f124' (SHA:54075bcc5e249e4758d363f27d099f55d843f124)
2026-09-08T05:58:33.4067570Z Download action repository 'actions/upload-artifact@ea165f8d65b6e75b540449e92b4886f43607fa02' (SHA:ea165f8d65b6e75b540449e92b4886f43607fa02)
2026-09-08T05:58:33.6181358Z Complete job name: aarch64-linux-gnu (preflight)
2026-09-08T05:58:33.7169275Z ##[group]Run actions/checkout@d23441a48e516b6c34aea4fa41551a30e30af803
2026-09-08T05:58:33.7171308Z with:
2026-09-08T05:58:33.7172308Z   persist-credentials: false
2026-09-08T05:58:33.7173112Z   repository: catethos/Aphid
2026-09-08T05:58:33.7177713Z   token: ***
2026-09-08T05:58:33.7178379Z   ssh-strict: true
2026-09-08T05:58:33.7178989Z   ssh-user: git
2026-09-08T05:58:33.7179744Z   clean: true
2026-09-08T05:58:33.7180482Z   sparse-checkout-cone-mode: true
2026-09-08T05:58:33.7181546Z   fetch-depth: 1
2026-09-08T05:58:33.7182196Z   fetch-tags: false
2026-09-08T05:58:33.7182837Z   show-progress: true
2026-09-08T05:58:33.7183597Z   lfs: false
2026-09-08T05:58:33.7184228Z   submodules: false
2026-09-08T05:58:33.7184999Z   set-safe-directory: true
2026-09-08T05:58:33.7185812Z   allow-unsafe-pr-checkout: false
2026-09-08T05:58:33.7187102Z ##[endgroup]
2026-09-08T05:58:33.8120377Z Syncing repository: catethos/Aphid
2026-09-08T05:58:33.8124200Z ##[group]Getting Git version info
2026-09-08T05:58:33.8125658Z Working directory is '/home/runner/work/Aphid/Aphid'
2026-09-08T05:58:33.8127586Z [command]/usr/bin/git version
2026-09-08T05:58:33.8149143Z git version 2.55.0
2026-09-08T05:58:33.8171660Z ##[endgroup]
2026-09-08T05:58:33.8185943Z Temporarily overriding HOME='/home/runner/work/_temp/bad0e639-1d4f-481e-81d6-57ff8f93b563' before making global git config changes
2026-09-08T05:58:33.8188114Z Adding repository directory to the temporary git global config as a safe directory
2026-09-08T05:58:33.8191237Z [command]/usr/bin/git config --global --add safe.directory /home/runner/work/Aphid/Aphid
2026-09-08T05:58:33.8225808Z Deleting the contents of '/home/runner/work/Aphid/Aphid'
2026-09-08T05:58:33.8230884Z ##[group]Determining repository object format
2026-09-08T05:58:33.8232735Z ##[endgroup]
2026-09-08T05:58:33.8234210Z ##[group]Initializing the repository
2026-09-08T05:58:33.8239436Z [command]/usr/bin/git init /home/runner/work/Aphid/Aphid
2026-09-08T05:58:33.8316069Z hint: Using 'master' as the name for the initial branch. This default branch name
2026-09-08T05:58:33.8317963Z hint: will change to "main" in Git 3.0. To configure the initial branch name
2026-09-08T05:58:33.8319884Z hint: to use in all of your new repositories, which will suppress this warning,
2026-09-08T05:58:33.8321424Z hint: call:
2026-09-08T05:58:33.8322309Z hint:
2026-09-08T05:58:33.8323593Z hint: 	git config --global init.defaultBranch <name>
2026-09-08T05:58:33.8324732Z hint:
2026-09-08T05:58:33.8325966Z hint: Names commonly chosen instead of 'master' are 'main', 'trunk' and
2026-09-08T05:58:33.8327574Z hint: 'development'. The just-created branch can be renamed via this command:
2026-09-08T05:58:33.8328913Z hint:
2026-09-08T05:58:33.8330046Z hint: 	git branch -m <name>
2026-09-08T05:58:33.8331426Z hint:
2026-09-08T05:58:33.8332931Z hint: Disable this message with "git config set advice.defaultBranchName false"
2026-09-08T05:58:33.8334842Z Initialized empty Git repository in /home/runner/work/Aphid/Aphid/.git/
2026-09-08T05:58:33.8338360Z [command]/usr/bin/git remote add origin https://github.com/catethos/Aphid
2026-09-08T05:58:33.8363523Z ##[endgroup]
2026-09-08T05:58:33.8364727Z ##[group]Disabling automatic garbage collection
2026-09-08T05:58:33.8368303Z [command]/usr/bin/git config --local gc.auto 0
2026-09-08T05:58:33.8397544Z ##[endgroup]
2026-09-08T05:58:33.8398742Z ##[group]Setting up auth
2026-09-08T05:58:33.8400133Z Removing SSH command configuration
2026-09-08T05:58:33.8405353Z [command]/usr/bin/git config --local --name-only --get-regexp core\.sshCommand
2026-09-08T05:58:33.8441485Z [command]/usr/bin/git submodule foreach --recursive sh -c "git config --local --name-only --get-regexp 'core\.sshCommand' && git config --local --unset-all 'core.sshCommand' || :"
2026-09-08T05:58:33.8724501Z Removing HTTP extra header
2026-09-08T05:58:33.8732143Z [command]/usr/bin/git config --local --name-only --get-regexp http\.https\:\/\/github\.com\/\.extraheader
2026-09-08T05:58:33.8759440Z [command]/usr/bin/git submodule foreach --recursive sh -c "git config --local --name-only --get-regexp 'http\.https\:\/\/github\.com\/\.extraheader' && git config --local --unset-all 'http.https://github.com/.extraheader' || :"
2026-09-08T05:58:33.8957527Z Removing includeIf entries pointing to credentials config files
2026-09-08T05:58:33.8958891Z [command]/usr/bin/git config --local --name-only --get-regexp ^includeIf\.gitdir:
2026-09-08T05:58:33.8988570Z [command]/usr/bin/git submodule foreach --recursive git config --local --show-origin --name-only --get-regexp remote.origin.url
2026-09-08T05:58:33.9188462Z [command]/usr/bin/git config --file /home/runner/work/_temp/git-credentials-fe378a41-78fc-4ea1-9735-89d90d9d0639.config http.https://github.com/.extraheader AUTHORIZATION: basic ***
2026-09-08T05:58:33.9228060Z [command]/usr/bin/git config --local includeIf.gitdir:/home/runner/work/Aphid/Aphid/.git.path /home/runner/work/_temp/git-credentials-fe378a41-78fc-4ea1-9735-89d90d9d0639.config
2026-09-08T05:58:33.9258239Z [command]/usr/bin/git config --local includeIf.gitdir:/home/runner/work/Aphid/Aphid/.git/worktrees/*.path /home/runner/work/_temp/git-credentials-fe378a41-78fc-4ea1-9735-89d90d9d0639.config
2026-09-08T05:58:33.9288395Z [command]/usr/bin/git config --local includeIf.gitdir:/github/workspace/.git.path /github/runner_temp/git-credentials-fe378a41-78fc-4ea1-9735-89d90d9d0639.config
2026-09-08T05:58:33.9317857Z [command]/usr/bin/git config --local includeIf.gitdir:/github/workspace/.git/worktrees/*.path /github/runner_temp/git-credentials-fe378a41-78fc-4ea1-9735-89d90d9d0639.config
2026-09-08T05:58:33.9344231Z ##[endgroup]
2026-09-08T05:58:33.9345556Z ##[group]Fetching the repository
2026-09-08T05:58:33.9353103Z [command]/usr/bin/git -c protocol.version=2 fetch --no-tags --prune --no-recurse-submodules --depth=1 origin +99a43a9fb212e8b8997afb714559bdd9762e309c:refs/remotes/origin/main
2026-09-08T05:58:34.9840348Z From https://github.com/catethos/Aphid
2026-09-08T05:58:34.9842413Z  * [new ref]         99a43a9fb212e8b8997afb714559bdd9762e309c -> origin/main
2026-09-08T05:58:34.9851443Z [command]/usr/bin/git branch --list --remote origin/main
2026-09-08T05:58:34.9876834Z   origin/main
2026-09-08T05:58:34.9884811Z [command]/usr/bin/git rev-parse refs/remotes/origin/main
2026-09-08T05:58:34.9907104Z 99a43a9fb212e8b8997afb714559bdd9762e309c
2026-09-08T05:58:34.9911105Z ##[endgroup]
2026-09-08T05:58:34.9912745Z ##[group]Determining the checkout info
2026-09-08T05:58:34.9914414Z ##[endgroup]
2026-09-08T05:58:34.9915929Z [command]/usr/bin/git sparse-checkout disable
2026-09-08T05:58:34.9955605Z [command]/usr/bin/git config --local --unset-all extensions.worktreeConfig
2026-09-08T05:58:34.9982759Z ##[group]Checking out the ref
2026-09-08T05:58:34.9985868Z [command]/usr/bin/git checkout --progress --force -B main refs/remotes/origin/main
2026-09-08T05:58:35.1083595Z Switched to a new branch 'main'
2026-09-08T05:58:35.1085004Z branch 'main' set up to track 'origin/main'.
2026-09-08T05:58:35.1098663Z ##[endgroup]
2026-09-08T05:58:35.1138463Z [command]/usr/bin/git log -1 --format=%H
2026-09-08T05:58:35.1161721Z 99a43a9fb212e8b8997afb714559bdd9762e309c
2026-09-08T05:58:35.1171715Z ##[group]Removing auth
2026-09-08T05:58:35.1172910Z Removing SSH command configuration
2026-09-08T05:58:35.1175757Z [command]/usr/bin/git config --local --name-only --get-regexp core\.sshCommand
2026-09-08T05:58:35.1206674Z [command]/usr/bin/git submodule foreach --recursive sh -c "git config --local --name-only --get-regexp 'core\.sshCommand' && git config --local --unset-all 'core.sshCommand' || :"
2026-09-08T05:58:35.1395556Z Removing HTTP extra header
2026-09-08T05:58:35.1397550Z [command]/usr/bin/git config --local --name-only --get-regexp http\.https\:\/\/github\.com\/\.extraheader
2026-09-08T05:58:35.1428215Z [command]/usr/bin/git submodule foreach --recursive sh -c "git config --local --name-only --get-regexp 'http\.https\:\/\/github\.com\/\.extraheader' && git config --local --unset-all 'http.https://github.com/.extraheader' || :"
2026-09-08T05:58:35.1621052Z Removing includeIf entries pointing to credentials config files
2026-09-08T05:58:35.1623071Z [command]/usr/bin/git config --local --name-only --get-regexp ^includeIf\.gitdir:
2026-09-08T05:58:35.1644437Z includeif.gitdir:/home/runner/work/Aphid/Aphid/.git.path
2026-09-08T05:58:35.1646314Z includeif.gitdir:/home/runner/work/Aphid/Aphid/.git/worktrees/*.path
2026-09-08T05:58:35.1647799Z includeif.gitdir:/github/workspace/.git.path
2026-09-08T05:58:35.1649143Z includeif.gitdir:/github/workspace/.git/worktrees/*.path
2026-09-08T05:58:35.1653469Z [command]/usr/bin/git config --local --get-all includeif.gitdir:/home/runner/work/Aphid/Aphid/.git.path
2026-09-08T05:58:35.1676066Z /home/runner/work/_temp/git-credentials-fe378a41-78fc-4ea1-9735-89d90d9d0639.config
2026-09-08T05:58:35.1686468Z [command]/usr/bin/git config --local --unset includeif.gitdir:/home/runner/work/Aphid/Aphid/.git.path /home/runner/work/_temp/git-credentials-fe378a41-78fc-4ea1-9735-89d90d9d0639.config
2026-09-08T05:58:35.1718705Z [command]/usr/bin/git config --local --get-all includeif.gitdir:/home/runner/work/Aphid/Aphid/.git/worktrees/*.path
2026-09-08T05:58:35.1740378Z /home/runner/work/_temp/git-credentials-fe378a41-78fc-4ea1-9735-89d90d9d0639.config
2026-09-08T05:58:35.1749949Z [command]/usr/bin/git config --local --unset includeif.gitdir:/home/runner/work/Aphid/Aphid/.git/worktrees/*.path /home/runner/work/_temp/git-credentials-fe378a41-78fc-4ea1-9735-89d90d9d0639.config
2026-09-08T05:58:35.1780736Z [command]/usr/bin/git config --local --get-all includeif.gitdir:/github/workspace/.git.path
2026-09-08T05:58:35.1803358Z /github/runner_temp/git-credentials-fe378a41-78fc-4ea1-9735-89d90d9d0639.config
2026-09-08T05:58:35.1819628Z [command]/usr/bin/git config --local --unset includeif.gitdir:/github/workspace/.git.path /github/runner_temp/git-credentials-fe378a41-78fc-4ea1-9735-89d90d9d0639.config
2026-09-08T05:58:35.1840636Z [command]/usr/bin/git config --local --get-all includeif.gitdir:/github/workspace/.git/worktrees/*.path
2026-09-08T05:58:35.1863214Z /github/runner_temp/git-credentials-fe378a41-78fc-4ea1-9735-89d90d9d0639.config
2026-09-08T05:58:35.1870169Z [command]/usr/bin/git config --local --unset includeif.gitdir:/github/workspace/.git/worktrees/*.path /github/runner_temp/git-credentials-fe378a41-78fc-4ea1-9735-89d90d9d0639.config
2026-09-08T05:58:35.1903948Z [command]/usr/bin/git submodule foreach --recursive git config --local --show-origin --name-only --get-regexp remote.origin.url
2026-09-08T05:58:35.2097220Z Removing credentials config '/home/runner/work/_temp/git-credentials-fe378a41-78fc-4ea1-9735-89d90d9d0639.config'
2026-09-08T05:58:35.2105973Z ##[endgroup]
2026-09-08T05:58:35.2439994Z ##[group]Run actions/setup-python@ece7cb06caefa5fff74198d8649806c4678c61a1
2026-09-08T05:58:35.2441700Z with:
2026-09-08T05:58:35.2442384Z   python-version: 3.14
2026-09-08T05:58:35.2443345Z   check-latest: false
2026-09-08T05:58:35.2450400Z   token: ***
2026-09-08T05:58:35.2451377Z   update-environment: true
2026-09-08T05:58:35.2452234Z   allow-prereleases: false
2026-09-08T05:58:35.2453007Z   freethreaded: false
2026-09-08T05:58:35.2453849Z ##[endgroup]
2026-09-08T05:58:35.3571130Z ##[group]Installed versions
2026-09-08T05:58:35.3646656Z Successfully set up CPython (3.14.7)
2026-09-08T05:58:35.3648210Z ##[endgroup]
2026-09-08T05:58:35.3888641Z ##[group]Run erlef/setup-beam@54075bcc5e249e4758d363f27d099f55d843f124
2026-09-08T05:58:35.3889855Z with:
2026-09-08T05:58:35.3890859Z   otp-version: 29.0.4
2026-09-08T05:58:35.3891694Z   elixir-version: 1.20.0
2026-09-08T05:58:35.3898484Z   github-token: ***
2026-09-08T05:58:35.3899309Z   otp-architecture: 64
2026-09-08T05:58:35.3900035Z   install-hex: true
2026-09-08T05:58:35.3900961Z   install-rebar: true
2026-09-08T05:58:35.3901798Z   version-type: loose
2026-09-08T05:58:35.3902545Z   disable_problem_matchers: false
2026-09-08T05:58:35.3903480Z   hexpm-mirrors: https://builds.hex.pm

2026-09-08T05:58:35.3904319Z env:
2026-09-08T05:58:35.3905117Z   pythonLocation: /opt/hostedtoolcache/Python/3.14.7/arm64
2026-09-08T05:58:35.3906534Z   PKG_CONFIG_PATH: /opt/hostedtoolcache/Python/3.14.7/arm64/lib/pkgconfig
2026-09-08T05:58:35.3907786Z   Python_ROOT_DIR: /opt/hostedtoolcache/Python/3.14.7/arm64
2026-09-08T05:58:35.3909085Z   Python2_ROOT_DIR: /opt/hostedtoolcache/Python/3.14.7/arm64
2026-09-08T05:58:35.3910255Z   Python3_ROOT_DIR: /opt/hostedtoolcache/Python/3.14.7/arm64
2026-09-08T05:58:35.3911793Z   LD_LIBRARY_PATH: /opt/hostedtoolcache/Python/3.14.7/arm64/lib
2026-09-08T05:58:35.3912834Z ##[endgroup]
2026-09-08T05:58:35.6150338Z ##[group]Installing Erlang/OTP OTP-29.0.4 - built on arm64/ubuntu-24.04
2026-09-08T05:58:36.1445155Z [command]/usr/bin/tar zx --strip-components=1 --warning=no-unknown-keyword --overwrite -C /home/runner/work/_temp/6d8976b5-f593-4311-a777-42e38826dffd -f /home/runner/work/_temp/5cca0706-9326-4e64-97b7-28012740854d
2026-09-08T05:58:38.3328109Z [command]/home/runner/work/_temp/.setup-beam/otp/Install -minimal /home/runner/work/_temp/.setup-beam/otp
2026-09-08T05:58:38.3583189Z Installed Erlang/OTP version
2026-09-08T05:58:38.3607028Z [command]/home/runner/work/_temp/.setup-beam/otp/bin/erl -version
2026-09-08T05:58:38.3698670Z Erlang (SMP,ASYNC_THREADS) (BEAM) emulator version 17.0.4
2026-09-08T05:58:38.3728351Z ##[endgroup]
2026-09-08T05:58:38.3729546Z [command]/home/runner/work/_temp/.setup-beam/otp/bin/erl -noshell -eval io:format(erlang:system_info(otp_release)), halt().
2026-09-08T05:58:38.5508697Z 29::debug::Was not able to coerce latest with semver
2026-09-08T05:58:38.5522194Z Using Elixir 1.20.0 (built for Erlang/OTP 29)
2026-09-08T05:58:38.5523109Z ##[group]Installing Elixir v1.20.0-otp-29
2026-09-08T05:58:38.7929867Z [command]/usr/bin/unzip -o -q /home/runner/work/_temp/c98ecd15-c756-4e4f-8cbb-7e045f895dba
2026-09-08T05:58:39.1177592Z Installed Elixir version
2026-09-08T05:58:39.1195172Z [command]/home/runner/work/_temp/.setup-beam/elixir/bin/elixir -v
2026-09-08T05:58:39.3023669Z Erlang/OTP 29 [erts-17.0.4] [source] [64-bit] [smp:4:4] [ds:4:4:10] [async-threads:1] [jit]
2026-09-08T05:58:39.3024183Z 
2026-09-08T05:58:39.3082074Z Elixir 1.20.0 (compiled with Erlang/OTP 29)
2026-09-08T05:58:39.3121127Z ##[endgroup]
2026-09-08T05:58:39.3121971Z ##[group]Running mix local.rebar,--force
2026-09-08T05:58:39.3132055Z [command]/home/runner/work/_temp/.setup-beam/elixir/bin/mix local.rebar --force
2026-09-08T05:58:40.1509862Z * creating /home/runner/.mix/elixir/1-20-otp-29/rebar3
2026-09-08T05:58:40.1559181Z ##[endgroup]
2026-09-08T05:58:40.1559941Z ##[group]Running mix local.hex,--force
2026-09-08T05:58:40.1576615Z [command]/home/runner/work/_temp/.setup-beam/elixir/bin/mix local.hex --force
2026-09-08T05:58:41.0350261Z * creating /home/runner/.mix/archives/hex-2.5.1
2026-09-08T05:58:41.0411761Z ##[endgroup]
2026-09-08T05:58:41.0561583Z ##[group]Run sudo apt-get update
2026-09-08T05:58:41.0562159Z [36;1msudo apt-get update[0m
2026-09-08T05:58:41.0562811Z [36;1msudo apt-get install --yes build-essential cmake ninja-build perl binutils patchelf bubblewrap[0m
2026-09-08T05:58:41.0665950Z shell: /usr/bin/bash -e {0}
2026-09-08T05:58:41.0666317Z env:
2026-09-08T05:58:41.0666644Z   pythonLocation: /opt/hostedtoolcache/Python/3.14.7/arm64
2026-09-08T05:58:41.0667295Z   PKG_CONFIG_PATH: /opt/hostedtoolcache/Python/3.14.7/arm64/lib/pkgconfig
2026-09-08T05:58:41.0667790Z   Python_ROOT_DIR: /opt/hostedtoolcache/Python/3.14.7/arm64
2026-09-08T05:58:41.0668275Z   Python2_ROOT_DIR: /opt/hostedtoolcache/Python/3.14.7/arm64
2026-09-08T05:58:41.0668683Z   Python3_ROOT_DIR: /opt/hostedtoolcache/Python/3.14.7/arm64
2026-09-08T05:58:41.0669084Z   LD_LIBRARY_PATH: /opt/hostedtoolcache/Python/3.14.7/arm64/lib
2026-09-08T05:58:41.0669581Z   INSTALL_DIR_FOR_OTP: /home/runner/work/_temp/.setup-beam/otp
2026-09-08T05:58:41.0670089Z   INSTALL_DIR_FOR_ELIXIR: /home/runner/work/_temp/.setup-beam/elixir
2026-09-08T05:58:41.0670743Z ##[endgroup]
2026-09-08T05:58:41.1553448Z Get:1 https://packages.microsoft.com/ubuntu/24.04/prod noble InRelease [3600 B]
2026-09-08T05:58:41.2061093Z Get:2 https://packages.microsoft.com/ubuntu/24.04/prod noble/main arm64 Packages [394 kB]
2026-09-08T05:58:41.2166187Z Get:3 https://packages.microsoft.com/ubuntu/24.04/prod noble/main amd64 Packages [441 kB]
2026-09-08T05:58:41.4350507Z Hit:4 http://ports.ubuntu.com/ubuntu-ports noble InRelease
2026-09-08T05:58:41.4822781Z Get:5 http://ports.ubuntu.com/ubuntu-ports noble-updates InRelease [126 kB]
2026-09-08T05:58:41.6870249Z Get:6 http://ports.ubuntu.com/ubuntu-ports noble-backports InRelease [126 kB]
2026-09-08T05:58:41.7863945Z Get:7 http://ports.ubuntu.com/ubuntu-ports noble-security InRelease [126 kB]
2026-09-08T05:58:41.8524391Z Get:8 http://ports.ubuntu.com/ubuntu-ports noble-updates/main arm64 Packages [1318 kB]
2026-09-08T05:58:42.0631622Z Get:9 http://ports.ubuntu.com/ubuntu-ports noble-updates/main Translation-en [292 kB]
2026-09-08T05:58:42.1188288Z Get:10 http://ports.ubuntu.com/ubuntu-ports noble-updates/main arm64 Components [178 kB]
2026-09-08T05:58:42.1708569Z Get:11 http://ports.ubuntu.com/ubuntu-ports noble-updates/universe arm64 Packages [1731 kB]
2026-09-08T05:58:42.2920116Z Get:12 http://ports.ubuntu.com/ubuntu-ports noble-updates/universe Translation-en [339 kB]
2026-09-08T05:58:42.3443998Z Get:13 http://ports.ubuntu.com/ubuntu-ports noble-updates/universe arm64 Components [387 kB]
2026-09-08T05:58:42.3979345Z Get:14 http://ports.ubuntu.com/ubuntu-ports noble-updates/restricted arm64 Packages [2320 kB]
2026-09-08T05:58:42.5014317Z Get:15 http://ports.ubuntu.com/ubuntu-ports noble-updates/restricted Translation-en [352 kB]
2026-09-08T05:58:42.5511814Z Get:16 http://ports.ubuntu.com/ubuntu-ports noble-backports/main arm64 Components [3576 B]
2026-09-08T05:58:42.5986549Z Get:17 http://ports.ubuntu.com/ubuntu-ports noble-backports/universe arm64 Components [12.6 kB]
2026-09-08T05:58:42.7402323Z Get:18 http://ports.ubuntu.com/ubuntu-ports noble-security/main arm64 Packages [1065 kB]
2026-09-08T05:58:42.7969933Z Get:19 http://ports.ubuntu.com/ubuntu-ports noble-security/main Translation-en [212 kB]
2026-09-08T05:58:42.8455233Z Get:20 http://ports.ubuntu.com/ubuntu-ports noble-security/main arm64 Components [43.3 kB]
2026-09-08T05:58:42.8933097Z Get:21 http://ports.ubuntu.com/ubuntu-ports noble-security/universe arm64 Packages [1280 kB]
2026-09-08T05:58:42.9515153Z Get:22 http://ports.ubuntu.com/ubuntu-ports noble-security/universe Translation-en [241 kB]
2026-09-08T05:58:43.0009328Z Get:23 http://ports.ubuntu.com/ubuntu-ports noble-security/universe arm64 Components [76.2 kB]
2026-09-08T05:58:43.0483462Z Get:24 http://ports.ubuntu.com/ubuntu-ports noble-security/restricted arm64 Packages [2210 kB]
2026-09-08T05:58:43.1153170Z Get:25 http://ports.ubuntu.com/ubuntu-ports noble-security/restricted Translation-en [334 kB]
2026-09-08T05:58:46.9682921Z Fetched 13.6 MB in 2s (6356 kB/s)
2026-09-08T05:58:47.8782858Z Reading package lists...
2026-09-08T05:58:47.9081131Z Reading package lists...
2026-09-08T05:58:48.1623285Z Building dependency tree...
2026-09-08T05:58:48.1630167Z Reading state information...
2026-09-08T05:58:48.4286082Z perl is already the newest version (5.38.2-3.2ubuntu0.4).
2026-09-08T05:58:48.4286660Z perl set to manually installed.
2026-09-08T05:58:48.4287570Z binutils is already the newest version (2.42-4ubuntu2.10).
2026-09-08T05:58:48.4288018Z patchelf is already the newest version (0.18.0-1.1build1).
2026-09-08T05:58:48.4288443Z Suggested packages:
2026-09-08T05:58:48.4288727Z   cmake-doc cmake-format elpa-cmake-mode
2026-09-08T05:58:48.4504919Z The following NEW packages will be installed:
2026-09-08T05:58:48.4511146Z   bubblewrap build-essential cmake cmake-data libjsoncpp25 librhash0
2026-09-08T05:58:48.4512571Z   ninja-build
2026-09-08T05:58:48.7704249Z 0 upgraded, 7 newly installed, 0 to remove and 43 not upgraded.
2026-09-08T05:58:48.7704833Z Need to get 12.8 MB of archives.
2026-09-08T05:58:48.7705513Z After this operation, 45.5 MB of additional disk space will be used.
2026-09-08T05:58:48.7706226Z Get:1 http://ports.ubuntu.com/ubuntu-ports noble-updates/main arm64 bubblewrap arm64 0.9.0-1ubuntu0.1 [49.7 kB]
2026-09-08T05:58:48.9146695Z Get:2 http://ports.ubuntu.com/ubuntu-ports noble/main arm64 build-essential arm64 12.10ubuntu1 [4932 B]
2026-09-08T05:58:48.9626621Z Get:3 http://ports.ubuntu.com/ubuntu-ports noble/main arm64 libjsoncpp25 arm64 1.9.5-6build1 [78.2 kB]
2026-09-08T05:58:49.0579903Z Get:4 http://ports.ubuntu.com/ubuntu-ports noble/main arm64 librhash0 arm64 1.4.3-3build1 [126 kB]
2026-09-08T05:58:49.1549799Z Get:5 http://ports.ubuntu.com/ubuntu-ports noble/main arm64 cmake-data all 3.28.3-1build7 [2155 kB]
2026-09-08T05:58:49.4420892Z Get:6 http://ports.ubuntu.com/ubuntu-ports noble/main arm64 cmake arm64 3.28.3-1build7 [10.3 MB]
2026-09-08T05:58:49.6857991Z Get:7 http://ports.ubuntu.com/ubuntu-ports noble/universe arm64 ninja-build arm64 1.11.1-2 [125 kB]
2026-09-08T05:58:49.9490216Z Fetched 12.8 MB in 1s (10.5 MB/s)
2026-09-08T05:58:49.9697112Z Selecting previously unselected package bubblewrap.
2026-09-08T05:58:49.9842589Z (Reading database ... 
2026-09-08T05:58:49.9843183Z (Reading database ... 5%
2026-09-08T05:58:49.9843938Z (Reading database ... 10%
2026-09-08T05:58:49.9844472Z (Reading database ... 15%
2026-09-08T05:58:49.9844952Z (Reading database ... 20%
2026-09-08T05:58:49.9845269Z (Reading database ... 25%
2026-09-08T05:58:49.9845616Z (Reading database ... 30%
2026-09-08T05:58:49.9846053Z (Reading database ... 35%
2026-09-08T05:58:49.9846365Z (Reading database ... 40%
2026-09-08T05:58:49.9846810Z (Reading database ... 45%
2026-09-08T05:58:49.9847195Z (Reading database ... 50%
2026-09-08T05:58:49.9949925Z (Reading database ... 55%
2026-09-08T05:58:50.1416061Z (Reading database ... 60%
2026-09-08T05:58:50.3484846Z (Reading database ... 65%
2026-09-08T05:58:50.4527615Z (Reading database ... 70%
2026-09-08T05:58:50.4915938Z (Reading database ... 75%
2026-09-08T05:58:50.5849317Z (Reading database ... 80%
2026-09-08T05:58:50.7897679Z (Reading database ... 85%
2026-09-08T05:58:50.9930970Z (Reading database ... 90%
2026-09-08T05:58:51.1016632Z (Reading database ... 95%
2026-09-08T05:58:51.1017229Z (Reading database ... 100%
2026-09-08T05:58:51.1017647Z (Reading database ... 200999 files and directories currently installed.)
2026-09-08T05:58:51.1061281Z Preparing to unpack .../0-bubblewrap_0.9.0-1ubuntu0.1_arm64.deb ...
2026-09-08T05:58:51.1128987Z Unpacking bubblewrap (0.9.0-1ubuntu0.1) ...
2026-09-08T05:58:51.1538081Z Selecting previously unselected package build-essential.
2026-09-08T05:58:51.1715535Z Preparing to unpack .../1-build-essential_12.10ubuntu1_arm64.deb ...
2026-09-08T05:58:51.1728958Z Unpacking build-essential (12.10ubuntu1) ...
2026-09-08T05:58:51.1932345Z Selecting previously unselected package libjsoncpp25:arm64.
2026-09-08T05:58:51.2109195Z Preparing to unpack .../2-libjsoncpp25_1.9.5-6build1_arm64.deb ...
2026-09-08T05:58:51.2135275Z Unpacking libjsoncpp25:arm64 (1.9.5-6build1) ...
2026-09-08T05:58:51.2358223Z Selecting previously unselected package librhash0:arm64.
2026-09-08T05:58:51.2524884Z Preparing to unpack .../3-librhash0_1.4.3-3build1_arm64.deb ...
2026-09-08T05:58:51.2536553Z Unpacking librhash0:arm64 (1.4.3-3build1) ...
2026-09-08T05:58:51.2768660Z Selecting previously unselected package cmake-data.
2026-09-08T05:58:51.2941214Z Preparing to unpack .../4-cmake-data_3.28.3-1build7_all.deb ...
2026-09-08T05:58:51.3010191Z Unpacking cmake-data (3.28.3-1build7) ...
2026-09-08T05:58:51.6485674Z Selecting previously unselected package cmake.
2026-09-08T05:58:51.6682208Z Preparing to unpack .../5-cmake_3.28.3-1build7_arm64.deb ...
2026-09-08T05:58:51.6696208Z Unpacking cmake (3.28.3-1build7) ...
2026-09-08T05:58:51.8414274Z Selecting previously unselected package ninja-build.
2026-09-08T05:58:51.8589762Z Preparing to unpack .../6-ninja-build_1.11.1-2_arm64.deb ...
2026-09-08T05:58:51.8602319Z Unpacking ninja-build (1.11.1-2) ...
2026-09-08T05:58:51.9132085Z Setting up bubblewrap (0.9.0-1ubuntu0.1) ...
2026-09-08T05:58:51.9184958Z Setting up ninja-build (1.11.1-2) ...
2026-09-08T05:58:51.9209878Z Setting up libjsoncpp25:arm64 (1.9.5-6build1) ...
2026-09-08T05:58:51.9232349Z Setting up librhash0:arm64 (1.4.3-3build1) ...
2026-09-08T05:58:51.9256049Z Setting up build-essential (12.10ubuntu1) ...
2026-09-08T05:58:51.9277604Z Setting up cmake-data (3.28.3-1build7) ...
2026-09-08T05:58:51.9345848Z Setting up cmake (3.28.3-1build7) ...
2026-09-08T05:58:51.9375848Z Processing triggers for man-db (2.12.0-4build2) ...
2026-09-08T05:58:51.9444955Z Not building database; man-db/auto-update is not 'true'.
2026-09-08T05:58:51.9462394Z Processing triggers for libc-bin (2.39-0ubuntu8.8) ...
2026-09-08T05:58:54.1947405Z 
2026-09-08T05:58:54.1948027Z Running kernel seems to be up-to-date.
2026-09-08T05:58:54.1948587Z 
2026-09-08T05:58:54.1948731Z No services need to be restarted.
2026-09-08T05:58:54.1948937Z 
2026-09-08T05:58:54.1949133Z No containers need to be restarted.
2026-09-08T05:58:54.1949331Z 
2026-09-08T05:58:54.1949625Z No user sessions are running outdated binaries.
2026-09-08T05:58:54.1949871Z 
2026-09-08T05:58:54.1950114Z No VM guests are running outdated hypervisor (qemu) binaries on this host.
2026-09-08T05:58:55.4590149Z ##[group]Run curl --fail --location --retry 3 --output "$RUNNER_TEMP/zig.tar.xz" "https://ziglang.org/download/0.16.0/zig-${ZIG_ARCH}-0.16.0.tar.xz"
2026-09-08T05:58:55.4592204Z [36;1mcurl --fail --location --retry 3 --output "$RUNNER_TEMP/zig.tar.xz" "https://ziglang.org/download/0.16.0/zig-${ZIG_ARCH}-0.16.0.tar.xz"[0m
2026-09-08T05:58:55.4593078Z [36;1mecho "$ZIG_SHA256  $RUNNER_TEMP/zig.tar.xz" | sha256sum --check --strict[0m
2026-09-08T05:58:55.4593491Z [36;1mmkdir "$RUNNER_TEMP/zig"[0m
2026-09-08T05:58:55.4593957Z [36;1mtar -xJf "$RUNNER_TEMP/zig.tar.xz" -C "$RUNNER_TEMP/zig" --strip-components=1[0m
2026-09-08T05:58:55.4594431Z [36;1mecho "$RUNNER_TEMP/zig" >> "$GITHUB_PATH"[0m
2026-09-08T05:58:55.4629280Z shell: /usr/bin/bash -e {0}
2026-09-08T05:58:55.4629608Z env:
2026-09-08T05:58:55.4630037Z   pythonLocation: /opt/hostedtoolcache/Python/3.14.7/arm64
2026-09-08T05:58:55.4630478Z   PKG_CONFIG_PATH: /opt/hostedtoolcache/Python/3.14.7/arm64/lib/pkgconfig
2026-09-08T05:58:55.4631481Z   Python_ROOT_DIR: /opt/hostedtoolcache/Python/3.14.7/arm64
2026-09-08T05:58:55.4631906Z   Python2_ROOT_DIR: /opt/hostedtoolcache/Python/3.14.7/arm64
2026-09-08T05:58:55.4632348Z   Python3_ROOT_DIR: /opt/hostedtoolcache/Python/3.14.7/arm64
2026-09-08T05:58:55.4632765Z   LD_LIBRARY_PATH: /opt/hostedtoolcache/Python/3.14.7/arm64/lib
2026-09-08T05:58:55.4633193Z   INSTALL_DIR_FOR_OTP: /home/runner/work/_temp/.setup-beam/otp
2026-09-08T05:58:55.4634044Z   INSTALL_DIR_FOR_ELIXIR: /home/runner/work/_temp/.setup-beam/elixir
2026-09-08T05:58:55.4634433Z   ZIG_ARCH: aarch64-linux
2026-09-08T05:58:55.4634806Z   ZIG_SHA256: ea4b09bfb22ec6f6c6ceac57ab63efb6b46e17ab08d21f69f3a48b38e1534f17
2026-09-08T05:58:55.4635250Z ##[endgroup]
2026-09-08T05:58:55.4741076Z   % Total    % Received % Xferd  Average Speed   Time    Time     Time  Current
2026-09-08T05:58:55.4741618Z                                  Dload  Upload   Total   Spent    Left  Speed
2026-09-08T05:58:55.4741920Z 
2026-09-08T05:58:56.2271078Z   0     0    0     0    0     0      0      0 --:--:-- --:--:-- --:--:--     0
2026-09-08T05:58:57.1965285Z   0 48.8M    0 65274    0     0  86698      0  0:09:50 --:--:--  0:09:50 86685
2026-09-08T05:58:58.1961944Z   4 48.8M    4 2031k    0     0  1179k      0  0:00:42  0:00:01  0:00:41 1179k
2026-09-08T05:58:59.1972204Z  32 48.8M   32 15.9M    0     0  6006k      0  0:00:08  0:00:02  0:00:06 6005k
2026-09-08T05:58:59.9146812Z  71 48.8M   71 34.8M    0     0  9586k      0  0:00:05  0:00:03  0:00:02 9585k
2026-09-08T05:58:59.9147511Z 100 48.8M  100 48.8M    0     0  10.9M      0  0:00:04  0:00:04 --:--:-- 10.9M
2026-09-08T05:58:59.9515035Z /home/runner/work/_temp/zig.tar.xz: OK
2026-09-08T05:59:02.6321732Z ##[group]Run python3 scripts/source_routing_checks.py --destination "$RUNNER_TEMP/routing"
2026-09-08T05:59:02.6322614Z [36;1mpython3 scripts/source_routing_checks.py --destination "$RUNNER_TEMP/routing"[0m
2026-09-08T05:59:02.6357947Z shell: /usr/bin/bash -e {0}
2026-09-08T05:59:02.6358250Z env:
2026-09-08T05:59:02.6358526Z   pythonLocation: /opt/hostedtoolcache/Python/3.14.7/arm64
2026-09-08T05:59:02.6359045Z   PKG_CONFIG_PATH: /opt/hostedtoolcache/Python/3.14.7/arm64/lib/pkgconfig
2026-09-08T05:59:02.6359516Z   Python_ROOT_DIR: /opt/hostedtoolcache/Python/3.14.7/arm64
2026-09-08T05:59:02.6359974Z   Python2_ROOT_DIR: /opt/hostedtoolcache/Python/3.14.7/arm64
2026-09-08T05:59:02.6360376Z   Python3_ROOT_DIR: /opt/hostedtoolcache/Python/3.14.7/arm64
2026-09-08T05:59:02.6361040Z   LD_LIBRARY_PATH: /opt/hostedtoolcache/Python/3.14.7/arm64/lib
2026-09-08T05:59:02.6361510Z   INSTALL_DIR_FOR_OTP: /home/runner/work/_temp/.setup-beam/otp
2026-09-08T05:59:02.6362030Z   INSTALL_DIR_FOR_ELIXIR: /home/runner/work/_temp/.setup-beam/elixir
2026-09-08T05:59:02.6362463Z ##[endgroup]
2026-09-08T05:59:04.2582261Z 9 ownership/configuration rejections; fetch/OpenSSL/CMake/bridge routes use private paths
2026-09-08T05:59:04.2583213Z Commands were captured, not executed; native source compilation remains unproved
2026-09-08T05:59:04.2918364Z ##[group]Run python3 - <<'PY'
2026-09-08T05:59:04.2918653Z [36;1mpython3 - <<'PY'[0m
2026-09-08T05:59:04.2918858Z [36;1mimport os, sys[0m
2026-09-08T05:59:04.2919065Z [36;1mfrom pathlib import Path[0m
2026-09-08T05:59:04.2919305Z [36;1msys.path.insert(0, 'scripts')[0m
2026-09-08T05:59:04.2919560Z [36;1mfrom linux_sandbox import probe[0m
2026-09-08T05:59:04.2919879Z [36;1mwork = Path(os.environ['RUNNER_TEMP']) / 'isolation-probe'[0m
2026-09-08T05:59:04.2920206Z [36;1mwork.mkdir()[0m
2026-09-08T05:59:04.2920397Z [36;1mprobe(work, [])[0m
2026-09-08T05:59:04.2920814Z [36;1mPY[0m
2026-09-08T05:59:04.2955627Z shell: /usr/bin/bash -e {0}
2026-09-08T05:59:04.2955860Z env:
2026-09-08T05:59:04.2956095Z   pythonLocation: /opt/hostedtoolcache/Python/3.14.7/arm64
2026-09-08T05:59:04.2956734Z   PKG_CONFIG_PATH: /opt/hostedtoolcache/Python/3.14.7/arm64/lib/pkgconfig
2026-09-08T05:59:04.2957134Z   Python_ROOT_DIR: /opt/hostedtoolcache/Python/3.14.7/arm64
2026-09-08T05:59:04.2957532Z   Python2_ROOT_DIR: /opt/hostedtoolcache/Python/3.14.7/arm64
2026-09-08T05:59:04.2957889Z   Python3_ROOT_DIR: /opt/hostedtoolcache/Python/3.14.7/arm64
2026-09-08T05:59:04.2958245Z   LD_LIBRARY_PATH: /opt/hostedtoolcache/Python/3.14.7/arm64/lib
2026-09-08T05:59:04.2958613Z   INSTALL_DIR_FOR_OTP: /home/runner/work/_temp/.setup-beam/otp
2026-09-08T05:59:04.2958995Z   INSTALL_DIR_FOR_ELIXIR: /home/runner/work/_temp/.setup-beam/elixir
2026-09-08T05:59:04.2959313Z ##[endgroup]
2026-09-08T05:59:04.4520960Z Linux namespace probe passed: build trees hidden, compiler paths masked, external network unavailable
2026-09-08T05:59:04.4701138Z {"command": ["sudo", "-E", "bwrap", "--die-with-parent", "--unshare-pid", "--ro-bind", "/", "/", "--dev", "/dev", "--proc", "/proc", "--bind", "/home/runner/work/_temp/isolation-probe", "/home/runner/work/_temp/isolation-probe", "--unshare-net", "--tmpfs", "/home/runner/work/Aphid/Aphid", "--ro-bind", "/dev/null", "/home/runner/work/_temp/zig/zig", "--ro-bind", "/dev/null", "/usr/bin/aarch64-linux-gnu-as", "--ro-bind", "/dev/null", "/usr/bin/aarch64-linux-gnu-g++-12", "--ro-bind", "/dev/null", "/usr/bin/aarch64-linux-gnu-g++-13", "--ro-bind", "/dev/null", "/usr/bin/aarch64-linux-gnu-g++-14", "--ro-bind", "/dev/null", "/usr/bin/aarch64-linux-gnu-gcc-12", "--ro-bind", "/dev/null", "/usr/bin/aarch64-linux-gnu-gcc-13", "--ro-bind", "/dev/null", "/usr/bin/aarch64-linux-gnu-gcc-14", "--ro-bind", "/dev/null", "/usr/bin/aarch64-linux-gnu-ld.bfd", "--ro-bind", "/dev/null", "/usr/bin/c89-gcc", "--ro-bind", "/dev/null", "/usr/bin/c99-gcc", "--ro-bind", "/dev/null", "/usr/bin/cmake", "--ro-bind", "/dev/null", "/usr/bin/make", "--ro-bind", "/dev/null", "/usr/bin/ninja", "--ro-bind", "/dev/null", "/usr/lib/llvm-16/bin/clang", "--ro-bind", "/dev/null", "/usr/lib/llvm-16/bin/lld", "--ro-bind", "/dev/null", "/usr/lib/llvm-16/bin/llvm-as", "--ro-bind", "/dev/null", "/usr/lib/llvm-17/bin/clang", "--ro-bind", "/dev/null", "/usr/lib/llvm-17/bin/lld", "--ro-bind", "/dev/null", "/usr/lib/llvm-17/bin/llvm-as", "--ro-bind", "/dev/null", "/usr/lib/llvm-18/bin/clang", "--ro-bind", "/dev/null", "/usr/lib/llvm-18/bin/lld", "--ro-bind", "/dev/null", "/usr/lib/llvm-18/bin/llvm-as", "--ro-bind", "/dev/null", "/usr/local/bin/cmake", "--ro-bind", "/dev/null", "/usr/local/bin/ninja", "--cap-add", "CAP_SETUID", "--cap-add", "CAP_SETGID", "--cap-add", "CAP_SETPCAP", "--clearenv", "--setenv", "LANG", "C.UTF-8", "--setenv", "HOME", "/home/runner", "--setenv", "PATH", "/home/runner/work/_temp/zig:/home/runner/work/_temp/.setup-beam/elixir/bin:/home/runner/.mix/escripts:/home/runner/work/_temp/.setup-beam/otp/bin:/opt/hostedtoolcache/Python/3.14.7/arm64/bin:/opt/hostedtoolcache/Python/3.14.7/arm64:/snap/bin:/home/runner/.local/bin:/opt/pipx_bin:/home/runner/.cargo/bin:/home/runner/.config/composer/vendor/bin:/home/runner/.dotnet/tools:/usr/local/sbin:/usr/local/bin:/usr/sbin:/usr/bin:/sbin:/bin:/usr/games:/usr/local/games:/snap/bin", "--", "/usr/bin/setpriv", "--reuid", "1001", "--regid", "1001", "--clear-groups", "--bounding-set=-all", "--no-new-privs", "--", "/opt/hostedtoolcache/Python/3.14.7/arm64/bin/python3", "/home/runner/work/_temp/isolation-probe/isolation-check.py"], "cwd": "/home/runner/work/_temp/isolation-probe", "exit": 0, "seconds": 0.114}
2026-09-08T05:59:04.6983503Z UTF-8 runtime filename mode verified
2026-09-08T05:59:04.7348047Z {"command": ["sudo", "-E", "bwrap", "--die-with-parent", "--unshare-pid", "--ro-bind", "/", "/", "--dev", "/dev", "--proc", "/proc", "--bind", "/home/runner/work/_temp/isolation-probe", "/home/runner/work/_temp/isolation-probe", "--unshare-net", "--tmpfs", "/home/runner/work/Aphid/Aphid", "--ro-bind", "/dev/null", "/home/runner/work/_temp/zig/zig", "--ro-bind", "/dev/null", "/usr/bin/aarch64-linux-gnu-as", "--ro-bind", "/dev/null", "/usr/bin/aarch64-linux-gnu-g++-12", "--ro-bind", "/dev/null", "/usr/bin/aarch64-linux-gnu-g++-13", "--ro-bind", "/dev/null", "/usr/bin/aarch64-linux-gnu-g++-14", "--ro-bind", "/dev/null", "/usr/bin/aarch64-linux-gnu-gcc-12", "--ro-bind", "/dev/null", "/usr/bin/aarch64-linux-gnu-gcc-13", "--ro-bind", "/dev/null", "/usr/bin/aarch64-linux-gnu-gcc-14", "--ro-bind", "/dev/null", "/usr/bin/aarch64-linux-gnu-ld.bfd", "--ro-bind", "/dev/null", "/usr/bin/c89-gcc", "--ro-bind", "/dev/null", "/usr/bin/c99-gcc", "--ro-bind", "/dev/null", "/usr/bin/cmake", "--ro-bind", "/dev/null", "/usr/bin/make", "--ro-bind", "/dev/null", "/usr/bin/ninja", "--ro-bind", "/dev/null", "/usr/lib/llvm-16/bin/clang", "--ro-bind", "/dev/null", "/usr/lib/llvm-16/bin/lld", "--ro-bind", "/dev/null", "/usr/lib/llvm-16/bin/llvm-as", "--ro-bind", "/dev/null", "/usr/lib/llvm-17/bin/clang", "--ro-bind", "/dev/null", "/usr/lib/llvm-17/bin/lld", "--ro-bind", "/dev/null", "/usr/lib/llvm-17/bin/llvm-as", "--ro-bind", "/dev/null", "/usr/lib/llvm-18/bin/clang", "--ro-bind", "/dev/null", "/usr/lib/llvm-18/bin/lld", "--ro-bind", "/dev/null", "/usr/lib/llvm-18/bin/llvm-as", "--ro-bind", "/dev/null", "/usr/local/bin/cmake", "--ro-bind", "/dev/null", "/usr/local/bin/ninja", "--cap-add", "CAP_SETUID", "--cap-add", "CAP_SETGID", "--cap-add", "CAP_SETPCAP", "--clearenv", "--setenv", "LANG", "C.UTF-8", "--setenv", "HOME", "/home/runner", "--setenv", "PATH", "/home/runner/work/_temp/zig:/home/runner/work/_temp/.setup-beam/elixir/bin:/home/runner/.mix/escripts:/home/runner/work/_temp/.setup-beam/otp/bin:/opt/hostedtoolcache/Python/3.14.7/arm64/bin:/opt/hostedtoolcache/Python/3.14.7/arm64:/snap/bin:/home/runner/.local/bin:/opt/pipx_bin:/home/runner/.cargo/bin:/home/runner/.config/composer/vendor/bin:/home/runner/.dotnet/tools:/usr/local/sbin:/usr/local/bin:/usr/sbin:/usr/bin:/sbin:/bin:/usr/games:/usr/local/games:/snap/bin", "--", "/usr/bin/setpriv", "--reuid", "1001", "--regid", "1001", "--clear-groups", "--bounding-set=-all", "--no-new-privs", "--", "/home/runner/work/_temp/.setup-beam/elixir/bin/elixir", "-e", ":utf8 = :file.native_name_encoding(); IO.puts(\"UTF-8 runtime filename mode verified\")"], "cwd": "/home/runner/work/_temp/isolation-probe", "exit": 0, "seconds": 0.264}
2026-09-08T05:59:04.7455761Z ##[group]Run python3 -u scripts/linux_ci.py --target "$APHID_TARGET" --work "$RUNNER_TEMP/aphid-preflight" --toolchain-only
2026-09-08T05:59:04.7456572Z [36;1mpython3 -u scripts/linux_ci.py --target "$APHID_TARGET" --work "$RUNNER_TEMP/aphid-preflight" --toolchain-only[0m
2026-09-08T05:59:04.7491346Z shell: /usr/bin/bash -e {0}
2026-09-08T05:59:04.7491578Z env:
2026-09-08T05:59:04.7491816Z   pythonLocation: /opt/hostedtoolcache/Python/3.14.7/arm64
2026-09-08T05:59:04.7492217Z   PKG_CONFIG_PATH: /opt/hostedtoolcache/Python/3.14.7/arm64/lib/pkgconfig
2026-09-08T05:59:04.7492610Z   Python_ROOT_DIR: /opt/hostedtoolcache/Python/3.14.7/arm64
2026-09-08T05:59:04.7492963Z   Python2_ROOT_DIR: /opt/hostedtoolcache/Python/3.14.7/arm64
2026-09-08T05:59:04.7493319Z   Python3_ROOT_DIR: /opt/hostedtoolcache/Python/3.14.7/arm64
2026-09-08T05:59:04.7493698Z   LD_LIBRARY_PATH: /opt/hostedtoolcache/Python/3.14.7/arm64/lib
2026-09-08T05:59:04.7494139Z   INSTALL_DIR_FOR_OTP: /home/runner/work/_temp/.setup-beam/otp
2026-09-08T05:59:04.7494522Z   INSTALL_DIR_FOR_ELIXIR: /home/runner/work/_temp/.setup-beam/elixir
2026-09-08T05:59:04.7494856Z   APHID_TARGET: aarch64-linux-gnu
2026-09-08T05:59:04.7495070Z ##[endgroup]
2026-09-08T05:59:04.8212067Z {"target": "aarch64-linux-gnu", "host": {"system": "Linux", "node": "runnervmfx5wp", "release": "6.17.0-1022-azure", "version": "#22-Ubuntu SMP Mon Jul 27 17:12:01 UTC 2026", "machine": "aarch64", "processor": "aarch64"}, "disk_free": 114905210880}
2026-09-08T05:59:04.8223673Z glibc 2.39
2026-09-08T05:59:04.8228882Z {"command": ["getconf", "GNU_LIBC_VERSION"], "cwd": "/home/runner/work/Aphid/Aphid", "exit": 0, "seconds": 0.002}
2026-09-08T05:59:04.8357686Z Architecture:                            aarch64
2026-09-08T05:59:04.8358043Z CPU op-mode(s):                          32-bit, 64-bit
2026-09-08T05:59:04.8358889Z Byte Order:                              Little Endian
2026-09-08T05:59:04.8359201Z CPU(s):                                  4
2026-09-08T05:59:04.8359499Z On-line CPU(s) list:                     0-3
2026-09-08T05:59:04.8359784Z Vendor ID:                               ARM
2026-09-08T05:59:04.8360109Z Model name:                              Neoverse-N2
2026-09-08T05:59:04.8360415Z Model:                                   0
2026-09-08T05:59:04.8360947Z Thread(s) per core:                      1
2026-09-08T05:59:04.8361227Z Core(s) per socket:                      4
2026-09-08T05:59:04.8361511Z Socket(s):                               1
2026-09-08T05:59:04.8361796Z Stepping:                                r0p0
2026-09-08T05:59:04.8362102Z BogoMIPS:                                2000.00
2026-09-08T05:59:04.8363177Z Flags:                                   fp asimd evtstrm aes pmull sha1 sha2 crc32 atomics fphp asimdhp cpuid asimdrdm jscvt fcma lrcpc dcpop sha3 sm3 sm4 asimddp sha512 sve asimdfhm uscat ilrcpc flagm sb paca pacg dcpodp sve2 sveaes svebitperm svesha3 svesm4 flagm2 frint svei8mm svebf16 i8mm bf16
2026-09-08T05:59:04.8364262Z L1d cache:                               256 KiB (4 instances)
2026-09-08T05:59:04.8364600Z L1i cache:                               256 KiB (4 instances)
2026-09-08T05:59:04.8364931Z L2 cache:                                4 MiB (4 instances)
2026-09-08T05:59:04.8365256Z L3 cache:                                128 MiB (1 instance)
2026-09-08T05:59:04.8365558Z NUMA node(s):                            1
2026-09-08T05:59:04.8365828Z NUMA node0 CPU(s):                       0-3
2026-09-08T05:59:04.8366160Z Vulnerability Gather data sampling:      Not affected
2026-09-08T05:59:04.8366512Z Vulnerability Ghostwrite:                Not affected
2026-09-08T05:59:04.8366867Z Vulnerability Indirect target selection: Not affected
2026-09-08T05:59:04.8367221Z Vulnerability Itlb multihit:             Not affected
2026-09-08T05:59:04.8367567Z Vulnerability L1tf:                      Not affected
2026-09-08T05:59:04.8367904Z Vulnerability Mds:                       Not affected
2026-09-08T05:59:04.8368704Z Vulnerability Meltdown:                  Not affected
2026-09-08T05:59:04.8369086Z Vulnerability Mmio stale data:           Not affected
2026-09-08T05:59:04.8369433Z Vulnerability Old microcode:             Not affected
2026-09-08T05:59:04.8369790Z Vulnerability Reg file data sampling:    Not affected
2026-09-08T05:59:04.8370140Z Vulnerability Retbleed:                  Not affected
2026-09-08T05:59:04.8370487Z Vulnerability Spec rstack overflow:      Not affected
2026-09-08T05:59:04.8371349Z Vulnerability Spec store bypass:         Mitigation; Speculative Store Bypass disabled via prctl
2026-09-08T05:59:04.8371908Z Vulnerability Spectre v1:                Mitigation; __user pointer sanitization
2026-09-08T05:59:04.8372365Z Vulnerability Spectre v2:                Mitigation; CSV2, BHB
2026-09-08T05:59:04.8372738Z Vulnerability Srbds:                     Not affected
2026-09-08T05:59:04.8373093Z Vulnerability Tsa:                       Not affected
2026-09-08T05:59:04.8373437Z Vulnerability Tsx async abort:           Not affected
2026-09-08T05:59:04.8373789Z Vulnerability Vmscape:                   Not affected
2026-09-08T05:59:04.8438627Z {"command": ["lscpu"], "cwd": "/home/runner/work/Aphid/Aphid", "exit": 0, "seconds": 0.021}
2026-09-08T05:59:04.8453855Z                total        used        free      shared  buff/cache   available
2026-09-08T05:59:04.8454307Z Mem:     16722010112  1341693952 12534611968    50327552  3170459648 15380316160
2026-09-08T05:59:04.8454679Z Swap:     3221221376           0  3221221376
2026-09-08T05:59:04.8476621Z {"command": ["free", "-b"], "cwd": "/home/runner/work/Aphid/Aphid", "exit": 0, "seconds": 0.004}
2026-09-08T05:59:04.9036830Z c++ (Ubuntu 13.3.0-6ubuntu2~24.04.1) 13.3.0
2026-09-08T05:59:04.9037191Z Copyright (C) 2023 Free Software Foundation, Inc.
2026-09-08T05:59:04.9037601Z This is free software; see the source for copying conditions.  There is NO
2026-09-08T05:59:04.9038592Z warranty; not even for MERCHANTABILITY or FITNESS FOR A PARTICULAR PURPOSE.
2026-09-08T05:59:04.9038893Z 
2026-09-08T05:59:04.9167125Z {"command": ["c++", "--version"], "cwd": "/home/runner/work/Aphid/Aphid", "exit": 0, "seconds": 0.069}
2026-09-08T05:59:05.3132480Z cmake version 3.31.6
2026-09-08T05:59:05.3132674Z 
2026-09-08T05:59:05.3132886Z CMake suite maintained and supported by Kitware (kitware.com/cmake).
2026-09-08T05:59:05.3367037Z {"command": ["cmake", "--version"], "cwd": "/home/runner/work/Aphid/Aphid", "exit": 0, "seconds": 0.42}
2026-09-08T05:59:05.3523032Z 1.13.2
2026-09-08T05:59:05.3573822Z {"command": ["ninja", "--version"], "cwd": "/home/runner/work/Aphid/Aphid", "exit": 0, "seconds": 0.021}
2026-09-08T05:59:05.3602294Z 0.16.0
2026-09-08T05:59:05.3650789Z {"command": ["zig", "version"], "cwd": "/home/runner/work/Aphid/Aphid", "exit": 0, "seconds": 0.008}
2026-09-08T05:59:05.5536033Z Erlang/OTP 29 [erts-17.0.4] [source] [64-bit] [smp:4:4] [ds:4:4:10] [async-threads:1] [jit]
2026-09-08T05:59:05.5536458Z 
2026-09-08T05:59:05.5574344Z Elixir 1.20.0 (compiled with Erlang/OTP 29)
2026-09-08T05:59:05.5798553Z {"command": ["elixir", "--version"], "cwd": "/home/runner/work/Aphid/Aphid", "exit": 0, "seconds": 0.215}
2026-09-08T05:59:06.5026800Z * creating /home/runner/.mix/archives/hex-2.5.1
2026-09-08T05:59:06.5473697Z {"command": ["mix", "local.hex", "--force"], "cwd": "/home/runner/work/_temp/aphid-preflight/toolchain-source", "exit": 0, "seconds": 0.966}
2026-09-08T05:59:07.5728430Z Resolving Hex dependencies...
2026-09-08T05:59:07.5948294Z Resolution completed in 0.02s
2026-09-08T05:59:07.5962722Z Unchanged:
2026-09-08T05:59:07.5962932Z   earmark_parser 1.4.46
2026-09-08T05:59:07.5970911Z   ex_doc 0.39.1
2026-09-08T05:59:07.5971448Z   makeup 1.2.2
2026-09-08T05:59:07.5972333Z   makeup_elixir 1.0.1
2026-09-08T05:59:07.5972567Z   makeup_erlang 1.1.0
2026-09-08T05:59:07.5972778Z   nimble_parsec 1.4.2
2026-09-08T05:59:07.5973027Z   pegasus 0.2.6
2026-09-08T05:59:07.5973231Z   protoss 1.1.0
2026-09-08T05:59:07.5973417Z   telemetry 1.4.2
2026-09-08T05:59:07.5973607Z   zig_doc 0.7.0
2026-09-08T05:59:07.5973789Z   zig_get 0.16.0
2026-09-08T05:59:07.5974381Z   zig_parser 0.7.0
2026-09-08T05:59:07.5974607Z   zigler 0.16.0
2026-09-08T05:59:07.6029571Z * Getting zigler (Hex package)
2026-09-08T05:59:07.8526479Z * Getting telemetry (Hex package)
2026-09-08T05:59:07.8600154Z * Getting protoss (Hex package)
2026-09-08T05:59:07.8630962Z * Getting zig_doc (Hex package)
2026-09-08T05:59:07.8688716Z * Getting zig_get (Hex package)
2026-09-08T05:59:07.8719926Z * Getting zig_parser (Hex package)
2026-09-08T05:59:07.8842200Z * Getting pegasus (Hex package)
2026-09-08T05:59:07.8884748Z * Getting nimble_parsec (Hex package)
2026-09-08T05:59:07.8922885Z * Getting ex_doc (Hex package)
2026-09-08T05:59:07.9123422Z * Getting earmark_parser (Hex package)
2026-09-08T05:59:07.9222548Z * Getting makeup_elixir (Hex package)
2026-09-08T05:59:07.9274042Z * Getting makeup_erlang (Hex package)
2026-09-08T05:59:07.9313344Z * Getting makeup (Hex package)
2026-09-08T05:59:07.9612428Z {"command": ["mix", "deps.get"], "cwd": "/home/runner/work/_temp/aphid-preflight/toolchain-source/_build/toolchain-proof", "exit": 0, "seconds": 1.367}
2026-09-08T05:59:08.5210833Z ==> earmark_parser
2026-09-08T05:59:08.5223551Z Compiling 2 files (.xrl)
2026-09-08T05:59:08.5423985Z Compiling 1 file (.yrl)
2026-09-08T05:59:08.5666109Z Compiling 3 files (.erl)
2026-09-08T05:59:08.6828262Z Compiling 32 files (.ex)
2026-09-08T05:59:09.0885718Z Generated earmark_parser app
2026-09-08T05:59:09.1031161Z ==> protoss
2026-09-08T05:59:09.1032126Z Compiling 1 file (.ex)
2026-09-08T05:59:09.1465542Z Generated protoss app
2026-09-08T05:59:09.1665660Z ==> zig_get
2026-09-08T05:59:09.1665945Z Compiling 1 file (.ex)
2026-09-08T05:59:09.2340277Z Generated zig_get app
2026-09-08T05:59:09.2484475Z ==> nimble_parsec
2026-09-08T05:59:09.2485218Z Compiling 4 files (.ex)
2026-09-08T05:59:09.4628552Z Generated nimble_parsec app
2026-09-08T05:59:09.4734713Z ==> pegasus
2026-09-08T05:59:09.4735169Z Compiling 11 files (.ex)
2026-09-08T05:59:11.3028780Z Generated pegasus app
2026-09-08T05:59:11.3146407Z ==> zig_parser
2026-09-08T05:59:11.3147231Z Compiling 37 files (.ex)
2026-09-08T05:59:15.4651721Z     warning: incompatible types given to Map.replace!/3:
2026-09-08T05:59:15.4652235Z 
2026-09-08T05:59:15.4652579Z         Map.replace!(parse(args), :doc_comment, comment)
2026-09-08T05:59:15.4653086Z 
2026-09-08T05:59:15.4653336Z     the map:
2026-09-08T05:59:15.4653577Z 
2026-09-08T05:59:15.4653887Z         dynamic(%Zig.Parser.Test{block: %Zig.Parser.Block{}, location: nil})
2026-09-08T05:59:15.4654443Z 
2026-09-08T05:59:15.4654701Z     does not have all required keys:
2026-09-08T05:59:15.4654995Z 
2026-09-08T05:59:15.4655536Z         :doc_comment
2026-09-08T05:59:15.4655699Z 
2026-09-08T05:59:15.4655820Z     therefore this function will always raise
2026-09-08T05:59:15.4656022Z 
2026-09-08T05:59:15.4656123Z     where "args" was given the type:
2026-09-08T05:59:15.4656333Z 
2026-09-08T05:59:15.4656453Z         # type: dynamic(non_empty_list(term()))
2026-09-08T05:59:15.4656743Z         # from: lib/zig.parser/test.ex:16:10
2026-09-08T05:59:15.4657038Z         parse(args)
2026-09-08T05:59:15.4657158Z 
2026-09-08T05:59:15.4657258Z     where "comment" was given the type:
2026-09-08T05:59:15.4657433Z 
2026-09-08T05:59:15.4657525Z         # type: dynamic()
2026-09-08T05:59:15.4657749Z         # from: lib/zig.parser/test.ex
2026-09-08T05:59:15.4658077Z         [{:TestDecl, [start, {:doc_comment, comment} | args]} | rest_args]
2026-09-08T05:59:15.4658331Z 
2026-09-08T05:59:15.4658427Z     type warning found at:
2026-09-08T05:59:15.4658865Z     │
2026-09-08T05:59:15.4662088Z  17 │       |> Map.replace!(:doc_comment, comment)
2026-09-08T05:59:15.4662620Z     │              ~
2026-09-08T05:59:15.4662835Z     │
2026-09-08T05:59:15.4663176Z     └─ lib/zig.parser/test.ex:17:14: Zig.Parser.Test.post_traverse/5
2026-09-08T05:59:15.4663433Z 
2026-09-08T05:59:15.8381179Z Generated zig_parser app
2026-09-08T05:59:15.8557511Z ==> makeup
2026-09-08T05:59:15.8558105Z Compiling 15 files (.ex)
2026-09-08T05:59:16.1364384Z Generated makeup app
2026-09-08T05:59:16.1517222Z ==> makeup_elixir
2026-09-08T05:59:16.1517841Z Compiling 6 files (.ex)
2026-09-08T05:59:23.1089588Z Generated makeup_elixir app
2026-09-08T05:59:23.1253048Z ==> makeup_erlang
2026-09-08T05:59:23.1253874Z Compiling 4 files (.ex)
2026-09-08T05:59:33.0100840Z Generated makeup_erlang app
2026-09-08T05:59:33.0408468Z ==> ex_doc
2026-09-08T05:59:33.0409333Z Compiling 27 files (.ex)
2026-09-08T05:59:33.6651958Z      warning: the following clause cannot match because the previous clauses already matched all possible values:
2026-09-08T05:59:33.6652690Z 
2026-09-08T05:59:33.6653105Z          _ ->
2026-09-08T05:59:33.6653438Z 
2026-09-08T05:59:33.6653757Z      it attempts to match on the result of:
2026-09-08T05:59:33.6657385Z 
2026-09-08T05:59:33.6658271Z          result
2026-09-08T05:59:33.6659064Z 
2026-09-08T05:59:33.6659741Z      which has the already matched type:
2026-09-08T05:59:33.6660228Z 
2026-09-08T05:59:33.6660859Z          dynamic({:docs_v1, term(), term(), term(), term(), term(), term()} or {:error, term()})
2026-09-08T05:59:33.6661347Z 
2026-09-08T05:59:33.6664027Z      type warning found at:
2026-09-08T05:59:33.6665367Z      │
2026-09-08T05:59:33.6666327Z  124 │       _ ->
2026-09-08T05:59:33.6667203Z      │         ~
2026-09-08T05:59:33.6667469Z      │
2026-09-08T05:59:33.6667814Z      └─ lib/ex_doc/retriever.ex:124:9: ExDoc.Retriever.docs_chunk/1
2026-09-08T05:59:33.6668068Z 
2026-09-08T05:59:33.6668352Z      warning: this clause of defp favicon_path/1 is never used (or it will always fail/warn when invoked)
2026-09-08T05:59:33.6668789Z      │
2026-09-08T05:59:33.6669056Z  153 │   defp favicon_path(%{favicon: nil}), do: nil
2026-09-08T05:59:33.6669351Z      │        ~
2026-09-08T05:59:33.6669529Z      │
2026-09-08T05:59:33.6669974Z      └─ lib/ex_doc/formatter/html/templates.ex:153:8: ExDoc.Formatter.HTML.Templates.favicon_path/1
2026-09-08T05:59:33.6671294Z 
2026-09-08T05:59:33.6671584Z      warning: this clause of defp logo_path/1 is never used (or it will always fail/warn when invoked)
2026-09-08T05:59:33.6672058Z      │
2026-09-08T05:59:33.6672308Z  156 │   defp logo_path(%{logo: nil}), do: nil
2026-09-08T05:59:33.6672588Z      │        ~
2026-09-08T05:59:33.6672767Z      │
2026-09-08T05:59:33.6673190Z      └─ lib/ex_doc/formatter/html/templates.ex:156:8: ExDoc.Formatter.HTML.Templates.logo_path/1
2026-09-08T05:59:33.6673546Z 
2026-09-08T05:59:33.6714197Z      warning: the following clause will never match:
2026-09-08T05:59:33.6714559Z 
2026-09-08T05:59:33.6720320Z          nil ->
2026-09-08T05:59:33.6721145Z 
2026-09-08T05:59:33.6721547Z      because it attempts to match on the result of:
2026-09-08T05:59:33.6722092Z 
2026-09-08T05:59:33.6722419Z          ExDoc.Language.Source.fetch_type!(module_data, name, arity)
2026-09-08T05:59:33.6722818Z 
2026-09-08T05:59:33.6723223Z      which has type:
2026-09-08T05:59:33.6723790Z 
2026-09-08T05:59:33.6724074Z          dynamic(not false and not nil)
2026-09-08T05:59:33.6724619Z 
2026-09-08T05:59:33.6724908Z      type warning found at:
2026-09-08T05:59:33.6725770Z      │
2026-09-08T05:59:33.6726402Z  150 │         nil ->
2026-09-08T05:59:33.6727026Z      │         ~~~~~~
2026-09-08T05:59:33.6727607Z      │
2026-09-08T05:59:33.6728657Z      └─ lib/ex_doc/language/erlang.ex:150: ExDoc.Language.Erlang.type_data/6
2026-09-08T05:59:33.6729712Z 
2026-09-08T05:59:33.6731196Z      warning: the following clause is redundant:
2026-09-08T05:59:33.6731450Z 
2026-09-08T05:59:33.6731550Z          defp to_var({:<<>>, _, _}, _)
2026-09-08T05:59:33.6731719Z 
2026-09-08T05:59:33.6731801Z      it has type:
2026-09-08T05:59:33.6731919Z 
2026-09-08T05:59:33.6732037Z          dynamic({:<<>>, term(), term()}), dynamic()
2026-09-08T05:59:33.6732230Z 
2026-09-08T05:59:33.6732404Z      previous clauses have already matched on the following types:
2026-09-08T05:59:33.6732678Z 
2026-09-08T05:59:33.6732775Z          {:%{}, term(), term()}, term()
2026-09-08T05:59:33.6733024Z          {atom(), term(), term()}, term()
2026-09-08T05:59:33.6733197Z 
2026-09-08T05:59:33.6733875Z      │
2026-09-08T05:59:33.6734263Z  569 │   defp to_var({:<<>>, _, _}, _), do: {:binary, [], nil}
2026-09-08T05:59:33.6734590Z      │        ~
2026-09-08T05:59:33.6734772Z      │
2026-09-08T05:59:33.6735116Z      └─ lib/ex_doc/language/elixir.ex:569:8: ExDoc.Language.Elixir.to_var/2
2026-09-08T05:59:33.6735395Z 
2026-09-08T05:59:33.6764951Z      warning: the following clause is redundant:
2026-09-08T05:59:33.6765508Z 
2026-09-08T05:59:33.6766119Z          defp to_var({:{}, _, _}, _)
2026-09-08T05:59:33.6766884Z 
2026-09-08T05:59:33.6767506Z      it has type:
2026-09-08T05:59:33.6767918Z 
2026-09-08T05:59:33.6768251Z          dynamic({:{}, term(), term()}), dynamic()
2026-09-08T05:59:33.6768630Z 
2026-09-08T05:59:33.6769000Z      previous clauses have already matched on the following types:
2026-09-08T05:59:33.6769491Z 
2026-09-08T05:59:33.6769774Z          {:%{}, term(), term()}, term()
2026-09-08T05:59:33.6770255Z          {atom(), term(), term()}, term()
2026-09-08T05:59:33.6770741Z 
2026-09-08T05:59:33.6771121Z      │
2026-09-08T05:59:33.6771633Z  570 │   defp to_var({:{}, _, _}, _), do: {:tuple, [], nil}
2026-09-08T05:59:33.6772511Z      │        ~
2026-09-08T05:59:33.6773640Z      │
2026-09-08T05:59:33.6774270Z      └─ lib/ex_doc/language/elixir.ex:570:8: ExDoc.Language.Elixir.to_var/2
2026-09-08T05:59:33.6775007Z 
2026-09-08T05:59:33.6784208Z      warning: the following clause is redundant:
2026-09-08T05:59:33.6784420Z 
2026-09-08T05:59:33.6784551Z          defp to_var(float, _) when is_integer(float)
2026-09-08T05:59:33.6784755Z 
2026-09-08T05:59:33.6784837Z      it has type:
2026-09-08T05:59:33.6784955Z 
2026-09-08T05:59:33.6785253Z          integer(), dynamic()
2026-09-08T05:59:33.6785426Z 
2026-09-08T05:59:33.6785614Z      previous clauses have already matched on the following types:
2026-09-08T05:59:33.6786726Z 
2026-09-08T05:59:33.6787065Z          {:%{}, term(), term()}, term()
2026-09-08T05:59:33.6787386Z          {atom(), term(), term()}, term()
2026-09-08T05:59:33.6787656Z          {term(), term()}, term()
2026-09-08T05:59:33.6788032Z          integer(), term()
2026-09-08T05:59:33.6788169Z 
2026-09-08T05:59:33.6788785Z      │
2026-09-08T05:59:33.6789175Z  573 │   defp to_var(float, _) when is_integer(float), do: {:float, [], nil}
2026-09-08T05:59:33.6789543Z      │        ~
2026-09-08T05:59:33.6789991Z      │
2026-09-08T05:59:33.6790386Z      └─ lib/ex_doc/language/elixir.ex:573:8: ExDoc.Language.Elixir.to_var/2
2026-09-08T05:59:33.6791162Z 
2026-09-08T05:59:33.6849647Z Generated ex_doc app
2026-09-08T05:59:33.9664806Z ==> aphid
2026-09-08T05:59:33.9665769Z ===> Analyzing applications...
2026-09-08T05:59:34.0042221Z ===> Compiling telemetry
2026-09-08T05:59:34.2310751Z ==> zig_doc
2026-09-08T05:59:34.2311548Z Compiling 5 files (.ex)
2026-09-08T05:59:34.3928250Z     warning: the following clause will never match:
2026-09-08T05:59:34.3928599Z 
2026-09-08T05:59:34.3928714Z         {{:error, reason}, path} ->
2026-09-08T05:59:34.3928887Z 
2026-09-08T05:59:34.3928987Z     it is expected to match on type:
2026-09-08T05:59:34.3929183Z 
2026-09-08T05:59:34.3929262Z         dynamic(
2026-09-08T05:59:34.3929454Z           :error or
2026-09-08T05:59:34.3929775Z             ({term(), :read, binary() or empty_list() or non_empty_list(term(), term())} and
2026-09-08T05:59:34.3930286Z                not {{:ok, term()}, :read, binary() or empty_list() or non_empty_list(term(), term())})
2026-09-08T05:59:34.3930854Z         )
2026-09-08T05:59:34.3930959Z 
2026-09-08T05:59:34.3931052Z     type warning found at:
2026-09-08T05:59:34.3931508Z     │
2026-09-08T05:59:34.3931758Z  69 │       {{:error, reason}, path} ->
2026-09-08T05:59:34.3932054Z     │       ~~~~~~~~~~~~~~~~~~~~~~~~~~~
2026-09-08T05:59:34.3932284Z     │
2026-09-08T05:59:34.3932646Z     └─ lib/zig.doc/generator.ex:69: Zig.Doc.Generator.modulenode_from_config/3
2026-09-08T05:59:34.3932952Z 
2026-09-08T05:59:34.3957902Z Generated zig_doc app
2026-09-08T05:59:34.4154348Z ==> zigler
2026-09-08T05:59:34.4154639Z Compiling 50 files (.ex)
2026-09-08T05:59:34.4239056Z 
2026-09-08T05:59:34.4240425Z 05:59:34.422 [warning] not cross-compiling windows-msvc
2026-09-08T05:59:34.4468074Z      warning: clauses with the same name and arity (number of arguments) should be grouped together, "def render_elixir_spec/1" was previously defined (lib/zig/_nif.ex:373)
2026-09-08T05:59:34.4469037Z      │
2026-09-08T05:59:34.4469330Z  386 │   def render_elixir_spec(nif) do
2026-09-08T05:59:34.4469615Z      │       ~
2026-09-08T05:59:34.4469799Z      │
2026-09-08T05:59:34.4470021Z      └─ lib/zig/_nif.ex:386:7
2026-09-08T05:59:34.4470167Z 
2026-09-08T05:59:35.1142113Z      warning: unused require EEx
2026-09-08T05:59:35.1142687Z      │
2026-09-08T05:59:35.1142928Z  437 │   require EEx
2026-09-08T05:59:35.1143152Z      │   ~
2026-09-08T05:59:35.1143324Z      │
2026-09-08T05:59:35.1143545Z      └─ lib/zig/_nif.ex:437:3
2026-09-08T05:59:35.1143738Z 
2026-09-08T05:59:35.2830437Z 
2026-09-08T05:59:35.2832656Z 05:59:35.282 [debug] creating staging directory /home/runner/work/_temp/aphid-preflight/toolchain-source/staging/Elixir.Zig.Formatter
2026-09-08T05:59:35.2921191Z 
2026-09-08T05:59:35.2922739Z 05:59:35.291 [info] zig expected (via env variable) in /home/runner/work/_temp/zig/zig
2026-09-08T05:59:35.2923098Z 
2026-09-08T05:59:35.2923631Z 05:59:35.291 [debug] running command: /home/runner/work/_temp/zig/zig fmt /home/runner/work/_temp/aphid-preflight/toolchain-source/staging/Elixir.Zig.Formatter/build.zig
2026-09-08T05:59:35.3004411Z 
2026-09-08T05:59:35.3012093Z 05:59:35.300 [debug] wrote build.zig to /home/runner/work/_temp/aphid-preflight/toolchain-source/staging/Elixir.Zig.Formatter/build.zig
2026-09-08T05:59:35.3990742Z 
2026-09-08T05:59:35.3991680Z 05:59:35.398 [info] zig expected (via env variable) in /home/runner/work/_temp/zig/zig
2026-09-08T05:59:35.3992516Z 
2026-09-08T05:59:35.3994710Z 05:59:35.398 [debug] running command: /home/runner/work/_temp/zig/zig build -Dzigler-mode=sema -Derts_include=/home/runner/work/_temp/.setup-beam/otp/erts-17.0.4/include -Derl_nif_header=/home/runner/work/_temp/.setup-beam/otp/erts-17.0.4/include/erl_nif.h -Derl_nif_win_path=/home/runner/work/_temp/aphid-preflight/toolchain-source/_build/toolchain-proof/_build/test/lib/zigler/priv/erl_nif_win -Dzigler_priv=/home/runner/work/_temp/aphid-preflight/toolchain-source/_build/toolchain-proof/_build/test/lib/zigler/priv -Dmodule_root=/home/runner/work/_temp/aphid-preflight/toolchain-source/deps/zigler/lib/zig
2026-09-08T05:59:54.4177176Z Compiling lib/zig/formatter.ex (it's taking more than 10s)
2026-09-08T06:00:05.1222852Z 
2026-09-08T06:00:05.1223511Z 06:00:05.121 [info] zig expected (via env variable) in /home/runner/work/_temp/zig/zig
2026-09-08T06:00:05.1223872Z 
2026-09-08T06:00:05.1224414Z 06:00:05.121 [debug] running command: /home/runner/work/_temp/zig/zig fmt /home/runner/work/_temp/aphid-preflight/toolchain-source/staging/Elixir.Zig.Formatter/module.zig
2026-09-08T06:00:05.1264348Z 
2026-09-08T06:00:05.1265233Z 06:00:05.126 [debug] wrote module code to /home/runner/work/_temp/aphid-preflight/toolchain-source/staging/Elixir.Zig.Formatter/module.zig
2026-09-08T06:00:05.1267661Z 
2026-09-08T06:00:05.1268340Z 06:00:05.126 [info] zig expected (via env variable) in /home/runner/work/_temp/zig/zig
2026-09-08T06:00:05.1268656Z 
2026-09-08T06:00:05.1271259Z 06:00:05.126 [debug] running command: /home/runner/work/_temp/zig/zig build -Derts_include=/home/runner/work/_temp/.setup-beam/otp/erts-17.0.4/include -Derl_nif_header=/home/runner/work/_temp/.setup-beam/otp/erts-17.0.4/include/erl_nif.h -Derl_nif_win_path=/home/runner/work/_temp/aphid-preflight/toolchain-source/_build/toolchain-proof/_build/test/lib/zigler/priv/erl_nif_win -Dzigler_priv=/home/runner/work/_temp/aphid-preflight/toolchain-source/_build/toolchain-proof/_build/test/lib/zigler/priv -Dmodule_root=/home/runner/work/_temp/aphid-preflight/toolchain-source/deps/zigler/lib/zig --prefix /home/runner/work/_temp/aphid-preflight/toolchain-source/_build/toolchain-proof/_build/test/lib/zigler/priv
2026-09-08T06:01:09.7970963Z 
2026-09-08T06:01:09.7973331Z 06:01:09.796 [debug] compiled lib at: /home/runner/work/_temp/aphid-preflight/toolchain-source/_build/toolchain-proof/_build/test/lib/zigler/priv
2026-09-08T06:01:09.8019563Z 
2026-09-08T06:01:09.8727230Z 06:01:09.801 [debug] moved library to /home/runner/work/_temp/aphid-preflight/toolchain-source/_build/toolchain-proof/_build/test/lib/zigler/priv/lib/Elixir.Zig.Formatter.so
2026-09-08T06:01:09.8728001Z Generated zigler app
2026-09-08T06:01:09.8847306Z ==> aphid
2026-09-08T06:01:09.8847581Z Compiling 1 file (.ex)
2026-09-08T06:01:09.8893374Z 
2026-09-08T06:01:09.8894148Z 06:01:09.889 [debug] creating staging directory /home/runner/work/_temp/aphid-preflight/toolchain-source/staging/Elixir.Aphid.Proof
2026-09-08T06:01:09.8900243Z 
2026-09-08T06:01:09.8900887Z 06:01:09.889 [info] zig expected (via env variable) in /home/runner/work/_temp/zig/zig
2026-09-08T06:01:09.8901549Z 
2026-09-08T06:01:09.8902248Z 06:01:09.889 [debug] running command: /home/runner/work/_temp/zig/zig fmt /home/runner/work/_temp/aphid-preflight/toolchain-source/staging/Elixir.Aphid.Proof/build.zig
2026-09-08T06:01:09.8947608Z 
2026-09-08T06:01:09.8948480Z 06:01:09.894 [debug] wrote build.zig to /home/runner/work/_temp/aphid-preflight/toolchain-source/staging/Elixir.Aphid.Proof/build.zig
2026-09-08T06:01:09.9021461Z 
2026-09-08T06:01:09.9022041Z 06:01:09.901 [info] zig expected (via env variable) in /home/runner/work/_temp/zig/zig
2026-09-08T06:01:09.9022595Z 
2026-09-08T06:01:09.9025091Z 06:01:09.901 [debug] running command: /home/runner/work/_temp/zig/zig build -Dzigler-mode=sema -Derts_include=/home/runner/work/_temp/.setup-beam/otp/erts-17.0.4/include -Derl_nif_header=/home/runner/work/_temp/.setup-beam/otp/erts-17.0.4/include/erl_nif.h -Derl_nif_win_path=/home/runner/work/_temp/aphid-preflight/toolchain-source/_build/toolchain-proof/_build/test/lib/zigler/priv/erl_nif_win -Dzigler_priv=/home/runner/work/_temp/aphid-preflight/toolchain-source/_build/toolchain-proof/_build/test/lib/zigler/priv -Dmodule_root=/home/runner/work/_temp/aphid-preflight/toolchain-source/_build/toolchain-proof/lib/aphid
2026-09-08T06:01:19.8868124Z Compiling lib/aphid/proof.ex (it's taking more than 10s)
2026-09-08T06:01:24.4436763Z 
2026-09-08T06:01:24.4437406Z 06:01:24.443 [info] zig expected (via env variable) in /home/runner/work/_temp/zig/zig
2026-09-08T06:01:24.4439512Z 
2026-09-08T06:01:24.4440194Z 06:01:24.443 [debug] running command: /home/runner/work/_temp/zig/zig fmt /home/runner/work/_temp/aphid-preflight/toolchain-source/staging/Elixir.Aphid.Proof/module.zig
2026-09-08T06:01:24.4480922Z 
2026-09-08T06:01:24.4481542Z 06:01:24.447 [debug] wrote module code to /home/runner/work/_temp/aphid-preflight/toolchain-source/staging/Elixir.Aphid.Proof/module.zig
2026-09-08T06:01:24.4482724Z 
2026-09-08T06:01:24.4483262Z 06:01:24.448 [info] zig expected (via env variable) in /home/runner/work/_temp/zig/zig
2026-09-08T06:01:24.4484074Z 
2026-09-08T06:01:24.4487042Z 06:01:24.448 [debug] running command: /home/runner/work/_temp/zig/zig build -Derts_include=/home/runner/work/_temp/.setup-beam/otp/erts-17.0.4/include -Derl_nif_header=/home/runner/work/_temp/.setup-beam/otp/erts-17.0.4/include/erl_nif.h -Derl_nif_win_path=/home/runner/work/_temp/aphid-preflight/toolchain-source/_build/toolchain-proof/_build/test/lib/zigler/priv/erl_nif_win -Dzigler_priv=/home/runner/work/_temp/aphid-preflight/toolchain-source/_build/toolchain-proof/_build/test/lib/zigler/priv -Dmodule_root=/home/runner/work/_temp/aphid-preflight/toolchain-source/_build/toolchain-proof/lib/aphid -Dtarget=aarch64-linux-gnu -Dcpu=baseline --prefix /home/runner/work/_temp/aphid-preflight/toolchain-source/_build/toolchain-proof/_build/test/lib/aphid/priv
2026-09-08T06:01:30.3363522Z 
2026-09-08T06:01:30.3364832Z 06:01:30.336 [debug] compiled lib at: /home/runner/work/_temp/aphid-preflight/toolchain-source/_build/toolchain-proof/_build/test/lib/aphid/priv
2026-09-08T06:01:30.3395687Z 
2026-09-08T06:01:30.3396869Z 06:01:30.339 [debug] moved library to /home/runner/work/_temp/aphid-preflight/toolchain-source/_build/toolchain-proof/_build/test/lib/aphid/priv/lib/Elixir.Aphid.Proof.so
2026-09-08T06:01:30.5014863Z Generated aphid app
2026-09-08T06:01:30.5496710Z {"command": ["mix", "compile", "--force"], "cwd": "/home/runner/work/_temp/aphid-preflight/toolchain-source/_build/toolchain-proof", "exit": 0, "seconds": 142.588}
2026-09-08T06:01:31.1248303Z Running ExUnit with seed: 0, max_cases: 8
2026-09-08T06:01:31.1249085Z 
2026-09-08T06:01:31.1467467Z 
2026-09-08T06:01:31.1469269Z 06:01:31.145 [debug] loaded module at Elixir.Aphid.Proof
2026-09-08T06:01:31.1525376Z ..
2026-09-08T06:01:31.1540137Z Finished in 0.02 seconds (0.00s async, 0.02s sync)
2026-09-08T06:01:31.1541666Z 
2026-09-08T06:01:31.1541835Z Result: 2 passed
2026-09-08T06:01:31.1646768Z {"command": ["mix", "test", "--seed", "0"], "cwd": "/home/runner/work/_temp/aphid-preflight/toolchain-source/_build/toolchain-proof", "exit": 0, "seconds": 0.615}
2026-09-08T06:01:31.2117198Z 
2026-09-08T06:01:31.2117548Z Elf file type is DYN (Shared object file)
2026-09-08T06:01:31.2117879Z Entry point 0x0
2026-09-08T06:01:31.2118133Z There are 10 program headers, starting at offset 64
2026-09-08T06:01:31.2118349Z 
2026-09-08T06:01:31.2118440Z Program Headers:
2026-09-08T06:01:31.2118688Z   Type           Offset             VirtAddr           PhysAddr
2026-09-08T06:01:31.2119034Z                  FileSiz            MemSiz              Flags  Align
2026-09-08T06:01:31.2119401Z   PHDR           0x0000000000000040 0x0000000000000040 0x0000000000000040
2026-09-08T06:01:31.2119758Z                  0x0000000000000230 0x0000000000000230  R      0x8
2026-09-08T06:01:31.2120105Z   LOAD           0x0000000000000000 0x0000000000000000 0x0000000000000000
2026-09-08T06:01:31.2120462Z                  0x0000000000049a34 0x0000000000049a34  R      0x10000
2026-09-08T06:01:31.2121088Z   LOAD           0x0000000000049a40 0x0000000000059a40 0x0000000000059a40
2026-09-08T06:01:31.2122006Z                  0x0000000000151c90 0x0000000000151c90  R E    0x10000
2026-09-08T06:01:31.2122380Z   LOAD           0x000000000019b6d0 0x00000000001bb6d0 0x00000000001bb6d0
2026-09-08T06:01:31.2122747Z                  0x0000000000003718 0x0000000000003930  RW     0x10000
2026-09-08T06:01:31.2123108Z   LOAD           0x000000000019edf0 0x00000000001cedf0 0x00000000001cedf0
2026-09-08T06:01:31.2123468Z                  0x0000000000004f18 0x0000000000006810  RW     0x10000
2026-09-08T06:01:31.2123823Z   TLS            0x000000000019b6d0 0x00000000001ab6d0 0x00000000001ab6d0
2026-09-08T06:01:31.2124172Z                  0x0000000000000000 0x0000000000040048  R      0x8
2026-09-08T06:01:31.2124536Z   DYNAMIC        0x000000000019e850 0x00000000001be850 0x00000000001be850
2026-09-08T06:01:31.2124897Z                  0x0000000000000180 0x0000000000000180  RW     0x8
2026-09-08T06:01:31.2125255Z   GNU_RELRO      0x000000000019b6d0 0x00000000001bb6d0 0x00000000001bb6d0
2026-09-08T06:01:31.2125625Z                  0x0000000000003718 0x0000000000003930  R      0x1
2026-09-08T06:01:31.2125995Z   GNU_EH_FRAME   0x000000000001b6c0 0x000000000001b6c0 0x000000000001b6c0
2026-09-08T06:01:31.2126366Z                  0x000000000000522c 0x000000000000522c  R      0x4
2026-09-08T06:01:31.2126719Z   GNU_STACK      0x0000000000000000 0x0000000000000000 0x0000000000000000
2026-09-08T06:01:31.2127077Z                  0x0000000000000000 0x0000000000000000  RW     0x0
2026-09-08T06:01:31.2127284Z 
2026-09-08T06:01:31.2127386Z  Section to Segment mapping:
2026-09-08T06:01:31.2127613Z   Segment Sections...
2026-09-08T06:01:31.2127809Z    00     
2026-09-08T06:01:31.2128247Z    01     .dynsym .gnu.version .gnu.version_r .gnu.hash .hash .dynstr .rela.dyn .rela.plt .rodata .sema .eh_frame_hdr .eh_frame 
2026-09-08T06:01:31.2128749Z    02     .text .plt 
2026-09-08T06:01:31.2129015Z    03     .data.rel.ro .dynamic .got .got.plt .relro_padding 
2026-09-08T06:01:31.2129318Z    04     .data .bss 
2026-09-08T06:01:31.2129513Z    05     .tbss 
2026-09-08T06:01:31.2129695Z    06     .dynamic 
2026-09-08T06:01:31.2130298Z    07     .data.rel.ro .dynamic .got .got.plt .relro_padding 
2026-09-08T06:01:31.2130907Z    08     .eh_frame_hdr 
2026-09-08T06:01:31.2131109Z    09     
2026-09-08T06:01:31.2131210Z 
2026-09-08T06:01:31.2131369Z Dynamic section at offset 0x19e850 contains 24 entries:
2026-09-08T06:01:31.2131688Z   Tag        Type                         Name/Value
2026-09-08T06:01:31.2132033Z  0x000000000000001d (RUNPATH)            Library runpath: [$ORIGIN]
2026-09-08T06:01:31.2132438Z  0x0000000000000001 (NEEDED)             Shared library: [libc.so.6]
2026-09-08T06:01:31.2132857Z  0x0000000000000001 (NEEDED)             Shared library: [libpthread.so.0]
2026-09-08T06:01:31.2133323Z  0x000000000000000e (SONAME)             Library soname: [libElixir.Aphid.Proof.so.0]
2026-09-08T06:01:31.2133724Z  0x000000000000001e (FLAGS)              BIND_NOW
2026-09-08T06:01:31.2134032Z  0x000000006ffffffb (FLAGS_1)            Flags: NOW
2026-09-08T06:01:31.2134325Z  0x0000000000000007 (RELA)               0x1958
2026-09-08T06:01:31.2134627Z  0x0000000000000008 (RELASZ)             14976 (bytes)
2026-09-08T06:01:31.2134931Z  0x0000000000000009 (RELAENT)            24 (bytes)
2026-09-08T06:01:31.2135218Z  0x000000006ffffff9 (RELACOUNT)          619
2026-09-08T06:01:31.2135493Z  0x0000000000000017 (JMPREL)             0x53d8
2026-09-08T06:01:31.2135791Z  0x0000000000000002 (PLTRELSZ)           2808 (bytes)
2026-09-08T06:01:31.2136098Z  0x0000000000000003 (PLTGOT)             0x1bea28
2026-09-08T06:01:31.2136382Z  0x0000000000000014 (PLTREL)             RELA
2026-09-08T06:01:31.2136657Z  0x0000000000000006 (SYMTAB)             0x270
2026-09-08T06:01:31.2136938Z  0x000000000000000b (SYMENT)             24 (bytes)
2026-09-08T06:01:31.2137228Z  0x0000000000000005 (STRTAB)             0x1380
2026-09-08T06:01:31.2137519Z  0x000000000000000a (STRSZ)              1495 (bytes)
2026-09-08T06:01:31.2138145Z  0x000000006ffffef5 (GNU_HASH)           0xf60
2026-09-08T06:01:31.2138437Z  0x0000000000000004 (HASH)               0xfa0
2026-09-08T06:01:31.2138716Z  0x000000006ffffff0 (VERSYM)             0xdf8
2026-09-08T06:01:31.2139005Z  0x000000006ffffffe (VERNEED)            0xef0
2026-09-08T06:01:31.2139280Z  0x000000006fffffff (VERNEEDNUM)         2
2026-09-08T06:01:31.2139545Z  0x0000000000000000 (NULL)               0x0
2026-09-08T06:01:31.2356768Z {"command": ["readelf", "--program-headers", "--dynamic", "/home/runner/work/_temp/aphid-preflight/toolchain-source/artifacts/proof/Elixir.Aphid.Proof.so"], "cwd": "/home/runner/work/_temp/aphid-preflight/toolchain-source", "exit": 0, "seconds": 0.069}
2026-09-08T06:01:37.8931706Z {"elf_phase": "original", "symbol_scope": ["all"], "sanitizer_symbols": []}
2026-09-08T06:01:37.9211115Z {"elf_phase": "original", "symbol_scope": ["--undefined-only"], "sanitizer_symbols": []}
2026-09-08T06:01:37.9962118Z {"normalized_nif": "/home/runner/work/_temp/aphid-preflight/toolchain-source/artifacts/proof/Elixir.Aphid.Proof.so", "sha256": "140386465e317eed7518bc9c2247bc1d75646d89ed454e9d93a73aae49449630", "sema_sha256": "68e1e6e28ccfbafca6428d056253cbd8d065e6ed6aaa4a9a36680a1b20f2d555"}
2026-09-08T06:01:37.9971987Z 
2026-09-08T06:01:37.9972794Z Elf file type is DYN (Shared object file)
2026-09-08T06:01:37.9973110Z Entry point 0x0
2026-09-08T06:01:37.9973363Z There are 10 program headers, starting at offset 64
2026-09-08T06:01:37.9973578Z 
2026-09-08T06:01:37.9973668Z Program Headers:
2026-09-08T06:01:37.9973925Z   Type           Offset             VirtAddr           PhysAddr
2026-09-08T06:01:37.9974274Z                  FileSiz            MemSiz              Flags  Align
2026-09-08T06:01:37.9974637Z   PHDR           0x0000000000000040 0x0000000000000040 0x0000000000000040
2026-09-08T06:01:37.9974991Z                  0x0000000000000230 0x0000000000000230  R      0x8
2026-09-08T06:01:37.9975474Z   LOAD           0x0000000000000000 0x0000000000000000 0x0000000000000000
2026-09-08T06:01:37.9975870Z                  0x0000000000049a34 0x0000000000049a34  R      0x10000
2026-09-08T06:01:37.9976235Z   LOAD           0x0000000000049a40 0x0000000000059a40 0x0000000000059a40
2026-09-08T06:01:37.9977022Z                  0x0000000000151c90 0x0000000000151c90  R E    0x10000
2026-09-08T06:01:37.9977410Z   LOAD           0x000000000019b6d0 0x00000000001bb6d0 0x00000000001bb6d0
2026-09-08T06:01:37.9977771Z                  0x0000000000003718 0x0000000000003930  RW     0x10000
2026-09-08T06:01:37.9978134Z   LOAD           0x000000000019edf0 0x00000000001cedf0 0x00000000001cedf0
2026-09-08T06:01:37.9978500Z                  0x0000000000004f18 0x0000000000006810  RW     0x10000
2026-09-08T06:01:37.9978859Z   TLS            0x000000000019b6d0 0x00000000001ab6d0 0x00000000001ab6d0
2026-09-08T06:01:37.9979239Z                  0x0000000000000000 0x0000000000040048  R      0x8
2026-09-08T06:01:37.9979594Z   DYNAMIC        0x000000000019e850 0x00000000001be850 0x00000000001be850
2026-09-08T06:01:37.9979960Z                  0x0000000000000180 0x0000000000000180  RW     0x8
2026-09-08T06:01:37.9980346Z   GNU_RELRO      0x000000000019b6d0 0x00000000001bb6d0 0x00000000001bb6d0
2026-09-08T06:01:37.9980912Z                  0x0000000000003718 0x0000000000003930  R      0x1
2026-09-08T06:01:37.9981279Z   GNU_EH_FRAME   0x000000000001b6c0 0x000000000001b6c0 0x000000000001b6c0
2026-09-08T06:01:37.9981640Z                  0x000000000000522c 0x000000000000522c  R      0x4
2026-09-08T06:01:37.9981991Z   GNU_STACK      0x0000000000000000 0x0000000000000000 0x0000000000000000
2026-09-08T06:01:37.9982346Z                  0x0000000000000000 0x0000000000000000  RW     0x0
2026-09-08T06:01:37.9982555Z 
2026-09-08T06:01:37.9982650Z  Section to Segment mapping:
2026-09-08T06:01:37.9982883Z   Segment Sections...
2026-09-08T06:01:37.9983075Z    00     
2026-09-08T06:01:37.9983509Z    01     .dynsym .gnu.version .gnu.version_r .gnu.hash .hash .dynstr .rela.dyn .rela.plt .rodata .sema .eh_frame_hdr .eh_frame 
2026-09-08T06:01:37.9984281Z    02     .text .plt 
2026-09-08T06:01:37.9984539Z    03     .data.rel.ro .dynamic .got .got.plt .relro_padding 
2026-09-08T06:01:37.9984836Z    04     .data .bss 
2026-09-08T06:01:37.9985030Z    05     .tbss 
2026-09-08T06:01:37.9985218Z    06     .dynamic 
2026-09-08T06:01:37.9985461Z    07     .data.rel.ro .dynamic .got .got.plt .relro_padding 
2026-09-08T06:01:37.9985757Z    08     .eh_frame_hdr 
2026-09-08T06:01:37.9985954Z    09     
2026-09-08T06:01:37.9986054Z 
2026-09-08T06:01:37.9986207Z Dynamic section at offset 0x19e850 contains 24 entries:
2026-09-08T06:01:37.9986526Z   Tag        Type                         Name/Value
2026-09-08T06:01:37.9986875Z  0x000000000000001d (RUNPATH)            Library runpath: [$ORIGIN]
2026-09-08T06:01:37.9987284Z  0x0000000000000001 (NEEDED)             Shared library: [libc.so.6]
2026-09-08T06:01:37.9987709Z  0x0000000000000001 (NEEDED)             Shared library: [libpthread.so.0]
2026-09-08T06:01:37.9988175Z  0x000000000000000e (SONAME)             Library soname: [libElixir.Aphid.Proof.so.0]
2026-09-08T06:01:37.9988585Z  0x000000000000001e (FLAGS)              BIND_NOW
2026-09-08T06:01:37.9988881Z  0x000000006ffffffb (FLAGS_1)            Flags: NOW
2026-09-08T06:01:37.9989180Z  0x0000000000000007 (RELA)               0x1958
2026-09-08T06:01:37.9989479Z  0x0000000000000008 (RELASZ)             14976 (bytes)
2026-09-08T06:01:37.9989783Z  0x0000000000000009 (RELAENT)            24 (bytes)
2026-09-08T06:01:37.9990070Z  0x000000006ffffff9 (RELACOUNT)          619
2026-09-08T06:01:37.9990348Z  0x0000000000000017 (JMPREL)             0x53d8
2026-09-08T06:01:37.9990842Z  0x0000000000000002 (PLTRELSZ)           2808 (bytes)
2026-09-08T06:01:37.9991142Z  0x0000000000000003 (PLTGOT)             0x1bea28
2026-09-08T06:01:37.9991425Z  0x0000000000000014 (PLTREL)             RELA
2026-09-08T06:01:37.9991697Z  0x0000000000000006 (SYMTAB)             0x270
2026-09-08T06:01:37.9991982Z  0x000000000000000b (SYMENT)             24 (bytes)
2026-09-08T06:01:37.9992268Z  0x0000000000000005 (STRTAB)             0x1380
2026-09-08T06:01:37.9992564Z  0x000000000000000a (STRSZ)              1495 (bytes)
2026-09-08T06:01:37.9992861Z  0x000000006ffffef5 (GNU_HASH)           0xf60
2026-09-08T06:01:37.9993392Z  0x0000000000000004 (HASH)               0xfa0
2026-09-08T06:01:37.9993695Z  0x000000006ffffff0 (VERSYM)             0xdf8
2026-09-08T06:01:37.9993978Z  0x000000006ffffffe (VERNEED)            0xef0
2026-09-08T06:01:37.9994260Z  0x000000006fffffff (VERNEEDNUM)         2
2026-09-08T06:01:37.9994524Z  0x0000000000000000 (NULL)               0x0
2026-09-08T06:01:37.9995528Z {"command": ["readelf", "--program-headers", "--dynamic", "/home/runner/work/_temp/aphid-preflight/toolchain-source/artifacts/proof/Elixir.Aphid.Proof.so"], "cwd": "/home/runner/work/_temp/aphid-preflight/toolchain-source", "exit": 0, "seconds": 0.002}
2026-09-08T06:01:38.0268564Z {"elf_phase": "relocated", "symbol_scope": ["all"], "sanitizer_symbols": []}
2026-09-08T06:01:38.0555263Z {"elf_phase": "relocated", "symbol_scope": ["--undefined-only"], "sanitizer_symbols": []}
2026-09-08T06:01:38.6424271Z Compiling 1 file (.ex)
2026-09-08T06:01:38.7243971Z 
2026-09-08T06:01:38.7245314Z 06:01:38.723 [debug] skipping compile step for precompiled module Elixir.Aphid.Proof, at /home/runner/work/_temp/aphid-preflight/toolchain-source/artifacts/proof/Elixir.Aphid.Proof.so
2026-09-08T06:01:38.7253290Z 
2026-09-08T06:01:38.7254094Z 06:01:38.725 [debug] destination library path: /home/runner/work/_temp/aphid-preflight/toolchain-source/_build/toolchain-proof/_build/test/lib/aphid/priv/lib/Elixir.Aphid.Proof.so
2026-09-08T06:01:38.8949583Z Generated aphid app
2026-09-08T06:01:38.9254214Z {"command": ["mix", "compile", "--force"], "cwd": "/home/runner/work/_temp/aphid-preflight/toolchain-source/_build/toolchain-proof", "exit": 0, "seconds": 0.866}
2026-09-08T06:01:39.5319935Z Running ExUnit with seed: 0, max_cases: 8
2026-09-08T06:01:39.5320218Z 
2026-09-08T06:01:39.5552751Z 
2026-09-08T06:01:39.5553302Z 06:01:39.553 [debug] loaded module at Elixir.Aphid.Proof
2026-09-08T06:01:39.5610675Z ..
2026-09-08T06:01:39.5626127Z Finished in 0.02 seconds (0.00s async, 0.02s sync)
2026-09-08T06:01:39.5626928Z 
2026-09-08T06:01:39.5627212Z Result: 2 passed
2026-09-08T06:01:39.5906999Z {"command": ["mix", "test", "--no-compile", "--seed", "0"], "cwd": "/home/runner/work/_temp/aphid-preflight/toolchain-source/_build/toolchain-proof", "exit": 0, "seconds": 0.665}
2026-09-08T06:01:39.5988368Z Traceback (most recent call last):
2026-09-08T06:01:39.5997454Z   File "/home/runner/work/_temp/aphid-preflight/toolchain-source/scripts/proof.py", line 133, in <module>
2026-09-08T06:01:39.5998017Z     main()
2026-09-08T06:01:39.5998226Z     ~~~~^^
2026-09-08T06:01:39.5998676Z   File "/home/runner/work/_temp/aphid-preflight/toolchain-source/scripts/proof.py", line 113, in main
2026-09-08T06:01:39.5999230Z     assert hashlib.sha256(library.read_bytes()).hexdigest() == digest
2026-09-08T06:01:39.5999595Z            ^^^^^^^^^^^^^^^^^^^^^^^^^^^^^^^^^^^^^^^^^^^^^^^^^^^^^^^^^^
2026-09-08T06:01:39.5999918Z AssertionError
2026-09-08T06:01:39.6376956Z {"command": ["/opt/hostedtoolcache/Python/3.14.7/arm64/bin/python3", "scripts/proof.py", "--target", "aarch64-linux-gnu"], "cwd": "/home/runner/work/_temp/aphid-preflight/toolchain-source", "exit": 1, "seconds": 153.09}
2026-09-08T06:01:39.6400272Z Traceback (most recent call last):
2026-09-08T06:01:39.6405473Z   File "/home/runner/work/Aphid/Aphid/scripts/linux_ci.py", line 113, in <module>
2026-09-08T06:01:39.6405892Z     main()
2026-09-08T06:01:39.6406060Z     ~~~~^^
2026-09-08T06:01:39.6406379Z   File "/home/runner/work/Aphid/Aphid/scripts/linux_ci.py", line 48, in main
2026-09-08T06:01:39.6406885Z     run([sys.executable, 'scripts/proof.py', '--target', args.target], cwd=preflight,
2026-09-08T06:01:39.6407316Z     ~~~^^^^^^^^^^^^^^^^^^^^^^^^^^^^^^^^^^^^^^^^^^^^^^^^^^^^^^^^^^^^^^^^^^^^^^^^^^^^^^
2026-09-08T06:01:39.6407722Z         env=dict(os.environ, ZIGLER_STAGING_ROOT=str(preflight / 'staging'),
2026-09-08T06:01:39.6408136Z         ^^^^^^^^^^^^^^^^^^^^^^^^^^^^^^^^^^^^^^^^^^^^^^^^^^^^^^^^^^^^^^^^^^^^
2026-09-08T06:01:39.6408489Z                  ZIG_EXECUTABLE_PATH=shutil.which('zig')), timeout=1200)
2026-09-08T06:01:39.6409370Z                  ^^^^^^^^^^^^^^^^^^^^^^^^^^^^^^^^^^^^^^^^^^^^^^^^^^^^^^^
2026-09-08T06:01:39.6409834Z   File "/home/runner/work/Aphid/Aphid/scripts/proof.py", line 29, in run
2026-09-08T06:01:39.6410247Z     raise RuntimeError(f"command failed: {args}")
2026-09-08T06:01:39.6411189Z RuntimeError: command failed: ['/opt/hostedtoolcache/Python/3.14.7/arm64/bin/python3', 'scripts/proof.py', '--target', 'aarch64-linux-gnu']
2026-09-08T06:01:39.6566363Z ##[error]Process completed with exit code 1.
2026-09-08T06:01:39.6723986Z Post job cleanup.
2026-09-08T06:01:39.7491837Z [command]/usr/bin/git version
2026-09-08T06:01:39.7518414Z git version 2.55.0
2026-09-08T06:01:39.7556244Z Temporarily overriding HOME='/home/runner/work/_temp/f2b65eb2-8877-4661-b603-8cce40d519f4' before making global git config changes
2026-09-08T06:01:39.7558313Z Adding repository directory to the temporary git global config as a safe directory
2026-09-08T06:01:39.7561806Z [command]/usr/bin/git config --global --add safe.directory /home/runner/work/Aphid/Aphid
2026-09-08T06:01:39.7594773Z Removing SSH command configuration
2026-09-08T06:01:39.7602906Z [command]/usr/bin/git config --local --name-only --get-regexp core\.sshCommand
2026-09-08T06:01:39.7639691Z [command]/usr/bin/git submodule foreach --recursive sh -c "git config --local --name-only --get-regexp 'core\.sshCommand' && git config --local --unset-all 'core.sshCommand' || :"
2026-09-08T06:01:39.7863604Z Removing HTTP extra header
2026-09-08T06:01:39.7877238Z [command]/usr/bin/git config --local --name-only --get-regexp http\.https\:\/\/github\.com\/\.extraheader
2026-09-08T06:01:39.7915466Z [command]/usr/bin/git submodule foreach --recursive sh -c "git config --local --name-only --get-regexp 'http\.https\:\/\/github\.com\/\.extraheader' && git config --local --unset-all 'http.https://github.com/.extraheader' || :"
2026-09-08T06:01:39.8132334Z Removing includeIf entries pointing to credentials config files
2026-09-08T06:01:39.8141470Z [command]/usr/bin/git config --local --name-only --get-regexp ^includeIf\.gitdir:
2026-09-08T06:01:39.8176670Z [command]/usr/bin/git submodule foreach --recursive git config --local --show-origin --name-only --get-regexp remote.origin.url
2026-09-08T06:01:39.8550419Z Cleaning up orphan processes
