2026-09-08T04:54:30.0931437Z Current runner version: '2.337.0'
2026-09-08T04:54:30.0955614Z ##[group]Runner Image Provisioner
2026-09-08T04:54:30.0956307Z Hosted Compute Agent
2026-09-08T04:54:30.0956866Z Version: 20260828.587
2026-09-08T04:54:30.0957408Z Commit: abac92662cab4cc7352de4f9f9d2e2419aad9c29
2026-09-08T04:54:30.0958025Z Build Date: 2026-08-28T16:44:25Z
2026-09-08T04:54:30.0958618Z Worker ID: {2c7eaf83-11af-426e-b35e-ddd13de4d08e}
2026-09-08T04:54:30.0959433Z Azure Region: eastus
2026-09-08T04:54:30.0959888Z ##[endgroup]
2026-09-08T04:54:30.0961161Z ##[group]Operating System
2026-09-08T04:54:30.0961660Z Ubuntu
2026-09-08T04:54:30.0962149Z 24.04.4
2026-09-08T04:54:30.0962575Z LTS
2026-09-08T04:54:30.0962990Z ##[endgroup]
2026-09-08T04:54:30.0963509Z ##[group]Runner Image
2026-09-08T04:54:30.0964068Z Image: ubuntu-24.04
2026-09-08T04:54:30.0964576Z Version: 20260831.293.1
2026-09-08T04:54:30.0965614Z Included Software: https://github.com/actions/runner-images/blob/ubuntu24/20260831.293/images/ubuntu/Ubuntu2404-Readme.md
2026-09-08T04:54:30.0966908Z Image Release: https://github.com/actions/runner-images/releases/tag/ubuntu24%2F20260831.293
2026-09-08T04:54:30.0967698Z ##[endgroup]
2026-09-08T04:54:30.0969235Z ##[group]GITHUB_TOKEN Permissions
2026-09-08T04:54:30.0971697Z Contents: read
2026-09-08T04:54:30.0972458Z Metadata: read
2026-09-08T04:54:30.0973136Z ##[endgroup]
2026-09-08T04:54:30.0975554Z Secret source: Actions
2026-09-08T04:54:30.0976554Z Prepare workflow directory
2026-09-08T04:54:30.1236125Z Prepare all required actions
2026-09-08T04:54:30.1275501Z Getting action download info
2026-09-08T04:54:30.3327903Z Download action repository 'actions/checkout@d23441a48e516b6c34aea4fa41551a30e30af803' (SHA:d23441a48e516b6c34aea4fa41551a30e30af803)
2026-09-08T04:54:30.4274022Z Download action repository 'actions/setup-python@ece7cb06caefa5fff74198d8649806c4678c61a1' (SHA:ece7cb06caefa5fff74198d8649806c4678c61a1)
2026-09-08T04:54:30.5260025Z Download action repository 'erlef/setup-beam@54075bcc5e249e4758d363f27d099f55d843f124' (SHA:54075bcc5e249e4758d363f27d099f55d843f124)
2026-09-08T04:54:30.6604487Z Download action repository 'actions/upload-artifact@ea165f8d65b6e75b540449e92b4886f43607fa02' (SHA:ea165f8d65b6e75b540449e92b4886f43607fa02)
2026-09-08T04:54:30.9425910Z Complete job name: x86_64-linux-gnu (preflight)
2026-09-08T04:54:31.0068489Z ##[group]Run actions/checkout@d23441a48e516b6c34aea4fa41551a30e30af803
2026-09-08T04:54:31.0069547Z with:
2026-09-08T04:54:31.0069926Z   persist-credentials: false
2026-09-08T04:54:31.0070372Z   repository: catethos/Aphid
2026-09-08T04:54:31.0073869Z   token: ***
2026-09-08T04:54:31.0074246Z   ssh-strict: true
2026-09-08T04:54:31.0074623Z   ssh-user: git
2026-09-08T04:54:31.0074982Z   clean: true
2026-09-08T04:54:31.0075361Z   sparse-checkout-cone-mode: true
2026-09-08T04:54:31.0075811Z   fetch-depth: 1
2026-09-08T04:54:31.0076197Z   fetch-tags: false
2026-09-08T04:54:31.0076576Z   show-progress: true
2026-09-08T04:54:31.0076962Z   lfs: false
2026-09-08T04:54:31.0077323Z   submodules: false
2026-09-08T04:54:31.0077740Z   set-safe-directory: true
2026-09-08T04:54:31.0078175Z   allow-unsafe-pr-checkout: false
2026-09-08T04:54:31.0078997Z ##[endgroup]
2026-09-08T04:54:31.0892697Z Syncing repository: catethos/Aphid
2026-09-08T04:54:31.0895061Z ##[group]Getting Git version info
2026-09-08T04:54:31.0896165Z Working directory is '/home/runner/work/Aphid/Aphid'
2026-09-08T04:54:31.0913783Z [command]/usr/bin/git version
2026-09-08T04:54:31.0998595Z git version 2.55.0
2026-09-08T04:54:31.1018015Z ##[endgroup]
2026-09-08T04:54:31.1031813Z Temporarily overriding HOME='/home/runner/work/_temp/f7426e46-9bf3-49e9-bec0-a400f90b0263' before making global git config changes
2026-09-08T04:54:31.1034185Z Adding repository directory to the temporary git global config as a safe directory
2026-09-08T04:54:31.1037945Z [command]/usr/bin/git config --global --add safe.directory /home/runner/work/Aphid/Aphid
2026-09-08T04:54:31.1099863Z Deleting the contents of '/home/runner/work/Aphid/Aphid'
2026-09-08T04:54:31.1105259Z ##[group]Determining repository object format
2026-09-08T04:54:31.1111729Z ##[endgroup]
2026-09-08T04:54:31.1112524Z ##[group]Initializing the repository
2026-09-08T04:54:31.1113113Z [command]/usr/bin/git init /home/runner/work/Aphid/Aphid
2026-09-08T04:54:31.1214434Z hint: Using 'master' as the name for the initial branch. This default branch name
2026-09-08T04:54:31.1216176Z hint: will change to "main" in Git 3.0. To configure the initial branch name
2026-09-08T04:54:31.1217825Z hint: to use in all of your new repositories, which will suppress this warning,
2026-09-08T04:54:31.1219264Z hint: call:
2026-09-08T04:54:31.1219977Z hint:
2026-09-08T04:54:31.1220848Z hint: 	git config --global init.defaultBranch <name>
2026-09-08T04:54:31.1221938Z hint:
2026-09-08T04:54:31.1222974Z hint: Names commonly chosen instead of 'master' are 'main', 'trunk' and
2026-09-08T04:54:31.1224521Z hint: 'development'. The just-created branch can be renamed via this command:
2026-09-08T04:54:31.1225748Z hint:
2026-09-08T04:54:31.1226569Z hint: 	git branch -m <name>
2026-09-08T04:54:31.1227487Z hint:
2026-09-08T04:54:31.1228497Z hint: Disable this message with "git config set advice.defaultBranchName false"
2026-09-08T04:54:31.1230350Z Initialized empty Git repository in /home/runner/work/Aphid/Aphid/.git/
2026-09-08T04:54:31.1235181Z [command]/usr/bin/git remote add origin https://github.com/catethos/Aphid
2026-09-08T04:54:31.1269042Z ##[endgroup]
2026-09-08T04:54:31.1270398Z ##[group]Disabling automatic garbage collection
2026-09-08T04:54:31.1272024Z [command]/usr/bin/git config --local gc.auto 0
2026-09-08T04:54:31.1301055Z ##[endgroup]
2026-09-08T04:54:31.1302629Z ##[group]Setting up auth
2026-09-08T04:54:31.1303746Z Removing SSH command configuration
2026-09-08T04:54:31.1308016Z [command]/usr/bin/git config --local --name-only --get-regexp core\.sshCommand
2026-09-08T04:54:31.1338140Z [command]/usr/bin/git submodule foreach --recursive sh -c "git config --local --name-only --get-regexp 'core\.sshCommand' && git config --local --unset-all 'core.sshCommand' || :"
2026-09-08T04:54:31.1645895Z Removing HTTP extra header
2026-09-08T04:54:31.1652180Z [command]/usr/bin/git config --local --name-only --get-regexp http\.https\:\/\/github\.com\/\.extraheader
2026-09-08T04:54:31.1685283Z [command]/usr/bin/git submodule foreach --recursive sh -c "git config --local --name-only --get-regexp 'http\.https\:\/\/github\.com\/\.extraheader' && git config --local --unset-all 'http.https://github.com/.extraheader' || :"
2026-09-08T04:54:31.1924784Z Removing includeIf entries pointing to credentials config files
2026-09-08T04:54:31.1925681Z [command]/usr/bin/git config --local --name-only --get-regexp ^includeIf\.gitdir:
2026-09-08T04:54:31.1948815Z [command]/usr/bin/git submodule foreach --recursive git config --local --show-origin --name-only --get-regexp remote.origin.url
2026-09-08T04:54:31.2142704Z [command]/usr/bin/git config --file /home/runner/work/_temp/git-credentials-48580a80-a9fe-4c3d-bb24-07f8fd373e33.config http.https://github.com/.extraheader AUTHORIZATION: basic ***
2026-09-08T04:54:31.2178476Z [command]/usr/bin/git config --local includeIf.gitdir:/home/runner/work/Aphid/Aphid/.git.path /home/runner/work/_temp/git-credentials-48580a80-a9fe-4c3d-bb24-07f8fd373e33.config
2026-09-08T04:54:31.2207051Z [command]/usr/bin/git config --local includeIf.gitdir:/home/runner/work/Aphid/Aphid/.git/worktrees/*.path /home/runner/work/_temp/git-credentials-48580a80-a9fe-4c3d-bb24-07f8fd373e33.config
2026-09-08T04:54:31.2238385Z [command]/usr/bin/git config --local includeIf.gitdir:/github/workspace/.git.path /github/runner_temp/git-credentials-48580a80-a9fe-4c3d-bb24-07f8fd373e33.config
2026-09-08T04:54:31.2267509Z [command]/usr/bin/git config --local includeIf.gitdir:/github/workspace/.git/worktrees/*.path /github/runner_temp/git-credentials-48580a80-a9fe-4c3d-bb24-07f8fd373e33.config
2026-09-08T04:54:31.2294653Z ##[endgroup]
2026-09-08T04:54:31.2295340Z ##[group]Fetching the repository
2026-09-08T04:54:31.2300990Z [command]/usr/bin/git -c protocol.version=2 fetch --no-tags --prune --no-recurse-submodules --depth=1 origin +d10c1a457bff6159ad0a8ed51e395eee8431d0e0:refs/remotes/origin/main
2026-09-08T04:54:31.8038448Z From https://github.com/catethos/Aphid
2026-09-08T04:54:31.8040600Z  * [new ref]         d10c1a457bff6159ad0a8ed51e395eee8431d0e0 -> origin/main
2026-09-08T04:54:31.8048159Z [command]/usr/bin/git branch --list --remote origin/main
2026-09-08T04:54:31.8073511Z   origin/main
2026-09-08T04:54:31.8081240Z [command]/usr/bin/git rev-parse refs/remotes/origin/main
2026-09-08T04:54:31.8104104Z d10c1a457bff6159ad0a8ed51e395eee8431d0e0
2026-09-08T04:54:31.8113280Z ##[endgroup]
2026-09-08T04:54:31.8114197Z ##[group]Determining the checkout info
2026-09-08T04:54:31.8115194Z ##[endgroup]
2026-09-08T04:54:31.8117023Z [command]/usr/bin/git sparse-checkout disable
2026-09-08T04:54:31.8160528Z [command]/usr/bin/git config --local --unset-all extensions.worktreeConfig
2026-09-08T04:54:31.8190840Z ##[group]Checking out the ref
2026-09-08T04:54:31.8193456Z [command]/usr/bin/git checkout --progress --force -B main refs/remotes/origin/main
2026-09-08T04:54:31.9324464Z Switched to a new branch 'main'
2026-09-08T04:54:31.9326391Z branch 'main' set up to track 'origin/main'.
2026-09-08T04:54:31.9329693Z ##[endgroup]
2026-09-08T04:54:31.9332519Z [command]/usr/bin/git log -1 --format=%H
2026-09-08T04:54:31.9351044Z d10c1a457bff6159ad0a8ed51e395eee8431d0e0
2026-09-08T04:54:31.9359790Z ##[group]Removing auth
2026-09-08T04:54:31.9360830Z Removing SSH command configuration
2026-09-08T04:54:31.9362773Z [command]/usr/bin/git config --local --name-only --get-regexp core\.sshCommand
2026-09-08T04:54:31.9392810Z [command]/usr/bin/git submodule foreach --recursive sh -c "git config --local --name-only --get-regexp 'core\.sshCommand' && git config --local --unset-all 'core.sshCommand' || :"
2026-09-08T04:54:31.9587427Z Removing HTTP extra header
2026-09-08T04:54:31.9591023Z [command]/usr/bin/git config --local --name-only --get-regexp http\.https\:\/\/github\.com\/\.extraheader
2026-09-08T04:54:31.9622933Z [command]/usr/bin/git submodule foreach --recursive sh -c "git config --local --name-only --get-regexp 'http\.https\:\/\/github\.com\/\.extraheader' && git config --local --unset-all 'http.https://github.com/.extraheader' || :"
2026-09-08T04:54:31.9809731Z Removing includeIf entries pointing to credentials config files
2026-09-08T04:54:31.9812820Z [command]/usr/bin/git config --local --name-only --get-regexp ^includeIf\.gitdir:
2026-09-08T04:54:31.9837421Z includeif.gitdir:/home/runner/work/Aphid/Aphid/.git.path
2026-09-08T04:54:31.9840051Z includeif.gitdir:/home/runner/work/Aphid/Aphid/.git/worktrees/*.path
2026-09-08T04:54:31.9842330Z includeif.gitdir:/github/workspace/.git.path
2026-09-08T04:54:31.9844417Z includeif.gitdir:/github/workspace/.git/worktrees/*.path
2026-09-08T04:54:31.9849394Z [command]/usr/bin/git config --local --get-all includeif.gitdir:/home/runner/work/Aphid/Aphid/.git.path
2026-09-08T04:54:31.9869899Z /home/runner/work/_temp/git-credentials-48580a80-a9fe-4c3d-bb24-07f8fd373e33.config
2026-09-08T04:54:31.9878435Z [command]/usr/bin/git config --local --unset includeif.gitdir:/home/runner/work/Aphid/Aphid/.git.path /home/runner/work/_temp/git-credentials-48580a80-a9fe-4c3d-bb24-07f8fd373e33.config
2026-09-08T04:54:31.9908340Z [command]/usr/bin/git config --local --get-all includeif.gitdir:/home/runner/work/Aphid/Aphid/.git/worktrees/*.path
2026-09-08T04:54:31.9930127Z /home/runner/work/_temp/git-credentials-48580a80-a9fe-4c3d-bb24-07f8fd373e33.config
2026-09-08T04:54:31.9942930Z [command]/usr/bin/git config --local --unset includeif.gitdir:/home/runner/work/Aphid/Aphid/.git/worktrees/*.path /home/runner/work/_temp/git-credentials-48580a80-a9fe-4c3d-bb24-07f8fd373e33.config
2026-09-08T04:54:31.9976758Z [command]/usr/bin/git config --local --get-all includeif.gitdir:/github/workspace/.git.path
2026-09-08T04:54:32.0001555Z /github/runner_temp/git-credentials-48580a80-a9fe-4c3d-bb24-07f8fd373e33.config
2026-09-08T04:54:32.0016451Z [command]/usr/bin/git config --local --unset includeif.gitdir:/github/workspace/.git.path /github/runner_temp/git-credentials-48580a80-a9fe-4c3d-bb24-07f8fd373e33.config
2026-09-08T04:54:32.0045190Z [command]/usr/bin/git config --local --get-all includeif.gitdir:/github/workspace/.git/worktrees/*.path
2026-09-08T04:54:32.0066183Z /github/runner_temp/git-credentials-48580a80-a9fe-4c3d-bb24-07f8fd373e33.config
2026-09-08T04:54:32.0072896Z [command]/usr/bin/git config --local --unset includeif.gitdir:/github/workspace/.git/worktrees/*.path /github/runner_temp/git-credentials-48580a80-a9fe-4c3d-bb24-07f8fd373e33.config
2026-09-08T04:54:32.0100897Z [command]/usr/bin/git submodule foreach --recursive git config --local --show-origin --name-only --get-regexp remote.origin.url
2026-09-08T04:54:32.0292315Z Removing credentials config '/home/runner/work/_temp/git-credentials-48580a80-a9fe-4c3d-bb24-07f8fd373e33.config'
2026-09-08T04:54:32.0295668Z ##[endgroup]
2026-09-08T04:54:32.0582727Z ##[group]Run actions/setup-python@ece7cb06caefa5fff74198d8649806c4678c61a1
2026-09-08T04:54:32.0584043Z with:
2026-09-08T04:54:32.0584725Z   python-version: 3.14
2026-09-08T04:54:32.0585516Z   check-latest: false
2026-09-08T04:54:32.0593161Z   token: ***
2026-09-08T04:54:32.0593900Z   update-environment: true
2026-09-08T04:54:32.0594744Z   allow-prereleases: false
2026-09-08T04:54:32.0595556Z   freethreaded: false
2026-09-08T04:54:32.0596313Z ##[endgroup]
2026-09-08T04:54:32.1650483Z ##[group]Installed versions
2026-09-08T04:54:32.1721768Z Successfully set up CPython (3.14.7)
2026-09-08T04:54:32.1723854Z ##[endgroup]
2026-09-08T04:54:32.2016786Z ##[group]Run erlef/setup-beam@54075bcc5e249e4758d363f27d099f55d843f124
2026-09-08T04:54:32.2018467Z with:
2026-09-08T04:54:32.2019876Z   otp-version: 29.0.4
2026-09-08T04:54:32.2021932Z   elixir-version: 1.20.0
2026-09-08T04:54:32.2035555Z   github-token: ***
2026-09-08T04:54:32.2036672Z   otp-architecture: 64
2026-09-08T04:54:32.2037799Z   install-hex: true
2026-09-08T04:54:32.2038987Z   install-rebar: true
2026-09-08T04:54:32.2040144Z   version-type: loose
2026-09-08T04:54:32.2041299Z   disable_problem_matchers: false
2026-09-08T04:54:32.2042571Z   hexpm-mirrors: https://builds.hex.pm

2026-09-08T04:54:32.2043807Z env:
2026-09-08T04:54:32.2044937Z   pythonLocation: /opt/hostedtoolcache/Python/3.14.7/x64
2026-09-08T04:54:32.2046807Z   PKG_CONFIG_PATH: /opt/hostedtoolcache/Python/3.14.7/x64/lib/pkgconfig
2026-09-08T04:54:32.2048685Z   Python_ROOT_DIR: /opt/hostedtoolcache/Python/3.14.7/x64
2026-09-08T04:54:32.2050579Z   Python2_ROOT_DIR: /opt/hostedtoolcache/Python/3.14.7/x64
2026-09-08T04:54:32.2052360Z   Python3_ROOT_DIR: /opt/hostedtoolcache/Python/3.14.7/x64
2026-09-08T04:54:32.2054222Z   LD_LIBRARY_PATH: /opt/hostedtoolcache/Python/3.14.7/x64/lib
2026-09-08T04:54:32.2055856Z ##[endgroup]
2026-09-08T04:54:32.4586580Z ##[group]Installing Erlang/OTP OTP-29.0.4 - built on amd64/ubuntu-24.04
2026-09-08T04:54:32.7273896Z [command]/usr/bin/tar zx --strip-components=1 --warning=no-unknown-keyword --overwrite -C /home/runner/work/_temp/62a03184-d932-4fa9-923c-48848b68cf15 -f /home/runner/work/_temp/b4a4d06c-3691-4243-9eb6-a5ca0e855a83
2026-09-08T04:54:35.6176934Z [command]/home/runner/work/_temp/.setup-beam/otp/Install -minimal /home/runner/work/_temp/.setup-beam/otp
2026-09-08T04:54:35.6452808Z Installed Erlang/OTP version
2026-09-08T04:54:35.6466657Z [command]/home/runner/work/_temp/.setup-beam/otp/bin/erl -version
2026-09-08T04:54:35.6558734Z Erlang (SMP,ASYNC_THREADS) (BEAM) emulator version 17.0.4
2026-09-08T04:54:35.6584321Z ##[endgroup]
2026-09-08T04:54:35.6585395Z [command]/home/runner/work/_temp/.setup-beam/otp/bin/erl -noshell -eval io:format(erlang:system_info(otp_release)), halt().
2026-09-08T04:54:35.8046042Z 29::debug::Was not able to coerce latest with semver
2026-09-08T04:54:35.8057097Z Using Elixir 1.20.0 (built for Erlang/OTP 29)
2026-09-08T04:54:35.8057889Z ##[group]Installing Elixir v1.20.0-otp-29
2026-09-08T04:54:35.9085257Z [command]/usr/bin/unzip -o -q /home/runner/work/_temp/6a9f57e8-2f63-467c-a282-143f2badc391
2026-09-08T04:54:36.2932625Z Installed Elixir version
2026-09-08T04:54:36.2949147Z [command]/home/runner/work/_temp/.setup-beam/elixir/bin/elixir -v
2026-09-08T04:54:36.4758355Z Erlang/OTP 29 [erts-17.0.4] [source] [64-bit] [smp:4:4] [ds:4:4:10] [async-threads:1] [jit:ns]
2026-09-08T04:54:36.4759559Z 
2026-09-08T04:54:36.4803793Z Elixir 1.20.0 (compiled with Erlang/OTP 29)
2026-09-08T04:54:36.4844091Z ##[endgroup]
2026-09-08T04:54:36.4844544Z ##[group]Running mix local.rebar,--force
2026-09-08T04:54:36.4856093Z [command]/home/runner/work/_temp/.setup-beam/elixir/bin/mix local.rebar --force
2026-09-08T04:54:37.1080213Z * creating /home/runner/.mix/elixir/1-20-otp-29/rebar3
2026-09-08T04:54:37.1153354Z ##[endgroup]
2026-09-08T04:54:37.1153974Z ##[group]Running mix local.hex,--force
2026-09-08T04:54:37.1167575Z [command]/home/runner/work/_temp/.setup-beam/elixir/bin/mix local.hex --force
2026-09-08T04:54:37.7351672Z * creating /home/runner/.mix/archives/hex-2.5.1
2026-09-08T04:54:37.7421227Z ##[endgroup]
2026-09-08T04:54:37.7574595Z ##[group]Run sudo apt-get update
2026-09-08T04:54:37.7574937Z [36;1msudo apt-get update[0m
2026-09-08T04:54:37.7575361Z [36;1msudo apt-get install --yes build-essential cmake ninja-build perl binutils patchelf bubblewrap[0m
2026-09-08T04:54:37.7616352Z shell: /usr/bin/bash -e {0}
2026-09-08T04:54:37.7616589Z env:
2026-09-08T04:54:37.7616845Z   pythonLocation: /opt/hostedtoolcache/Python/3.14.7/x64
2026-09-08T04:54:37.7617210Z   PKG_CONFIG_PATH: /opt/hostedtoolcache/Python/3.14.7/x64/lib/pkgconfig
2026-09-08T04:54:37.7617586Z   Python_ROOT_DIR: /opt/hostedtoolcache/Python/3.14.7/x64
2026-09-08T04:54:37.7617882Z   Python2_ROOT_DIR: /opt/hostedtoolcache/Python/3.14.7/x64
2026-09-08T04:54:37.7618182Z   Python3_ROOT_DIR: /opt/hostedtoolcache/Python/3.14.7/x64
2026-09-08T04:54:37.7618484Z   LD_LIBRARY_PATH: /opt/hostedtoolcache/Python/3.14.7/x64/lib
2026-09-08T04:54:37.7618798Z   INSTALL_DIR_FOR_OTP: /home/runner/work/_temp/.setup-beam/otp
2026-09-08T04:54:37.7619490Z   INSTALL_DIR_FOR_ELIXIR: /home/runner/work/_temp/.setup-beam/elixir
2026-09-08T04:54:37.7619782Z ##[endgroup]
2026-09-08T04:54:37.8411808Z Get:1 file:/etc/apt/apt-mirrors.txt Mirrorlist [144 B]
2026-09-08T04:54:37.8559139Z Get:6 https://packages.microsoft.com/ubuntu/24.04/prod noble InRelease [3600 B]
2026-09-08T04:54:37.8777566Z Get:7 https://dl.google.com/linux/chrome-stable/deb stable InRelease [2548 B]
2026-09-08T04:54:37.9204040Z Get:8 https://packages.microsoft.com/ubuntu/24.04/prod noble/main arm64 Packages [394 kB]
2026-09-08T04:54:37.9355811Z Get:9 https://packages.microsoft.com/ubuntu/24.04/prod noble/main amd64 Packages [441 kB]
2026-09-08T04:54:37.9660035Z Hit:2 http://azure.archive.ubuntu.com/ubuntu noble InRelease
2026-09-08T04:54:37.9710619Z Get:3 http://azure.archive.ubuntu.com/ubuntu noble-updates InRelease [126 kB]
2026-09-08T04:54:37.9758633Z Get:4 http://azure.archive.ubuntu.com/ubuntu noble-backports InRelease [126 kB]
2026-09-08T04:54:37.9790425Z Get:5 http://azure.archive.ubuntu.com/ubuntu noble-security InRelease [126 kB]
2026-09-08T04:54:37.9799676Z Get:10 https://dl.google.com/linux/chrome-stable/deb stable/main amd64 Packages [1403 B]
2026-09-08T04:54:38.0588043Z Get:11 http://azure.archive.ubuntu.com/ubuntu noble-updates/main amd64 Packages [1260 kB]
2026-09-08T04:54:38.0677324Z Get:12 http://azure.archive.ubuntu.com/ubuntu noble-updates/main Translation-en [292 kB]
2026-09-08T04:54:38.0691246Z Get:13 http://azure.archive.ubuntu.com/ubuntu noble-updates/main amd64 Components [180 kB]
2026-09-08T04:54:38.0710552Z Get:14 http://azure.archive.ubuntu.com/ubuntu noble-updates/universe amd64 Packages [1691 kB]
2026-09-08T04:54:38.0800454Z Get:15 http://azure.archive.ubuntu.com/ubuntu noble-updates/universe Translation-en [339 kB]
2026-09-08T04:54:38.0814839Z Get:16 http://azure.archive.ubuntu.com/ubuntu noble-updates/universe amd64 Components [388 kB]
2026-09-08T04:54:38.0859752Z Get:17 http://azure.archive.ubuntu.com/ubuntu noble-updates/restricted amd64 Packages [1536 kB]
2026-09-08T04:54:38.0928750Z Get:18 http://azure.archive.ubuntu.com/ubuntu noble-updates/restricted Translation-en [352 kB]
2026-09-08T04:54:38.0955088Z Get:19 http://azure.archive.ubuntu.com/ubuntu noble-updates/multiverse amd64 Components [940 B]
2026-09-08T04:54:38.1075784Z Get:20 http://azure.archive.ubuntu.com/ubuntu noble-backports/main amd64 Components [5760 B]
2026-09-08T04:54:38.1535788Z Get:21 http://azure.archive.ubuntu.com/ubuntu noble-backports/universe amd64 Components [12.6 kB]
2026-09-08T04:54:38.1551037Z Get:22 http://azure.archive.ubuntu.com/ubuntu noble-security/main amd64 Packages [1002 kB]
2026-09-08T04:54:38.1598041Z Get:23 http://azure.archive.ubuntu.com/ubuntu noble-security/main Translation-en [212 kB]
2026-09-08T04:54:38.1618596Z Get:24 http://azure.archive.ubuntu.com/ubuntu noble-security/main amd64 Components [46.3 kB]
2026-09-08T04:54:38.1634917Z Get:25 http://azure.archive.ubuntu.com/ubuntu noble-security/universe amd64 Packages [1206 kB]
2026-09-08T04:54:38.1687510Z Get:26 http://azure.archive.ubuntu.com/ubuntu noble-security/universe Translation-en [241 kB]
2026-09-08T04:54:38.1707442Z Get:27 http://azure.archive.ubuntu.com/ubuntu noble-security/universe amd64 Components [76.2 kB]
2026-09-08T04:54:38.1725521Z Get:28 http://azure.archive.ubuntu.com/ubuntu noble-security/restricted amd64 Packages [1437 kB]
2026-09-08T04:54:38.1786796Z Get:29 http://azure.archive.ubuntu.com/ubuntu noble-security/restricted Translation-en [334 kB]
2026-09-08T04:54:42.3899306Z Fetched 11.8 MB in 1s (10.4 MB/s)
2026-09-08T04:54:43.0053943Z Reading package lists...
2026-09-08T04:54:43.0322157Z Reading package lists...
2026-09-08T04:54:43.1875576Z Building dependency tree...
2026-09-08T04:54:43.1881657Z Reading state information...
2026-09-08T04:54:43.3148088Z perl is already the newest version (5.38.2-3.2ubuntu0.4).
2026-09-08T04:54:43.3148546Z perl set to manually installed.
2026-09-08T04:54:43.3148829Z binutils is already the newest version (2.42-4ubuntu2.10).
2026-09-08T04:54:43.3149431Z patchelf is already the newest version (0.18.0-1.1build1).
2026-09-08T04:54:43.3149724Z Suggested packages:
2026-09-08T04:54:43.3149935Z   cmake-doc cmake-format elpa-cmake-mode
2026-09-08T04:54:43.3341018Z The following NEW packages will be installed:
2026-09-08T04:54:43.3344606Z   bubblewrap build-essential cmake cmake-data libjsoncpp25 librhash0
2026-09-08T04:54:43.3345617Z   ninja-build
2026-09-08T04:54:43.3495907Z 0 upgraded, 7 newly installed, 0 to remove and 44 not upgraded.
2026-09-08T04:54:43.3496415Z Need to get 13.7 MB of archives.
2026-09-08T04:54:43.3496756Z After this operation, 49.6 MB of additional disk space will be used.
2026-09-08T04:54:43.3497118Z Get:1 file:/etc/apt/apt-mirrors.txt Mirrorlist [144 B]
2026-09-08T04:54:43.3822097Z Get:2 http://azure.archive.ubuntu.com/ubuntu noble-updates/main amd64 bubblewrap amd64 0.9.0-1ubuntu0.1 [50.2 kB]
2026-09-08T04:54:43.3924270Z Get:3 http://azure.archive.ubuntu.com/ubuntu noble/main amd64 build-essential amd64 12.10ubuntu1 [4928 B]
2026-09-08T04:54:43.4002148Z Get:4 http://azure.archive.ubuntu.com/ubuntu noble/main amd64 libjsoncpp25 amd64 1.9.5-6build1 [82.8 kB]
2026-09-08T04:54:43.4091396Z Get:5 http://azure.archive.ubuntu.com/ubuntu noble/main amd64 librhash0 amd64 1.4.3-3build1 [129 kB]
2026-09-08T04:54:43.4178540Z Get:6 http://azure.archive.ubuntu.com/ubuntu noble/main amd64 cmake-data all 3.28.3-1build7 [2155 kB]
2026-09-08T04:54:43.4380443Z Get:7 http://azure.archive.ubuntu.com/ubuntu noble/main amd64 cmake amd64 3.28.3-1build7 [11.2 MB]
2026-09-08T04:54:43.5092591Z Get:8 http://azure.archive.ubuntu.com/ubuntu noble/universe amd64 ninja-build amd64 1.11.1-2 [129 kB]
2026-09-08T04:54:43.7243621Z Fetched 13.7 MB in 0s (80.9 MB/s)
2026-09-08T04:54:43.7501865Z Selecting previously unselected package bubblewrap.
2026-09-08T04:54:43.7693636Z (Reading database ... 
2026-09-08T04:54:43.7693892Z (Reading database ... 5%
2026-09-08T04:54:43.7694122Z (Reading database ... 10%
2026-09-08T04:54:43.7694329Z (Reading database ... 15%
2026-09-08T04:54:43.7694544Z (Reading database ... 20%
2026-09-08T04:54:43.7694778Z (Reading database ... 25%
2026-09-08T04:54:43.7695967Z (Reading database ... 30%
2026-09-08T04:54:43.7696318Z (Reading database ... 35%
2026-09-08T04:54:43.7696594Z (Reading database ... 40%
2026-09-08T04:54:43.7696850Z (Reading database ... 45%
2026-09-08T04:54:43.7697132Z (Reading database ... 50%
2026-09-08T04:54:43.7728050Z (Reading database ... 55%
2026-09-08T04:54:43.8748314Z (Reading database ... 60%
2026-09-08T04:54:43.9809902Z (Reading database ... 65%
2026-09-08T04:54:44.1721595Z (Reading database ... 70%
2026-09-08T04:54:44.2918592Z (Reading database ... 75%
2026-09-08T04:54:44.4232356Z (Reading database ... 80%
2026-09-08T04:54:44.6265940Z (Reading database ... 85%
2026-09-08T04:54:44.7723881Z (Reading database ... 90%
2026-09-08T04:54:44.8775056Z (Reading database ... 95%
2026-09-08T04:54:44.8775438Z (Reading database ... 100%
2026-09-08T04:54:44.8775884Z (Reading database ... 201676 files and directories currently installed.)
2026-09-08T04:54:44.8818818Z Preparing to unpack .../0-bubblewrap_0.9.0-1ubuntu0.1_amd64.deb ...
2026-09-08T04:54:44.8925653Z Unpacking bubblewrap (0.9.0-1ubuntu0.1) ...
2026-09-08T04:54:44.9169946Z Selecting previously unselected package build-essential.
2026-09-08T04:54:44.9275699Z Preparing to unpack .../1-build-essential_12.10ubuntu1_amd64.deb ...
2026-09-08T04:54:44.9286529Z Unpacking build-essential (12.10ubuntu1) ...
2026-09-08T04:54:44.9659544Z Selecting previously unselected package libjsoncpp25:amd64.
2026-09-08T04:54:44.9765843Z Preparing to unpack .../2-libjsoncpp25_1.9.5-6build1_amd64.deb ...
2026-09-08T04:54:44.9789377Z Unpacking libjsoncpp25:amd64 (1.9.5-6build1) ...
2026-09-08T04:54:44.9995567Z Selecting previously unselected package librhash0:amd64.
2026-09-08T04:54:45.0099686Z Preparing to unpack .../3-librhash0_1.4.3-3build1_amd64.deb ...
2026-09-08T04:54:45.0110753Z Unpacking librhash0:amd64 (1.4.3-3build1) ...
2026-09-08T04:54:45.0333626Z Selecting previously unselected package cmake-data.
2026-09-08T04:54:45.0439111Z Preparing to unpack .../4-cmake-data_3.28.3-1build7_all.deb ...
2026-09-08T04:54:45.0499832Z Unpacking cmake-data (3.28.3-1build7) ...
2026-09-08T04:54:45.7132589Z Selecting previously unselected package cmake.
2026-09-08T04:54:45.7259366Z Preparing to unpack .../5-cmake_3.28.3-1build7_amd64.deb ...
2026-09-08T04:54:45.7268218Z Unpacking cmake (3.28.3-1build7) ...
2026-09-08T04:54:45.9865031Z Selecting previously unselected package ninja-build.
2026-09-08T04:54:45.9977870Z Preparing to unpack .../6-ninja-build_1.11.1-2_amd64.deb ...
2026-09-08T04:54:45.9986929Z Unpacking ninja-build (1.11.1-2) ...
2026-09-08T04:54:46.0384323Z Setting up bubblewrap (0.9.0-1ubuntu0.1) ...
2026-09-08T04:54:46.0433371Z Setting up ninja-build (1.11.1-2) ...
2026-09-08T04:54:46.0454813Z Setting up libjsoncpp25:amd64 (1.9.5-6build1) ...
2026-09-08T04:54:46.0475107Z Setting up librhash0:amd64 (1.4.3-3build1) ...
2026-09-08T04:54:46.0500014Z Setting up build-essential (12.10ubuntu1) ...
2026-09-08T04:54:46.0524422Z Setting up cmake-data (3.28.3-1build7) ...
2026-09-08T04:54:46.0596980Z Setting up cmake (3.28.3-1build7) ...
2026-09-08T04:54:46.0625031Z Processing triggers for man-db (2.12.0-4build2) ...
2026-09-08T04:54:46.0644675Z Not building database; man-db/auto-update is not 'true'.
2026-09-08T04:54:46.0657897Z Processing triggers for libc-bin (2.39-0ubuntu8.8) ...
2026-09-08T04:54:46.6979391Z 
2026-09-08T04:54:46.6979977Z Running kernel seems to be up-to-date.
2026-09-08T04:54:46.6980280Z 
2026-09-08T04:54:46.6980439Z No services need to be restarted.
2026-09-08T04:54:46.6980658Z 
2026-09-08T04:54:46.6980812Z No containers need to be restarted.
2026-09-08T04:54:46.6981043Z 
2026-09-08T04:54:46.6981210Z No user sessions are running outdated binaries.
2026-09-08T04:54:46.6981483Z 
2026-09-08T04:54:46.6981740Z No VM guests are running outdated hypervisor (qemu) binaries on this host.
2026-09-08T04:54:47.4682771Z ##[group]Run curl --fail --location --retry 3 --output "$RUNNER_TEMP/zig.tar.xz" "https://ziglang.org/download/0.16.0/zig-${ZIG_ARCH}-0.16.0.tar.xz"
2026-09-08T04:54:47.4683577Z [36;1mcurl --fail --location --retry 3 --output "$RUNNER_TEMP/zig.tar.xz" "https://ziglang.org/download/0.16.0/zig-${ZIG_ARCH}-0.16.0.tar.xz"[0m
2026-09-08T04:54:47.4684279Z [36;1mecho "$ZIG_SHA256  $RUNNER_TEMP/zig.tar.xz" | sha256sum --check --strict[0m
2026-09-08T04:54:47.4684594Z [36;1mmkdir "$RUNNER_TEMP/zig"[0m
2026-09-08T04:54:47.4684908Z [36;1mtar -xJf "$RUNNER_TEMP/zig.tar.xz" -C "$RUNNER_TEMP/zig" --strip-components=1[0m
2026-09-08T04:54:47.4685252Z [36;1mecho "$RUNNER_TEMP/zig" >> "$GITHUB_PATH"[0m
2026-09-08T04:54:47.4718733Z shell: /usr/bin/bash -e {0}
2026-09-08T04:54:47.4719097Z env:
2026-09-08T04:54:47.4719314Z   pythonLocation: /opt/hostedtoolcache/Python/3.14.7/x64
2026-09-08T04:54:47.4719661Z   PKG_CONFIG_PATH: /opt/hostedtoolcache/Python/3.14.7/x64/lib/pkgconfig
2026-09-08T04:54:47.4720028Z   Python_ROOT_DIR: /opt/hostedtoolcache/Python/3.14.7/x64
2026-09-08T04:54:47.4720322Z   Python2_ROOT_DIR: /opt/hostedtoolcache/Python/3.14.7/x64
2026-09-08T04:54:47.4720613Z   Python3_ROOT_DIR: /opt/hostedtoolcache/Python/3.14.7/x64
2026-09-08T04:54:47.4720906Z   LD_LIBRARY_PATH: /opt/hostedtoolcache/Python/3.14.7/x64/lib
2026-09-08T04:54:47.4721226Z   INSTALL_DIR_FOR_OTP: /home/runner/work/_temp/.setup-beam/otp
2026-09-08T04:54:47.4721550Z   INSTALL_DIR_FOR_ELIXIR: /home/runner/work/_temp/.setup-beam/elixir
2026-09-08T04:54:47.4721832Z   ZIG_ARCH: x86_64-linux
2026-09-08T04:54:47.4722110Z   ZIG_SHA256: 70e49664a74374b48b51e6f3fdfbf437f6395d42509050588bd49abe52ba3d00
2026-09-08T04:54:47.4722407Z ##[endgroup]
2026-09-08T04:54:47.4836776Z   % Total    % Received % Xferd  Average Speed   Time    Time     Time  Current
2026-09-08T04:54:47.4837489Z                                  Dload  Upload   Total   Spent    Left  Speed
2026-09-08T04:54:47.4838045Z 
2026-09-08T04:54:47.8746339Z   0     0    0     0    0     0      0      0 --:--:-- --:--:-- --:--:--     0
2026-09-08T04:54:48.8650165Z   0     0    0     0    0     0      0      0 --:--:-- --:--:-- --:--:--     0
2026-09-08T04:54:49.9060336Z   1 52.9M    1  975k    0     0   706k      0  0:01:16  0:00:01  0:01:15  706k
2026-09-08T04:54:50.8811338Z  28 52.9M   28 15.2M    0     0  6466k      0  0:00:08  0:00:02  0:00:06 6464k
2026-09-08T04:54:51.2727298Z  77 52.9M   77 40.9M    0     0  12.0M      0  0:00:04  0:00:03  0:00:01 12.0M
2026-09-08T04:54:51.2727737Z 100 52.9M  100 52.9M    0     0  13.9M      0  0:00:03  0:00:03 --:--:-- 13.9M
2026-09-08T04:54:51.3144085Z /home/runner/work/_temp/zig.tar.xz: OK
2026-09-08T04:54:54.2772030Z ##[group]Run python3 scripts/source_routing_checks.py --destination "$RUNNER_TEMP/routing"
2026-09-08T04:54:54.2772535Z [36;1mpython3 scripts/source_routing_checks.py --destination "$RUNNER_TEMP/routing"[0m
2026-09-08T04:54:54.2806388Z shell: /usr/bin/bash -e {0}
2026-09-08T04:54:54.2806589Z env:
2026-09-08T04:54:54.2806808Z   pythonLocation: /opt/hostedtoolcache/Python/3.14.7/x64
2026-09-08T04:54:54.2807156Z   PKG_CONFIG_PATH: /opt/hostedtoolcache/Python/3.14.7/x64/lib/pkgconfig
2026-09-08T04:54:54.2807517Z   Python_ROOT_DIR: /opt/hostedtoolcache/Python/3.14.7/x64
2026-09-08T04:54:54.2807824Z   Python2_ROOT_DIR: /opt/hostedtoolcache/Python/3.14.7/x64
2026-09-08T04:54:54.2808113Z   Python3_ROOT_DIR: /opt/hostedtoolcache/Python/3.14.7/x64
2026-09-08T04:54:54.2808418Z   LD_LIBRARY_PATH: /opt/hostedtoolcache/Python/3.14.7/x64/lib
2026-09-08T04:54:54.2808735Z   INSTALL_DIR_FOR_OTP: /home/runner/work/_temp/.setup-beam/otp
2026-09-08T04:54:54.2809229Z   INSTALL_DIR_FOR_ELIXIR: /home/runner/work/_temp/.setup-beam/elixir
2026-09-08T04:54:54.2809509Z ##[endgroup]
2026-09-08T04:54:54.6614827Z 9 ownership/configuration rejections; fetch/OpenSSL/CMake/bridge routes use private paths
2026-09-08T04:54:54.6615635Z Commands were captured, not executed; native source compilation remains unproved
2026-09-08T04:54:54.6832059Z ##[group]Run python3 - <<'PY'
2026-09-08T04:54:54.6832319Z [36;1mpython3 - <<'PY'[0m
2026-09-08T04:54:54.6832506Z [36;1mimport os, sys[0m
2026-09-08T04:54:54.6832696Z [36;1mfrom pathlib import Path[0m
2026-09-08T04:54:54.6833080Z [36;1msys.path.insert(0, 'scripts')[0m
2026-09-08T04:54:54.6833313Z [36;1mfrom linux_sandbox import probe[0m
2026-09-08T04:54:54.6833593Z [36;1mwork = Path(os.environ['RUNNER_TEMP']) / 'isolation-probe'[0m
2026-09-08T04:54:54.6833871Z [36;1mwork.mkdir()[0m
2026-09-08T04:54:54.6834050Z [36;1mprobe(work, [])[0m
2026-09-08T04:54:54.6834230Z [36;1mPY[0m
2026-09-08T04:54:54.6867805Z shell: /usr/bin/bash -e {0}
2026-09-08T04:54:54.6868011Z env:
2026-09-08T04:54:54.6868225Z   pythonLocation: /opt/hostedtoolcache/Python/3.14.7/x64
2026-09-08T04:54:54.6868576Z   PKG_CONFIG_PATH: /opt/hostedtoolcache/Python/3.14.7/x64/lib/pkgconfig
2026-09-08T04:54:54.6869100Z   Python_ROOT_DIR: /opt/hostedtoolcache/Python/3.14.7/x64
2026-09-08T04:54:54.6869456Z   Python2_ROOT_DIR: /opt/hostedtoolcache/Python/3.14.7/x64
2026-09-08T04:54:54.6869746Z   Python3_ROOT_DIR: /opt/hostedtoolcache/Python/3.14.7/x64
2026-09-08T04:54:54.6870029Z   LD_LIBRARY_PATH: /opt/hostedtoolcache/Python/3.14.7/x64/lib
2026-09-08T04:54:54.6870341Z   INSTALL_DIR_FOR_OTP: /home/runner/work/_temp/.setup-beam/otp
2026-09-08T04:54:54.6870662Z   INSTALL_DIR_FOR_ELIXIR: /home/runner/work/_temp/.setup-beam/elixir
2026-09-08T04:54:54.6870929Z ##[endgroup]
2026-09-08T04:54:54.8209624Z Linux namespace probe passed: build trees hidden, compiler paths masked, external network unavailable
2026-09-08T04:54:54.8633744Z {"command": ["sudo", "-E", "bwrap", "--die-with-parent", "--unshare-pid", "--ro-bind", "/", "/", "--dev", "/dev", "--proc", "/proc", "--bind", "/home/runner/work/_temp/isolation-probe", "/home/runner/work/_temp/isolation-probe", "--unshare-net", "--tmpfs", "/home/runner/work/Aphid/Aphid", "--ro-bind", "/dev/null", "/home/runner/work/_temp/zig/zig", "--ro-bind", "/dev/null", "/usr/bin/c89-gcc", "--ro-bind", "/dev/null", "/usr/bin/c99-gcc", "--ro-bind", "/dev/null", "/usr/bin/cmake", "--ro-bind", "/dev/null", "/usr/bin/make", "--ro-bind", "/dev/null", "/usr/bin/ninja", "--ro-bind", "/dev/null", "/usr/bin/x86_64-linux-gnu-as", "--ro-bind", "/dev/null", "/usr/bin/x86_64-linux-gnu-g++-12", "--ro-bind", "/dev/null", "/usr/bin/x86_64-linux-gnu-g++-13", "--ro-bind", "/dev/null", "/usr/bin/x86_64-linux-gnu-g++-14", "--ro-bind", "/dev/null", "/usr/bin/x86_64-linux-gnu-gcc-12", "--ro-bind", "/dev/null", "/usr/bin/x86_64-linux-gnu-gcc-13", "--ro-bind", "/dev/null", "/usr/bin/x86_64-linux-gnu-gcc-14", "--ro-bind", "/dev/null", "/usr/bin/x86_64-linux-gnu-ld.bfd", "--ro-bind", "/dev/null", "/usr/lib/llvm-16/bin/clang", "--ro-bind", "/dev/null", "/usr/lib/llvm-16/bin/lld", "--ro-bind", "/dev/null", "/usr/lib/llvm-16/bin/llvm-as", "--ro-bind", "/dev/null", "/usr/lib/llvm-17/bin/clang", "--ro-bind", "/dev/null", "/usr/lib/llvm-17/bin/lld", "--ro-bind", "/dev/null", "/usr/lib/llvm-17/bin/llvm-as", "--ro-bind", "/dev/null", "/usr/lib/llvm-18/bin/clang", "--ro-bind", "/dev/null", "/usr/lib/llvm-18/bin/lld", "--ro-bind", "/dev/null", "/usr/lib/llvm-18/bin/llvm-as", "--ro-bind", "/dev/null", "/usr/local/bin/cmake", "--ro-bind", "/dev/null", "/usr/local/bin/ninja", "--cap-add", "CAP_SETUID", "--cap-add", "CAP_SETGID", "--cap-add", "CAP_SETPCAP", "--clearenv", "--setenv", "HOME", "/home/runner", "--setenv", "PATH", "/home/runner/work/_temp/zig:/home/runner/work/_temp/.setup-beam/elixir/bin:/home/runner/.mix/escripts:/home/runner/work/_temp/.setup-beam/otp/bin:/opt/hostedtoolcache/Python/3.14.7/x64/bin:/opt/hostedtoolcache/Python/3.14.7/x64:/snap/bin:/home/runner/.local/bin:/opt/pipx_bin:/home/runner/.cargo/bin:/home/runner/.config/composer/vendor/bin:/usr/local/.ghcup/bin:/home/runner/.dotnet/tools:/usr/local/sbin:/usr/local/bin:/usr/sbin:/usr/bin:/sbin:/bin:/usr/games:/usr/local/games:/snap/bin", "--", "/usr/bin/setpriv", "--reuid", "1001", "--regid", "1001", "--clear-groups", "--bounding-set=-all", "--no-new-privs", "--", "/opt/hostedtoolcache/Python/3.14.7/x64/bin/python3", "/home/runner/work/_temp/isolation-probe/isolation-check.py"], "cwd": "/home/runner/work/_temp/isolation-probe", "exit": 0, "seconds": 0.114}
2026-09-08T04:54:55.0233765Z warning: the VM is running with native name encoding of latin1 which may cause Elixir to malfunction as it expects utf8. Please ensure your locale is set to UTF-8 (which can be verified by running "locale" in your shell) or set the ELIXIR_ERL_OPTIONS="+fnu" environment variable
2026-09-08T04:54:55.0776081Z ** (MatchError) no match of right hand side value:
2026-09-08T04:54:55.0776681Z 
2026-09-08T04:54:55.0777020Z     :latin1
2026-09-08T04:54:55.0777331Z 
2026-09-08T04:54:55.0777677Z     (stdlib 8.0.3) erl_eval.erl:796: :erl_eval.expr/6
2026-09-08T04:54:55.0778311Z     (elixir 1.20.0) lib/code.ex:649: Code.validated_eval_string/4
2026-09-08T04:54:55.1280327Z {"command": ["sudo", "-E", "bwrap", "--die-with-parent", "--unshare-pid", "--ro-bind", "/", "/", "--dev", "/dev", "--proc", "/proc", "--bind", "/home/runner/work/_temp/isolation-probe", "/home/runner/work/_temp/isolation-probe", "--unshare-net", "--tmpfs", "/home/runner/work/Aphid/Aphid", "--ro-bind", "/dev/null", "/home/runner/work/_temp/zig/zig", "--ro-bind", "/dev/null", "/usr/bin/c89-gcc", "--ro-bind", "/dev/null", "/usr/bin/c99-gcc", "--ro-bind", "/dev/null", "/usr/bin/cmake", "--ro-bind", "/dev/null", "/usr/bin/make", "--ro-bind", "/dev/null", "/usr/bin/ninja", "--ro-bind", "/dev/null", "/usr/bin/x86_64-linux-gnu-as", "--ro-bind", "/dev/null", "/usr/bin/x86_64-linux-gnu-g++-12", "--ro-bind", "/dev/null", "/usr/bin/x86_64-linux-gnu-g++-13", "--ro-bind", "/dev/null", "/usr/bin/x86_64-linux-gnu-g++-14", "--ro-bind", "/dev/null", "/usr/bin/x86_64-linux-gnu-gcc-12", "--ro-bind", "/dev/null", "/usr/bin/x86_64-linux-gnu-gcc-13", "--ro-bind", "/dev/null", "/usr/bin/x86_64-linux-gnu-gcc-14", "--ro-bind", "/dev/null", "/usr/bin/x86_64-linux-gnu-ld.bfd", "--ro-bind", "/dev/null", "/usr/lib/llvm-16/bin/clang", "--ro-bind", "/dev/null", "/usr/lib/llvm-16/bin/lld", "--ro-bind", "/dev/null", "/usr/lib/llvm-16/bin/llvm-as", "--ro-bind", "/dev/null", "/usr/lib/llvm-17/bin/clang", "--ro-bind", "/dev/null", "/usr/lib/llvm-17/bin/lld", "--ro-bind", "/dev/null", "/usr/lib/llvm-17/bin/llvm-as", "--ro-bind", "/dev/null", "/usr/lib/llvm-18/bin/clang", "--ro-bind", "/dev/null", "/usr/lib/llvm-18/bin/lld", "--ro-bind", "/dev/null", "/usr/lib/llvm-18/bin/llvm-as", "--ro-bind", "/dev/null", "/usr/local/bin/cmake", "--ro-bind", "/dev/null", "/usr/local/bin/ninja", "--cap-add", "CAP_SETUID", "--cap-add", "CAP_SETGID", "--cap-add", "CAP_SETPCAP", "--clearenv", "--setenv", "HOME", "/home/runner", "--setenv", "PATH", "/home/runner/work/_temp/zig:/home/runner/work/_temp/.setup-beam/elixir/bin:/home/runner/.mix/escripts:/home/runner/work/_temp/.setup-beam/otp/bin:/opt/hostedtoolcache/Python/3.14.7/x64/bin:/opt/hostedtoolcache/Python/3.14.7/x64:/snap/bin:/home/runner/.local/bin:/opt/pipx_bin:/home/runner/.cargo/bin:/home/runner/.config/composer/vendor/bin:/usr/local/.ghcup/bin:/home/runner/.dotnet/tools:/usr/local/sbin:/usr/local/bin:/usr/sbin:/usr/bin:/sbin:/bin:/usr/games:/usr/local/games:/snap/bin", "--", "/usr/bin/setpriv", "--reuid", "1001", "--regid", "1001", "--clear-groups", "--bounding-set=-all", "--no-new-privs", "--", "/home/runner/work/_temp/.setup-beam/elixir/bin/elixir", "-e", ":utf8 = :file.native_name_encoding(); IO.puts(\"UTF-8 runtime filename mode verified\")"], "cwd": "/home/runner/work/_temp/isolation-probe", "exit": 1, "seconds": 0.264}
2026-09-08T04:54:55.1410260Z Traceback (most recent call last):
2026-09-08T04:54:55.1413773Z   File "<stdin>", line 7, in <module>
2026-09-08T04:54:55.1414196Z   File "/home/runner/work/Aphid/Aphid/scripts/linux_sandbox.py", line 67, in probe
2026-09-08T04:54:55.1414568Z     run([*command, shutil.which('elixir'), '-e',
2026-09-08T04:54:55.1414829Z     ~~~^^^^^^^^^^^^^^^^^^^^^^^^^^^^^^^^^^^^^^^^^
2026-09-08T04:54:55.1415518Z          ':utf8 = :file.native_name_encoding(); IO.puts("UTF-8 runtime filename mode verified")'], cwd=work, timeout=30)
2026-09-08T04:54:55.1415981Z          ^^^^^^^^^^^^^^^^^^^^^^^^^^^^^^^^^^^^^^^^^^^^^^^^^^^^^^^^^^^^^^^^^^^^^^^^^^^^^^^^^^^^^^^^^^^^^^^^^^^^^^^^^^^^^^^
2026-09-08T04:54:55.1416412Z   File "/home/runner/work/Aphid/Aphid/scripts/proof.py", line 29, in run
2026-09-08T04:54:55.1416873Z     raise RuntimeError(f"command failed: {args}")
2026-09-08T04:54:55.1423165Z RuntimeError: command failed: ['sudo', '-E', 'bwrap', '--die-with-parent', '--unshare-pid', '--ro-bind', '/', '/', '--dev', '/dev', '--proc', '/proc', '--bind', '/home/runner/work/_temp/isolation-probe', '/home/runner/work/_temp/isolation-probe', '--unshare-net', '--tmpfs', '/home/runner/work/Aphid/Aphid', '--ro-bind', '/dev/null', '/home/runner/work/_temp/zig/zig', '--ro-bind', '/dev/null', '/usr/bin/c89-gcc', '--ro-bind', '/dev/null', '/usr/bin/c99-gcc', '--ro-bind', '/dev/null', '/usr/bin/cmake', '--ro-bind', '/dev/null', '/usr/bin/make', '--ro-bind', '/dev/null', '/usr/bin/ninja', '--ro-bind', '/dev/null', '/usr/bin/x86_64-linux-gnu-as', '--ro-bind', '/dev/null', '/usr/bin/x86_64-linux-gnu-g++-12', '--ro-bind', '/dev/null', '/usr/bin/x86_64-linux-gnu-g++-13', '--ro-bind', '/dev/null', '/usr/bin/x86_64-linux-gnu-g++-14', '--ro-bind', '/dev/null', '/usr/bin/x86_64-linux-gnu-gcc-12', '--ro-bind', '/dev/null', '/usr/bin/x86_64-linux-gnu-gcc-13', '--ro-bind', '/dev/null', '/usr/bin/x86_64-linux-gnu-gcc-14', '--ro-bind', '/dev/null', '/usr/bin/x86_64-linux-gnu-ld.bfd', '--ro-bind', '/dev/null', '/usr/lib/llvm-16/bin/clang', '--ro-bind', '/dev/null', '/usr/lib/llvm-16/bin/lld', '--ro-bind', '/dev/null', '/usr/lib/llvm-16/bin/llvm-as', '--ro-bind', '/dev/null', '/usr/lib/llvm-17/bin/clang', '--ro-bind', '/dev/null', '/usr/lib/llvm-17/bin/lld', '--ro-bind', '/dev/null', '/usr/lib/llvm-17/bin/llvm-as', '--ro-bind', '/dev/null', '/usr/lib/llvm-18/bin/clang', '--ro-bind', '/dev/null', '/usr/lib/llvm-18/bin/lld', '--ro-bind', '/dev/null', '/usr/lib/llvm-18/bin/llvm-as', '--ro-bind', '/dev/null', '/usr/local/bin/cmake', '--ro-bind', '/dev/null', '/usr/local/bin/ninja', '--cap-add', 'CAP_SETUID', '--cap-add', 'CAP_SETGID', '--cap-add', 'CAP_SETPCAP', '--clearenv', '--setenv', 'HOME', '/home/runner', '--setenv', 'PATH', '/home/runner/work/_temp/zig:/home/runner/work/_temp/.setup-beam/elixir/bin:/home/runner/.mix/escripts:/home/runner/work/_temp/.setup-beam/otp/bin:/opt/hostedtoolcache/Python/3.14.7/x64/bin:/opt/hostedtoolcache/Python/3.14.7/x64:/snap/bin:/home/runner/.local/bin:/opt/pipx_bin:/home/runner/.cargo/bin:/home/runner/.config/composer/vendor/bin:/usr/local/.ghcup/bin:/home/runner/.dotnet/tools:/usr/local/sbin:/usr/local/bin:/usr/sbin:/usr/bin:/sbin:/bin:/usr/games:/usr/local/games:/snap/bin', '--', '/usr/bin/setpriv', '--reuid', '1001', '--regid', '1001', '--clear-groups', '--bounding-set=-all', '--no-new-privs', '--', '/home/runner/work/_temp/.setup-beam/elixir/bin/elixir', '-e', ':utf8 = :file.native_name_encoding(); IO.puts("UTF-8 runtime filename mode verified")']
2026-09-08T04:54:55.1500792Z ##[error]Process completed with exit code 1.
2026-09-08T04:54:55.1618641Z Post job cleanup.
2026-09-08T04:54:55.2302634Z [command]/usr/bin/git version
2026-09-08T04:54:55.2338167Z git version 2.55.0
2026-09-08T04:54:55.2371858Z Temporarily overriding HOME='/home/runner/work/_temp/79b8a0c7-2b8e-4139-b35f-69ed19622ac4' before making global git config changes
2026-09-08T04:54:55.2372870Z Adding repository directory to the temporary git global config as a safe directory
2026-09-08T04:54:55.2376552Z [command]/usr/bin/git config --global --add safe.directory /home/runner/work/Aphid/Aphid
2026-09-08T04:54:55.2406153Z Removing SSH command configuration
2026-09-08T04:54:55.2412140Z [command]/usr/bin/git config --local --name-only --get-regexp core\.sshCommand
2026-09-08T04:54:55.2442908Z [command]/usr/bin/git submodule foreach --recursive sh -c "git config --local --name-only --get-regexp 'core\.sshCommand' && git config --local --unset-all 'core.sshCommand' || :"
2026-09-08T04:54:55.2652674Z Removing HTTP extra header
2026-09-08T04:54:55.2661760Z [command]/usr/bin/git config --local --name-only --get-regexp http\.https\:\/\/github\.com\/\.extraheader
2026-09-08T04:54:55.2708798Z [command]/usr/bin/git submodule foreach --recursive sh -c "git config --local --name-only --get-regexp 'http\.https\:\/\/github\.com\/\.extraheader' && git config --local --unset-all 'http.https://github.com/.extraheader' || :"
2026-09-08T04:54:55.2916679Z Removing includeIf entries pointing to credentials config files
2026-09-08T04:54:55.2924154Z [command]/usr/bin/git config --local --name-only --get-regexp ^includeIf\.gitdir:
2026-09-08T04:54:55.2953166Z [command]/usr/bin/git submodule foreach --recursive git config --local --show-origin --name-only --get-regexp remote.origin.url
2026-09-08T04:54:55.3289673Z Cleaning up orphan processes
