2026-09-08T05:52:51.5523884Z Current runner version: '2.337.0'
2026-09-08T05:52:51.5555833Z ##[group]Runner Image Provisioner
2026-09-08T05:52:51.5556831Z Hosted Compute Agent
2026-09-08T05:52:51.5557759Z Version: 20260828.587
2026-09-08T05:52:51.5558582Z Commit: abac92662cab4cc7352de4f9f9d2e2419aad9c29
2026-09-08T05:52:51.5559312Z Build Date: 2026-08-28T16:44:25Z
2026-09-08T05:52:51.5560003Z Worker ID: {b358b827-89de-42c6-8d7a-97683e4be017}
2026-09-08T05:52:51.5560832Z Azure Region: eastus2
2026-09-08T05:52:51.5561432Z ##[endgroup]
2026-09-08T05:52:51.5563691Z ##[group]Operating System
2026-09-08T05:52:51.5564338Z Ubuntu
2026-09-08T05:52:51.5564847Z 24.04.4
2026-09-08T05:52:51.5565473Z LTS
2026-09-08T05:52:51.5566057Z ##[endgroup]
2026-09-08T05:52:51.5566730Z ##[group]Runner Image
2026-09-08T05:52:51.5567725Z Image: ubuntu-24.04-arm
2026-09-08T05:52:51.5568346Z Version: 20260831.111.1
2026-09-08T05:52:51.5569836Z Included Software: https://github.com/actions/runner-images/blob/ubuntu24-arm64/20260831.111/images/ubuntu/Ubuntu2404-Arm64-Readme.md
2026-09-08T05:52:51.5572293Z Image Release: https://github.com/actions/runner-images/releases/tag/ubuntu24-arm64%2F20260831.111
2026-09-08T05:52:51.5573316Z ##[endgroup]
2026-09-08T05:52:51.5574519Z ##[group]GITHUB_TOKEN Permissions
2026-09-08T05:52:51.5577904Z Contents: read
2026-09-08T05:52:51.5578686Z Metadata: read
2026-09-08T05:52:51.5579260Z ##[endgroup]
2026-09-08T05:52:51.5582122Z Secret source: Actions
2026-09-08T05:52:51.5583679Z Prepare workflow directory
2026-09-08T05:52:51.5968661Z Prepare all required actions
2026-09-08T05:52:51.6021370Z Getting action download info
2026-09-08T05:52:51.7947882Z Download action repository 'actions/checkout@d23441a48e516b6c34aea4fa41551a30e30af803' (SHA:d23441a48e516b6c34aea4fa41551a30e30af803)
2026-09-08T05:52:51.9024225Z Download action repository 'actions/setup-python@ece7cb06caefa5fff74198d8649806c4678c61a1' (SHA:ece7cb06caefa5fff74198d8649806c4678c61a1)
2026-09-08T05:52:51.9787517Z Download action repository 'erlef/setup-beam@54075bcc5e249e4758d363f27d099f55d843f124' (SHA:54075bcc5e249e4758d363f27d099f55d843f124)
2026-09-08T05:52:52.1939375Z Download action repository 'actions/upload-artifact@ea165f8d65b6e75b540449e92b4886f43607fa02' (SHA:ea165f8d65b6e75b540449e92b4886f43607fa02)
2026-09-08T05:52:52.4085815Z Complete job name: aarch64-linux-gnu (preflight)
2026-09-08T05:52:52.4954244Z ##[group]Run actions/checkout@d23441a48e516b6c34aea4fa41551a30e30af803
2026-09-08T05:52:52.4955732Z with:
2026-09-08T05:52:52.4956472Z   persist-credentials: false
2026-09-08T05:52:52.4957386Z   repository: catethos/Aphid
2026-09-08T05:52:52.4960992Z   token: ***
2026-09-08T05:52:52.4961683Z   ssh-strict: true
2026-09-08T05:52:52.4962236Z   ssh-user: git
2026-09-08T05:52:52.4962751Z   clean: true
2026-09-08T05:52:52.4963423Z   sparse-checkout-cone-mode: true
2026-09-08T05:52:52.4964062Z   fetch-depth: 1
2026-09-08T05:52:52.4964678Z   fetch-tags: false
2026-09-08T05:52:52.4965256Z   show-progress: true
2026-09-08T05:52:52.4965800Z   lfs: false
2026-09-08T05:52:52.4966417Z   submodules: false
2026-09-08T05:52:52.4967324Z   set-safe-directory: true
2026-09-08T05:52:52.4968072Z   allow-unsafe-pr-checkout: false
2026-09-08T05:52:52.4969245Z ##[endgroup]
2026-09-08T05:52:52.5992148Z Syncing repository: catethos/Aphid
2026-09-08T05:52:52.5995068Z ##[group]Getting Git version info
2026-09-08T05:52:52.5996218Z Working directory is '/home/runner/work/Aphid/Aphid'
2026-09-08T05:52:52.5998167Z [command]/usr/bin/git version
2026-09-08T05:52:52.5999008Z git version 2.55.0
2026-09-08T05:52:52.6001275Z ##[endgroup]
2026-09-08T05:52:52.6007572Z Temporarily overriding HOME='/home/runner/work/_temp/eb43131f-8543-4ae3-8421-16da7b62e49f' before making global git config changes
2026-09-08T05:52:52.6009249Z Adding repository directory to the temporary git global config as a safe directory
2026-09-08T05:52:52.6010466Z [command]/usr/bin/git config --global --add safe.directory /home/runner/work/Aphid/Aphid
2026-09-08T05:52:52.6012480Z Deleting the contents of '/home/runner/work/Aphid/Aphid'
2026-09-08T05:52:52.6014291Z ##[group]Determining repository object format
2026-09-08T05:52:52.6015329Z ##[endgroup]
2026-09-08T05:52:52.6016379Z ##[group]Initializing the repository
2026-09-08T05:52:52.6017594Z [command]/usr/bin/git init /home/runner/work/Aphid/Aphid
2026-09-08T05:52:52.6093852Z hint: Using 'master' as the name for the initial branch. This default branch name
2026-09-08T05:52:52.6095850Z hint: will change to "main" in Git 3.0. To configure the initial branch name
2026-09-08T05:52:52.6097550Z hint: to use in all of your new repositories, which will suppress this warning,
2026-09-08T05:52:52.6098440Z hint: call:
2026-09-08T05:52:52.6099068Z hint:
2026-09-08T05:52:52.6099738Z hint: 	git config --global init.defaultBranch <name>
2026-09-08T05:52:52.6100516Z hint:
2026-09-08T05:52:52.6101327Z hint: Names commonly chosen instead of 'master' are 'main', 'trunk' and
2026-09-08T05:52:52.6102362Z hint: 'development'. The just-created branch can be renamed via this command:
2026-09-08T05:52:52.6103174Z hint:
2026-09-08T05:52:52.6103831Z hint: 	git branch -m <name>
2026-09-08T05:52:52.6104449Z hint:
2026-09-08T05:52:52.6105271Z hint: Disable this message with "git config set advice.defaultBranchName false"
2026-09-08T05:52:52.6106342Z Initialized empty Git repository in /home/runner/work/Aphid/Aphid/.git/
2026-09-08T05:52:52.6115604Z [command]/usr/bin/git remote add origin https://github.com/catethos/Aphid
2026-09-08T05:52:52.6160986Z ##[endgroup]
2026-09-08T05:52:52.6162391Z ##[group]Disabling automatic garbage collection
2026-09-08T05:52:52.6163519Z [command]/usr/bin/git config --local gc.auto 0
2026-09-08T05:52:52.6186562Z ##[endgroup]
2026-09-08T05:52:52.6188285Z ##[group]Setting up auth
2026-09-08T05:52:52.6195037Z Removing SSH command configuration
2026-09-08T05:52:52.6201585Z [command]/usr/bin/git config --local --name-only --get-regexp core\.sshCommand
2026-09-08T05:52:52.6229668Z [command]/usr/bin/git submodule foreach --recursive sh -c "git config --local --name-only --get-regexp 'core\.sshCommand' && git config --local --unset-all 'core.sshCommand' || :"
2026-09-08T05:52:52.6563742Z Removing HTTP extra header
2026-09-08T05:52:52.6570447Z [command]/usr/bin/git config --local --name-only --get-regexp http\.https\:\/\/github\.com\/\.extraheader
2026-09-08T05:52:52.6601119Z [command]/usr/bin/git submodule foreach --recursive sh -c "git config --local --name-only --get-regexp 'http\.https\:\/\/github\.com\/\.extraheader' && git config --local --unset-all 'http.https://github.com/.extraheader' || :"
2026-09-08T05:52:52.6804980Z Removing includeIf entries pointing to credentials config files
2026-09-08T05:52:52.6811853Z [command]/usr/bin/git config --local --name-only --get-regexp ^includeIf\.gitdir:
2026-09-08T05:52:52.6848148Z [command]/usr/bin/git submodule foreach --recursive git config --local --show-origin --name-only --get-regexp remote.origin.url
2026-09-08T05:52:52.7056011Z [command]/usr/bin/git config --file /home/runner/work/_temp/git-credentials-fba4c232-fab1-4990-8fd0-5fc3748a7e34.config http.https://github.com/.extraheader AUTHORIZATION: basic ***
2026-09-08T05:52:52.7095163Z [command]/usr/bin/git config --local includeIf.gitdir:/home/runner/work/Aphid/Aphid/.git.path /home/runner/work/_temp/git-credentials-fba4c232-fab1-4990-8fd0-5fc3748a7e34.config
2026-09-08T05:52:52.7125887Z [command]/usr/bin/git config --local includeIf.gitdir:/home/runner/work/Aphid/Aphid/.git/worktrees/*.path /home/runner/work/_temp/git-credentials-fba4c232-fab1-4990-8fd0-5fc3748a7e34.config
2026-09-08T05:52:52.7157936Z [command]/usr/bin/git config --local includeIf.gitdir:/github/workspace/.git.path /github/runner_temp/git-credentials-fba4c232-fab1-4990-8fd0-5fc3748a7e34.config
2026-09-08T05:52:52.7190327Z [command]/usr/bin/git config --local includeIf.gitdir:/github/workspace/.git/worktrees/*.path /github/runner_temp/git-credentials-fba4c232-fab1-4990-8fd0-5fc3748a7e34.config
2026-09-08T05:52:52.7221085Z ##[endgroup]
2026-09-08T05:52:52.7222360Z ##[group]Fetching the repository
2026-09-08T05:52:52.7229396Z [command]/usr/bin/git -c protocol.version=2 fetch --no-tags --prune --no-recurse-submodules --depth=1 origin +6a8d188c0cfb33b72f7cc969ce01791bc979a0b8:refs/remotes/origin/main
2026-09-08T05:52:53.4912394Z From https://github.com/catethos/Aphid
2026-09-08T05:52:53.4913854Z  * [new ref]         6a8d188c0cfb33b72f7cc969ce01791bc979a0b8 -> origin/main
2026-09-08T05:52:53.4921772Z [command]/usr/bin/git branch --list --remote origin/main
2026-09-08T05:52:53.4954353Z   origin/main
2026-09-08T05:52:53.4961230Z [command]/usr/bin/git rev-parse refs/remotes/origin/main
2026-09-08T05:52:53.4984509Z 6a8d188c0cfb33b72f7cc969ce01791bc979a0b8
2026-09-08T05:52:53.5000664Z ##[endgroup]
2026-09-08T05:52:53.5002009Z ##[group]Determining the checkout info
2026-09-08T05:52:53.5003195Z ##[endgroup]
2026-09-08T05:52:53.5004402Z [command]/usr/bin/git sparse-checkout disable
2026-09-08T05:52:53.5031808Z [command]/usr/bin/git config --local --unset-all extensions.worktreeConfig
2026-09-08T05:52:53.5058535Z ##[group]Checking out the ref
2026-09-08T05:52:53.5060493Z [command]/usr/bin/git checkout --progress --force -B main refs/remotes/origin/main
2026-09-08T05:52:53.6098329Z Switched to a new branch 'main'
2026-09-08T05:52:53.6100201Z branch 'main' set up to track 'origin/main'.
2026-09-08T05:52:53.6113084Z ##[endgroup]
2026-09-08T05:52:53.6152013Z [command]/usr/bin/git log -1 --format=%H
2026-09-08T05:52:53.6175256Z 6a8d188c0cfb33b72f7cc969ce01791bc979a0b8
2026-09-08T05:52:53.6183636Z ##[group]Removing auth
2026-09-08T05:52:53.6185138Z Removing SSH command configuration
2026-09-08T05:52:53.6187536Z [command]/usr/bin/git config --local --name-only --get-regexp core\.sshCommand
2026-09-08T05:52:53.6216214Z [command]/usr/bin/git submodule foreach --recursive sh -c "git config --local --name-only --get-regexp 'core\.sshCommand' && git config --local --unset-all 'core.sshCommand' || :"
2026-09-08T05:52:53.6416761Z Removing HTTP extra header
2026-09-08T05:52:53.6419143Z [command]/usr/bin/git config --local --name-only --get-regexp http\.https\:\/\/github\.com\/\.extraheader
2026-09-08T05:52:53.6449556Z [command]/usr/bin/git submodule foreach --recursive sh -c "git config --local --name-only --get-regexp 'http\.https\:\/\/github\.com\/\.extraheader' && git config --local --unset-all 'http.https://github.com/.extraheader' || :"
2026-09-08T05:52:53.6653076Z Removing includeIf entries pointing to credentials config files
2026-09-08T05:52:53.6655069Z [command]/usr/bin/git config --local --name-only --get-regexp ^includeIf\.gitdir:
2026-09-08T05:52:53.6678544Z includeif.gitdir:/home/runner/work/Aphid/Aphid/.git.path
2026-09-08T05:52:53.6680469Z includeif.gitdir:/home/runner/work/Aphid/Aphid/.git/worktrees/*.path
2026-09-08T05:52:53.6682244Z includeif.gitdir:/github/workspace/.git.path
2026-09-08T05:52:53.6683727Z includeif.gitdir:/github/workspace/.git/worktrees/*.path
2026-09-08T05:52:53.6695888Z [command]/usr/bin/git config --local --get-all includeif.gitdir:/home/runner/work/Aphid/Aphid/.git.path
2026-09-08T05:52:53.6711156Z /home/runner/work/_temp/git-credentials-fba4c232-fab1-4990-8fd0-5fc3748a7e34.config
2026-09-08T05:52:53.6721701Z [command]/usr/bin/git config --local --unset includeif.gitdir:/home/runner/work/Aphid/Aphid/.git.path /home/runner/work/_temp/git-credentials-fba4c232-fab1-4990-8fd0-5fc3748a7e34.config
2026-09-08T05:52:53.6754125Z [command]/usr/bin/git config --local --get-all includeif.gitdir:/home/runner/work/Aphid/Aphid/.git/worktrees/*.path
2026-09-08T05:52:53.6778508Z /home/runner/work/_temp/git-credentials-fba4c232-fab1-4990-8fd0-5fc3748a7e34.config
2026-09-08T05:52:53.6786763Z [command]/usr/bin/git config --local --unset includeif.gitdir:/home/runner/work/Aphid/Aphid/.git/worktrees/*.path /home/runner/work/_temp/git-credentials-fba4c232-fab1-4990-8fd0-5fc3748a7e34.config
2026-09-08T05:52:53.6817215Z [command]/usr/bin/git config --local --get-all includeif.gitdir:/github/workspace/.git.path
2026-09-08T05:52:53.6840710Z /github/runner_temp/git-credentials-fba4c232-fab1-4990-8fd0-5fc3748a7e34.config
2026-09-08T05:52:53.6849828Z [command]/usr/bin/git config --local --unset includeif.gitdir:/github/workspace/.git.path /github/runner_temp/git-credentials-fba4c232-fab1-4990-8fd0-5fc3748a7e34.config
2026-09-08T05:52:53.6881706Z [command]/usr/bin/git config --local --get-all includeif.gitdir:/github/workspace/.git/worktrees/*.path
2026-09-08T05:52:53.6903867Z /github/runner_temp/git-credentials-fba4c232-fab1-4990-8fd0-5fc3748a7e34.config
2026-09-08T05:52:53.6910648Z [command]/usr/bin/git config --local --unset includeif.gitdir:/github/workspace/.git/worktrees/*.path /github/runner_temp/git-credentials-fba4c232-fab1-4990-8fd0-5fc3748a7e34.config
2026-09-08T05:52:53.6948379Z [command]/usr/bin/git submodule foreach --recursive git config --local --show-origin --name-only --get-regexp remote.origin.url
2026-09-08T05:52:53.7147762Z Removing credentials config '/home/runner/work/_temp/git-credentials-fba4c232-fab1-4990-8fd0-5fc3748a7e34.config'
2026-09-08T05:52:53.7155509Z ##[endgroup]
2026-09-08T05:52:53.7490326Z ##[group]Run actions/setup-python@ece7cb06caefa5fff74198d8649806c4678c61a1
2026-09-08T05:52:53.7491743Z with:
2026-09-08T05:52:53.7492472Z   python-version: 3.14
2026-09-08T05:52:53.7493386Z   check-latest: false
2026-09-08T05:52:53.7499363Z   token: ***
2026-09-08T05:52:53.7500242Z   update-environment: true
2026-09-08T05:52:53.7501187Z   allow-prereleases: false
2026-09-08T05:52:53.7502016Z   freethreaded: false
2026-09-08T05:52:53.7502865Z ##[endgroup]
2026-09-08T05:52:53.8622817Z ##[group]Installed versions
2026-09-08T05:52:53.8704164Z Successfully set up CPython (3.14.7)
2026-09-08T05:52:53.8705977Z ##[endgroup]
2026-09-08T05:52:53.8913283Z ##[group]Run erlef/setup-beam@54075bcc5e249e4758d363f27d099f55d843f124
2026-09-08T05:52:53.8914553Z with:
2026-09-08T05:52:53.8915269Z   otp-version: 29.0.4
2026-09-08T05:52:53.8916160Z   elixir-version: 1.20.0
2026-09-08T05:52:53.8922116Z   github-token: ***
2026-09-08T05:52:53.8923007Z   otp-architecture: 64
2026-09-08T05:52:53.8923785Z   install-hex: true
2026-09-08T05:52:53.8924516Z   install-rebar: true
2026-09-08T05:52:53.8925411Z   version-type: loose
2026-09-08T05:52:53.8926188Z   disable_problem_matchers: false
2026-09-08T05:52:53.8927427Z   hexpm-mirrors: https://builds.hex.pm

2026-09-08T05:52:53.8928348Z env:
2026-09-08T05:52:53.8929177Z   pythonLocation: /opt/hostedtoolcache/Python/3.14.7/arm64
2026-09-08T05:52:53.8930539Z   PKG_CONFIG_PATH: /opt/hostedtoolcache/Python/3.14.7/arm64/lib/pkgconfig
2026-09-08T05:52:53.8931786Z   Python_ROOT_DIR: /opt/hostedtoolcache/Python/3.14.7/arm64
2026-09-08T05:52:53.8933108Z   Python2_ROOT_DIR: /opt/hostedtoolcache/Python/3.14.7/arm64
2026-09-08T05:52:53.8934310Z   Python3_ROOT_DIR: /opt/hostedtoolcache/Python/3.14.7/arm64
2026-09-08T05:52:53.8935551Z   LD_LIBRARY_PATH: /opt/hostedtoolcache/Python/3.14.7/arm64/lib
2026-09-08T05:52:53.8936618Z ##[endgroup]
2026-09-08T05:52:54.0958662Z ##[group]Installing Erlang/OTP OTP-29.0.4 - built on arm64/ubuntu-24.04
2026-09-08T05:52:54.6100506Z [command]/usr/bin/tar zx --strip-components=1 --warning=no-unknown-keyword --overwrite -C /home/runner/work/_temp/6364311f-e867-40a7-9d39-94ae2ced7ef7 -f /home/runner/work/_temp/f1d8be4e-3178-492a-8a06-b2964437a414
2026-09-08T05:52:56.7573011Z [command]/home/runner/work/_temp/.setup-beam/otp/Install -minimal /home/runner/work/_temp/.setup-beam/otp
2026-09-08T05:52:56.7829384Z Installed Erlang/OTP version
2026-09-08T05:52:56.7851224Z [command]/home/runner/work/_temp/.setup-beam/otp/bin/erl -version
2026-09-08T05:52:56.7953496Z Erlang (SMP,ASYNC_THREADS) (BEAM) emulator version 17.0.4
2026-09-08T05:52:56.7985427Z ##[endgroup]
2026-09-08T05:52:56.7986487Z [command]/home/runner/work/_temp/.setup-beam/otp/bin/erl -noshell -eval io:format(erlang:system_info(otp_release)), halt().
2026-09-08T05:52:56.9582257Z 29::debug::Was not able to coerce latest with semver
2026-09-08T05:52:56.9597188Z Using Elixir 1.20.0 (built for Erlang/OTP 29)
2026-09-08T05:52:56.9598421Z ##[group]Installing Elixir v1.20.0-otp-29
2026-09-08T05:52:57.1058025Z [command]/usr/bin/unzip -o -q /home/runner/work/_temp/6bd68426-a68c-4017-88fc-a717b499de6c
2026-09-08T05:52:57.4115027Z Installed Elixir version
2026-09-08T05:52:57.4142753Z [command]/home/runner/work/_temp/.setup-beam/elixir/bin/elixir -v
2026-09-08T05:52:57.5995730Z Erlang/OTP 29 [erts-17.0.4] [source] [64-bit] [smp:4:4] [ds:4:4:10] [async-threads:1] [jit]
2026-09-08T05:52:57.5996723Z 
2026-09-08T05:52:57.6038484Z Elixir 1.20.0 (compiled with Erlang/OTP 29)
2026-09-08T05:52:57.6084548Z ##[endgroup]
2026-09-08T05:52:57.6085133Z ##[group]Running mix local.rebar,--force
2026-09-08T05:52:57.6089054Z [command]/home/runner/work/_temp/.setup-beam/elixir/bin/mix local.rebar --force
2026-09-08T05:52:58.3286630Z * creating /home/runner/.mix/elixir/1-20-otp-29/rebar3
2026-09-08T05:52:58.3362326Z ##[endgroup]
2026-09-08T05:52:58.3363053Z ##[group]Running mix local.hex,--force
2026-09-08T05:52:58.3380075Z [command]/home/runner/work/_temp/.setup-beam/elixir/bin/mix local.hex --force
2026-09-08T05:52:59.1084533Z * creating /home/runner/.mix/archives/hex-2.5.1
2026-09-08T05:52:59.1152120Z ##[endgroup]
2026-09-08T05:52:59.1305106Z ##[group]Run sudo apt-get update
2026-09-08T05:52:59.1305719Z [36;1msudo apt-get update[0m
2026-09-08T05:52:59.1306255Z [36;1msudo apt-get install --yes build-essential cmake ninja-build perl binutils patchelf bubblewrap[0m
2026-09-08T05:52:59.1416810Z shell: /usr/bin/bash -e {0}
2026-09-08T05:52:59.1417494Z env:
2026-09-08T05:52:59.1418025Z   pythonLocation: /opt/hostedtoolcache/Python/3.14.7/arm64
2026-09-08T05:52:59.1418514Z   PKG_CONFIG_PATH: /opt/hostedtoolcache/Python/3.14.7/arm64/lib/pkgconfig
2026-09-08T05:52:59.1418961Z   Python_ROOT_DIR: /opt/hostedtoolcache/Python/3.14.7/arm64
2026-09-08T05:52:59.1419422Z   Python2_ROOT_DIR: /opt/hostedtoolcache/Python/3.14.7/arm64
2026-09-08T05:52:59.1419825Z   Python3_ROOT_DIR: /opt/hostedtoolcache/Python/3.14.7/arm64
2026-09-08T05:52:59.1420303Z   LD_LIBRARY_PATH: /opt/hostedtoolcache/Python/3.14.7/arm64/lib
2026-09-08T05:52:59.1420730Z   INSTALL_DIR_FOR_OTP: /home/runner/work/_temp/.setup-beam/otp
2026-09-08T05:52:59.1421309Z   INSTALL_DIR_FOR_ELIXIR: /home/runner/work/_temp/.setup-beam/elixir
2026-09-08T05:52:59.1421727Z ##[endgroup]
2026-09-08T05:52:59.2352501Z Get:1 https://packages.microsoft.com/ubuntu/24.04/prod noble InRelease [3600 B]
2026-09-08T05:52:59.2914160Z Get:2 https://packages.microsoft.com/ubuntu/24.04/prod noble/main amd64 Packages [441 kB]
2026-09-08T05:52:59.3048845Z Get:3 https://packages.microsoft.com/ubuntu/24.04/prod noble/main arm64 Packages [394 kB]
2026-09-08T05:52:59.4202372Z Hit:4 http://ports.ubuntu.com/ubuntu-ports noble InRelease
2026-09-08T05:52:59.4382106Z Get:5 http://ports.ubuntu.com/ubuntu-ports noble-updates InRelease [126 kB]
2026-09-08T05:52:59.5154121Z Get:6 http://ports.ubuntu.com/ubuntu-ports noble-backports InRelease [126 kB]
2026-09-08T05:52:59.5531540Z Get:7 http://ports.ubuntu.com/ubuntu-ports noble-security InRelease [126 kB]
2026-09-08T05:52:59.5899715Z Get:8 http://ports.ubuntu.com/ubuntu-ports noble-updates/main arm64 Packages [1318 kB]
2026-09-08T05:52:59.6701632Z Get:9 http://ports.ubuntu.com/ubuntu-ports noble-updates/main Translation-en [292 kB]
2026-09-08T05:52:59.6910723Z Get:10 http://ports.ubuntu.com/ubuntu-ports noble-updates/main arm64 Components [178 kB]
2026-09-08T05:52:59.7110636Z Get:11 http://ports.ubuntu.com/ubuntu-ports noble-updates/universe arm64 Packages [1731 kB]
2026-09-08T05:52:59.7566589Z Get:12 http://ports.ubuntu.com/ubuntu-ports noble-updates/universe Translation-en [339 kB]
2026-09-08T05:52:59.7764173Z Get:13 http://ports.ubuntu.com/ubuntu-ports noble-updates/universe arm64 Components [387 kB]
2026-09-08T05:52:59.7964401Z Get:14 http://ports.ubuntu.com/ubuntu-ports noble-updates/restricted arm64 Packages [2320 kB]
2026-09-08T05:52:59.8353513Z Get:15 http://ports.ubuntu.com/ubuntu-ports noble-updates/restricted Translation-en [352 kB]
2026-09-08T05:52:59.8548173Z Get:16 http://ports.ubuntu.com/ubuntu-ports noble-backports/main arm64 Components [3576 B]
2026-09-08T05:52:59.8728342Z Get:17 http://ports.ubuntu.com/ubuntu-ports noble-backports/universe arm64 Components [12.6 kB]
2026-09-08T05:52:59.9485952Z Get:18 http://ports.ubuntu.com/ubuntu-ports noble-security/main arm64 Packages [1065 kB]
2026-09-08T05:52:59.9715552Z Get:19 http://ports.ubuntu.com/ubuntu-ports noble-security/main Translation-en [212 kB]
2026-09-08T05:52:59.9904784Z Get:20 http://ports.ubuntu.com/ubuntu-ports noble-security/main arm64 Components [43.3 kB]
2026-09-08T05:53:00.0092931Z Get:21 http://ports.ubuntu.com/ubuntu-ports noble-security/universe arm64 Packages [1280 kB]
2026-09-08T05:53:00.0329400Z Get:22 http://ports.ubuntu.com/ubuntu-ports noble-security/universe Translation-en [241 kB]
2026-09-08T05:53:00.0520149Z Get:23 http://ports.ubuntu.com/ubuntu-ports noble-security/universe arm64 Components [76.2 kB]
2026-09-08T05:53:00.0706296Z Get:24 http://ports.ubuntu.com/ubuntu-ports noble-security/restricted arm64 Packages [2210 kB]
2026-09-08T05:53:00.0971230Z Get:25 http://ports.ubuntu.com/ubuntu-ports noble-security/restricted Translation-en [334 kB]
2026-09-08T05:53:04.4590705Z Fetched 13.6 MB in 1s (9658 kB/s)
2026-09-08T05:53:05.3810063Z Reading package lists...
2026-09-08T05:53:05.4115145Z Reading package lists...
2026-09-08T05:53:05.6725369Z Building dependency tree...
2026-09-08T05:53:05.6730619Z Reading state information...
2026-09-08T05:53:05.9494444Z perl is already the newest version (5.38.2-3.2ubuntu0.4).
2026-09-08T05:53:05.9494914Z perl set to manually installed.
2026-09-08T05:53:05.9495531Z binutils is already the newest version (2.42-4ubuntu2.10).
2026-09-08T05:53:05.9495966Z patchelf is already the newest version (0.18.0-1.1build1).
2026-09-08T05:53:05.9496426Z Suggested packages:
2026-09-08T05:53:05.9496719Z   cmake-doc cmake-format elpa-cmake-mode
2026-09-08T05:53:05.9704973Z The following NEW packages will be installed:
2026-09-08T05:53:05.9712369Z   bubblewrap build-essential cmake cmake-data libjsoncpp25 librhash0
2026-09-08T05:53:05.9714279Z   ninja-build
2026-09-08T05:53:06.1110014Z 0 upgraded, 7 newly installed, 0 to remove and 43 not upgraded.
2026-09-08T05:53:06.1110533Z Need to get 12.8 MB of archives.
2026-09-08T05:53:06.1111198Z After this operation, 45.5 MB of additional disk space will be used.
2026-09-08T05:53:06.1111838Z Get:1 http://ports.ubuntu.com/ubuntu-ports noble-updates/main arm64 bubblewrap arm64 0.9.0-1ubuntu0.1 [49.7 kB]
2026-09-08T05:53:06.1632253Z Get:2 http://ports.ubuntu.com/ubuntu-ports noble/main arm64 build-essential arm64 12.10ubuntu1 [4932 B]
2026-09-08T05:53:06.1807404Z Get:3 http://ports.ubuntu.com/ubuntu-ports noble/main arm64 libjsoncpp25 arm64 1.9.5-6build1 [78.2 kB]
2026-09-08T05:53:06.2151892Z Get:4 http://ports.ubuntu.com/ubuntu-ports noble/main arm64 librhash0 arm64 1.4.3-3build1 [126 kB]
2026-09-08T05:53:06.2514895Z Get:5 http://ports.ubuntu.com/ubuntu-ports noble/main arm64 cmake-data all 3.28.3-1build7 [2155 kB]
2026-09-08T05:53:06.3616782Z Get:6 http://ports.ubuntu.com/ubuntu-ports noble/main arm64 cmake arm64 3.28.3-1build7 [10.3 MB]
2026-09-08T05:53:06.4603800Z Get:7 http://ports.ubuntu.com/ubuntu-ports noble/universe arm64 ninja-build arm64 1.11.1-2 [125 kB]
2026-09-08T05:53:06.7250202Z Fetched 12.8 MB in 0s (26.9 MB/s)
2026-09-08T05:53:06.7463691Z Selecting previously unselected package bubblewrap.
2026-09-08T05:53:06.7673047Z (Reading database ... 
2026-09-08T05:53:06.7673739Z (Reading database ... 5%
2026-09-08T05:53:06.7674161Z (Reading database ... 10%
2026-09-08T05:53:06.7674527Z (Reading database ... 15%
2026-09-08T05:53:06.7674804Z (Reading database ... 20%
2026-09-08T05:53:06.7675074Z (Reading database ... 25%
2026-09-08T05:53:06.7675407Z (Reading database ... 30%
2026-09-08T05:53:06.7675720Z (Reading database ... 35%
2026-09-08T05:53:06.7676025Z (Reading database ... 40%
2026-09-08T05:53:06.7676305Z (Reading database ... 45%
2026-09-08T05:53:06.7676592Z (Reading database ... 50%
2026-09-08T05:53:06.7806011Z (Reading database ... 55%
2026-09-08T05:53:06.9175785Z (Reading database ... 60%
2026-09-08T05:53:07.1076196Z (Reading database ... 65%
2026-09-08T05:53:07.2345851Z (Reading database ... 70%
2026-09-08T05:53:07.2679231Z (Reading database ... 75%
2026-09-08T05:53:07.3573664Z (Reading database ... 80%
2026-09-08T05:53:07.5630617Z (Reading database ... 85%
2026-09-08T05:53:07.7046300Z (Reading database ... 90%
2026-09-08T05:53:07.8625680Z (Reading database ... 95%
2026-09-08T05:53:07.8626383Z (Reading database ... 100%
2026-09-08T05:53:07.8626791Z (Reading database ... 200999 files and directories currently installed.)
2026-09-08T05:53:07.8670138Z Preparing to unpack .../0-bubblewrap_0.9.0-1ubuntu0.1_arm64.deb ...
2026-09-08T05:53:07.8707089Z Unpacking bubblewrap (0.9.0-1ubuntu0.1) ...
2026-09-08T05:53:07.8971004Z Selecting previously unselected package build-essential.
2026-09-08T05:53:07.9143380Z Preparing to unpack .../1-build-essential_12.10ubuntu1_arm64.deb ...
2026-09-08T05:53:07.9156622Z Unpacking build-essential (12.10ubuntu1) ...
2026-09-08T05:53:07.9370792Z Selecting previously unselected package libjsoncpp25:arm64.
2026-09-08T05:53:07.9536348Z Preparing to unpack .../2-libjsoncpp25_1.9.5-6build1_arm64.deb ...
2026-09-08T05:53:07.9562973Z Unpacking libjsoncpp25:arm64 (1.9.5-6build1) ...
2026-09-08T05:53:07.9772965Z Selecting previously unselected package librhash0:arm64.
2026-09-08T05:53:07.9935991Z Preparing to unpack .../3-librhash0_1.4.3-3build1_arm64.deb ...
2026-09-08T05:53:07.9947335Z Unpacking librhash0:arm64 (1.4.3-3build1) ...
2026-09-08T05:53:08.0174577Z Selecting previously unselected package cmake-data.
2026-09-08T05:53:08.0336830Z Preparing to unpack .../4-cmake-data_3.28.3-1build7_all.deb ...
2026-09-08T05:53:08.0409347Z Unpacking cmake-data (3.28.3-1build7) ...
2026-09-08T05:53:08.5333701Z Selecting previously unselected package cmake.
2026-09-08T05:53:08.5520618Z Preparing to unpack .../5-cmake_3.28.3-1build7_arm64.deb ...
2026-09-08T05:53:08.5534073Z Unpacking cmake (3.28.3-1build7) ...
2026-09-08T05:53:08.7219496Z Selecting previously unselected package ninja-build.
2026-09-08T05:53:08.7408417Z Preparing to unpack .../6-ninja-build_1.11.1-2_arm64.deb ...
2026-09-08T05:53:08.7419690Z Unpacking ninja-build (1.11.1-2) ...
2026-09-08T05:53:08.8049497Z Setting up bubblewrap (0.9.0-1ubuntu0.1) ...
2026-09-08T05:53:08.8104436Z Setting up ninja-build (1.11.1-2) ...
2026-09-08T05:53:08.8132645Z Setting up libjsoncpp25:arm64 (1.9.5-6build1) ...
2026-09-08T05:53:08.8158723Z Setting up librhash0:arm64 (1.4.3-3build1) ...
2026-09-08T05:53:08.8187898Z Setting up build-essential (12.10ubuntu1) ...
2026-09-08T05:53:08.8208830Z Setting up cmake-data (3.28.3-1build7) ...
2026-09-08T05:53:08.8273455Z Setting up cmake (3.28.3-1build7) ...
2026-09-08T05:53:08.8301451Z Processing triggers for man-db (2.12.0-4build2) ...
2026-09-08T05:53:08.8324173Z Not building database; man-db/auto-update is not 'true'.
2026-09-08T05:53:08.8341201Z Processing triggers for libc-bin (2.39-0ubuntu8.8) ...
2026-09-08T05:53:11.0275869Z 
2026-09-08T05:53:11.0276549Z Running kernel seems to be up-to-date.
2026-09-08T05:53:11.0276848Z 
2026-09-08T05:53:11.0277436Z No services need to be restarted.
2026-09-08T05:53:11.0277667Z 
2026-09-08T05:53:11.0288321Z No containers need to be restarted.
2026-09-08T05:53:11.0288618Z 
2026-09-08T05:53:11.0289067Z No user sessions are running outdated binaries.
2026-09-08T05:53:11.0289325Z 
2026-09-08T05:53:11.0289553Z No VM guests are running outdated hypervisor (qemu) binaries on this host.
2026-09-08T05:53:12.1730105Z ##[group]Run curl --fail --location --retry 3 --output "$RUNNER_TEMP/zig.tar.xz" "https://ziglang.org/download/0.16.0/zig-${ZIG_ARCH}-0.16.0.tar.xz"
2026-09-08T05:53:12.1731293Z [36;1mcurl --fail --location --retry 3 --output "$RUNNER_TEMP/zig.tar.xz" "https://ziglang.org/download/0.16.0/zig-${ZIG_ARCH}-0.16.0.tar.xz"[0m
2026-09-08T05:53:12.1732013Z [36;1mecho "$ZIG_SHA256  $RUNNER_TEMP/zig.tar.xz" | sha256sum --check --strict[0m
2026-09-08T05:53:12.1732412Z [36;1mmkdir "$RUNNER_TEMP/zig"[0m
2026-09-08T05:53:12.1732891Z [36;1mtar -xJf "$RUNNER_TEMP/zig.tar.xz" -C "$RUNNER_TEMP/zig" --strip-components=1[0m
2026-09-08T05:53:12.1733336Z [36;1mecho "$RUNNER_TEMP/zig" >> "$GITHUB_PATH"[0m
2026-09-08T05:53:12.1785976Z shell: /usr/bin/bash -e {0}
2026-09-08T05:53:12.1786399Z env:
2026-09-08T05:53:12.1786704Z   pythonLocation: /opt/hostedtoolcache/Python/3.14.7/arm64
2026-09-08T05:53:12.1787387Z   PKG_CONFIG_PATH: /opt/hostedtoolcache/Python/3.14.7/arm64/lib/pkgconfig
2026-09-08T05:53:12.1787993Z   Python_ROOT_DIR: /opt/hostedtoolcache/Python/3.14.7/arm64
2026-09-08T05:53:12.1788405Z   Python2_ROOT_DIR: /opt/hostedtoolcache/Python/3.14.7/arm64
2026-09-08T05:53:12.1788880Z   Python3_ROOT_DIR: /opt/hostedtoolcache/Python/3.14.7/arm64
2026-09-08T05:53:12.1789309Z   LD_LIBRARY_PATH: /opt/hostedtoolcache/Python/3.14.7/arm64/lib
2026-09-08T05:53:12.1789756Z   INSTALL_DIR_FOR_OTP: /home/runner/work/_temp/.setup-beam/otp
2026-09-08T05:53:12.1790192Z   INSTALL_DIR_FOR_ELIXIR: /home/runner/work/_temp/.setup-beam/elixir
2026-09-08T05:53:12.1790558Z   ZIG_ARCH: aarch64-linux
2026-09-08T05:53:12.1790984Z   ZIG_SHA256: ea4b09bfb22ec6f6c6ceac57ab63efb6b46e17ab08d21f69f3a48b38e1534f17
2026-09-08T05:53:12.1791388Z ##[endgroup]
2026-09-08T05:53:12.1912975Z   % Total    % Received % Xferd  Average Speed   Time    Time     Time  Current
2026-09-08T05:53:12.1913615Z                                  Dload  Upload   Total   Spent    Left  Speed
2026-09-08T05:53:12.1913949Z 
2026-09-08T05:53:12.4929845Z   0     0    0     0    0     0      0      0 --:--:-- --:--:-- --:--:--     0
2026-09-08T05:53:13.4840632Z   0     0    0     0    0     0      0      0 --:--:-- --:--:-- --:--:--     0
2026-09-08T05:53:14.5218969Z   0 48.8M    0  431k    0     0   334k      0  0:02:29  0:00:01  0:02:28  333k
2026-09-08T05:53:15.4836062Z  20 48.8M   20 10.1M    0     0  4469k      0  0:00:11  0:00:02  0:00:09 4468k
2026-09-08T05:53:16.0137099Z  70 48.8M   70 34.5M    0     0  10.4M      0  0:00:04  0:00:03  0:00:01 10.4M
2026-09-08T05:53:16.0137810Z 100 48.8M  100 48.8M    0     0  12.7M      0  0:00:03  0:00:03 --:--:-- 12.7M
2026-09-08T05:53:16.0509575Z /home/runner/work/_temp/zig.tar.xz: OK
2026-09-08T05:53:18.7095064Z ##[group]Run python3 scripts/source_routing_checks.py --destination "$RUNNER_TEMP/routing"
2026-09-08T05:53:18.7095898Z [36;1mpython3 scripts/source_routing_checks.py --destination "$RUNNER_TEMP/routing"[0m
2026-09-08T05:53:18.7137576Z shell: /usr/bin/bash -e {0}
2026-09-08T05:53:18.7137903Z env:
2026-09-08T05:53:18.7138193Z   pythonLocation: /opt/hostedtoolcache/Python/3.14.7/arm64
2026-09-08T05:53:18.7138719Z   PKG_CONFIG_PATH: /opt/hostedtoolcache/Python/3.14.7/arm64/lib/pkgconfig
2026-09-08T05:53:18.7139194Z   Python_ROOT_DIR: /opt/hostedtoolcache/Python/3.14.7/arm64
2026-09-08T05:53:18.7139618Z   Python2_ROOT_DIR: /opt/hostedtoolcache/Python/3.14.7/arm64
2026-09-08T05:53:18.7140032Z   Python3_ROOT_DIR: /opt/hostedtoolcache/Python/3.14.7/arm64
2026-09-08T05:53:18.7140440Z   LD_LIBRARY_PATH: /opt/hostedtoolcache/Python/3.14.7/arm64/lib
2026-09-08T05:53:18.7140880Z   INSTALL_DIR_FOR_OTP: /home/runner/work/_temp/.setup-beam/otp
2026-09-08T05:53:18.7141439Z   INSTALL_DIR_FOR_ELIXIR: /home/runner/work/_temp/.setup-beam/elixir
2026-09-08T05:53:18.7141874Z ##[endgroup]
2026-09-08T05:53:19.0808881Z 9 ownership/configuration rejections; fetch/OpenSSL/CMake/bridge routes use private paths
2026-09-08T05:53:19.0809884Z Commands were captured, not executed; native source compilation remains unproved
2026-09-08T05:53:19.1163311Z ##[group]Run python3 - <<'PY'
2026-09-08T05:53:19.1163620Z [36;1mpython3 - <<'PY'[0m
2026-09-08T05:53:19.1163824Z [36;1mimport os, sys[0m
2026-09-08T05:53:19.1164025Z [36;1mfrom pathlib import Path[0m
2026-09-08T05:53:19.1164263Z [36;1msys.path.insert(0, 'scripts')[0m
2026-09-08T05:53:19.1164513Z [36;1mfrom linux_sandbox import probe[0m
2026-09-08T05:53:19.1164832Z [36;1mwork = Path(os.environ['RUNNER_TEMP']) / 'isolation-probe'[0m
2026-09-08T05:53:19.1165148Z [36;1mwork.mkdir()[0m
2026-09-08T05:53:19.1165339Z [36;1mprobe(work, [])[0m
2026-09-08T05:53:19.1165523Z [36;1mPY[0m
2026-09-08T05:53:19.1204075Z shell: /usr/bin/bash -e {0}
2026-09-08T05:53:19.1204311Z env:
2026-09-08T05:53:19.1204548Z   pythonLocation: /opt/hostedtoolcache/Python/3.14.7/arm64
2026-09-08T05:53:19.1205201Z   PKG_CONFIG_PATH: /opt/hostedtoolcache/Python/3.14.7/arm64/lib/pkgconfig
2026-09-08T05:53:19.1205595Z   Python_ROOT_DIR: /opt/hostedtoolcache/Python/3.14.7/arm64
2026-09-08T05:53:19.1206000Z   Python2_ROOT_DIR: /opt/hostedtoolcache/Python/3.14.7/arm64
2026-09-08T05:53:19.1206353Z   Python3_ROOT_DIR: /opt/hostedtoolcache/Python/3.14.7/arm64
2026-09-08T05:53:19.1206708Z   LD_LIBRARY_PATH: /opt/hostedtoolcache/Python/3.14.7/arm64/lib
2026-09-08T05:53:19.1207344Z   INSTALL_DIR_FOR_OTP: /home/runner/work/_temp/.setup-beam/otp
2026-09-08T05:53:19.1207733Z   INSTALL_DIR_FOR_ELIXIR: /home/runner/work/_temp/.setup-beam/elixir
2026-09-08T05:53:19.1208046Z ##[endgroup]
2026-09-08T05:53:19.2472560Z Linux namespace probe passed: build trees hidden, compiler paths masked, external network unavailable
2026-09-08T05:53:19.2958591Z {"command": ["sudo", "-E", "bwrap", "--die-with-parent", "--unshare-pid", "--ro-bind", "/", "/", "--dev", "/dev", "--proc", "/proc", "--bind", "/home/runner/work/_temp/isolation-probe", "/home/runner/work/_temp/isolation-probe", "--unshare-net", "--tmpfs", "/home/runner/work/Aphid/Aphid", "--ro-bind", "/dev/null", "/home/runner/work/_temp/zig/zig", "--ro-bind", "/dev/null", "/usr/bin/aarch64-linux-gnu-as", "--ro-bind", "/dev/null", "/usr/bin/aarch64-linux-gnu-g++-12", "--ro-bind", "/dev/null", "/usr/bin/aarch64-linux-gnu-g++-13", "--ro-bind", "/dev/null", "/usr/bin/aarch64-linux-gnu-g++-14", "--ro-bind", "/dev/null", "/usr/bin/aarch64-linux-gnu-gcc-12", "--ro-bind", "/dev/null", "/usr/bin/aarch64-linux-gnu-gcc-13", "--ro-bind", "/dev/null", "/usr/bin/aarch64-linux-gnu-gcc-14", "--ro-bind", "/dev/null", "/usr/bin/aarch64-linux-gnu-ld.bfd", "--ro-bind", "/dev/null", "/usr/bin/c89-gcc", "--ro-bind", "/dev/null", "/usr/bin/c99-gcc", "--ro-bind", "/dev/null", "/usr/bin/cmake", "--ro-bind", "/dev/null", "/usr/bin/make", "--ro-bind", "/dev/null", "/usr/bin/ninja", "--ro-bind", "/dev/null", "/usr/lib/llvm-16/bin/clang", "--ro-bind", "/dev/null", "/usr/lib/llvm-16/bin/lld", "--ro-bind", "/dev/null", "/usr/lib/llvm-16/bin/llvm-as", "--ro-bind", "/dev/null", "/usr/lib/llvm-17/bin/clang", "--ro-bind", "/dev/null", "/usr/lib/llvm-17/bin/lld", "--ro-bind", "/dev/null", "/usr/lib/llvm-17/bin/llvm-as", "--ro-bind", "/dev/null", "/usr/lib/llvm-18/bin/clang", "--ro-bind", "/dev/null", "/usr/lib/llvm-18/bin/lld", "--ro-bind", "/dev/null", "/usr/lib/llvm-18/bin/llvm-as", "--ro-bind", "/dev/null", "/usr/local/bin/cmake", "--ro-bind", "/dev/null", "/usr/local/bin/ninja", "--cap-add", "CAP_SETUID", "--cap-add", "CAP_SETGID", "--cap-add", "CAP_SETPCAP", "--clearenv", "--setenv", "LANG", "C.UTF-8", "--setenv", "HOME", "/home/runner", "--setenv", "PATH", "/home/runner/work/_temp/zig:/home/runner/work/_temp/.setup-beam/elixir/bin:/home/runner/.mix/escripts:/home/runner/work/_temp/.setup-beam/otp/bin:/opt/hostedtoolcache/Python/3.14.7/arm64/bin:/opt/hostedtoolcache/Python/3.14.7/arm64:/snap/bin:/home/runner/.local/bin:/opt/pipx_bin:/home/runner/.cargo/bin:/home/runner/.config/composer/vendor/bin:/home/runner/.dotnet/tools:/usr/local/sbin:/usr/local/bin:/usr/sbin:/usr/bin:/sbin:/bin:/usr/games:/usr/local/games:/snap/bin", "--", "/usr/bin/setpriv", "--reuid", "1001", "--regid", "1001", "--clear-groups", "--bounding-set=-all", "--no-new-privs", "--", "/opt/hostedtoolcache/Python/3.14.7/arm64/bin/python3", "/home/runner/work/_temp/isolation-probe/isolation-check.py"], "cwd": "/home/runner/work/_temp/isolation-probe", "exit": 0, "seconds": 0.114}
2026-09-08T05:53:19.5160637Z UTF-8 runtime filename mode verified
2026-09-08T05:53:19.5605349Z {"command": ["sudo", "-E", "bwrap", "--die-with-parent", "--unshare-pid", "--ro-bind", "/", "/", "--dev", "/dev", "--proc", "/proc", "--bind", "/home/runner/work/_temp/isolation-probe", "/home/runner/work/_temp/isolation-probe", "--unshare-net", "--tmpfs", "/home/runner/work/Aphid/Aphid", "--ro-bind", "/dev/null", "/home/runner/work/_temp/zig/zig", "--ro-bind", "/dev/null", "/usr/bin/aarch64-linux-gnu-as", "--ro-bind", "/dev/null", "/usr/bin/aarch64-linux-gnu-g++-12", "--ro-bind", "/dev/null", "/usr/bin/aarch64-linux-gnu-g++-13", "--ro-bind", "/dev/null", "/usr/bin/aarch64-linux-gnu-g++-14", "--ro-bind", "/dev/null", "/usr/bin/aarch64-linux-gnu-gcc-12", "--ro-bind", "/dev/null", "/usr/bin/aarch64-linux-gnu-gcc-13", "--ro-bind", "/dev/null", "/usr/bin/aarch64-linux-gnu-gcc-14", "--ro-bind", "/dev/null", "/usr/bin/aarch64-linux-gnu-ld.bfd", "--ro-bind", "/dev/null", "/usr/bin/c89-gcc", "--ro-bind", "/dev/null", "/usr/bin/c99-gcc", "--ro-bind", "/dev/null", "/usr/bin/cmake", "--ro-bind", "/dev/null", "/usr/bin/make", "--ro-bind", "/dev/null", "/usr/bin/ninja", "--ro-bind", "/dev/null", "/usr/lib/llvm-16/bin/clang", "--ro-bind", "/dev/null", "/usr/lib/llvm-16/bin/lld", "--ro-bind", "/dev/null", "/usr/lib/llvm-16/bin/llvm-as", "--ro-bind", "/dev/null", "/usr/lib/llvm-17/bin/clang", "--ro-bind", "/dev/null", "/usr/lib/llvm-17/bin/lld", "--ro-bind", "/dev/null", "/usr/lib/llvm-17/bin/llvm-as", "--ro-bind", "/dev/null", "/usr/lib/llvm-18/bin/clang", "--ro-bind", "/dev/null", "/usr/lib/llvm-18/bin/lld", "--ro-bind", "/dev/null", "/usr/lib/llvm-18/bin/llvm-as", "--ro-bind", "/dev/null", "/usr/local/bin/cmake", "--ro-bind", "/dev/null", "/usr/local/bin/ninja", "--cap-add", "CAP_SETUID", "--cap-add", "CAP_SETGID", "--cap-add", "CAP_SETPCAP", "--clearenv", "--setenv", "LANG", "C.UTF-8", "--setenv", "HOME", "/home/runner", "--setenv", "PATH", "/home/runner/work/_temp/zig:/home/runner/work/_temp/.setup-beam/elixir/bin:/home/runner/.mix/escripts:/home/runner/work/_temp/.setup-beam/otp/bin:/opt/hostedtoolcache/Python/3.14.7/arm64/bin:/opt/hostedtoolcache/Python/3.14.7/arm64:/snap/bin:/home/runner/.local/bin:/opt/pipx_bin:/home/runner/.cargo/bin:/home/runner/.config/composer/vendor/bin:/home/runner/.dotnet/tools:/usr/local/sbin:/usr/local/bin:/usr/sbin:/usr/bin:/sbin:/bin:/usr/games:/usr/local/games:/snap/bin", "--", "/usr/bin/setpriv", "--reuid", "1001", "--regid", "1001", "--clear-groups", "--bounding-set=-all", "--no-new-privs", "--", "/home/runner/work/_temp/.setup-beam/elixir/bin/elixir", "-e", ":utf8 = :file.native_name_encoding(); IO.puts(\"UTF-8 runtime filename mode verified\")"], "cwd": "/home/runner/work/_temp/isolation-probe", "exit": 0, "seconds": 0.264}
2026-09-08T05:53:19.5715590Z ##[group]Run python3 -u scripts/linux_ci.py --target "$APHID_TARGET" --work "$RUNNER_TEMP/aphid-preflight" --toolchain-only
2026-09-08T05:53:19.5716393Z [36;1mpython3 -u scripts/linux_ci.py --target "$APHID_TARGET" --work "$RUNNER_TEMP/aphid-preflight" --toolchain-only[0m
2026-09-08T05:53:19.5751147Z shell: /usr/bin/bash -e {0}
2026-09-08T05:53:19.5751378Z env:
2026-09-08T05:53:19.5751614Z   pythonLocation: /opt/hostedtoolcache/Python/3.14.7/arm64
2026-09-08T05:53:19.5752010Z   PKG_CONFIG_PATH: /opt/hostedtoolcache/Python/3.14.7/arm64/lib/pkgconfig
2026-09-08T05:53:19.5752406Z   Python_ROOT_DIR: /opt/hostedtoolcache/Python/3.14.7/arm64
2026-09-08T05:53:19.5752760Z   Python2_ROOT_DIR: /opt/hostedtoolcache/Python/3.14.7/arm64
2026-09-08T05:53:19.5753110Z   Python3_ROOT_DIR: /opt/hostedtoolcache/Python/3.14.7/arm64
2026-09-08T05:53:19.5753489Z   LD_LIBRARY_PATH: /opt/hostedtoolcache/Python/3.14.7/arm64/lib
2026-09-08T05:53:19.5753909Z   INSTALL_DIR_FOR_OTP: /home/runner/work/_temp/.setup-beam/otp
2026-09-08T05:53:19.5754294Z   INSTALL_DIR_FOR_ELIXIR: /home/runner/work/_temp/.setup-beam/elixir
2026-09-08T05:53:19.5754620Z   APHID_TARGET: aarch64-linux-gnu
2026-09-08T05:53:19.5754838Z ##[endgroup]
2026-09-08T05:53:19.6434892Z {"target": "aarch64-linux-gnu", "host": {"system": "Linux", "node": "runnervmfx5wp", "release": "6.17.0-1022-azure", "version": "#22-Ubuntu SMP Mon Jul 27 17:12:01 UTC 2026", "machine": "aarch64", "processor": "aarch64"}, "disk_free": 114912641024}
2026-09-08T05:53:19.6447611Z glibc 2.39
2026-09-08T05:53:19.6452324Z {"command": ["getconf", "GNU_LIBC_VERSION"], "cwd": "/home/runner/work/Aphid/Aphid", "exit": 0, "seconds": 0.002}
2026-09-08T05:53:19.6479624Z Architecture:                            aarch64
2026-09-08T05:53:19.6479960Z CPU op-mode(s):                          32-bit, 64-bit
2026-09-08T05:53:19.6480649Z Byte Order:                              Little Endian
2026-09-08T05:53:19.6480959Z CPU(s):                                  4
2026-09-08T05:53:19.6481250Z On-line CPU(s) list:                     0-3
2026-09-08T05:53:19.6481559Z Vendor ID:                               ARM
2026-09-08T05:53:19.6481851Z Model name:                              Neoverse-N2
2026-09-08T05:53:19.6482149Z Model:                                   0
2026-09-08T05:53:19.6482426Z Thread(s) per core:                      1
2026-09-08T05:53:19.6482700Z Core(s) per socket:                      4
2026-09-08T05:53:19.6482980Z Socket(s):                               1
2026-09-08T05:53:19.6483271Z Stepping:                                r0p0
2026-09-08T05:53:19.6483575Z BogoMIPS:                                2000.00
2026-09-08T05:53:19.6484646Z Flags:                                   fp asimd evtstrm aes pmull sha1 sha2 crc32 atomics fphp asimdhp cpuid asimdrdm jscvt fcma lrcpc dcpop sha3 sm3 sm4 asimddp sha512 sve asimdfhm uscat ilrcpc flagm sb paca pacg dcpodp sve2 sveaes svebitperm svesha3 svesm4 flagm2 frint svei8mm svebf16 i8mm bf16
2026-09-08T05:53:19.6485718Z L1d cache:                               256 KiB (4 instances)
2026-09-08T05:53:19.6486058Z L1i cache:                               256 KiB (4 instances)
2026-09-08T05:53:19.6486388Z L2 cache:                                4 MiB (4 instances)
2026-09-08T05:53:19.6486716Z L3 cache:                                128 MiB (1 instance)
2026-09-08T05:53:19.6487272Z NUMA node(s):                            1
2026-09-08T05:53:19.6487543Z NUMA node0 CPU(s):                       0-3
2026-09-08T05:53:19.6487864Z Vulnerability Gather data sampling:      Not affected
2026-09-08T05:53:19.6488240Z Vulnerability Ghostwrite:                Not affected
2026-09-08T05:53:19.6488592Z Vulnerability Indirect target selection: Not affected
2026-09-08T05:53:19.6488946Z Vulnerability Itlb multihit:             Not affected
2026-09-08T05:53:19.6489292Z Vulnerability L1tf:                      Not affected
2026-09-08T05:53:19.6489626Z Vulnerability Mds:                       Not affected
2026-09-08T05:53:19.6490288Z Vulnerability Meltdown:                  Not affected
2026-09-08T05:53:19.6490789Z Vulnerability Mmio stale data:           Not affected
2026-09-08T05:53:19.6491153Z Vulnerability Old microcode:             Not affected
2026-09-08T05:53:19.6491504Z Vulnerability Reg file data sampling:    Not affected
2026-09-08T05:53:19.6491852Z Vulnerability Retbleed:                  Not affected
2026-09-08T05:53:19.6492195Z Vulnerability Spec rstack overflow:      Not affected
2026-09-08T05:53:19.6492666Z Vulnerability Spec store bypass:         Mitigation; Speculative Store Bypass disabled via prctl
2026-09-08T05:53:19.6493208Z Vulnerability Spectre v1:                Mitigation; __user pointer sanitization
2026-09-08T05:53:19.6493656Z Vulnerability Spectre v2:                Mitigation; CSV2, BHB
2026-09-08T05:53:19.6494028Z Vulnerability Srbds:                     Not affected
2026-09-08T05:53:19.6494377Z Vulnerability Tsa:                       Not affected
2026-09-08T05:53:19.6494717Z Vulnerability Tsx async abort:           Not affected
2026-09-08T05:53:19.6495066Z Vulnerability Vmscape:                   Not affected
2026-09-08T05:53:19.6495886Z {"command": ["lscpu"], "cwd": "/home/runner/work/Aphid/Aphid", "exit": 0, "seconds": 0.004}
2026-09-08T05:53:19.6502461Z                total        used        free      shared  buff/cache   available
2026-09-08T05:53:19.6502919Z Mem:     16722046976  1327247360 12551462912    48680960  3166429184 15394799616
2026-09-08T05:53:19.6503289Z Swap:     3221221376           0  3221221376
2026-09-08T05:53:19.6504872Z {"command": ["free", "-b"], "cwd": "/home/runner/work/Aphid/Aphid", "exit": 0, "seconds": 0.001}
2026-09-08T05:53:19.6576163Z c++ (Ubuntu 13.3.0-6ubuntu2~24.04.1) 13.3.0
2026-09-08T05:53:19.6576488Z Copyright (C) 2023 Free Software Foundation, Inc.
2026-09-08T05:53:19.6576883Z This is free software; see the source for copying conditions.  There is NO
2026-09-08T05:53:19.6577815Z warranty; not even for MERCHANTABILITY or FITNESS FOR A PARTICULAR PURPOSE.
2026-09-08T05:53:19.6578287Z 
2026-09-08T05:53:19.6585392Z {"command": ["c++", "--version"], "cwd": "/home/runner/work/Aphid/Aphid", "exit": 0, "seconds": 0.008}
2026-09-08T05:53:19.9092033Z cmake version 3.31.6
2026-09-08T05:53:19.9092226Z 
2026-09-08T05:53:19.9092431Z CMake suite maintained and supported by Kitware (kitware.com/cmake).
2026-09-08T05:53:19.9232458Z {"command": ["cmake", "--version"], "cwd": "/home/runner/work/Aphid/Aphid", "exit": 0, "seconds": 0.265}
2026-09-08T05:53:19.9253714Z 1.13.2
2026-09-08T05:53:19.9271119Z {"command": ["ninja", "--version"], "cwd": "/home/runner/work/Aphid/Aphid", "exit": 0, "seconds": 0.004}
2026-09-08T05:53:19.9298558Z 0.16.0
2026-09-08T05:53:19.9306671Z {"command": ["zig", "version"], "cwd": "/home/runner/work/Aphid/Aphid", "exit": 0, "seconds": 0.003}
2026-09-08T05:53:20.1195259Z Erlang/OTP 29 [erts-17.0.4] [source] [64-bit] [smp:4:4] [ds:4:4:10] [async-threads:1] [jit]
2026-09-08T05:53:20.1195664Z 
2026-09-08T05:53:20.1234083Z Elixir 1.20.0 (compiled with Erlang/OTP 29)
2026-09-08T05:53:20.1449737Z {"command": ["elixir", "--version"], "cwd": "/home/runner/work/Aphid/Aphid", "exit": 0, "seconds": 0.214}
2026-09-08T05:53:20.8973477Z * creating /home/runner/.mix/archives/hex-2.5.1
2026-09-08T05:53:20.9117918Z {"command": ["mix", "local.hex", "--force"], "cwd": "/home/runner/work/_temp/aphid-preflight/toolchain-source", "exit": 0, "seconds": 0.765}
2026-09-08T05:53:22.3766086Z Resolving Hex dependencies...
2026-09-08T05:53:22.3951078Z Resolution completed in 0.017s
2026-09-08T05:53:22.3964667Z Unchanged:
2026-09-08T05:53:22.3965149Z   earmark_parser 1.4.46
2026-09-08T05:53:22.3972688Z   ex_doc 0.39.1
2026-09-08T05:53:22.3976631Z   makeup 1.2.2
2026-09-08T05:53:22.3977612Z   makeup_elixir 1.0.1
2026-09-08T05:53:22.3978124Z   makeup_erlang 1.1.0
2026-09-08T05:53:22.3978686Z   nimble_parsec 1.4.2
2026-09-08T05:53:22.3978920Z   pegasus 0.2.6
2026-09-08T05:53:22.3979126Z   protoss 1.1.0
2026-09-08T05:53:22.3979322Z   telemetry 1.4.2
2026-09-08T05:53:22.3979516Z   zig_doc 0.7.0
2026-09-08T05:53:22.3979704Z   zig_get 0.16.0
2026-09-08T05:53:22.3980511Z   zig_parser 0.7.0
2026-09-08T05:53:22.3980855Z   zigler 0.16.0
2026-09-08T05:53:22.4022451Z * Getting zigler (Hex package)
2026-09-08T05:53:22.5036714Z * Getting telemetry (Hex package)
2026-09-08T05:53:22.5098996Z * Getting protoss (Hex package)
2026-09-08T05:53:22.5141718Z * Getting zig_doc (Hex package)
2026-09-08T05:53:22.5194044Z * Getting zig_get (Hex package)
2026-09-08T05:53:22.5219169Z * Getting zig_parser (Hex package)
2026-09-08T05:53:22.5354342Z * Getting pegasus (Hex package)
2026-09-08T05:53:22.5409768Z * Getting nimble_parsec (Hex package)
2026-09-08T05:53:22.5447722Z * Getting ex_doc (Hex package)
2026-09-08T05:53:22.5638420Z * Getting earmark_parser (Hex package)
2026-09-08T05:53:22.5736833Z * Getting makeup_elixir (Hex package)
2026-09-08T05:53:22.5788240Z * Getting makeup_erlang (Hex package)
2026-09-08T05:53:22.5823983Z * Getting makeup (Hex package)
2026-09-08T05:53:22.6247664Z {"command": ["mix", "deps.get"], "cwd": "/home/runner/work/_temp/aphid-preflight/toolchain-source/_build/toolchain-proof", "exit": 0, "seconds": 1.668}
2026-09-08T05:53:23.1753574Z ==> earmark_parser
2026-09-08T05:53:23.1762995Z Compiling 2 files (.xrl)
2026-09-08T05:53:23.1975944Z Compiling 1 file (.yrl)
2026-09-08T05:53:23.2203963Z Compiling 3 files (.erl)
2026-09-08T05:53:23.3338703Z Compiling 32 files (.ex)
2026-09-08T05:53:23.7420666Z Generated earmark_parser app
2026-09-08T05:53:23.7540945Z ==> protoss
2026-09-08T05:53:23.7541734Z Compiling 1 file (.ex)
2026-09-08T05:53:23.7961997Z Generated protoss app
2026-09-08T05:53:23.8152436Z ==> zig_get
2026-09-08T05:53:23.8152887Z Compiling 1 file (.ex)
2026-09-08T05:53:23.8818155Z Generated zig_get app
2026-09-08T05:53:23.8950662Z ==> nimble_parsec
2026-09-08T05:53:23.8950951Z Compiling 4 files (.ex)
2026-09-08T05:53:24.1112042Z Generated nimble_parsec app
2026-09-08T05:53:24.1430171Z ==> pegasus
2026-09-08T05:53:24.1430614Z Compiling 11 files (.ex)
2026-09-08T05:53:25.8920320Z Generated pegasus app
2026-09-08T05:53:25.9168241Z ==> zig_parser
2026-09-08T05:53:25.9168569Z Compiling 37 files (.ex)
2026-09-08T05:53:29.8738506Z     warning: incompatible types given to Map.replace!/3:
2026-09-08T05:53:29.8738797Z 
2026-09-08T05:53:29.8738948Z         Map.replace!(parse(args), :doc_comment, comment)
2026-09-08T05:53:29.8739163Z 
2026-09-08T05:53:29.8739243Z     the map:
2026-09-08T05:53:29.8739348Z 
2026-09-08T05:53:29.8739543Z         dynamic(%Zig.Parser.Test{block: %Zig.Parser.Block{}, location: nil})
2026-09-08T05:53:29.8739824Z 
2026-09-08T05:53:29.8739920Z     does not have all required keys:
2026-09-08T05:53:29.8740087Z 
2026-09-08T05:53:29.8740167Z         :doc_comment
2026-09-08T05:53:29.8740289Z 
2026-09-08T05:53:29.8740404Z     therefore this function will always raise
2026-09-08T05:53:29.8740593Z 
2026-09-08T05:53:29.8740692Z     where "args" was given the type:
2026-09-08T05:53:29.8740881Z 
2026-09-08T05:53:29.8740996Z         # type: dynamic(non_empty_list(term()))
2026-09-08T05:53:29.8741281Z         # from: lib/zig.parser/test.ex:16:10
2026-09-08T05:53:29.8741549Z         parse(args)
2026-09-08T05:53:29.8741669Z 
2026-09-08T05:53:29.8741771Z     where "comment" was given the type:
2026-09-08T05:53:29.8741940Z 
2026-09-08T05:53:29.8742026Z         # type: dynamic()
2026-09-08T05:53:29.8742587Z         # from: lib/zig.parser/test.ex
2026-09-08T05:53:29.8742929Z         [{:TestDecl, [start, {:doc_comment, comment} | args]} | rest_args]
2026-09-08T05:53:29.8743191Z 
2026-09-08T05:53:29.8743343Z     type warning found at:
2026-09-08T05:53:29.8743809Z     │
2026-09-08T05:53:29.8744119Z  17 │       |> Map.replace!(:doc_comment, comment)
2026-09-08T05:53:29.8744424Z     │              ~
2026-09-08T05:53:29.8744610Z     │
2026-09-08T05:53:29.8744933Z     └─ lib/zig.parser/test.ex:17:14: Zig.Parser.Test.post_traverse/5
2026-09-08T05:53:29.8745189Z 
2026-09-08T05:53:30.2278482Z Generated zig_parser app
2026-09-08T05:53:30.2439846Z ==> makeup
2026-09-08T05:53:30.2440250Z Compiling 15 files (.ex)
2026-09-08T05:53:30.5268372Z Generated makeup app
2026-09-08T05:53:30.5429842Z ==> makeup_elixir
2026-09-08T05:53:30.5430153Z Compiling 6 files (.ex)
2026-09-08T05:53:37.2501612Z Generated makeup_elixir app
2026-09-08T05:53:37.2650885Z ==> makeup_erlang
2026-09-08T05:53:37.2651550Z Compiling 4 files (.ex)
2026-09-08T05:53:46.7976856Z Generated makeup_erlang app
2026-09-08T05:53:46.8213548Z ==> ex_doc
2026-09-08T05:53:46.8213986Z Compiling 27 files (.ex)
2026-09-08T05:53:47.4355888Z      warning: this clause of defp favicon_path/1 is never used (or it will always fail/warn when invoked)
2026-09-08T05:53:47.4356886Z      │
2026-09-08T05:53:47.4357447Z  153 │   defp favicon_path(%{favicon: nil}), do: nil
2026-09-08T05:53:47.4357782Z      │        ~
2026-09-08T05:53:47.4357970Z      │
2026-09-08T05:53:47.4358446Z      └─ lib/ex_doc/formatter/html/templates.ex:153:8: ExDoc.Formatter.HTML.Templates.favicon_path/1
2026-09-08T05:53:47.4358984Z 
2026-09-08T05:53:47.4361141Z      warning: this clause of defp logo_path/1 is never used (or it will always fail/warn when invoked)
2026-09-08T05:53:47.4361706Z      │
2026-09-08T05:53:47.4361988Z  156 │   defp logo_path(%{logo: nil}), do: nil
2026-09-08T05:53:47.4362270Z      │        ~
2026-09-08T05:53:47.4362448Z      │
2026-09-08T05:53:47.4362873Z      └─ lib/ex_doc/formatter/html/templates.ex:156:8: ExDoc.Formatter.HTML.Templates.logo_path/1
2026-09-08T05:53:47.4363224Z 
2026-09-08T05:53:47.4370928Z      warning: the following clause cannot match because the previous clauses already matched all possible values:
2026-09-08T05:53:47.4371400Z 
2026-09-08T05:53:47.4371681Z          _ ->
2026-09-08T05:53:47.4371813Z 
2026-09-08T05:53:47.4371940Z      it attempts to match on the result of:
2026-09-08T05:53:47.4372125Z 
2026-09-08T05:53:47.4372219Z          result
2026-09-08T05:53:47.4372335Z 
2026-09-08T05:53:47.4375349Z      which has the already matched type:
2026-09-08T05:53:47.4376354Z 
2026-09-08T05:53:47.4376857Z          dynamic({:docs_v1, term(), term(), term(), term(), term(), term()} or {:error, term()})
2026-09-08T05:53:47.4377648Z 
2026-09-08T05:53:47.4378019Z      type warning found at:
2026-09-08T05:53:47.4378536Z      │
2026-09-08T05:53:47.4378999Z  124 │       _ ->
2026-09-08T05:53:47.4379469Z      │         ~
2026-09-08T05:53:47.4379897Z      │
2026-09-08T05:53:47.4380453Z      └─ lib/ex_doc/retriever.ex:124:9: ExDoc.Retriever.docs_chunk/1
2026-09-08T05:53:47.4380909Z 
2026-09-08T05:53:47.4430940Z      warning: the following clause will never match:
2026-09-08T05:53:47.4431767Z 
2026-09-08T05:53:47.4432119Z          nil ->
2026-09-08T05:53:47.4432601Z 
2026-09-08T05:53:47.4432939Z      because it attempts to match on the result of:
2026-09-08T05:53:47.4433321Z 
2026-09-08T05:53:47.4433708Z          ExDoc.Language.Source.fetch_type!(module_data, name, arity)
2026-09-08T05:53:47.4434406Z 
2026-09-08T05:53:47.4434750Z      which has type:
2026-09-08T05:53:47.4435248Z 
2026-09-08T05:53:47.4435600Z          dynamic(not false and not nil)
2026-09-08T05:53:47.4435947Z 
2026-09-08T05:53:47.4436307Z      type warning found at:
2026-09-08T05:53:47.4436855Z      │
2026-09-08T05:53:47.4437486Z  150 │         nil ->
2026-09-08T05:53:47.4437988Z      │         ~~~~~~
2026-09-08T05:53:47.4438395Z      │
2026-09-08T05:53:47.4438994Z      └─ lib/ex_doc/language/erlang.ex:150: ExDoc.Language.Erlang.type_data/6
2026-09-08T05:53:47.4439648Z 
2026-09-08T05:53:47.4441735Z      warning: the following clause is redundant:
2026-09-08T05:53:47.4442349Z 
2026-09-08T05:53:47.4442714Z          defp to_var({:<<>>, _, _}, _)
2026-09-08T05:53:47.4443305Z 
2026-09-08T05:53:47.4444129Z      it has type:
2026-09-08T05:53:47.4444454Z 
2026-09-08T05:53:47.4444767Z          dynamic({:<<>>, term(), term()}), dynamic()
2026-09-08T05:53:47.4445249Z 
2026-09-08T05:53:47.4445664Z      previous clauses have already matched on the following types:
2026-09-08T05:53:47.4446110Z 
2026-09-08T05:53:47.4446402Z          {:%{}, term(), term()}, term()
2026-09-08T05:53:47.4446839Z          {atom(), term(), term()}, term()
2026-09-08T05:53:47.4447476Z 
2026-09-08T05:53:47.4448159Z      │
2026-09-08T05:53:47.4448943Z  569 │   defp to_var({:<<>>, _, _}, _), do: {:binary, [], nil}
2026-09-08T05:53:47.4449505Z      │        ~
2026-09-08T05:53:47.4449916Z      │
2026-09-08T05:53:47.4450503Z      └─ lib/ex_doc/language/elixir.ex:569:8: ExDoc.Language.Elixir.to_var/2
2026-09-08T05:53:47.4451125Z 
2026-09-08T05:53:47.4466863Z      warning: the following clause is redundant:
2026-09-08T05:53:47.4467279Z 
2026-09-08T05:53:47.4467402Z          defp to_var({:{}, _, _}, _)
2026-09-08T05:53:47.4467771Z 
2026-09-08T05:53:47.4467901Z      it has type:
2026-09-08T05:53:47.4468037Z 
2026-09-08T05:53:47.4468213Z          dynamic({:{}, term(), term()}), dynamic()
2026-09-08T05:53:47.4468410Z 
2026-09-08T05:53:47.4468995Z      previous clauses have already matched on the following types:
2026-09-08T05:53:47.4489129Z 
2026-09-08T05:53:47.4489429Z          {:%{}, term(), term()}, term()
2026-09-08T05:53:47.4489698Z          {atom(), term(), term()}, term()
2026-09-08T05:53:47.4489892Z 
2026-09-08T05:53:47.4490112Z      │
2026-09-08T05:53:47.4490451Z  570 │   defp to_var({:{}, _, _}, _), do: {:tuple, [], nil}
2026-09-08T05:53:47.4490788Z      │        ~
2026-09-08T05:53:47.4490984Z      │
2026-09-08T05:53:47.4491334Z      └─ lib/ex_doc/language/elixir.ex:570:8: ExDoc.Language.Elixir.to_var/2
2026-09-08T05:53:47.4491616Z 
2026-09-08T05:53:47.4493168Z      warning: the following clause is redundant:
2026-09-08T05:53:47.4493374Z 
2026-09-08T05:53:47.4493500Z          defp to_var(float, _) when is_integer(float)
2026-09-08T05:53:47.4493700Z 
2026-09-08T05:53:47.4493778Z      it has type:
2026-09-08T05:53:47.4493894Z 
2026-09-08T05:53:47.4493980Z          integer(), dynamic()
2026-09-08T05:53:47.4494126Z 
2026-09-08T05:53:47.4494291Z      previous clauses have already matched on the following types:
2026-09-08T05:53:47.4494863Z 
2026-09-08T05:53:47.4494964Z          {:%{}, term(), term()}, term()
2026-09-08T05:53:47.4495211Z          {atom(), term(), term()}, term()
2026-09-08T05:53:47.4495468Z          {term(), term()}, term()
2026-09-08T05:53:47.4495754Z          integer(), term()
2026-09-08T05:53:47.4495901Z 
2026-09-08T05:53:47.4496079Z      │
2026-09-08T05:53:47.4496462Z  573 │   defp to_var(float, _) when is_integer(float), do: {:float, [], nil}
2026-09-08T05:53:47.4496814Z      │        ~
2026-09-08T05:53:47.4497387Z      │
2026-09-08T05:53:47.4497786Z      └─ lib/ex_doc/language/elixir.ex:573:8: ExDoc.Language.Elixir.to_var/2
2026-09-08T05:53:47.4498060Z 
2026-09-08T05:53:47.4555457Z Generated ex_doc app
2026-09-08T05:53:47.7369780Z ==> aphid
2026-09-08T05:53:47.7370951Z ===> Analyzing applications...
2026-09-08T05:53:47.7708898Z ===> Compiling telemetry
2026-09-08T05:53:47.9741639Z ==> zig_doc
2026-09-08T05:53:47.9742285Z Compiling 5 files (.ex)
2026-09-08T05:53:48.1399453Z     warning: the following clause will never match:
2026-09-08T05:53:48.1399775Z 
2026-09-08T05:53:48.1399891Z         {{:error, reason}, path} ->
2026-09-08T05:53:48.1400057Z 
2026-09-08T05:53:48.1400162Z     it is expected to match on type:
2026-09-08T05:53:48.1400353Z 
2026-09-08T05:53:48.1400430Z         dynamic(
2026-09-08T05:53:48.1400614Z           :error or
2026-09-08T05:53:48.1400935Z             ({term(), :read, binary() or empty_list() or non_empty_list(term(), term())} and
2026-09-08T05:53:48.1401446Z                not {{:ok, term()}, :read, binary() or empty_list() or non_empty_list(term(), term())})
2026-09-08T05:53:48.1401821Z         )
2026-09-08T05:53:48.1401917Z 
2026-09-08T05:53:48.1402130Z     type warning found at:
2026-09-08T05:53:48.1402673Z     │
2026-09-08T05:53:48.1402975Z  69 │       {{:error, reason}, path} ->
2026-09-08T05:53:48.1403268Z     │       ~~~~~~~~~~~~~~~~~~~~~~~~~~~
2026-09-08T05:53:48.1403498Z     │
2026-09-08T05:53:48.1403870Z     └─ lib/zig.doc/generator.ex:69: Zig.Doc.Generator.modulenode_from_config/3
2026-09-08T05:53:48.1404169Z 
2026-09-08T05:53:48.1422051Z Generated zig_doc app
2026-09-08T05:53:48.1607547Z ==> zigler
2026-09-08T05:53:48.1607882Z Compiling 50 files (.ex)
2026-09-08T05:53:48.1703296Z 
2026-09-08T05:53:48.1716152Z 05:53:48.167 [warning] not cross-compiling windows-msvc
2026-09-08T05:53:48.1930008Z      warning: clauses with the same name and arity (number of arguments) should be grouped together, "def render_elixir_spec/1" was previously defined (lib/zig/_nif.ex:373)
2026-09-08T05:53:48.1962475Z      │
2026-09-08T05:53:48.1977455Z  386 │   def render_elixir_spec(nif) do
2026-09-08T05:53:48.2010791Z      │       ~
2026-09-08T05:53:48.2027635Z      │
2026-09-08T05:53:48.2057925Z      └─ lib/zig/_nif.ex:386:7
2026-09-08T05:53:48.2087466Z 
2026-09-08T05:53:48.8262671Z      warning: unused require EEx
2026-09-08T05:53:48.8269864Z      │
2026-09-08T05:53:48.8270771Z  437 │   require EEx
2026-09-08T05:53:48.8271051Z      │   ~
2026-09-08T05:53:48.8271227Z      │
2026-09-08T05:53:48.8271452Z      └─ lib/zig/_nif.ex:437:3
2026-09-08T05:53:48.8271646Z 
2026-09-08T05:53:48.9839657Z 
2026-09-08T05:53:48.9840510Z 05:53:48.983 [debug] creating staging directory /home/runner/work/_temp/aphid-preflight/toolchain-source/staging/Elixir.Zig.Formatter
2026-09-08T05:53:48.9901529Z 
2026-09-08T05:53:48.9901990Z 05:53:48.989 [info] zig expected (via env variable) in /home/runner/work/_temp/zig/zig
2026-09-08T05:53:48.9902321Z 
2026-09-08T05:53:48.9902859Z 05:53:48.989 [debug] running command: /home/runner/work/_temp/zig/zig fmt /home/runner/work/_temp/aphid-preflight/toolchain-source/staging/Elixir.Zig.Formatter/build.zig
2026-09-08T05:53:48.9982230Z 
2026-09-08T05:53:48.9982950Z 05:53:48.997 [debug] wrote build.zig to /home/runner/work/_temp/aphid-preflight/toolchain-source/staging/Elixir.Zig.Formatter/build.zig
2026-09-08T05:53:49.1004062Z 
2026-09-08T05:53:49.1004774Z 05:53:49.099 [info] zig expected (via env variable) in /home/runner/work/_temp/zig/zig
2026-09-08T05:53:49.1005152Z 
2026-09-08T05:53:49.1007324Z 05:53:49.099 [debug] running command: /home/runner/work/_temp/zig/zig build -Dzigler-mode=sema -Derts_include=/home/runner/work/_temp/.setup-beam/otp/erts-17.0.4/include -Derl_nif_header=/home/runner/work/_temp/.setup-beam/otp/erts-17.0.4/include/erl_nif.h -Derl_nif_win_path=/home/runner/work/_temp/aphid-preflight/toolchain-source/_build/toolchain-proof/_build/test/lib/zigler/priv/erl_nif_win -Dzigler_priv=/home/runner/work/_temp/aphid-preflight/toolchain-source/_build/toolchain-proof/_build/test/lib/zigler/priv -Dmodule_root=/home/runner/work/_temp/aphid-preflight/toolchain-source/deps/zigler/lib/zig
2026-09-08T05:54:08.1628800Z Compiling lib/zig/formatter.ex (it's taking more than 10s)
2026-09-08T05:54:17.6825467Z 
2026-09-08T05:54:17.6826397Z 05:54:17.682 [info] zig expected (via env variable) in /home/runner/work/_temp/zig/zig
2026-09-08T05:54:17.6826773Z 
2026-09-08T05:54:17.6827481Z 05:54:17.682 [debug] running command: /home/runner/work/_temp/zig/zig fmt /home/runner/work/_temp/aphid-preflight/toolchain-source/staging/Elixir.Zig.Formatter/module.zig
2026-09-08T05:54:17.6867691Z 
2026-09-08T05:54:17.6868536Z 05:54:17.686 [debug] wrote module code to /home/runner/work/_temp/aphid-preflight/toolchain-source/staging/Elixir.Zig.Formatter/module.zig
2026-09-08T05:54:17.6869335Z 
2026-09-08T05:54:17.6869752Z 05:54:17.686 [info] zig expected (via env variable) in /home/runner/work/_temp/zig/zig
2026-09-08T05:54:17.6870324Z 
2026-09-08T05:54:17.6872848Z 05:54:17.686 [debug] running command: /home/runner/work/_temp/zig/zig build -Derts_include=/home/runner/work/_temp/.setup-beam/otp/erts-17.0.4/include -Derl_nif_header=/home/runner/work/_temp/.setup-beam/otp/erts-17.0.4/include/erl_nif.h -Derl_nif_win_path=/home/runner/work/_temp/aphid-preflight/toolchain-source/_build/toolchain-proof/_build/test/lib/zigler/priv/erl_nif_win -Dzigler_priv=/home/runner/work/_temp/aphid-preflight/toolchain-source/_build/toolchain-proof/_build/test/lib/zigler/priv -Dmodule_root=/home/runner/work/_temp/aphid-preflight/toolchain-source/deps/zigler/lib/zig --prefix /home/runner/work/_temp/aphid-preflight/toolchain-source/_build/toolchain-proof/_build/test/lib/zigler/priv
2026-09-08T05:55:20.9812163Z 
2026-09-08T05:55:20.9813423Z 05:55:20.980 [debug] compiled lib at: /home/runner/work/_temp/aphid-preflight/toolchain-source/_build/toolchain-proof/_build/test/lib/zigler/priv
2026-09-08T05:55:20.9835196Z 
2026-09-08T05:55:20.9836090Z 05:55:20.983 [debug] moved library to /home/runner/work/_temp/aphid-preflight/toolchain-source/_build/toolchain-proof/_build/test/lib/zigler/priv/lib/Elixir.Zig.Formatter.so
2026-09-08T05:55:21.0470777Z Generated zigler app
2026-09-08T05:55:21.0582228Z ==> aphid
2026-09-08T05:55:21.0582509Z Compiling 1 file (.ex)
2026-09-08T05:55:21.0625401Z 
2026-09-08T05:55:21.0626442Z 05:55:21.062 [debug] creating staging directory /home/runner/work/_temp/aphid-preflight/toolchain-source/staging/Elixir.Aphid.Proof
2026-09-08T05:55:21.0631675Z 
2026-09-08T05:55:21.0632282Z 05:55:21.062 [info] zig expected (via env variable) in /home/runner/work/_temp/zig/zig
2026-09-08T05:55:21.0634316Z 
2026-09-08T05:55:21.0635101Z 05:55:21.063 [debug] running command: /home/runner/work/_temp/zig/zig fmt /home/runner/work/_temp/aphid-preflight/toolchain-source/staging/Elixir.Aphid.Proof/build.zig
2026-09-08T05:55:21.0677532Z 
2026-09-08T05:55:21.0678552Z 05:55:21.067 [debug] wrote build.zig to /home/runner/work/_temp/aphid-preflight/toolchain-source/staging/Elixir.Aphid.Proof/build.zig
2026-09-08T05:55:21.0746364Z 
2026-09-08T05:55:21.0746798Z 05:55:21.074 [info] zig expected (via env variable) in /home/runner/work/_temp/zig/zig
2026-09-08T05:55:21.0747677Z 
2026-09-08T05:55:21.0749788Z 05:55:21.074 [debug] running command: /home/runner/work/_temp/zig/zig build -Dzigler-mode=sema -Derts_include=/home/runner/work/_temp/.setup-beam/otp/erts-17.0.4/include -Derl_nif_header=/home/runner/work/_temp/.setup-beam/otp/erts-17.0.4/include/erl_nif.h -Derl_nif_win_path=/home/runner/work/_temp/aphid-preflight/toolchain-source/_build/toolchain-proof/_build/test/lib/zigler/priv/erl_nif_win -Dzigler_priv=/home/runner/work/_temp/aphid-preflight/toolchain-source/_build/toolchain-proof/_build/test/lib/zigler/priv -Dmodule_root=/home/runner/work/_temp/aphid-preflight/toolchain-source/_build/toolchain-proof/lib/aphid
2026-09-08T05:55:31.0600626Z Compiling lib/aphid/proof.ex (it's taking more than 10s)
2026-09-08T05:55:35.1228855Z 
2026-09-08T05:55:35.1229747Z 05:55:35.122 [info] zig expected (via env variable) in /home/runner/work/_temp/zig/zig
2026-09-08T05:55:35.1230547Z 
2026-09-08T05:55:35.1231292Z 05:55:35.122 [debug] running command: /home/runner/work/_temp/zig/zig fmt /home/runner/work/_temp/aphid-preflight/toolchain-source/staging/Elixir.Aphid.Proof/module.zig
2026-09-08T05:55:35.1270988Z 
2026-09-08T05:55:35.1271756Z 05:55:35.126 [debug] wrote module code to /home/runner/work/_temp/aphid-preflight/toolchain-source/staging/Elixir.Aphid.Proof/module.zig
2026-09-08T05:55:35.1273763Z 
2026-09-08T05:55:35.1274056Z 05:55:35.127 [info] zig expected (via env variable) in /home/runner/work/_temp/zig/zig
2026-09-08T05:55:35.1274409Z 
2026-09-08T05:55:35.1277208Z 05:55:35.127 [debug] running command: /home/runner/work/_temp/zig/zig build -Derts_include=/home/runner/work/_temp/.setup-beam/otp/erts-17.0.4/include -Derl_nif_header=/home/runner/work/_temp/.setup-beam/otp/erts-17.0.4/include/erl_nif.h -Derl_nif_win_path=/home/runner/work/_temp/aphid-preflight/toolchain-source/_build/toolchain-proof/_build/test/lib/zigler/priv/erl_nif_win -Dzigler_priv=/home/runner/work/_temp/aphid-preflight/toolchain-source/_build/toolchain-proof/_build/test/lib/zigler/priv -Dmodule_root=/home/runner/work/_temp/aphid-preflight/toolchain-source/_build/toolchain-proof/lib/aphid -Dtarget=aarch64-linux-gnu -Dcpu=baseline --prefix /home/runner/work/_temp/aphid-preflight/toolchain-source/_build/toolchain-proof/_build/test/lib/aphid/priv
2026-09-08T05:55:40.9682279Z 
2026-09-08T05:55:40.9683084Z 05:55:40.967 [debug] compiled lib at: /home/runner/work/_temp/aphid-preflight/toolchain-source/_build/toolchain-proof/_build/test/lib/aphid/priv
2026-09-08T05:55:40.9701535Z 
2026-09-08T05:55:40.9702615Z 05:55:40.969 [debug] moved library to /home/runner/work/_temp/aphid-preflight/toolchain-source/_build/toolchain-proof/_build/test/lib/aphid/priv/lib/Elixir.Aphid.Proof.so
2026-09-08T05:55:41.1252961Z Generated aphid app
2026-09-08T05:55:41.1642341Z {"command": ["mix", "compile", "--force"], "cwd": "/home/runner/work/_temp/aphid-preflight/toolchain-source/_build/toolchain-proof", "exit": 0, "seconds": 138.539}
2026-09-08T05:55:41.7350431Z Running ExUnit with seed: 0, max_cases: 8
2026-09-08T05:55:41.7351308Z 
2026-09-08T05:55:41.7581595Z 
2026-09-08T05:55:41.7582107Z 05:55:41.756 [debug] loaded module at Elixir.Aphid.Proof
2026-09-08T05:55:41.7641921Z ..
2026-09-08T05:55:41.7656882Z Finished in 0.02 seconds (0.00s async, 0.02s sync)
2026-09-08T05:55:41.7657364Z 
2026-09-08T05:55:41.7657819Z Result: 2 passed
2026-09-08T05:55:41.7791347Z {"command": ["mix", "test", "--seed", "0"], "cwd": "/home/runner/work/_temp/aphid-preflight/toolchain-source/_build/toolchain-proof", "exit": 0, "seconds": 0.615}
2026-09-08T05:55:41.7900469Z 
2026-09-08T05:55:41.7900919Z Elf file type is DYN (Shared object file)
2026-09-08T05:55:41.7901288Z Entry point 0x0
2026-09-08T05:55:41.7901535Z There are 10 program headers, starting at offset 64
2026-09-08T05:55:41.7901747Z 
2026-09-08T05:55:41.7901847Z Program Headers:
2026-09-08T05:55:41.7902099Z   Type           Offset             VirtAddr           PhysAddr
2026-09-08T05:55:41.7902445Z                  FileSiz            MemSiz              Flags  Align
2026-09-08T05:55:41.7902807Z   PHDR           0x0000000000000040 0x0000000000000040 0x0000000000000040
2026-09-08T05:55:41.7903162Z                  0x0000000000000230 0x0000000000000230  R      0x8
2026-09-08T05:55:41.7903509Z   LOAD           0x0000000000000000 0x0000000000000000 0x0000000000000000
2026-09-08T05:55:41.7903868Z                  0x0000000000049a34 0x0000000000049a34  R      0x10000
2026-09-08T05:55:41.7904222Z   LOAD           0x0000000000049a40 0x0000000000059a40 0x0000000000059a40
2026-09-08T05:55:41.7905002Z                  0x0000000000151c90 0x0000000000151c90  R E    0x10000
2026-09-08T05:55:41.7905371Z   LOAD           0x000000000019b6d0 0x00000000001bb6d0 0x00000000001bb6d0
2026-09-08T05:55:41.7905732Z                  0x0000000000003708 0x0000000000003930  RW     0x10000
2026-09-08T05:55:41.7906093Z   LOAD           0x000000000019ede0 0x00000000001cede0 0x00000000001cede0
2026-09-08T05:55:41.7906453Z                  0x0000000000004f18 0x00000000000067e0  RW     0x10000
2026-09-08T05:55:41.7906812Z   TLS            0x000000000019b6d0 0x00000000001ab6d0 0x00000000001ab6d0
2026-09-08T05:55:41.7907479Z                  0x0000000000000000 0x0000000000040048  R      0x8
2026-09-08T05:55:41.7907845Z   DYNAMIC        0x000000000019e850 0x00000000001be850 0x00000000001be850
2026-09-08T05:55:41.7908202Z                  0x0000000000000170 0x0000000000000170  RW     0x8
2026-09-08T05:55:41.7908565Z   GNU_RELRO      0x000000000019b6d0 0x00000000001bb6d0 0x00000000001bb6d0
2026-09-08T05:55:41.7908934Z                  0x0000000000003708 0x0000000000003930  R      0x1
2026-09-08T05:55:41.7909300Z   GNU_EH_FRAME   0x000000000001b6c0 0x000000000001b6c0 0x000000000001b6c0
2026-09-08T05:55:41.7909666Z                  0x000000000000522c 0x000000000000522c  R      0x4
2026-09-08T05:55:41.7910023Z   GNU_STACK      0x0000000000000000 0x0000000000000000 0x0000000000000000
2026-09-08T05:55:41.7910380Z                  0x0000000000000000 0x0000000000000000  RW     0x0
2026-09-08T05:55:41.7910589Z 
2026-09-08T05:55:41.7910688Z  Section to Segment mapping:
2026-09-08T05:55:41.7910914Z   Segment Sections...
2026-09-08T05:55:41.7911107Z    00     
2026-09-08T05:55:41.7911588Z    01     .dynsym .gnu.version .gnu.version_r .gnu.hash .hash .dynstr .rela.dyn .rela.plt .rodata .sema .eh_frame_hdr .eh_frame 
2026-09-08T05:55:41.7912091Z    02     .text .plt 
2026-09-08T05:55:41.7912345Z    03     .data.rel.ro .dynamic .got .got.plt .relro_padding 
2026-09-08T05:55:41.7912651Z    04     .data .bss 
2026-09-08T05:55:41.7912841Z    05     .tbss 
2026-09-08T05:55:41.7913020Z    06     .dynamic 
2026-09-08T05:55:41.7913593Z    07     .data.rel.ro .dynamic .got .got.plt .relro_padding 
2026-09-08T05:55:41.7913935Z    08     .eh_frame_hdr 
2026-09-08T05:55:41.7914129Z    09     
2026-09-08T05:55:41.7914228Z 
2026-09-08T05:55:41.7914382Z Dynamic section at offset 0x19e850 contains 23 entries:
2026-09-08T05:55:41.7914702Z   Tag        Type                         Name/Value
2026-09-08T05:55:41.7915048Z  0x0000000000000001 (NEEDED)             Shared library: [libc.so.6]
2026-09-08T05:55:41.7915560Z  0x0000000000000001 (NEEDED)             Shared library: [libpthread.so.0]
2026-09-08T05:55:41.7916028Z  0x000000000000000e (SONAME)             Library soname: [libElixir.Aphid.Proof.so.0]
2026-09-08T05:55:41.7916428Z  0x000000000000001e (FLAGS)              BIND_NOW
2026-09-08T05:55:41.7916719Z  0x000000006ffffffb (FLAGS_1)            Flags: NOW
2026-09-08T05:55:41.7917199Z  0x0000000000000007 (RELA)               0x1950
2026-09-08T05:55:41.7917505Z  0x0000000000000008 (RELASZ)             14976 (bytes)
2026-09-08T05:55:41.7917802Z  0x0000000000000009 (RELAENT)            24 (bytes)
2026-09-08T05:55:41.7918093Z  0x000000006ffffff9 (RELACOUNT)          619
2026-09-08T05:55:41.7918367Z  0x0000000000000017 (JMPREL)             0x53d0
2026-09-08T05:55:41.7918661Z  0x0000000000000002 (PLTRELSZ)           2808 (bytes)
2026-09-08T05:55:41.7918959Z  0x0000000000000003 (PLTGOT)             0x1bea18
2026-09-08T05:55:41.7919237Z  0x0000000000000014 (PLTREL)             RELA
2026-09-08T05:55:41.7919510Z  0x0000000000000006 (SYMTAB)             0x270
2026-09-08T05:55:41.7919794Z  0x000000000000000b (SYMENT)             24 (bytes)
2026-09-08T05:55:41.7920076Z  0x0000000000000005 (STRTAB)             0x1380
2026-09-08T05:55:41.7920363Z  0x000000000000000a (STRSZ)              1487 (bytes)
2026-09-08T05:55:41.7920654Z  0x000000006ffffef5 (GNU_HASH)           0xf60
2026-09-08T05:55:41.7920929Z  0x0000000000000004 (HASH)               0xfa0
2026-09-08T05:55:41.7921477Z  0x000000006ffffff0 (VERSYM)             0xdf8
2026-09-08T05:55:41.7921766Z  0x000000006ffffffe (VERNEED)            0xef0
2026-09-08T05:55:41.7922048Z  0x000000006fffffff (VERNEEDNUM)         2
2026-09-08T05:55:41.7922315Z  0x0000000000000000 (NULL)               0x0
2026-09-08T05:55:41.7968569Z {"command": ["readelf", "--program-headers", "--dynamic", "/home/runner/work/_temp/aphid-preflight/toolchain-source/artifacts/proof/Elixir.Aphid.Proof.so"], "cwd": "/home/runner/work/_temp/aphid-preflight/toolchain-source", "exit": 0, "seconds": 0.016}
2026-09-08T05:55:42.1944074Z {"elf_phase": "original", "symbol_scope": ["all"], "sanitizer_symbols": []}
2026-09-08T05:55:42.2202042Z {"elf_phase": "original", "symbol_scope": ["--undefined-only"], "sanitizer_symbols": []}
2026-09-08T05:55:42.2293502Z {"command": ["patchelf", "--set-rpath", "$ORIGIN", "/home/runner/work/_temp/aphid-preflight/toolchain-source/artifacts/proof/Elixir.Aphid.Proof.so"], "cwd": "/home/runner/work/_temp/aphid-preflight/toolchain-source", "exit": 0, "seconds": 0.008}
2026-09-08T05:55:42.2302549Z 
2026-09-08T05:55:42.2302716Z Elf file type is DYN (Shared object file)
2026-09-08T05:55:42.2303026Z Entry point 0x0
2026-09-08T05:55:42.2303274Z There are 11 program headers, starting at offset 64
2026-09-08T05:55:42.2303484Z 
2026-09-08T05:55:42.2303577Z Program Headers:
2026-09-08T05:55:42.2303819Z   Type           Offset             VirtAddr           PhysAddr
2026-09-08T05:55:42.2304162Z                  FileSiz            MemSiz              Flags  Align
2026-09-08T05:55:42.2304519Z   PHDR           0x0000000000000040 0x0000000000000040 0x0000000000000040
2026-09-08T05:55:42.2304879Z                  0x0000000000000268 0x0000000000000268  R      0x8
2026-09-08T05:55:42.2305226Z   LOAD           0x0000000000000000 0x0000000000000000 0x0000000000000000
2026-09-08T05:55:42.2305589Z                  0x0000000000049a34 0x0000000000049a34  R      0x10000
2026-09-08T05:55:42.2305962Z   GNU_STACK      0x0000000000000000 0x0000000000000000 0x0000000000000000
2026-09-08T05:55:42.2306364Z                  0x0000000000000000 0x0000000000000000  RW     0x0
2026-09-08T05:55:42.2307258Z   GNU_EH_FRAME   0x000000000001b6c0 0x000000000001b6c0 0x000000000001b6c0
2026-09-08T05:55:42.2307683Z                  0x000000000000522c 0x000000000000522c  R      0x4
2026-09-08T05:55:42.2308033Z   LOAD           0x0000000000049a40 0x0000000000059a40 0x0000000000059a40
2026-09-08T05:55:42.2308393Z                  0x0000000000151c90 0x0000000000151c90  R E    0x10000
2026-09-08T05:55:42.2308754Z   TLS            0x000000000019b6d0 0x00000000001ab6d0 0x00000000001ab6d0
2026-09-08T05:55:42.2309100Z                  0x0000000000000000 0x0000000000040048  R      0x8
2026-09-08T05:55:42.2309445Z   LOAD           0x000000000019b6d0 0x00000000001bb6d0 0x00000000001bb6d0
2026-09-08T05:55:42.2309811Z                  0x0000000000003708 0x0000000000003930  RW     0x10000
2026-09-08T05:55:42.2310176Z   GNU_RELRO      0x000000000019b6d0 0x00000000001bb6d0 0x00000000001bb6d0
2026-09-08T05:55:42.2310550Z                  0x0000000000003708 0x0000000000003930  R      0x1
2026-09-08T05:55:42.2310901Z   LOAD           0x000000000019ede0 0x00000000001cede0 0x00000000001cede0
2026-09-08T05:55:42.2311260Z                  0x0000000000004f18 0x00000000000067e0  RW     0x10000
2026-09-08T05:55:42.2311617Z   LOAD           0x0000000000440000 0x00000000001f0000 0x00000000001f0000
2026-09-08T05:55:42.2311976Z                  0x00000000000012e0 0x00000000000012e0  RW     0x10000
2026-09-08T05:55:42.2312337Z   DYNAMIC        0x0000000000441160 0x00000000001f1160 0x00000000001f1160
2026-09-08T05:55:42.2312692Z                  0x0000000000000180 0x0000000000000180  RW     0x8
2026-09-08T05:55:42.2312903Z 
2026-09-08T05:55:42.2312999Z  Section to Segment mapping:
2026-09-08T05:55:42.2313225Z   Segment Sections...
2026-09-08T05:55:42.2313415Z    00     
2026-09-08T05:55:42.2313793Z    01     .gnu.version .gnu.version_r .gnu.hash .hash .rela.dyn .rela.plt .rodata .sema .eh_frame_hdr .eh_frame 
2026-09-08T05:55:42.2314489Z    02     
2026-09-08T05:55:42.2314661Z    03     .eh_frame_hdr 
2026-09-08T05:55:42.2314861Z    04     .text .plt 
2026-09-08T05:55:42.2315051Z    05     .tbss 
2026-09-08T05:55:42.2315271Z    06     .data.rel.ro .got .got.plt .relro_padding 
2026-09-08T05:55:42.2315577Z    07     .data.rel.ro .got .got.plt .relro_padding 
2026-09-08T05:55:42.2315845Z    08     .data .bss 
2026-09-08T05:55:42.2316046Z    09     .dynsym .dynstr .dynamic 
2026-09-08T05:55:42.2316273Z    10     .dynamic 
2026-09-08T05:55:42.2316382Z 
2026-09-08T05:55:42.2316539Z Dynamic section at offset 0x441160 contains 24 entries:
2026-09-08T05:55:42.2316855Z   Tag        Type                         Name/Value
2026-09-08T05:55:42.2317454Z  0x000000000000001d (RUNPATH)            Library runpath: [$ORIGIN]
2026-09-08T05:55:42.2317869Z  0x0000000000000001 (NEEDED)             Shared library: [libc.so.6]
2026-09-08T05:55:42.2318291Z  0x0000000000000001 (NEEDED)             Shared library: [libpthread.so.0]
2026-09-08T05:55:42.2318762Z  0x000000000000000e (SONAME)             Library soname: [libElixir.Aphid.Proof.so.0]
2026-09-08T05:55:42.2319163Z  0x000000000000001e (FLAGS)              BIND_NOW
2026-09-08T05:55:42.2319455Z  0x000000006ffffffb (FLAGS_1)            Flags: NOW
2026-09-08T05:55:42.2319741Z  0x0000000000000007 (RELA)               0x1950
2026-09-08T05:55:42.2320032Z  0x0000000000000008 (RELASZ)             14976 (bytes)
2026-09-08T05:55:42.2320327Z  0x0000000000000009 (RELAENT)            24 (bytes)
2026-09-08T05:55:42.2320620Z  0x000000006ffffff9 (RELACOUNT)          619
2026-09-08T05:55:42.2320897Z  0x0000000000000017 (JMPREL)             0x53d0
2026-09-08T05:55:42.2321191Z  0x0000000000000002 (PLTRELSZ)           2808 (bytes)
2026-09-08T05:55:42.2321487Z  0x0000000000000003 (PLTGOT)             0x1bea18
2026-09-08T05:55:42.2321765Z  0x0000000000000014 (PLTREL)             RELA
2026-09-08T05:55:42.2322039Z  0x0000000000000006 (SYMTAB)             0x1f0000
2026-09-08T05:55:42.2322330Z  0x000000000000000b (SYMENT)             24 (bytes)
2026-09-08T05:55:42.2322618Z  0x0000000000000005 (STRTAB)             0x1f0b88
2026-09-08T05:55:42.2323150Z  0x000000000000000a (STRSZ)              1495 (bytes)
2026-09-08T05:55:42.2323462Z  0x000000006ffffef5 (GNU_HASH)           0xf60
2026-09-08T05:55:42.2323736Z  0x0000000000000004 (HASH)               0xfa0
2026-09-08T05:55:42.2324007Z  0x000000006ffffff0 (VERSYM)             0xdf8
2026-09-08T05:55:42.2324284Z  0x000000006ffffffe (VERNEED)            0xef0
2026-09-08T05:55:42.2324561Z  0x000000006fffffff (VERNEEDNUM)         2
2026-09-08T05:55:42.2324823Z  0x0000000000000000 (NULL)               0x0
2026-09-08T05:55:42.2325852Z {"command": ["readelf", "--program-headers", "--dynamic", "/home/runner/work/_temp/aphid-preflight/toolchain-source/artifacts/proof/Elixir.Aphid.Proof.so"], "cwd": "/home/runner/work/_temp/aphid-preflight/toolchain-source", "exit": 0, "seconds": 0.002}
2026-09-08T05:55:42.2576662Z {"elf_phase": "relocated", "symbol_scope": ["all"], "sanitizer_symbols": []}
2026-09-08T05:55:42.2833842Z {"elf_phase": "relocated", "symbol_scope": ["--undefined-only"], "sanitizer_symbols": []}
2026-09-08T05:55:42.8218097Z Compiling 1 file (.ex)
2026-09-08T05:55:42.9335018Z 
2026-09-08T05:55:42.9336291Z 05:55:42.932 [debug] skipping compile step for precompiled module Elixir.Aphid.Proof, at /home/runner/work/_temp/aphid-preflight/toolchain-source/artifacts/proof/Elixir.Aphid.Proof.so
2026-09-08T05:55:42.9344362Z 
2026-09-08T05:55:42.9345383Z 05:55:42.934 [debug] destination library path: /home/runner/work/_temp/aphid-preflight/toolchain-source/_build/toolchain-proof/_build/test/lib/aphid/priv/lib/Elixir.Aphid.Proof.so
2026-09-08T05:55:43.1013351Z Generated aphid app
2026-09-08T05:55:43.1534450Z {"command": ["mix", "compile", "--force"], "cwd": "/home/runner/work/_temp/aphid-preflight/toolchain-source/_build/toolchain-proof", "exit": 0, "seconds": 0.866}
2026-09-08T05:55:43.7285345Z Running ExUnit with seed: 0, max_cases: 8
2026-09-08T05:55:43.7286515Z 
2026-09-08T05:55:43.7495971Z 
2026-09-08T05:55:43.7496737Z 05:55:43.748 [debug] loaded module at Elixir.Aphid.Proof
2026-09-08T05:55:43.7662590Z ..
2026-09-08T05:55:43.7680021Z Finished in 0.03 seconds (0.00s async, 0.03s sync)
2026-09-08T05:55:43.7680786Z 
2026-09-08T05:55:43.7681258Z Result: 2 passed
2026-09-08T05:55:43.8188480Z {"command": ["mix", "test", "--no-compile", "--seed", "0"], "cwd": "/home/runner/work/_temp/aphid-preflight/toolchain-source/_build/toolchain-proof", "exit": 0, "seconds": 0.665}
2026-09-08T05:55:44.1185079Z 
2026-09-08T05:55:44.1185932Z 05:55:44.115 [debug] loaded module at Elixir.Aphid.Proof
2026-09-08T05:55:44.1187316Z relocated dependency-free precompiled consumer passed
2026-09-08T05:55:44.1383978Z {"command": ["elixir", "/tmp/aphid-proof-tm5urhm7/relocated/check.exs"], "cwd": "/tmp/aphid-proof-tm5urhm7", "exit": 0, "seconds": 0.315}
2026-09-08T05:55:44.1395246Z artifact sha256: 77f91c9fd2c94a5bedbf07ac8d2917a8e5ffaf303182c4cea1ba85dd56033a98
2026-09-08T05:55:44.1709603Z {"command": ["/opt/hostedtoolcache/Python/3.14.7/arm64/bin/python3", "scripts/proof.py", "--target", "aarch64-linux-gnu"], "cwd": "/home/runner/work/_temp/aphid-preflight/toolchain-source", "exit": 0, "seconds": 143.259}
2026-09-08T05:55:44.1710608Z Small NIF toolchain/ELF probe only; no engine build or distribution qualification.
2026-09-08T05:55:44.1960224Z Post job cleanup.
2026-09-08T05:55:44.3186202Z Post job cleanup.
2026-09-08T05:55:44.3959451Z [command]/usr/bin/git version
2026-09-08T05:55:44.3988700Z git version 2.55.0
2026-09-08T05:55:44.4024149Z Temporarily overriding HOME='/home/runner/work/_temp/f86a80e2-9f4e-4002-8d91-74292662208f' before making global git config changes
2026-09-08T05:55:44.4025082Z Adding repository directory to the temporary git global config as a safe directory
2026-09-08T05:55:44.4032081Z [command]/usr/bin/git config --global --add safe.directory /home/runner/work/Aphid/Aphid
2026-09-08T05:55:44.4065791Z Removing SSH command configuration
2026-09-08T05:55:44.4066239Z [command]/usr/bin/git config --local --name-only --get-regexp core\.sshCommand
2026-09-08T05:55:44.4103421Z [command]/usr/bin/git submodule foreach --recursive sh -c "git config --local --name-only --get-regexp 'core\.sshCommand' && git config --local --unset-all 'core.sshCommand' || :"
2026-09-08T05:55:44.4340504Z Removing HTTP extra header
2026-09-08T05:55:44.4346321Z [command]/usr/bin/git config --local --name-only --get-regexp http\.https\:\/\/github\.com\/\.extraheader
2026-09-08T05:55:44.4386400Z [command]/usr/bin/git submodule foreach --recursive sh -c "git config --local --name-only --get-regexp 'http\.https\:\/\/github\.com\/\.extraheader' && git config --local --unset-all 'http.https://github.com/.extraheader' || :"
2026-09-08T05:55:44.4583066Z Removing includeIf entries pointing to credentials config files
2026-09-08T05:55:44.4598561Z [command]/usr/bin/git config --local --name-only --get-regexp ^includeIf\.gitdir:
2026-09-08T05:55:44.4621627Z [command]/usr/bin/git submodule foreach --recursive git config --local --show-origin --name-only --get-regexp remote.origin.url
2026-09-08T05:55:44.4968376Z Cleaning up orphan processes
