Building aphid 0.1.0-dev
  Dependencies:
    zigler == 0.16.0 (app: zigler)
    telemetry ~> 1.3 (app: telemetry)
  App: aphid
  Name: aphid
  Files:
    mix.exs
    mix.lock
    mix
    mix/aphid_bundle.exs
    lib
    lib/aphid.ex
    lib/aphid
    lib/aphid/transaction.ex
    lib/aphid/database.ex
    lib/aphid/telemetry.ex
    lib/aphid/native.ex
    lib/aphid/stream.ex
    lib/aphid/options.ex
    lib/aphid/error.ex
    lib/aphid/value.ex
    lib/aphid/bundle_loader.ex
    lib/aphid/result.ex
    lib/aphid/application.ex
    lib/aphid/.Elixir.Aphid.Native.zig
    lib/aphid/.Elixir.Aphid.Proof.zig
    lib/aphid/proof.ex
    README.md
    THIRD_PARTY.md
    docs/architecture.md
    docs/extensions.md
    docs/local-installation.md
    docs/release-checklist.md
    docs/status.md
    docs/telemetry.md
    docs/types.md
    native/lock.json
    native/local-bundle.json
    native/aphid_nif.zig
    native/bridge.h
    native/proof.zig
    native/proof.h
    native/proof.cpp
  Version: 0.1.0-dev
  Build tools: mix
  Description: LadybugDB for Elixir through Zigler
  Elixir: ~> 1.20
** (Mix) Stopping package build due to errors.
Missing metadata fields: licenses, links
