CASE missing
Aphid artifact [missing]: set APHID_BUNDLE_ARCHIVE to an existing local .tar.gz. No source fallback.
{"command": ["elixir", "/private/tmp/aphid-adapter-failures-4/reject.exs"], "cwd": "/private/tmp/aphid-adapter-failures-4", "exit": 0, "seconds": 0.567}
CASE missing-pin
Aphid artifact [corrupt]: set APHID_BUNDLE_SHA256 to an independently trusted 64-digit SHA256. No source fallback.
{"command": ["elixir", "/private/tmp/aphid-adapter-failures-4/reject.exs"], "cwd": "/private/tmp/aphid-adapter-failures-4", "exit": 0, "seconds": 0.35}
CASE checksum
Aphid artifact [corrupt]: archive SHA256 mismatch; obtain the pinned archive again. No source fallback.
{"command": ["elixir", "/private/tmp/aphid-adapter-failures-4/reject.exs"], "cwd": "/private/tmp/aphid-adapter-failures-4", "exit": 0, "seconds": 0.402}
CASE target
Aphid artifact [unsupported-target]: this local adapter accepts only aarch64-macos bundles on macOS. No source fallback.
{"command": ["elixir", "/private/tmp/aphid-adapter-failures-4/reject.exs"], "cwd": "/private/tmp/aphid-adapter-failures-4", "exit": 0, "seconds": 0.402}
CASE engine
Aphid artifact [incompatible-engine]: native lock differs; obtain the bundle for this Aphid source package. No source fallback.
{"command": ["elixir", "/private/tmp/aphid-adapter-failures-4/reject.exs"], "cwd": "/private/tmp/aphid-adapter-failures-4", "exit": 0, "seconds": 0.345}
CASE manifest
Aphid artifact [corrupt]: content manifest mismatch; obtain the pinned archive again. No source fallback.
{"command": ["elixir", "/private/tmp/aphid-adapter-failures-4/reject.exs"], "cwd": "/private/tmp/aphid-adapter-failures-4", "exit": 0, "seconds": 0.339}
CASE missing-sidecar
Aphid artifact [missing]: bundle lacks liblbug.dylib; obtain the complete 0.1.0-dev bundle. No source fallback.
{"command": ["elixir", "/private/tmp/aphid-adapter-failures-4/reject.exs"], "cwd": "/private/tmp/aphid-adapter-failures-4", "exit": 0, "seconds": 0.34}
CASE architecture
Aphid artifact [wrong-architecture]: Elixir.Aphid.Native.so is not ARM64. No source fallback.
{"command": ["elixir", "/private/tmp/aphid-adapter-failures-4/reject.exs"], "cwd": "/private/tmp/aphid-adapter-failures-4", "exit": 0, "seconds": 0.34}
CASE unloadable-header
Aphid artifact [unloadable]: Elixir.Aphid.Native.so is not a Mach-O library; obtain a valid native bundle. No source fallback.
{"command": ["elixir", "/private/tmp/aphid-adapter-failures-4/reject.exs"], "cwd": "/private/tmp/aphid-adapter-failures-4", "exit": 0, "seconds": 0.346}
CASE native-fingerprint
Aphid artifact [incompatible-engine]: native fingerprint differs from this package's reviewed local-bundle.json; use the matching candidate. No source fallback.
{"command": ["elixir", "/private/tmp/aphid-adapter-failures-4/reject.exs"], "cwd": "/private/tmp/aphid-adapter-failures-4", "exit": 0, "seconds": 0.34}
CASE lost-selection
Aphid artifact [selection]: this build contains a local bundle; keep its archive/checksum selection or use an empty source build path. No source fallback.
{"command": ["elixir", "/private/tmp/aphid-adapter-failures-4/reject.exs"], "cwd": "/private/tmp/aphid-adapter-failures-4", "exit": 0, "seconds": 0.343}
CASE force-source
Aphid artifact [selection]: unset ZIGLER_PRECOMPILE_FORCE_RECOMPILE; local bundle mode never falls back to source. No source fallback.
{"command": ["elixir", "/private/tmp/aphid-adapter-failures-4/reject.exs"], "cwd": "/private/tmp/aphid-adapter-failures-4", "exit": 0, "seconds": 0.343}
CASE conflicting-source
Aphid artifact [selection]: use APHID_INSTALL=precompiled with archive and SHA256, or explicit source without bundle inputs. No source fallback.
{"command": ["elixir", "/private/tmp/aphid-adapter-failures-4/reject.exs"], "cwd": "/private/tmp/aphid-adapter-failures-4", "exit": 0, "seconds": 0.342}
CASE invalid-tar
Aphid artifact [corrupt]: invalid tar archive: :eof. No source fallback.
{"command": ["elixir", "/private/tmp/aphid-adapter-failures-4/reject.exs"], "cwd": "/private/tmp/aphid-adapter-failures-4", "exit": 0, "seconds": 0.34}
CASE traversal
Aphid artifact [unsafe]: archive contains a link, special file or unsafe path: "../escape". No source fallback.
{"command": ["elixir", "/private/tmp/aphid-adapter-failures-4/reject.exs"], "cwd": "/private/tmp/aphid-adapter-failures-4", "exit": 0, "seconds": 0.343}
CASE absolute
Aphid artifact [unsafe]: archive contains a link, special file or unsafe path: "/tmp/aphid-escape". No source fallback.
{"command": ["elixir", "/private/tmp/aphid-adapter-failures-4/reject.exs"], "cwd": "/private/tmp/aphid-adapter-failures-4", "exit": 0, "seconds": 0.349}
CASE duplicate
Aphid artifact [unsafe]: duplicate or case-colliding archive member. No source fallback.
{"command": ["elixir", "/private/tmp/aphid-adapter-failures-4/reject.exs"], "cwd": "/private/tmp/aphid-adapter-failures-4", "exit": 0, "seconds": 0.339}
CASE case-collision
Aphid artifact [unsafe]: duplicate or case-colliding archive member. No source fallback.
{"command": ["elixir", "/private/tmp/aphid-adapter-failures-4/reject.exs"], "cwd": "/private/tmp/aphid-adapter-failures-4", "exit": 0, "seconds": 0.344}
CASE file-directory
Aphid artifact [unsafe]: archive file is also used as a directory. No source fallback.
{"command": ["elixir", "/private/tmp/aphid-adapter-failures-4/reject.exs"], "cwd": "/private/tmp/aphid-adapter-failures-4", "exit": 0, "seconds": 0.349}
CASE dot-path
Aphid artifact [unsafe]: archive contains a link, special file or unsafe path: "./escape". No source fallback.
{"command": ["elixir", "/private/tmp/aphid-adapter-failures-4/reject.exs"], "cwd": "/private/tmp/aphid-adapter-failures-4", "exit": 0, "seconds": 0.344}
CASE symlink
Aphid artifact [unsafe]: archive contains a link, special file or unsafe path: "link". No source fallback.
{"command": ["elixir", "/private/tmp/aphid-adapter-failures-4/reject.exs"], "cwd": "/private/tmp/aphid-adapter-failures-4", "exit": 0, "seconds": 0.348}
CASE hardlink
Aphid artifact [unsafe]: archive contains a link, special file or unsafe path: "hard". No source fallback.
{"command": ["elixir", "/private/tmp/aphid-adapter-failures-4/reject.exs"], "cwd": "/private/tmp/aphid-adapter-failures-4", "exit": 0, "seconds": 0.343}
CASE fifo
Aphid artifact [unsafe]: archive contains a link, special file or unsafe path: "fifo". No source fallback.
{"command": ["elixir", "/private/tmp/aphid-adapter-failures-4/reject.exs"], "cwd": "/private/tmp/aphid-adapter-failures-4", "exit": 0, "seconds": 0.349}
REAL LOADER missing

00:18:22.490 [error] Aphid artifact [missing]: /private/tmp/aphid-adapter-failures-4/load-missing/aphid/priv/lib/liblbug.dylib; reinstall the complete pinned bundle. No source fallback.
real loader rejected artifact: Elixir.Aphid.Native

00:18:22.493 [warning] The on_load function for module Elixir.Aphid.Native returned:
{:error,
 {:missing,
  "/private/tmp/aphid-adapter-failures-4/load-missing/aphid/priv/lib/liblbug.dylib"}}


00:18:22.503 [error] Aphid artifact [missing]: /private/tmp/aphid-adapter-failures-4/load-missing/aphid/priv/lib/liblbug.dylib; reinstall the complete pinned bundle. No source fallback.
real loader rejected artifact: Elixir.Aphid.Proof

00:18:22.504 [warning] The on_load function for module Elixir.Aphid.Proof returned:
{:error,
 {:missing,
  "/private/tmp/aphid-adapter-failures-4/load-missing/aphid/priv/lib/liblbug.dylib"}}

{"command": ["elixir", "-pa", "/private/tmp/aphid-adapter-failures-4/load-missing/aphid/ebin", "/private/tmp/aphid-adapter-failures-4/load.exs"], "cwd": "/private/tmp/aphid-adapter-failures-4", "exit": 0, "seconds": 0.295}
REAL LOADER corrupt

00:18:22.927 [error] Aphid artifact [corrupt]: /private/tmp/aphid-adapter-failures-4/load-corrupt/aphid/priv/lib/liblbug.dylib; reinstall the complete pinned bundle. No source fallback.
real loader rejected artifact: Elixir.Aphid.Native

00:18:22.929 [warning] The on_load function for module Elixir.Aphid.Native returned:
{:error,
 {:corrupt,
  "/private/tmp/aphid-adapter-failures-4/load-corrupt/aphid/priv/lib/liblbug.dylib"}}


00:18:22.939 [error] Aphid artifact [corrupt]: /private/tmp/aphid-adapter-failures-4/load-corrupt/aphid/priv/lib/liblbug.dylib; reinstall the complete pinned bundle. No source fallback.
real loader rejected artifact: Elixir.Aphid.Proof

00:18:22.940 [warning] The on_load function for module Elixir.Aphid.Proof returned:
{:error,
 {:corrupt,
  "/private/tmp/aphid-adapter-failures-4/load-corrupt/aphid/priv/lib/liblbug.dylib"}}

{"command": ["elixir", "-pa", "/private/tmp/aphid-adapter-failures-4/load-corrupt/aphid/ebin", "/private/tmp/aphid-adapter-failures-4/load.exs"], "cwd": "/private/tmp/aphid-adapter-failures-4", "exit": 0, "seconds": 0.288}
REAL LOADER unloadable

00:18:24.212 [error] Aphid artifact [unloadable]: /private/tmp/aphid-adapter-failures-4/load-unloadable/aphid/priv/lib/Elixir.Aphid.Native: {:load_failed, ~c"Failed to load NIF library: 'dlopen(/private/tmp/aphid-adapter-failures-4/load-unloadable/aphid/priv/lib/Elixir.Aphid.Native.so, 0x0006): tried: '/private/tmp/aphid-adapter-failures-4/load-unloadable/aphid/priv/lib/Elixir.Aphid.Native.so' (file system sandbox blocked mmap() of '/private/tmp/aphid-adapter-failures-4/load-unloadable/aphid/priv/lib/Elixir.Aphid.Native.so'), '/System/Volumes/Preboot/Cryptexes/OS/private/tmp/aphid-adapter-failures-4/load-unloadable/aphid/priv/lib/Elixir.Aphid.Native.so' (no such file), '/private/tmp/aphid-adapter-failures-4/load-unloadable/aphid/priv/lib/Elixir.Aphid.Native.so' (file system sandbox blocked mmap() of '/private/tmp/aphid-adapter-failures-4/load-unloadable/aphid/priv/lib/Elixir.Aphid.Native.so')'"}; use the matching complete bundle and runtime. No source fallback.
real loader rejected artifact: Elixir.Aphid.Native

00:18:24.216 [warning] The on_load function for module Elixir.Aphid.Native returned:
{:error,
 {:load_failed,
  ~c"Failed to load NIF library: 'dlopen(/private/tmp/aphid-adapter-failures-4/load-unloadable/aphid/priv/lib/Elixir.Aphid.Native.so, 0x0006): tried: '/private/tmp/aphid-adapter-failures-4/load-unloadable/aphid/priv/lib/Elixir.Aphid.Native.so' (file system sandbox blocked mmap() of '/private/tmp/aphid-adapter-failures-4/load-unloadable/aphid/priv/lib/Elixir.Aphid.Native.so'), '/System/Volumes/Preboot/Cryptexes/OS/private/tmp/aphid-adapter-failures-4/load-unloadable/aphid/priv/lib/Elixir.Aphid.Native.so' (no such file), '/private/tmp/aphid-adapter-failures-4/load-unloadable/aphid/priv/lib/Elixir.Aphid.Native.so' (file system sandbox blocked mmap() of '/private/tmp/aphid-adapter-failures-4/load-unloadable/aphid/priv/lib/Elixir.Aphid.Native.so')'"}}


00:18:24.733 [error] Aphid artifact [unloadable]: /private/tmp/aphid-adapter-failures-4/load-unloadable/aphid/priv/lib/Elixir.Aphid.Proof: {:load_failed, ~c"Failed to load NIF library: 'dlopen(/private/tmp/aphid-adapter-failures-4/load-unloadable/aphid/priv/lib/Elixir.Aphid.Proof.so, 0x0006): tried: '/private/tmp/aphid-adapter-failures-4/load-unloadable/aphid/priv/lib/Elixir.Aphid.Proof.so' (file system sandbox blocked mmap() of '/private/tmp/aphid-adapter-failures-4/load-unloadable/aphid/priv/lib/Elixir.Aphid.Proof.so'), '/System/Volumes/Preboot/Cryptexes/OS/private/tmp/aphid-adapter-failures-4/load-unloadable/aphid/priv/lib/Elixir.Aphid.Proof.so' (no such file), '/private/tmp/aphid-adapter-failures-4/load-unloadable/aphid/priv/lib/Elixir.Aphid.Proof.so' (file system sandbox blocked mmap() of '/private/tmp/aphid-adapter-failures-4/load-unloadable/aphid/priv/lib/Elixir.Aphid.Proof.so')'"}; use the matching complete bundle and runtime. No source fallback.
real loader rejected artifact: Elixir.Aphid.Proof

00:18:24.736 [warning] The on_load function for module Elixir.Aphid.Proof returned:
{:error,
 {:load_failed,
  ~c"Failed to load NIF library: 'dlopen(/private/tmp/aphid-adapter-failures-4/load-unloadable/aphid/priv/lib/Elixir.Aphid.Proof.so, 0x0006): tried: '/private/tmp/aphid-adapter-failures-4/load-unloadable/aphid/priv/lib/Elixir.Aphid.Proof.so' (file system sandbox blocked mmap() of '/private/tmp/aphid-adapter-failures-4/load-unloadable/aphid/priv/lib/Elixir.Aphid.Proof.so'), '/System/Volumes/Preboot/Cryptexes/OS/private/tmp/aphid-adapter-failures-4/load-unloadable/aphid/priv/lib/Elixir.Aphid.Proof.so' (no such file), '/private/tmp/aphid-adapter-failures-4/load-unloadable/aphid/priv/lib/Elixir.Aphid.Proof.so' (file system sandbox blocked mmap() of '/private/tmp/aphid-adapter-failures-4/load-unloadable/aphid/priv/lib/Elixir.Aphid.Proof.so')'"}}

{"command": ["/usr/bin/sandbox-exec", "-f", "/private/tmp/aphid-adapter-failures-4/unloadable.sb", "elixir", "-pa", "/private/tmp/aphid-adapter-failures-4/load-unloadable/aphid/ebin", "/private/tmp/aphid-adapter-failures-4/load.exs"], "cwd": "/private/tmp/aphid-adapter-failures-4", "exit": 0, "seconds": 1.696}
real Mix adapter rejection cases and loader processes passed
