fresh caches; pinned source dependencies: [{"name": "earmark_parser", "version": "1.4.46", "sha256": "9c44636e8a1c68c62f526b2dcd85d941dbbcee7ab82cf64ba06ce28bef8e89f5"}, {"name": "ex_doc", "version": "0.39.1", "sha256": "8abf0ed3e3ca87c0847dfc4168ceab5bedfe881692f1b7c45f4a11b232806865"}, {"name": "makeup", "version": "1.2.2", "sha256": "9a1a24e5b343b8ae16abea0822c10a6f75da27af7fa802ada5251f7579bfccfa"}, {"name": "makeup_elixir", "version": "1.0.1", "sha256": "7284900d412a3e5cfd97fdaed4f5ed389b8f2b4cb49efc0eb3bd10e2febf9507"}, {"name": "makeup_erlang", "version": "1.1.0", "sha256": "1cd6780fb1dd1a03979abaed0fe82712b0625118fd5257d3ebbf73f960c73c3c"}, {"name": "nimble_parsec", "version": "1.4.2", "sha256": "4b21398942dda052b403bbe1da991ccd03a053668d147d53fb8c4e0efe09c973"}, {"name": "pegasus", "version": "0.2.6", "sha256": "0ac159f0ccab7967cf90208327cc8a35788874814c8d78e19d47104d3fc049b9"}, {"name": "protoss", "version": "1.1.0", "sha256": "c2f874383dd047fcfdf467b814dd33a208a4d24a467aef90d86185b41a0752ad"}, {"name": "telemetry", "version": "1.4.2", "sha256": "928f6495066506077862c0d1646609eed891a4326bee3126ba54b60af61febb1"}, {"name": "zig_doc", "version": "0.7.0", "sha256": "28b57b0bc12f241fc855b6514fe5198f3067fbab2555a3e3a83f6f9ed4699f4c"}, {"name": "zig_get", "version": "0.16.0", "sha256": "2841127cf2005da74fb28d3cc68397a393d3d71df5f45752b974345e696beb01"}, {"name": "zig_parser", "version": "0.7.0", "sha256": "fd0b2fc343820a202787a78a40feae372386b4303717b099223d5f5c5f21f0bb"}, {"name": "zigler", "version": "0.16.0", "sha256": "867ce49289568a7fabff400cb9f1636a429defcd488f3302a82c4b51b2bc7741"}]
==> earmark_parser
Compiling 2 files (.xrl)
Compiling 1 file (.yrl)
Compiling 3 files (.erl)
Compiling 32 files (.ex)
Generated earmark_parser app
==> protoss
Compiling 1 file (.ex)
Generated protoss app
==> zig_get
Compiling 1 file (.ex)
Generated zig_get app
==> nimble_parsec
Compiling 4 files (.ex)
Generated nimble_parsec app
==> makeup
Compiling 15 files (.ex)
Generated makeup app
==> makeup_erlang
Compiling 4 files (.ex)
Generated makeup_erlang app
==> makeup_elixir
Compiling 6 files (.ex)
Generated makeup_elixir app
==> ex_doc
Compiling 27 files (.ex)
     warning: this clause of defp favicon_path/1 is never used (or it will always fail/warn when invoked)
     │
 153 │   defp favicon_path(%{favicon: nil}), do: nil
     │        ~
     │
     └─ lib/ex_doc/formatter/html/templates.ex:153:8: ExDoc.Formatter.HTML.Templates.favicon_path/1

     warning: this clause of defp logo_path/1 is never used (or it will always fail/warn when invoked)
     │
 156 │   defp logo_path(%{logo: nil}), do: nil
     │        ~
     │
     └─ lib/ex_doc/formatter/html/templates.ex:156:8: ExDoc.Formatter.HTML.Templates.logo_path/1

     warning: the following clause cannot match because the previous clauses already matched all possible values:

         _ ->

     it attempts to match on the result of:

         result

     which has the already matched type:

         dynamic({:docs_v1, term(), term(), term(), term(), term(), term()} or {:error, term()})

     type warning found at:
     │
 124 │       _ ->
     │         ~
     │
     └─ lib/ex_doc/retriever.ex:124:9: ExDoc.Retriever.docs_chunk/1

     warning: the following clause is redundant:

         defp to_var({:<<>>, _, _}, _)

     it has type:

         dynamic({:<<>>, term(), term()}), dynamic()

     previous clauses have already matched on the following types:

         {:%{}, term(), term()}, term()
         {atom(), term(), term()}, term()

     │
 569 │   defp to_var({:<<>>, _, _}, _), do: {:binary, [], nil}
     │        ~
     │
     └─ lib/ex_doc/language/elixir.ex:569:8: ExDoc.Language.Elixir.to_var/2

     warning: the following clause will never match:

         nil ->

     because it attempts to match on the result of:

         ExDoc.Language.Source.fetch_type!(module_data, name, arity)

     which has type:

         dynamic(not false and not nil)

     type warning found at:
     │
 150 │         nil ->
     │         ~~~~~~
     │
     └─ lib/ex_doc/language/erlang.ex:150: ExDoc.Language.Erlang.type_data/6

     warning: the following clause is redundant:

         defp to_var({:{}, _, _}, _)

     it has type:

         dynamic({:{}, term(), term()}), dynamic()

     previous clauses have already matched on the following types:

         {:%{}, term(), term()}, term()
         {atom(), term(), term()}, term()

     │
 570 │   defp to_var({:{}, _, _}, _), do: {:tuple, [], nil}
     │        ~
     │
     └─ lib/ex_doc/language/elixir.ex:570:8: ExDoc.Language.Elixir.to_var/2

     warning: the following clause is redundant:

         defp to_var(float, _) when is_integer(float)

     it has type:

         integer(), dynamic()

     previous clauses have already matched on the following types:

         {:%{}, term(), term()}, term()
         {atom(), term(), term()}, term()
         {term(), term()}, term()
         integer(), term()

     │
 573 │   defp to_var(float, _) when is_integer(float), do: {:float, [], nil}
     │        ~
     │
     └─ lib/ex_doc/language/elixir.ex:573:8: ExDoc.Language.Elixir.to_var/2

Generated ex_doc app
==> pegasus
Compiling 11 files (.ex)
Generated pegasus app
==> zig_parser
Compiling 37 files (.ex)
    warning: incompatible types given to Map.replace!/3:

        Map.replace!(parse(args), :doc_comment, comment)

    the map:

        dynamic(%Zig.Parser.Test{block: %Zig.Parser.Block{}, location: nil})

    does not have all required keys:

        :doc_comment

    therefore this function will always raise

    where "args" was given the type:

        # type: dynamic(non_empty_list(term()))
        # from: lib/zig.parser/test.ex:16:10
        parse(args)

    where "comment" was given the type:

        # type: dynamic()
        # from: lib/zig.parser/test.ex
        [{:TestDecl, [start, {:doc_comment, comment} | args]} | rest_args]

    type warning found at:
    │
 17 │       |> Map.replace!(:doc_comment, comment)
    │              ~
    │
    └─ lib/zig.parser/test.ex:17:14: Zig.Parser.Test.post_traverse/5

Generated zig_parser app
==> telemetry
Compiling 7 files (.erl)
Generated telemetry app
==> zig_doc
Compiling 5 files (.ex)
    warning: the following clause will never match:

        {{:error, reason}, path} ->

    it is expected to match on type:

        dynamic(
          :error or
            ({term(), :read, binary() or empty_list() or non_empty_list(term(), term())} and
               not {{:ok, term()}, :read, binary() or empty_list() or non_empty_list(term(), term())})
        )

    type warning found at:
    │
 69 │       {{:error, reason}, path} ->
    │       ~~~~~~~~~~~~~~~~~~~~~~~~~~~
    │
    └─ lib/zig.doc/generator.ex:69: Zig.Doc.Generator.modulenode_from_config/3

Generated zig_doc app
==> zigler
Compiling 50 files (.ex)

00:08:43.174 [warning] not cross-compiling windows-msvc
     warning: clauses with the same name and arity (number of arguments) should be grouped together, "def render_elixir_spec/1" was previously defined (lib/zig/_nif.ex:373)
     │
 386 │   def render_elixir_spec(nif) do
     │       ~
     │
     └─ lib/zig/_nif.ex:386:7


00:08:44.950 [debug] creating staging directory /private/tmp/aphid-adapter-consumer-3/staging/Elixir.Zig.Formatter

00:08:44.962 [info] searching for zig in /private/tmp/aphid-adapter-consumer-3/home/Library/Caches/zigler/zig-aarch64-macos-0.16.0/zig
     warning: unused require EEx
     │
 437 │   require EEx
     │   ~
     │
     └─ lib/zig/_nif.ex:437:3

warning: Zig.Formatter not active (%CompileError{file: nil, line: nil, description: "zig executable not found"}).  If you need Formatter function, and zig is not available, Please run `mix zig.get` to install it.
  lib/zig/formatter.ex:46: (file)
  (elixir 1.20.0) src/elixir_compiler.erl:102: :elixir_compiler.dispatch/4
  (elixir 1.20.0) src/elixir_compiler.erl:76: :elixir_compiler.compile/4
  (elixir 1.20.0) src/elixir_compiler.erl:42: :elixir_compiler.optimize_defmodule/2
  (elixir 1.20.0) src/elixir_lexical.erl:18: :elixir_lexical.run/3
  (elixir 1.20.0) src/elixir_compiler.erl:21: :elixir_compiler.quoted/3

Generated zigler app
==> aphid
Aphid local bundle verified and installed: SHA256 3125907a738162c55ba8f68874c861c767bc7a5f17e9b23c69f028df192e3034
Compiling 12 files (.ex)

00:08:46.890 [debug] skipping compile step for precompiled module Elixir.Aphid.Proof, at /private/tmp/aphid-adapter-consumer-3/consumer/_build/prod/lib/aphid/priv/lib/Elixir.Aphid.Proof.so

00:08:46.891 [debug] destination library path: /private/tmp/aphid-adapter-consumer-3/consumer/_build/prod/lib/aphid/priv/lib/Elixir.Aphid.Proof.so

00:08:47.084 [debug] skipping compile step for precompiled module Elixir.Aphid.Native, at /private/tmp/aphid-adapter-consumer-3/consumer/_build/prod/lib/aphid/priv/lib/Elixir.Aphid.Native.so

00:08:47.084 [debug] destination library path: /private/tmp/aphid-adapter-consumer-3/consumer/_build/prod/lib/aphid/priv/lib/Elixir.Aphid.Native.so
Generated aphid app
{"command": ["/usr/bin/sandbox-exec", "-f", "/private/tmp/aphid-adapter-consumer-3/install.sb", "mix", "deps.compile"], "cwd": "/private/tmp/aphid-adapter-consumer-3/consumer", "exit": 0, "seconds": 30.556}
==> ex_doc
     warning: this clause of defp favicon_path/1 is never used (or it will always fail/warn when invoked)
     │
 153 │   defp favicon_path(%{favicon: nil}), do: nil
     │        ~
     │
     └─ (ex_doc 0.39.1) lib/ex_doc/formatter/html/templates.ex:153:8: ExDoc.Formatter.HTML.Templates.favicon_path/1

     warning: this clause of defp logo_path/1 is never used (or it will always fail/warn when invoked)
     │
 156 │   defp logo_path(%{logo: nil}), do: nil
     │        ~
     │
     └─ (ex_doc 0.39.1) lib/ex_doc/formatter/html/templates.ex:156:8: ExDoc.Formatter.HTML.Templates.logo_path/1

     warning: the following clause is redundant:

         defp to_var({:<<>>, _, _}, _)

     it has type:

         dynamic({:<<>>, term(), term()}), dynamic()

     previous clauses have already matched on the following types:

         {:%{}, term(), term()}, term()
         {atom(), term(), term()}, term()

     │
 569 │   defp to_var({:<<>>, _, _}, _), do: {:binary, [], nil}
     │        ~
     │
     └─ (ex_doc 0.39.1) lib/ex_doc/language/elixir.ex:569:8: ExDoc.Language.Elixir.to_var/2

     warning: the following clause is redundant:

         defp to_var({:{}, _, _}, _)

     it has type:

         dynamic({:{}, term(), term()}), dynamic()

     previous clauses have already matched on the following types:

         {:%{}, term(), term()}, term()
         {atom(), term(), term()}, term()

     │
 570 │   defp to_var({:{}, _, _}, _), do: {:tuple, [], nil}
     │        ~
     │
     └─ (ex_doc 0.39.1) lib/ex_doc/language/elixir.ex:570:8: ExDoc.Language.Elixir.to_var/2

     warning: the following clause is redundant:

         defp to_var(float, _) when is_integer(float)

     it has type:

         integer(), dynamic()

     previous clauses have already matched on the following types:

         {:%{}, term(), term()}, term()
         {atom(), term(), term()}, term()
         {term(), term()}, term()
         integer(), term()

     │
 573 │   defp to_var(float, _) when is_integer(float), do: {:float, [], nil}
     │        ~
     │
     └─ (ex_doc 0.39.1) lib/ex_doc/language/elixir.ex:573:8: ExDoc.Language.Elixir.to_var/2

     warning: the following clause will never match:

         nil ->

     because it attempts to match on the result of:

         ExDoc.Language.Source.fetch_type!(module_data, name, arity)

     which has type:

         dynamic(not false and not nil)

     type warning found at:
     │
 150 │         nil ->
     │         ~~~~~~
     │
     └─ (ex_doc 0.39.1) lib/ex_doc/language/erlang.ex:150: ExDoc.Language.Erlang.type_data/6

     warning: the following clause cannot match because the previous clauses already matched all possible values:

         _ ->

     it attempts to match on the result of:

         result

     which has the already matched type:

         dynamic({:docs_v1, term(), term(), term(), term(), term(), term()} or {:error, term()})

     type warning found at:
     │
 124 │       _ ->
     │         ~
     │
     └─ (ex_doc 0.39.1) lib/ex_doc/retriever.ex:124:9: ExDoc.Retriever.docs_chunk/1

==> zig_parser
    warning: incompatible types given to Map.replace!/3:

        Map.replace!(parse(args), :doc_comment, comment)

    the map:

        dynamic(%Zig.Parser.Test{block: %Zig.Parser.Block{}, location: nil})

    does not have all required keys:

        :doc_comment

    therefore this function will always raise

    where "args" was given the type:

        # type: dynamic(non_empty_list(term()))
        # from: lib/zig.parser/test.ex:16:10
        parse(args)

    where "comment" was given the type:

        # type: dynamic()
        # from: lib/zig.parser/test.ex
        [{:TestDecl, [start, {:doc_comment, comment} | args]} | rest_args]

    type warning found at:
    │
 17 │       |> Map.replace!(:doc_comment, comment)
    │              ~
    │
    └─ (zig_parser 0.7.0) lib/zig.parser/test.ex:17:14: Zig.Parser.Test.post_traverse/5

==> zig_doc
    warning: the following clause will never match:

        {{:error, reason}, path} ->

    it is expected to match on type:

        dynamic(
          :error or
            ({term(), :read, binary() or empty_list() or non_empty_list(term(), term())} and
               not {{:ok, term()}, :read, binary() or empty_list() or non_empty_list(term(), term())})
        )

    type warning found at:
    │
 69 │       {{:error, reason}, path} ->
    │       ~~~~~~~~~~~~~~~~~~~~~~~~~~~
    │
    └─ (zig_doc 0.7.0) lib/zig.doc/generator.ex:69: Zig.Doc.Generator.modulenode_from_config/3

==> zigler
warning: Zig.Formatter not active (%CompileError{file: nil, line: nil, description: "zig executable not found"}).  If you need Formatter function, and zig is not available, Please run `mix zig.get` to install it.
  lib/zig/formatter.ex:46: (file)
  (elixir 1.20.0) src/elixir_compiler.erl:102: :elixir_compiler.dispatch/4
  (elixir 1.20.0) src/elixir_compiler.erl:76: :elixir_compiler.compile/4
  (elixir 1.20.0) src/elixir_compiler.erl:42: :elixir_compiler.optimize_defmodule/2
  (elixir 1.20.0) src/elixir_lexical.erl:18: :elixir_lexical.run/3
  (elixir 1.20.0) src/elixir_compiler.erl:21: :elixir_compiler.quoted/3

     warning: clauses with the same name and arity (number of arguments) should be grouped together, "def render_elixir_spec/1" was previously defined (lib/zig/_nif.ex:373)
     │
 386 │   def render_elixir_spec(nif) do
     │       ~
     │
     └─ lib/zig/_nif.ex:386:7

     warning: unused require EEx
     │
 437 │   require EEx
     │   ~
     │
     └─ lib/zig/_nif.ex:437:3

==> aphid
Aphid local bundle verified and installed: SHA256 3125907a738162c55ba8f68874c861c767bc7a5f17e9b23c69f028df192e3034
==> aphid_consumer
Generated aphid_consumer app
{"command": ["/usr/bin/sandbox-exec", "-f", "/private/tmp/aphid-adapter-consumer-3/install.sb", "mix", "compile"], "cwd": "/private/tmp/aphid-adapter-consumer-3/consumer", "exit": 0, "seconds": 6.718}
runtime identity: {"1.20.0", ~c"29", ~c"2.18"}
Running ExUnit with seed: 0, max_cases: 2

................Aphid basic example passed
.Aphid transaction example passed
.Aphid stream example passed
.Aphid FTS example passed
.Aphid vector example passed
.Aphid DuckDB example passed
.............stale-cancel race: 30 iterations; maximum cancel-to-idle 123171 us
........heartbeat: 31 samples; maximum gap 6 ms
.
00:09:09.805 [error] Aphid artifact [unloadable]: /private/tmp/aphid-adapter-consumer-3/consumer/_build/prod/lib/aphid/priv/lib/Elixir.Aphid.Native: {:upgrade, ~c"Library upgrade-call unsuccessful (-1)."}; use the matching complete bundle and runtime. No source fallback.

00:09:09.809 [warning] The on_load function for module Elixir.Aphid.Native returned:
{:error, {:upgrade, ~c"Library upgrade-call unsuccessful (-1)."}}

.................................................
Finished in 17.4 seconds (1.4s on load, 0.00s async, 15.9s sync)

Result: 92 passed
{"command": ["/usr/bin/sandbox-exec", "-f", "/private/tmp/aphid-adapter-consumer-3/install.sb", "mix", "run", "--no-compile", "check.exs"], "cwd": "/private/tmp/aphid-adapter-consumer-3/consumer", "exit": 0, "seconds": 18.082}
fresh Mix consumer passed; native files unchanged; no native compiler invocation
