Building aphid 0.1.0-dev
  Dependencies:
    zigler == 0.16.0 (app: zigler)
    telemetry ~> 1.3 (app: telemetry)
  App: aphid
  Name: aphid
  Files:
    mix.exs
    mix.lock
    mix/aphid_bundle.exs
    lib/aphid.ex
    lib/aphid/application.ex
    lib/aphid/bundle_loader.ex
    lib/aphid/database.ex
    lib/aphid/error.ex
    lib/aphid/native.ex
    lib/aphid/options.ex
    lib/aphid/proof.ex
    lib/aphid/result.ex
    lib/aphid/stream.ex
    lib/aphid/telemetry.ex
    lib/aphid/transaction.ex
    lib/aphid/value.ex
    README.md
    LICENSE
    THIRD_PARTY.md
    docs/architecture.md
    docs/extensions.md
    docs/local-installation.md
    docs/release-checklist.md
    docs/status.md
    docs/telemetry.md
    docs/types.md
    native/lock.json
    native/local-bundle.json
    native/aphid_nif.zig
    native/bridge.h
    native/proof.zig
    native/proof.h
    native/proof.cpp
  Version: 0.1.0-dev
  Build tools: mix
  Description: LadybugDB for Elixir through Zigler
  Licenses: MIT
  Links: 
    
  Elixir: ~> 1.20
Package checksum: 921d21ece8c5a96bb3cdc5ab60b6932e73dd4471b2f9382d446d9f182bd8d7e3
Saved to /tmp/aphid-local-package-2/aphid-0.1.0-dev.tar
