* assembling aphid_consumer-0.0.0 on MIX_ENV=prod
* skipping runtime configuration (config/runtime.exs not found)
* creating /private/tmp/aphid-mix-release-4/assembled/releases/0.0.0/env.sh
* building /private/tmp/aphid-mix-release-4/assembled/aphid_consumer-0.0.0.tar.gz

Release created at /private/tmp/aphid-mix-release-4/assembled

    # To start your system
    /private/tmp/aphid-mix-release-4/assembled/bin/aphid_consumer start

Once the release is running:

    # To connect to it remotely
    /private/tmp/aphid-mix-release-4/assembled/bin/aphid_consumer remote

    # To stop it gracefully (you may also send SIGINT/SIGTERM)
    /private/tmp/aphid-mix-release-4/assembled/bin/aphid_consumer stop

To list all commands:

    /private/tmp/aphid-mix-release-4/assembled/bin/aphid_consumer

{"command": ["/usr/bin/sandbox-exec", "-f", "/private/tmp/aphid-mix-release-4/assemble.sb", "mix", "release", "--no-compile", "--path", "/private/tmp/aphid-mix-release-4/assembled"], "cwd": "/private/tmp/aphid-mix-release-4/build", "exit": 0, "seconds": 9.494}
{"release_archive": "/Users/catethos/workspace/ladybugex/zig_library/artifacts/mix-release-validation-aarch64-macos-4.tar.gz", "sha256": "b82a0a6981f09a0d982ff7700678a1a598134b3b52d70ffba434ec6ec0141fd7", "bytes": 91405140}
audited shipped Mach-O files: 22
denied compiler execution: :eperm
runtime guards verified: network, compiler, development, build and host-runtime reads denied
{"command": ["/usr/bin/sandbox-exec", "-f", "/private/tmp/aphid-mix-release-4/runtime.sb", "/private/tmp/aphid-mix-release-4/relocated caf\u00e9 release/bin/aphid_consumer", "eval", "Code.require_file(\"guards.exs\")"], "cwd": "/private/tmp/aphid-mix-release-4/relocated caf\u00e9 release/validation", "exit": 0, "seconds": 3.337}
bundled release runtime: {"1.20.0", ~c"17.0.4",
 "/private/tmp/aphid-mix-release-4/relocated café release"}
Running ExUnit with seed: 0, max_cases: 2

................Aphid basic example passed
.Aphid transaction example passed
.Aphid stream example passed
.Aphid FTS example passed
.Aphid vector example passed
.Aphid DuckDB example passed
.............stale-cancel race: 30 iterations; maximum cancel-to-idle 104013 us
........heartbeat: 31 samples; maximum gap 6 ms
.
00:37:39.167 [error] Aphid artifact [unloadable]: /private/tmp/aphid-mix-release-4/relocated café release/lib/aphid-0.1.0-dev/priv/lib/Elixir.Aphid.Native: {:upgrade, ~c"Library upgrade-call unsuccessful (-1)."}; use the matching complete bundle and runtime. No source fallback.

00:37:39.170 [warning] The on_load function for module Elixir.Aphid.Native returned:
{:error, {:upgrade, ~c"Library upgrade-call unsuccessful (-1)."}}

.................................................
Finished in 18.1 seconds (0.00s async, 18.1s sync)

Result: 92 passed
relocated Mix release: all 92 tests passed
{"command": ["/usr/bin/sandbox-exec", "-f", "/private/tmp/aphid-mix-release-4/runtime.sb", "/private/tmp/aphid-mix-release-4/relocated caf\u00e9 release/bin/aphid_consumer", "eval", "Code.require_file(\"suite.exs\")"], "cwd": "/private/tmp/aphid-mix-release-4/relocated caf\u00e9 release/validation", "exit": 0, "seconds": 19.886}
release start booted applications, loaded both NIFs, persisted data and closed database
{"command": ["/usr/bin/sandbox-exec", "-f", "/private/tmp/aphid-mix-release-4/runtime.sb", "/private/tmp/aphid-mix-release-4/relocated caf\u00e9 release/bin/aphid_consumer", "start"], "cwd": "/private/tmp/aphid-mix-release-4/relocated caf\u00e9 release/validation", "exit": 0, "seconds": 0.535}
new release VM reopened persisted database after graceful shutdown
{"command": ["/usr/bin/sandbox-exec", "-f", "/private/tmp/aphid-mix-release-4/runtime.sb", "/private/tmp/aphid-mix-release-4/relocated caf\u00e9 release/bin/aphid_consumer", "eval", "Code.require_file(\"reopen.exs\")"], "cwd": "/private/tmp/aphid-mix-release-4/relocated caf\u00e9 release/validation", "exit": 0, "seconds": 0.431}
Traceback (most recent call last):
  File "/Users/catethos/workspace/ladybugex/zig_library/scripts/mix_release.py", line 209, in <module>
    main()
    ~~~~^^
  File "/Users/catethos/workspace/ladybugex/zig_library/scripts/mix_release.py", line 200, in main
    assert {str(p.relative_to(relocated)): sha(p) for p in relocated.rglob('*') if p.is_file()} == manifest
           ^^^^^^^^^^^^^^^^^^^^^^^^^^^^^^^^^^^^^^^^^^^^^^^^^^^^^^^^^^^^^^^^^^^^^^^^^^^^^^^^^^^^^^^^^^^^^^^^
AssertionError
