CASE missing
Aphid artifact [missing]: set APHID_BUNDLE_ARCHIVE to an existing local .tar.gz. No source fallback.
{"command": ["elixir", "/private/tmp/aphid-notices-failures-2/reject.exs"], "cwd": "/private/tmp/aphid-notices-failures-2", "exit": 0, "seconds": 0.4}
CASE missing-pin
Aphid artifact [corrupt]: set APHID_BUNDLE_SHA256 to an independently trusted 64-digit SHA256. No source fallback.
{"command": ["elixir", "/private/tmp/aphid-notices-failures-2/reject.exs"], "cwd": "/private/tmp/aphid-notices-failures-2", "exit": 0, "seconds": 0.381}
CASE checksum
Aphid artifact [corrupt]: archive SHA256 mismatch; obtain the pinned archive again. No source fallback.
{"command": ["elixir", "/private/tmp/aphid-notices-failures-2/reject.exs"], "cwd": "/private/tmp/aphid-notices-failures-2", "exit": 0, "seconds": 0.358}
CASE target
Aphid artifact [unsupported-target]: the artifact does not match this operating system. No source fallback.
{"command": ["elixir", "/private/tmp/aphid-notices-failures-2/reject.exs"], "cwd": "/private/tmp/aphid-notices-failures-2", "exit": 0, "seconds": 0.358}
CASE engine
Aphid artifact [incompatible-engine]: native lock differs; obtain the bundle for this Aphid source package. No source fallback.
{"command": ["elixir", "/private/tmp/aphid-notices-failures-2/reject.exs"], "cwd": "/private/tmp/aphid-notices-failures-2", "exit": 0, "seconds": 0.494}
CASE manifest
Aphid artifact [corrupt]: content manifest mismatch; obtain the pinned archive again. No source fallback.
{"command": ["elixir", "/private/tmp/aphid-notices-failures-2/reject.exs"], "cwd": "/private/tmp/aphid-notices-failures-2", "exit": 0, "seconds": 0.364}
CASE missing-sidecar
Aphid artifact [missing]: bundle lacks liblbug.dylib; obtain the complete 0.1.0-dev bundle. No source fallback.
{"command": ["elixir", "/private/tmp/aphid-notices-failures-2/reject.exs"], "cwd": "/private/tmp/aphid-notices-failures-2", "exit": 0, "seconds": 0.372}
CASE architecture
Aphid artifact [wrong-architecture]: Elixir.Aphid.Native.so is not ARM64. No source fallback.
{"command": ["elixir", "/private/tmp/aphid-notices-failures-2/reject.exs"], "cwd": "/private/tmp/aphid-notices-failures-2", "exit": 0, "seconds": 0.373}
CASE unloadable-header
Aphid artifact [unloadable]: Elixir.Aphid.Native.so is not a native shared library for this target; obtain a valid bundle. No source fallback.
{"command": ["elixir", "/private/tmp/aphid-notices-failures-2/reject.exs"], "cwd": "/private/tmp/aphid-notices-failures-2", "exit": 0, "seconds": 0.416}
CASE native-fingerprint
Aphid artifact [incompatible-engine]: native fingerprint differs from this package's reviewed local-bundle.json; use the matching candidate. No source fallback.
{"command": ["elixir", "/private/tmp/aphid-notices-failures-2/reject.exs"], "cwd": "/private/tmp/aphid-notices-failures-2", "exit": 0, "seconds": 0.42}
CASE lost-selection
Aphid artifact [missing]: this development version has no authorized default delivery; select a pinned archive or HTTPS URL, or set APHID_INSTALL=source with its build prerequisites. No source fallback.
{"command": ["elixir", "/private/tmp/aphid-notices-failures-2/reject.exs"], "cwd": "/private/tmp/aphid-notices-failures-2", "exit": 0, "seconds": 0.399}
CASE force-source
Aphid artifact [selection]: unset ZIGLER_PRECOMPILE_FORCE_RECOMPILE; local bundle mode never falls back to source. No source fallback.
{"command": ["elixir", "/private/tmp/aphid-notices-failures-2/reject.exs"], "cwd": "/private/tmp/aphid-notices-failures-2", "exit": 0, "seconds": 0.376}
CASE conflicting-source
Aphid artifact [selection]: use APHID_INSTALL=precompiled with archive or HTTPS URL and SHA256, or explicit source without bundle inputs. No source fallback.
{"command": ["elixir", "/private/tmp/aphid-notices-failures-2/reject.exs"], "cwd": "/private/tmp/aphid-notices-failures-2", "exit": 0, "seconds": 0.371}
CASE invalid-tar
Aphid artifact [corrupt]: invalid tar archive: :eof. No source fallback.
{"command": ["elixir", "/private/tmp/aphid-notices-failures-2/reject.exs"], "cwd": "/private/tmp/aphid-notices-failures-2", "exit": 0, "seconds": 0.368}
CASE traversal
Aphid artifact [unsafe]: archive contains a link, special file or unsafe path: "../escape". No source fallback.
{"command": ["elixir", "/private/tmp/aphid-notices-failures-2/reject.exs"], "cwd": "/private/tmp/aphid-notices-failures-2", "exit": 0, "seconds": 0.368}
CASE absolute
Aphid artifact [unsafe]: archive contains a link, special file or unsafe path: "/tmp/aphid-escape". No source fallback.
{"command": ["elixir", "/private/tmp/aphid-notices-failures-2/reject.exs"], "cwd": "/private/tmp/aphid-notices-failures-2", "exit": 0, "seconds": 0.381}
CASE duplicate
Aphid artifact [unsafe]: duplicate or case-colliding archive member. No source fallback.
{"command": ["elixir", "/private/tmp/aphid-notices-failures-2/reject.exs"], "cwd": "/private/tmp/aphid-notices-failures-2", "exit": 0, "seconds": 0.416}
CASE case-collision
Aphid artifact [unsafe]: duplicate or case-colliding archive member. No source fallback.
{"command": ["elixir", "/private/tmp/aphid-notices-failures-2/reject.exs"], "cwd": "/private/tmp/aphid-notices-failures-2", "exit": 0, "seconds": 0.359}
CASE file-directory
Aphid artifact [unsafe]: archive file is also used as a directory. No source fallback.
{"command": ["elixir", "/private/tmp/aphid-notices-failures-2/reject.exs"], "cwd": "/private/tmp/aphid-notices-failures-2", "exit": 0, "seconds": 0.373}
CASE dot-path
Aphid artifact [unsafe]: archive contains a link, special file or unsafe path: "./escape". No source fallback.
{"command": ["elixir", "/private/tmp/aphid-notices-failures-2/reject.exs"], "cwd": "/private/tmp/aphid-notices-failures-2", "exit": 0, "seconds": 0.367}
CASE symlink
Aphid artifact [unsafe]: archive contains a link, special file or unsafe path: "link". No source fallback.
{"command": ["elixir", "/private/tmp/aphid-notices-failures-2/reject.exs"], "cwd": "/private/tmp/aphid-notices-failures-2", "exit": 0, "seconds": 0.402}
CASE hardlink
Aphid artifact [unsafe]: archive contains a link, special file or unsafe path: "hard". No source fallback.
{"command": ["elixir", "/private/tmp/aphid-notices-failures-2/reject.exs"], "cwd": "/private/tmp/aphid-notices-failures-2", "exit": 0, "seconds": 0.368}
CASE fifo
Aphid artifact [unsafe]: archive contains a link, special file or unsafe path: "fifo". No source fallback.
{"command": ["elixir", "/private/tmp/aphid-notices-failures-2/reject.exs"], "cwd": "/private/tmp/aphid-notices-failures-2", "exit": 0, "seconds": 0.409}
NOTICE FIXTURE missing-source-notices
Aphid artifact [missing]: source package lacks THIRD_PARTY_NOTICES.txt; obtain the complete source package. No source fallback.
{"command": ["elixir", "/private/tmp/aphid-notices-failures-2/reject.exs"], "cwd": "/private/tmp/aphid-notices-failures-2", "exit": 0, "seconds": 0.361}
NOTICE FIXTURE notice-collision-0
Aphid artifact [corrupt]: archive collides with the source-package notice supplement. No source fallback.
{"command": ["elixir", "/private/tmp/aphid-notices-failures-2/reject.exs"], "cwd": "/private/tmp/aphid-notices-failures-2", "exit": 0, "seconds": 0.382}
NOTICE FIXTURE notice-collision-1
Aphid artifact [corrupt]: archive collides with the source-package notice supplement. No source fallback.
{"command": ["elixir", "/private/tmp/aphid-notices-failures-2/reject.exs"], "cwd": "/private/tmp/aphid-notices-failures-2", "exit": 0, "seconds": 0.376}
NOTICE FIXTURE notice-collision-2
Aphid artifact [corrupt]: archive collides with the source-package notice supplement. No source fallback.
{"command": ["elixir", "/private/tmp/aphid-notices-failures-2/reject.exs"], "cwd": "/private/tmp/aphid-notices-failures-2", "exit": 0, "seconds": 0.362}
** (Mix.Error) Aphid artifact [selection]: destination contains another installation; use an empty MIX_BUILD_PATH. No source fallback.
    (mix 1.20.0) lib/mix.ex:647: Mix.raise/2
    /Users/catethos/workspace/ladybugex/zig_library/mix/aphid_bundle.exs:356: Mix.Tasks.Compile.AphidBundle.install_bytes/3
    notices.exs:10: (file)
{"command": ["elixir", "/private/tmp/aphid-notices-failures-2/notices.exs", "/private/tmp/aphid-notices-consumer-2/candidate-retained.tar.gz", "3125907a738162c55ba8f68874c861c767bc7a5f17e9b23c69f028df192e3034", "/private/tmp/aphid-notices-consumer-2/consumer/_build/prod/lib/aphid/priv"], "cwd": "/private/tmp/aphid-notices-failures-2", "exit": 1, "seconds": 1.221}
Traceback (most recent call last):
  File "/Users/catethos/workspace/ladybugex/zig_library/scripts/local_bundle_failures.py", line 239, in <module>
    main()
    ~~~~^^
  File "/Users/catethos/workspace/ladybugex/zig_library/scripts/local_bundle_failures.py", line 201, in main
    run(['elixir', str(notice_probe), str(native_archive), sha(native_archive.read_bytes()), str(installed)],
    ~~~^^^^^^^^^^^^^^^^^^^^^^^^^^^^^^^^^^^^^^^^^^^^^^^^^^^^^^^^^^^^^^^^^^^^^^^^^^^^^^^^^^^^^^^^^^^^^^^^^^^^^^
        cwd=work, env=dict(os.environ, ADAPTER=str(source / 'mix/aphid_bundle.exs'),
        ^^^^^^^^^^^^^^^^^^^^^^^^^^^^^^^^^^^^^^^^^^^^^^^^^^^^^^^^^^^^^^^^^^^^^^^^^^^^
                           ERL_FLAGS='+S 1:1 +SDcpu 1:1'), timeout=120)
                           ^^^^^^^^^^^^^^^^^^^^^^^^^^^^^^^^^^^^^^^^^^^^
  File "/Users/catethos/workspace/ladybugex/zig_library/scripts/proof.py", line 29, in run
    raise RuntimeError(f"command failed: {args}")
RuntimeError: command failed: ['elixir', '/private/tmp/aphid-notices-failures-2/notices.exs', '/private/tmp/aphid-notices-consumer-2/candidate-retained.tar.gz', '3125907a738162c55ba8f68874c861c767bc7a5f17e9b23c69f028df192e3034', '/private/tmp/aphid-notices-consumer-2/consumer/_build/prod/lib/aphid/priv']
