CASE missing
Aphid artifact [missing]: set APHID_BUNDLE_ARCHIVE to an existing local .tar.gz. No source fallback.
{"command": ["elixir", "/private/tmp/aphid-platform-failures-1/reject.exs"], "cwd": "/private/tmp/aphid-platform-failures-1", "exit": 0, "seconds": 0.343}
CASE missing-pin
Aphid artifact [corrupt]: set APHID_BUNDLE_SHA256 to an independently trusted 64-digit SHA256. No source fallback.
{"command": ["elixir", "/private/tmp/aphid-platform-failures-1/reject.exs"], "cwd": "/private/tmp/aphid-platform-failures-1", "exit": 0, "seconds": 0.35}
CASE checksum
Aphid artifact [corrupt]: archive SHA256 mismatch; obtain the pinned archive again. No source fallback.
{"command": ["elixir", "/private/tmp/aphid-platform-failures-1/reject.exs"], "cwd": "/private/tmp/aphid-platform-failures-1", "exit": 0, "seconds": 0.394}
CASE target
Aphid artifact [unsupported-target]: the artifact does not match this operating system. No source fallback.
{"command": ["elixir", "/private/tmp/aphid-platform-failures-1/reject.exs"], "cwd": "/private/tmp/aphid-platform-failures-1", "exit": 0, "seconds": 0.4}
CASE engine
Aphid artifact [incompatible-engine]: native lock differs; obtain the bundle for this Aphid source package. No source fallback.
{"command": ["elixir", "/private/tmp/aphid-platform-failures-1/reject.exs"], "cwd": "/private/tmp/aphid-platform-failures-1", "exit": 0, "seconds": 0.395}
CASE manifest
Aphid artifact [corrupt]: content manifest mismatch; obtain the pinned archive again. No source fallback.
{"command": ["elixir", "/private/tmp/aphid-platform-failures-1/reject.exs"], "cwd": "/private/tmp/aphid-platform-failures-1", "exit": 0, "seconds": 0.351}
CASE missing-sidecar
Aphid artifact [missing]: bundle lacks liblbug.dylib; obtain the complete 0.1.0-dev bundle. No source fallback.
{"command": ["elixir", "/private/tmp/aphid-platform-failures-1/reject.exs"], "cwd": "/private/tmp/aphid-platform-failures-1", "exit": 0, "seconds": 0.347}
CASE architecture
Aphid artifact [wrong-architecture]: Elixir.Aphid.Native.so is not ARM64. No source fallback.
{"command": ["elixir", "/private/tmp/aphid-platform-failures-1/reject.exs"], "cwd": "/private/tmp/aphid-platform-failures-1", "exit": 0, "seconds": 0.348}
CASE unloadable-header
Aphid artifact [unloadable]: Elixir.Aphid.Native.so is not a native shared library for this target; obtain a valid bundle. No source fallback.
{"command": ["elixir", "/private/tmp/aphid-platform-failures-1/reject.exs"], "cwd": "/private/tmp/aphid-platform-failures-1", "exit": 0, "seconds": 0.353}
CASE native-fingerprint
Aphid artifact [incompatible-engine]: native fingerprint differs from this package's reviewed local-bundle.json; use the matching candidate. No source fallback.
{"command": ["elixir", "/private/tmp/aphid-platform-failures-1/reject.exs"], "cwd": "/private/tmp/aphid-platform-failures-1", "exit": 0, "seconds": 0.35}
CASE lost-selection
Aphid artifact [selection]: this build contains a local bundle; keep its archive/checksum selection or use an empty source build path. No source fallback.
{"command": ["elixir", "/private/tmp/aphid-platform-failures-1/reject.exs"], "cwd": "/private/tmp/aphid-platform-failures-1", "exit": 0, "seconds": 0.343}
CASE force-source
Aphid artifact [selection]: unset ZIGLER_PRECOMPILE_FORCE_RECOMPILE; local bundle mode never falls back to source. No source fallback.
{"command": ["elixir", "/private/tmp/aphid-platform-failures-1/reject.exs"], "cwd": "/private/tmp/aphid-platform-failures-1", "exit": 0, "seconds": 0.34}
CASE conflicting-source
Aphid artifact [selection]: use APHID_INSTALL=precompiled with archive or HTTPS URL and SHA256, or explicit source without bundle inputs. No source fallback.
{"command": ["elixir", "/private/tmp/aphid-platform-failures-1/reject.exs"], "cwd": "/private/tmp/aphid-platform-failures-1", "exit": 0, "seconds": 0.353}
CASE invalid-tar
Aphid artifact [corrupt]: invalid tar archive: :eof. No source fallback.
{"command": ["elixir", "/private/tmp/aphid-platform-failures-1/reject.exs"], "cwd": "/private/tmp/aphid-platform-failures-1", "exit": 0, "seconds": 0.344}
CASE traversal
Aphid artifact [unsafe]: archive contains a link, special file or unsafe path: "../escape". No source fallback.
{"command": ["elixir", "/private/tmp/aphid-platform-failures-1/reject.exs"], "cwd": "/private/tmp/aphid-platform-failures-1", "exit": 0, "seconds": 0.396}
CASE absolute
Aphid artifact [unsafe]: archive contains a link, special file or unsafe path: "/tmp/aphid-escape". No source fallback.
{"command": ["elixir", "/private/tmp/aphid-platform-failures-1/reject.exs"], "cwd": "/private/tmp/aphid-platform-failures-1", "exit": 0, "seconds": 0.385}
CASE duplicate
Aphid artifact [unsafe]: duplicate or case-colliding archive member. No source fallback.
{"command": ["elixir", "/private/tmp/aphid-platform-failures-1/reject.exs"], "cwd": "/private/tmp/aphid-platform-failures-1", "exit": 0, "seconds": 0.39}
CASE case-collision
Aphid artifact [unsafe]: duplicate or case-colliding archive member. No source fallback.
{"command": ["elixir", "/private/tmp/aphid-platform-failures-1/reject.exs"], "cwd": "/private/tmp/aphid-platform-failures-1", "exit": 0, "seconds": 0.396}
CASE file-directory
Aphid artifact [unsafe]: archive file is also used as a directory. No source fallback.
{"command": ["elixir", "/private/tmp/aphid-platform-failures-1/reject.exs"], "cwd": "/private/tmp/aphid-platform-failures-1", "exit": 0, "seconds": 0.387}
CASE dot-path
Aphid artifact [unsafe]: archive contains a link, special file or unsafe path: "./escape". No source fallback.
{"command": ["elixir", "/private/tmp/aphid-platform-failures-1/reject.exs"], "cwd": "/private/tmp/aphid-platform-failures-1", "exit": 0, "seconds": 0.351}
CASE symlink
Aphid artifact [unsafe]: archive contains a link, special file or unsafe path: "link". No source fallback.
{"command": ["elixir", "/private/tmp/aphid-platform-failures-1/reject.exs"], "cwd": "/private/tmp/aphid-platform-failures-1", "exit": 0, "seconds": 0.353}
CASE hardlink
Aphid artifact [unsafe]: archive contains a link, special file or unsafe path: "hard". No source fallback.
{"command": ["elixir", "/private/tmp/aphid-platform-failures-1/reject.exs"], "cwd": "/private/tmp/aphid-platform-failures-1", "exit": 0, "seconds": 0.347}
CASE fifo
Aphid artifact [unsafe]: archive contains a link, special file or unsafe path: "fifo". No source fallback.
{"command": ["elixir", "/private/tmp/aphid-platform-failures-1/reject.exs"], "cwd": "/private/tmp/aphid-platform-failures-1", "exit": 0, "seconds": 0.339}
REAL LOADER missing

11:31:28.586 [error] Aphid artifact [missing]: /private/tmp/aphid-platform-failures-1/load-missing/aphid/priv/lib/liblbug.dylib; reinstall the complete pinned bundle. No source fallback.
real loader rejected artifact: Elixir.Aphid.Native

11:31:28.590 [warning] The on_load function for module Elixir.Aphid.Native returned:
{:error,
 {:missing,
  "/private/tmp/aphid-platform-failures-1/load-missing/aphid/priv/lib/liblbug.dylib"}}


11:31:28.599 [error] Aphid artifact [missing]: /private/tmp/aphid-platform-failures-1/load-missing/aphid/priv/lib/liblbug.dylib; reinstall the complete pinned bundle. No source fallback.
real loader rejected artifact: Elixir.Aphid.Proof

11:31:28.600 [warning] The on_load function for module Elixir.Aphid.Proof returned:
{:error,
 {:missing,
  "/private/tmp/aphid-platform-failures-1/load-missing/aphid/priv/lib/liblbug.dylib"}}

{"command": ["elixir", "-pa", "/private/tmp/aphid-platform-failures-1/load-missing/aphid/ebin", "/private/tmp/aphid-platform-failures-1/load.exs"], "cwd": "/private/tmp/aphid-platform-failures-1", "exit": 0, "seconds": 0.286}
REAL LOADER corrupt

11:31:29.018 [error] Aphid artifact [corrupt]: /private/tmp/aphid-platform-failures-1/load-corrupt/aphid/priv/lib/liblbug.dylib; reinstall the complete pinned bundle. No source fallback.
real loader rejected artifact: Elixir.Aphid.Native

11:31:29.020 [warning] The on_load function for module Elixir.Aphid.Native returned:
{:error,
 {:corrupt,
  "/private/tmp/aphid-platform-failures-1/load-corrupt/aphid/priv/lib/liblbug.dylib"}}


11:31:29.030 [error] Aphid artifact [corrupt]: /private/tmp/aphid-platform-failures-1/load-corrupt/aphid/priv/lib/liblbug.dylib; reinstall the complete pinned bundle. No source fallback.
real loader rejected artifact: Elixir.Aphid.Proof

11:31:29.031 [warning] The on_load function for module Elixir.Aphid.Proof returned:
{:error,
 {:corrupt,
  "/private/tmp/aphid-platform-failures-1/load-corrupt/aphid/priv/lib/liblbug.dylib"}}

{"command": ["elixir", "-pa", "/private/tmp/aphid-platform-failures-1/load-corrupt/aphid/ebin", "/private/tmp/aphid-platform-failures-1/load.exs"], "cwd": "/private/tmp/aphid-platform-failures-1", "exit": 0, "seconds": 0.288}
REAL LOADER unloadable

11:31:30.487 [error] Aphid artifact [unloadable]: /private/tmp/aphid-platform-failures-1/load-unloadable/aphid/priv/lib/Elixir.Aphid.Native: {:load_failed, ~c"Failed to load NIF library: 'dlopen(/private/tmp/aphid-platform-failures-1/load-unloadable/aphid/priv/lib/Elixir.Aphid.Native.so, 0x0006): tried: '/private/tmp/aphid-platform-failures-1/load-unloadable/aphid/priv/lib/Elixir.Aphid.Native.so' (file system sandbox blocked mmap() of '/private/tmp/aphid-platform-failures-1/load-unloadable/aphid/priv/lib/Elixir.Aphid.Native.so'), '/System/Volumes/Preboot/Cryptexes/OS/private/tmp/aphid-platform-failures-1/load-unloadable/aphid/priv/lib/Elixir.Aphid.Native.so' (no such file), '/private/tmp/aphid-platform-failures-1/load-unloadable/aphid/priv/lib/Elixir.Aphid.Native.so' (file system sandbox blocked mmap() of '/private/tmp/aphid-platform-failures-1/load-unloadable/aphid/priv/lib/Elixir.Aphid.Native.so')'"}; use the matching complete bundle and runtime. No source fallback.
real loader rejected artifact: Elixir.Aphid.Native

11:31:30.491 [warning] The on_load function for module Elixir.Aphid.Native returned:
{:error,
 {:load_failed,
  ~c"Failed to load NIF library: 'dlopen(/private/tmp/aphid-platform-failures-1/load-unloadable/aphid/priv/lib/Elixir.Aphid.Native.so, 0x0006): tried: '/private/tmp/aphid-platform-failures-1/load-unloadable/aphid/priv/lib/Elixir.Aphid.Native.so' (file system sandbox blocked mmap() of '/private/tmp/aphid-platform-failures-1/load-unloadable/aphid/priv/lib/Elixir.Aphid.Native.so'), '/System/Volumes/Preboot/Cryptexes/OS/private/tmp/aphid-platform-failures-1/load-unloadable/aphid/priv/lib/Elixir.Aphid.Native.so' (no such file), '/private/tmp/aphid-platform-failures-1/load-unloadable/aphid/priv/lib/Elixir.Aphid.Native.so' (file system sandbox blocked mmap() of '/private/tmp/aphid-platform-failures-1/load-unloadable/aphid/priv/lib/Elixir.Aphid.Native.so')'"}}


11:31:31.120 [error] Aphid artifact [unloadable]: /private/tmp/aphid-platform-failures-1/load-unloadable/aphid/priv/lib/Elixir.Aphid.Proof: {:load_failed, ~c"Failed to load NIF library: 'dlopen(/private/tmp/aphid-platform-failures-1/load-unloadable/aphid/priv/lib/Elixir.Aphid.Proof.so, 0x0006): tried: '/private/tmp/aphid-platform-failures-1/load-unloadable/aphid/priv/lib/Elixir.Aphid.Proof.so' (file system sandbox blocked mmap() of '/private/tmp/aphid-platform-failures-1/load-unloadable/aphid/priv/lib/Elixir.Aphid.Proof.so'), '/System/Volumes/Preboot/Cryptexes/OS/private/tmp/aphid-platform-failures-1/load-unloadable/aphid/priv/lib/Elixir.Aphid.Proof.so' (no such file), '/private/tmp/aphid-platform-failures-1/load-unloadable/aphid/priv/lib/Elixir.Aphid.Proof.so' (file system sandbox blocked mmap() of '/private/tmp/aphid-platform-failures-1/load-unloadable/aphid/priv/lib/Elixir.Aphid.Proof.so')'"}; use the matching complete bundle and runtime. No source fallback.
real loader rejected artifact: Elixir.Aphid.Proof

11:31:31.123 [warning] The on_load function for module Elixir.Aphid.Proof returned:
{:error,
 {:load_failed,
  ~c"Failed to load NIF library: 'dlopen(/private/tmp/aphid-platform-failures-1/load-unloadable/aphid/priv/lib/Elixir.Aphid.Proof.so, 0x0006): tried: '/private/tmp/aphid-platform-failures-1/load-unloadable/aphid/priv/lib/Elixir.Aphid.Proof.so' (file system sandbox blocked mmap() of '/private/tmp/aphid-platform-failures-1/load-unloadable/aphid/priv/lib/Elixir.Aphid.Proof.so'), '/System/Volumes/Preboot/Cryptexes/OS/private/tmp/aphid-platform-failures-1/load-unloadable/aphid/priv/lib/Elixir.Aphid.Proof.so' (no such file), '/private/tmp/aphid-platform-failures-1/load-unloadable/aphid/priv/lib/Elixir.Aphid.Proof.so' (file system sandbox blocked mmap() of '/private/tmp/aphid-platform-failures-1/load-unloadable/aphid/priv/lib/Elixir.Aphid.Proof.so')'"}}

{"command": ["/usr/bin/sandbox-exec", "-f", "/private/tmp/aphid-platform-failures-1/unloadable.sb", "elixir", "-pa", "/private/tmp/aphid-platform-failures-1/load-unloadable/aphid/ebin", "/private/tmp/aphid-platform-failures-1/load.exs"], "cwd": "/private/tmp/aphid-platform-failures-1", "exit": 0, "seconds": 1.906}
real Mix adapter rejection cases and loader processes passed
