Compiling 1 file (.ex)

01:52:36.232 [info] searching for zig in /Users/catethos/Library/Caches/zigler/zig-aarch64-macos-0.16.0/zig

01:52:36.233 [info] system zig found in /Users/catethos/.zvm/bin/zig

01:52:36.233 [debug] running command: /Users/catethos/.zvm/bin/zig fmt /private/var/folders/z1/r2b_0ydd7yg1xjgf6m352nf40000gn/T/Elixir.Aphid.Native/build.zig

01:52:36.424 [debug] wrote build.zig to /private/var/folders/z1/r2b_0ydd7yg1xjgf6m352nf40000gn/T/Elixir.Aphid.Native/build.zig

01:52:36.437 [info] searching for zig in /Users/catethos/Library/Caches/zigler/zig-aarch64-macos-0.16.0/zig

01:52:36.437 [info] system zig found in /Users/catethos/.zvm/bin/zig

01:52:36.437 [debug] running command: /Users/catethos/.zvm/bin/zig build -Dzigler-mode=sema -Derts_include=/Users/catethos/.local/share/mise/installs/erlang/29.0.4/erts-17.0.4/include -Derl_nif_header=/Users/catethos/.local/share/mise/installs/erlang/29.0.4/erts-17.0.4/include/erl_nif.h -Derl_nif_win_path=/Users/catethos/workspace/ladybugex/zig_library/_build/test/lib/zigler/priv/erl_nif_win -Dzigler_priv=/Users/catethos/workspace/ladybugex/zig_library/_build/test/lib/zigler/priv -Dmodule_root=/Users/catethos/workspace/ladybugex/zig_library/lib/aphid

01:52:39.073 [info] searching for zig in /Users/catethos/Library/Caches/zigler/zig-aarch64-macos-0.16.0/zig

01:52:39.074 [info] system zig found in /Users/catethos/.zvm/bin/zig

01:52:39.074 [debug] running command: /Users/catethos/.zvm/bin/zig fmt /private/var/folders/z1/r2b_0ydd7yg1xjgf6m352nf40000gn/T/Elixir.Aphid.Native/module.zig

01:52:39.114 [debug] wrote module code to /private/var/folders/z1/r2b_0ydd7yg1xjgf6m352nf40000gn/T/Elixir.Aphid.Native/module.zig

01:52:39.114 [info] searching for zig in /Users/catethos/Library/Caches/zigler/zig-aarch64-macos-0.16.0/zig

01:52:39.115 [info] system zig found in /Users/catethos/.zvm/bin/zig

01:52:39.115 [debug] running command: /Users/catethos/.zvm/bin/zig build -Derts_include=/Users/catethos/.local/share/mise/installs/erlang/29.0.4/erts-17.0.4/include -Derl_nif_header=/Users/catethos/.local/share/mise/installs/erlang/29.0.4/erts-17.0.4/include/erl_nif.h -Derl_nif_win_path=/Users/catethos/workspace/ladybugex/zig_library/_build/test/lib/zigler/priv/erl_nif_win -Dzigler_priv=/Users/catethos/workspace/ladybugex/zig_library/_build/test/lib/zigler/priv -Dmodule_root=/Users/catethos/workspace/ladybugex/zig_library/lib/aphid --prefix /Users/catethos/workspace/ladybugex/zig_library/_build/test/lib/aphid/priv

01:52:40.741 [debug] compiled lib at: /Users/catethos/workspace/ladybugex/zig_library/_build/test/lib/aphid/priv

01:52:40.744 [debug] moved library to /Users/catethos/workspace/ladybugex/zig_library/_build/test/lib/aphid/priv/lib/Elixir.Aphid.Native.so
Running ExUnit with seed: 0, max_cases: 16

......
Finished in 0.8 seconds (0.00s async, 0.8s sync)

Result: 6 passed
