Candidate row-value-alignment.patch sha256: 407440293afa78bf15e1bd62ca16049dab62d3772154d895159d5516366886a0
[0/2] Re-checking globbed directories...
[1/2] Linking CXX shared library src/liblbug.0.20.2.dylib
ld: warning: ignoring duplicate libraries: '/Users/catethos/workspace/ladybugex/zig_library/_build/sanitizers-clt21/duckdb/extension/core_functions/libcore_functions_extension.a', '/Users/catethos/workspace/ladybugex/zig_library/_build/sanitizers-clt21/duckdb/extension/parquet/libparquet_extension.a', '/Users/catethos/workspace/ladybugex/zig_library/_build/sanitizers-clt21/duckdb/src/libduckdb_static.a', 'src/liblbug.a'
{"command": ["cmake", "--build", "/Users/catethos/workspace/ladybugex/zig_library/_build/sanitizers-clt21/ladybug", "--target", "src/liblbug.0.20.2.dylib", "--parallel", "2"], "cwd": "/Users/catethos/workspace/ladybugex/zig_library", "exit": 0, "seconds": 3.671}
/Users/catethos/workspace/ladybugex/zig_library/native/upstream/ladybug/src/common/vector/value_vector.cpp:626:26: runtime error: reference binding to misaligned address 0x00011c260009 for type 'list_t', which requires 8 byte alignment
0x00011c260009: note: pointer points here
 00 00 00  00 00 00 00 00 00 00 00  00 00 00 00 00 00 00 00  00 00 00 00 00 00 00 00  00 00 00 00 00
              ^ 
    #0 0x00010ed089c8 in lbug::common::ListVector::copyToRowData(lbug::common::ValueVector const*, unsigned int, unsigned char*, lbug::common::InMemOverflowBuffer*)+0x424 (liblbug.0.20.2.dylib:arm64+0x3a09c8)
    #1 0x00010ed08270 in lbug::common::StructVector::copyToRowData(lbug::common::ValueVector const*, unsigned int, unsigned char*, lbug::common::InMemOverflowBuffer*)+0x2b0 (liblbug.0.20.2.dylib:arm64+0x3a0270)
    #2 0x0001100130c4 in lbug::processor::FactorizedTable::copyFlatVectorToFlatColumn(lbug::common::ValueVector const&, lbug::processor::BlockAppendingInfo const&, unsigned int)+0x228 (liblbug.0.20.2.dylib:arm64+0x16ab0c4)
    #3 0x00011000cb00 in lbug::processor::FactorizedTable::append(std::__1::vector<lbug::common::ValueVector*, std::__1::allocator<lbug::common::ValueVector*>> const&)+0x45c (liblbug.0.20.2.dylib:arm64+0x16a4b00)
    #4 0x00010ffddd50 in lbug::processor::ResultCollector::executeInternal(lbug::processor::ExecutionContext*)+0x138 (liblbug.0.20.2.dylib:arm64+0x1675d50)
    #5 0x00011002fcdc in lbug::processor::Sink::execute(lbug::processor::ResultSet*, lbug::processor::ExecutionContext*)+0x9c (liblbug.0.20.2.dylib:arm64+0x16c7cdc)
    #6 0x00011002f718 in lbug::processor::ProcessorTask::run()+0x524 (liblbug.0.20.2.dylib:arm64+0x16c7718)
    #7 0x00010ec90578 in lbug::common::TaskScheduler::runWorkerThread()+0x47c (liblbug.0.20.2.dylib:arm64+0x328578)
    #8 0x00010ec9243c in void* std::__1::__thread_proxy[abi:nqe210106]<std::__1::tuple<std::__1::unique_ptr<std::__1::__thread_struct, std::__1::default_delete<std::__1::__thread_struct>>, lbug::common::TaskScheduler::TaskScheduler(unsigned long long, unsigned int)::$_0>>(void*)+0x11c (liblbug.0.20.2.dylib:arm64+0x32a43c)
    #9 0x00010156dd64 in asan_thread_start(void*)+0x4c (libclang_rt.asan_osx_dynamic.dylib:arm64e+0x3dd64)
    #10 0x000181d97c54 in _pthread_start+0x84 (libsystem_pthread.dylib:arm64e+0x6c54)
    #11 0x000181d92c18 in thread_start+0x4 (libsystem_pthread.dylib:arm64e+0x1c18)

SUMMARY: UndefinedBehaviorSanitizer: undefined-behavior /Users/catethos/workspace/ladybugex/zig_library/native/upstream/ladybug/src/common/vector/value_vector.cpp:626:26 
engine transaction visibility, commit, rollback, destructor rollback and failure/autocommit semantics passed
native transaction leases, stale/foreign rejection, commit, rollback, abandonment and failure guard passed
transaction abandonment during execution/fetch rolls back before reuse passed
{"command": ["/Users/catethos/workspace/ladybugex/zig_library/_build/sanitizers-clt21/bridge/lifecycle"], "cwd": "/Users/catethos/workspace/ladybugex/zig_library", "exit": -6, "seconds": 7.107}
Traceback (most recent call last):
  File "<stdin>", line 10, in <module>
  File "/Users/catethos/workspace/ladybugex/zig_library/scripts/proof.py", line 28, in run
    raise RuntimeError(f"command failed: {args}")
RuntimeError: command failed: ['/Users/catethos/workspace/ladybugex/zig_library/_build/sanitizers-clt21/bridge/lifecycle']
