^DCandidate row-value-alignment.patch sha256: 8c5719d3a3e3442f85e9f0a107358eae662ea519ed9a865cd317fae28951e7d5
Candidate string-hash-alignment.patch sha256: 54ea5d790fb5a3d20ddb4609ffedd84ae76bb04a48f0101efe4ee340ebf20bac
Candidate join-row-alignment.patch sha256: ff51a377d6fb6b607539c831b0189688f9de10843e0f7d37bc672aa250845e9c
Candidate alp-conversion-range.patch sha256: 4956d6ca30ae4ee911e7db103e0797a1dd0f616e853193c2a53a723723a91024
Candidate aggregate-state-alignment.patch sha256: 75ff061b727f3f2e27e298c184a0bc5ba6af3c9eb5dc4b98eee1dd58fbb38f18
Candidate sort-key-alignment.patch sha256: 6cd05b54e072203398b59f2b9db91ae94f8756e32df90b124f4d6bbe72fa6be1
[0/2] Re-checking globbed directories...
[1/9] Building CXX object src/processor/map/CMakeFiles/lbug_processor_mapper.dir/map_distinct.cpp.o
[2/9] Building CXX object src/processor/operator/aggregate/CMakeFiles/lbug_processor_operator_aggregate.dir/aggregate_hash_table.cpp.o
[3/9] Building CXX object src/processor/map/CMakeFiles/lbug_processor_mapper.dir/map_aggregate.cpp.o
[4/9] Building CXX object src/processor/operator/aggregate/CMakeFiles/lbug_processor_operator_aggregate.dir/hash_aggregate.cpp.o
[5/9] Building CXX object src/processor/operator/aggregate/CMakeFiles/lbug_processor_operator_aggregate.dir/hash_aggregate_scan.cpp.o
[6/9] Building CXX object src/processor/operator/aggregate/CMakeFiles/lbug_processor_operator_aggregate.dir/simple_aggregate.cpp.o
[7/9] Linking CXX static library src/liblbug.a
[8/9] Linking CXX shared library src/liblbug.0.20.2.dylib
ld: warning: ignoring duplicate libraries: '/Users/catethos/workspace/ladybugex/zig_library/_build/sanitizers-clt21/duckdb/extension/core_functions/libcore_functions_extension.a', '/Users/catethos/workspace/ladybugex/zig_library/_build/sanitizers-clt21/duckdb/extension/parquet/libparquet_extension.a', '/Users/catethos/workspace/ladybugex/zig_library/_build/sanitizers-clt21/duckdb/src/libduckdb_static.a', 'src/liblbug.a'
{"command": ["cmake", "--build", "/Users/catethos/workspace/ladybugex/zig_library/_build/sanitizers-clt21/ladybug", "--target", "src/liblbug.0.20.2.dylib", "--parallel", "2"], "cwd": "/Users/catethos/workspace/ladybugex/zig_library", "exit": 0, "seconds": 17.398}
engine transaction visibility, commit, rollback, destructor rollback and failure/autocommit semantics passed
native transaction leases, stale/foreign rejection, commit, rollback, abandonment and failure guard passed
transaction abandonment during execution/fetch rolls back before reuse passed
prepared parameter scalar types, raw timestamp units, bytes and integer overflow passed
typed empty/null nested parameters, JSON validation and duplicate map keys passed
bounded conversion reservations and stale conversion rejection passed
failed delivery, throwing callback, worker failure and joined cleanup passed
exclusive fetch, stale fetch, metadata, finish/close during fetch and parent retention passed
active/retiring path distinction, alias reservation and reopen after fetch release passed
{"command": ["/Users/catethos/workspace/ladybugex/zig_library/_build/sanitizers-clt21/bridge/lifecycle"], "cwd": "/Users/catethos/workspace/ladybugex/zig_library", "exit": 0, "seconds": 6.079}
string hash is invariant across all byte alignments and lengths 0..80
{"command": ["/Users/catethos/workspace/ladybugex/zig_library/_build/sanitizers-clt21/tests/hash_alignment"], "cwd": "/Users/catethos/workspace/ladybugex/zig_library", "exit": 0, "seconds": 0.238}
ALP float/double conversion boundaries and ordinary values passed
{"command": ["/Users/catethos/workspace/ladybugex/zig_library/_build/sanitizers-clt21/tests/alp_range"], "cwd": "/Users/catethos/workspace/ladybugex/zig_library", "exit": 0, "seconds": 0.078}
byte-sized grouping key, multiple aggregate states and rows passed
{"command": ["/Users/catethos/workspace/ladybugex/zig_library/_build/sanitizers-clt21/tests/aggregate_alignment"], "cwd": "/Users/catethos/workspace/ladybugex/zig_library", "exit": 0, "seconds": 0.186}
{"command": ["/Users/catethos/workspace/ladybugex/zig_library/_build/sanitizers-clt21/tests/fixture", "/var/folders/z1/r2b_0ydd7yg1xjgf6m352nf40000gn/T/aphid-alignment-_0412bd3/fixture.duckdb"], "cwd": "/Users/catethos/workspace/ladybugex/zig_library", "exit": 0, "seconds": 0.403}
FTS, indexed vector, empty FTS, DuckDB attach/read/import/detach passed: create
{"command": ["/Users/catethos/workspace/ladybugex/zig_library/_build/sanitizers-clt21/tests/features", "create", "/var/folders/z1/r2b_0ydd7yg1xjgf6m352nf40000gn/T/aphid-alignment-_0412bd3/graph", "/var/folders/z1/r2b_0ydd7yg1xjgf6m352nf40000gn/T/aphid-alignment-_0412bd3/fixture.duckdb"], "cwd": "/Users/catethos/workspace/ladybugex/zig_library", "exit": 0, "seconds": 1.215}
FTS, indexed vector, empty FTS, DuckDB attach/read/import/detach passed: reopen
{"command": ["/Users/catethos/workspace/ladybugex/zig_library/_build/sanitizers-clt21/tests/features", "reopen", "/var/folders/z1/r2b_0ydd7yg1xjgf6m352nf40000gn/T/aphid-alignment-_0412bd3/graph", "/var/folders/z1/r2b_0ydd7yg1xjgf6m352nf40000gn/T/aphid-alignment-_0412bd3/fixture.duckdb"], "cwd": "/Users/catethos/workspace/ladybugex/zig_library", "exit": 0, "seconds": 0.508}
