Candidate row-value-alignment sha256: 1a794197bcde506dc1324b2c2fe0d75c900f93f7d7e3e58961c7943ff61c8d54
Candidate string-hash-alignment sha256: 54ea5d790fb5a3d20ddb4609ffedd84ae76bb04a48f0101efe4ee340ebf20bac
Candidate join-row-alignment sha256: ff51a377d6fb6b607539c831b0189688f9de10843e0f7d37bc672aa250845e9c
Candidate alp-conversion-range sha256: 4956d6ca30ae4ee911e7db103e0797a1dd0f616e853193c2a53a723723a91024
Candidate aggregate-state-alignment sha256: e2b54fe271cf58effcf0e7a69c9a890a88e16c0715bab8245f6ec44137766f17
[0/2] Re-checking globbed directories...
[1/14] Building CXX object src/processor/map/CMakeFiles/lbug_processor_mapper.dir/map_distinct.cpp.o
[2/14] Building CXX object src/processor/map/CMakeFiles/lbug_processor_mapper.dir/map_merge.cpp.o
[3/14] Building CXX object src/processor/map/CMakeFiles/lbug_processor_mapper.dir/map_aggregate.cpp.o
[4/14] Building CXX object src/processor/operator/aggregate/CMakeFiles/lbug_processor_operator_aggregate.dir/aggregate_hash_table.cpp.o
[5/14] Building CXX object src/processor/operator/aggregate/CMakeFiles/lbug_processor_operator_aggregate.dir/base_aggregate.cpp.o
[6/14] Building CXX object src/processor/operator/aggregate/CMakeFiles/lbug_processor_operator_aggregate.dir/hash_aggregate_scan.cpp.o
[7/14] Building CXX object src/processor/operator/aggregate/CMakeFiles/lbug_processor_operator_aggregate.dir/hash_aggregate.cpp.o
[8/14] Building CXX object src/processor/operator/aggregate/CMakeFiles/lbug_processor_operator_aggregate.dir/simple_aggregate_scan.cpp.o
[9/14] Building CXX object src/processor/operator/aggregate/CMakeFiles/lbug_processor_operator_aggregate.dir/simple_aggregate.cpp.o
[10/14] Building CXX object src/processor/result/CMakeFiles/lbug_processor_result.dir/pattern_creation_info_table.cpp.o
[11/14] Building CXX object src/processor/operator/persistent/CMakeFiles/lbug_processor_operator_persistent.dir/merge.cpp.o
[12/14] Linking CXX static library src/liblbug.a
[13/14] Linking CXX shared library src/liblbug.0.20.2.dylib
ld: warning: ignoring duplicate libraries: '/Users/catethos/workspace/ladybugex/zig_library/_build/sanitizers-clt21/duckdb/extension/core_functions/libcore_functions_extension.a', '/Users/catethos/workspace/ladybugex/zig_library/_build/sanitizers-clt21/duckdb/extension/parquet/libparquet_extension.a', '/Users/catethos/workspace/ladybugex/zig_library/_build/sanitizers-clt21/duckdb/src/libduckdb_static.a', 'src/liblbug.a'
{"command": ["cmake", "--build", "/Users/catethos/workspace/ladybugex/zig_library/_build/sanitizers-clt21/ladybug", "--target", "src/liblbug.0.20.2.dylib", "--parallel", "2"], "cwd": "/Users/catethos/workspace/ladybugex/zig_library", "exit": 0, "seconds": 21.535}
engine transaction visibility, commit, rollback, destructor rollback and failure/autocommit semantics passed
native transaction leases, stale/foreign rejection, commit, rollback, abandonment and failure guard passed
transaction abandonment during execution/fetch rolls back before reuse passed
prepared parameter scalar types, raw timestamp units, bytes and integer overflow passed
typed empty/null nested parameters, JSON validation and duplicate map keys passed
bounded conversion reservations and stale conversion rejection passed
failed delivery, throwing callback, worker failure and joined cleanup passed
exclusive fetch, stale fetch, metadata, finish/close during fetch and parent retention passed
active/retiring path distinction, alias reservation and reopen after fetch release passed
{"command": ["/Users/catethos/workspace/ladybugex/zig_library/_build/sanitizers-clt21/bridge/lifecycle"], "cwd": "/Users/catethos/workspace/ladybugex/zig_library", "exit": 0, "seconds": 5.73}
string hash is invariant across all byte alignments and lengths 0..80
{"command": ["/Users/catethos/workspace/ladybugex/zig_library/_build/sanitizers-clt21/tests/hash_alignment"], "cwd": "/Users/catethos/workspace/ladybugex/zig_library", "exit": 0, "seconds": 0.237}
ALP float/double conversion boundaries and ordinary values passed
{"command": ["/Users/catethos/workspace/ladybugex/zig_library/_build/sanitizers-clt21/tests/alp_range"], "cwd": "/Users/catethos/workspace/ladybugex/zig_library", "exit": 0, "seconds": 0.077}
/Users/catethos/workspace/ladybugex/zig_library/native/upstream/ladybug/src/processor/operator/order_by/order_by_key_encoder.cpp:185:13: runtime error: store to misaligned address 0x00011c304002 for type 'uint32_t' (aka 'unsigned int'), which requires 4 byte alignment
0x00011c304002: note: pointer points here
 00 00  00 01 00 00 00 00 00 00  00 00 00 00 00 00 00 00  00 00 00 00 00 00 00 00  00 00 00 00 00 00
              ^ 
    #0 0x00010fc9c7c8 in lbug::processor::OrderByKeyEncoder::encodeFTIdx(unsigned int, unsigned char*)+0x2ac (liblbug.0.20.2.dylib:arm64+0x13507c8)
    #1 0x00010fc9bd54 in lbug::processor::OrderByKeyEncoder::encodeKeys(std::__1::vector<lbug::common::ValueVector*, std::__1::allocator<lbug::common::ValueVector*>> const&)+0x4c4 (liblbug.0.20.2.dylib:arm64+0x134fd54)
    #2 0x00010fcb3448 in lbug::processor::SortLocalState::append(std::__1::vector<lbug::common::ValueVector*, std::__1::allocator<lbug::common::ValueVector*>> const&, std::__1::vector<lbug::common::ValueVector*, std::__1::allocator<lbug::common::ValueVector*>> const&)+0x4c (liblbug.0.20.2.dylib:arm64+0x1367448)
    #3 0x00010fc98c34 in lbug::processor::OrderBy::executeInternal(lbug::processor::ExecutionContext*)+0xd4 (liblbug.0.20.2.dylib:arm64+0x134cc34)
    #4 0x0001100155e8 in lbug::processor::Sink::execute(lbug::processor::ResultSet*, lbug::processor::ExecutionContext*)+0x9c (liblbug.0.20.2.dylib:arm64+0x16c95e8)
    #5 0x000110015024 in lbug::processor::ProcessorTask::run()+0x524 (liblbug.0.20.2.dylib:arm64+0x16c9024)
    #6 0x00010ec74578 in lbug::common::TaskScheduler::runWorkerThread()+0x47c (liblbug.0.20.2.dylib:arm64+0x328578)
    #7 0x00010ec7643c in void* std::__1::__thread_proxy[abi:nqe210106]<std::__1::tuple<std::__1::unique_ptr<std::__1::__thread_struct, std::__1::default_delete<std::__1::__thread_struct>>, lbug::common::TaskScheduler::TaskScheduler(unsigned long long, unsigned int)::$_0>>(void*)+0x11c (liblbug.0.20.2.dylib:arm64+0x32a43c)
    #8 0x000101551d64 in asan_thread_start(void*)+0x4c (libclang_rt.asan_osx_dynamic.dylib:arm64e+0x3dd64)
    #9 0x000181d97c54 in _pthread_start+0x84 (libsystem_pthread.dylib:arm64e+0x6c54)
    #10 0x000181d92c18 in thread_start+0x4 (libsystem_pthread.dylib:arm64e+0x1c18)

SUMMARY: UndefinedBehaviorSanitizer: undefined-behavior /Users/catethos/workspace/ladybugex/zig_library/native/upstream/ladybug/src/processor/operator/order_by/order_by_key_encoder.cpp:185:13 
{"command": ["/Users/catethos/workspace/ladybugex/zig_library/_build/sanitizers-clt21/tests/aggregate_alignment"], "cwd": "/Users/catethos/workspace/ladybugex/zig_library", "exit": -6, "seconds": 0.784}
Traceback (most recent call last):
  File "<stdin>", line 16, in <module>
  File "/Users/catethos/workspace/ladybugex/zig_library/scripts/proof.py", line 28, in run
    raise RuntimeError(f"command failed: {args}")
RuntimeError: command failed: ['/Users/catethos/workspace/ladybugex/zig_library/_build/sanitizers-clt21/tests/aggregate_alignment']
