Candidate row-value-alignment sha256: 1a794197bcde506dc1324b2c2fe0d75c900f93f7d7e3e58961c7943ff61c8d54
Candidate string-hash-alignment sha256: 54ea5d790fb5a3d20ddb4609ffedd84ae76bb04a48f0101efe4ee340ebf20bac
Candidate join-row-alignment sha256: 24c88955f602801098d8a36aa5628d46eb4579867ef04183f179d3f688feb90d
[0/2] Re-checking globbed directories...
[1/11] Building CXX object src/processor/map/CMakeFiles/lbug_processor_mapper.dir/map_hash_join.cpp.o
[2/11] Building CXX object src/processor/map/CMakeFiles/lbug_processor_mapper.dir/map_intersect.cpp.o
[3/11] Building CXX object src/processor/operator/CMakeFiles/lbug_processor_operator.dir/path_property_probe.cpp.o
[4/11] Building CXX object src/processor/map/CMakeFiles/lbug_processor_mapper.dir/map_path_property_probe.cpp.o
[5/11] Building CXX object src/processor/operator/hash_join/CMakeFiles/lbug_processor_operator_hash_join.dir/hash_join_build.cpp.o
[6/11] Building CXX object src/processor/operator/hash_join/CMakeFiles/lbug_processor_operator_hash_join.dir/hash_join_probe.cpp.o
[7/11] Building CXX object src/processor/operator/hash_join/CMakeFiles/lbug_processor_operator_hash_join.dir/join_hash_table.cpp.o
[8/11] Building CXX object src/processor/operator/intersect/CMakeFiles/lbug_processor_operator_intersect.dir/intersect.cpp.o
[9/11] Linking CXX static library src/liblbug.a
[10/11] Linking CXX shared library src/liblbug.0.20.2.dylib
ld: warning: ignoring duplicate libraries: '/Users/catethos/workspace/ladybugex/zig_library/_build/sanitizers-clt21/duckdb/extension/core_functions/libcore_functions_extension.a', '/Users/catethos/workspace/ladybugex/zig_library/_build/sanitizers-clt21/duckdb/extension/parquet/libparquet_extension.a', '/Users/catethos/workspace/ladybugex/zig_library/_build/sanitizers-clt21/duckdb/src/libduckdb_static.a', 'src/liblbug.a'
{"command": ["cmake", "--build", "/Users/catethos/workspace/ladybugex/zig_library/_build/sanitizers-clt21/ladybug", "--target", "src/liblbug.0.20.2.dylib", "--parallel", "2"], "cwd": "/Users/catethos/workspace/ladybugex/zig_library", "exit": 0, "seconds": 19.249}
engine transaction visibility, commit, rollback, destructor rollback and failure/autocommit semantics passed
native transaction leases, stale/foreign rejection, commit, rollback, abandonment and failure guard passed
transaction abandonment during execution/fetch rolls back before reuse passed
prepared parameter scalar types, raw timestamp units, bytes and integer overflow passed
typed empty/null nested parameters, JSON validation and duplicate map keys passed
bounded conversion reservations and stale conversion rejection passed
failed delivery, throwing callback, worker failure and joined cleanup passed
exclusive fetch, stale fetch, metadata, finish/close during fetch and parent retention passed
active/retiring path distinction, alias reservation and reopen after fetch release passed
{"command": ["/Users/catethos/workspace/ladybugex/zig_library/_build/sanitizers-clt21/bridge/lifecycle"], "cwd": "/Users/catethos/workspace/ladybugex/zig_library", "exit": 0, "seconds": 5.944}
string hash is invariant across all byte alignments and lengths 0..80
{"command": ["/Users/catethos/workspace/ladybugex/zig_library/_build/sanitizers-clt21/tests/hash_alignment"], "cwd": "/Users/catethos/workspace/ladybugex/zig_library", "exit": 0, "seconds": 0.241}
{"command": ["/Users/catethos/workspace/ladybugex/zig_library/_build/sanitizers-clt21/tests/fixture", "/var/folders/z1/r2b_0ydd7yg1xjgf6m352nf40000gn/T/aphid-alignment-goq3z_tf/fixture.duckdb"], "cwd": "/Users/catethos/workspace/ladybugex/zig_library", "exit": 0, "seconds": 0.352}
/Users/catethos/workspace/ladybugex/zig_library/native/upstream/ladybug/src/processor/result/base_hash_table.cpp:56:43: runtime error: reference binding to misaligned address 0x00012027a2ef for type 'const lbug::common::string_t', which requires 8 byte alignment
0x00012027a2ef: note: pointer points here
 00 00 00 00 02  00 00 00 69 6e 00 00 00  00 00 00 00 00 00 00 6a  d6 1a 35 1f 66 e1 4c 00  00 00 00
             ^ 
    #0 0x00011401a7b8 in bool lbug::processor::compareEntry<lbug::common::string_t>(lbug::common::ValueVector const*, unsigned int, unsigned char const*)+0xf0 (liblbug.0.20.2.dylib:arm64+0x169e7b8)
    #1 0x000114014620 in lbug::processor::BaseHashTable::matchFlatVecWithEntry(std::__1::vector<lbug::common::ValueVector*, std::__1::allocator<lbug::common::ValueVector*>> const&, unsigned char const*)+0x3b8 (liblbug.0.20.2.dylib:arm64+0x1698620)
    #2 0x000113cac630 in lbug::processor::JoinHashTable::matchFlatKeys(std::__1::vector<lbug::common::ValueVector*, std::__1::allocator<lbug::common::ValueVector*>> const&, unsigned char**, unsigned char**)+0xb8 (liblbug.0.20.2.dylib:arm64+0x1330630)
    #3 0x000113ca31ac in lbug::processor::HashJoinProbe::getMatchedTuplesForFlatKey(lbug::processor::ExecutionContext*)+0x138 (liblbug.0.20.2.dylib:arm64+0x13271ac)
    #4 0x000113ca804c in lbug::processor::HashJoinProbe::getNextTuplesInternal(lbug::processor::ExecutionContext*)+0x84 (liblbug.0.20.2.dylib:arm64+0x132c04c)
    #5 0x000113fdfd1c in lbug::processor::PhysicalOperator::getNextTuple(lbug::processor::ExecutionContext*)+0xf4 (liblbug.0.20.2.dylib:arm64+0x1663d1c)
    #6 0x000113f94348 in lbug::processor::Filter::getNextTuplesInternal(lbug::processor::ExecutionContext*)+0xb4 (liblbug.0.20.2.dylib:arm64+0x1618348)
    #7 0x000113fdfd1c in lbug::processor::PhysicalOperator::getNextTuple(lbug::processor::ExecutionContext*)+0xf4 (liblbug.0.20.2.dylib:arm64+0x1663d1c)
    #8 0x000113fe31b4 in lbug::processor::Projection::getNextTuplesInternal(lbug::processor::ExecutionContext*)+0xbc (liblbug.0.20.2.dylib:arm64+0x16671b4)
    #9 0x000113fdfd1c in lbug::processor::PhysicalOperator::getNextTuple(lbug::processor::ExecutionContext*)+0xf4 (liblbug.0.20.2.dylib:arm64+0x1663d1c)
    #10 0x000113ff217c in lbug::processor::ResultCollector::executeInternal(lbug::processor::ExecutionContext*)+0xb8 (liblbug.0.20.2.dylib:arm64+0x167617c)
    #11 0x000114044188 in lbug::processor::Sink::execute(lbug::processor::ResultSet*, lbug::processor::ExecutionContext*)+0x9c (liblbug.0.20.2.dylib:arm64+0x16c8188)
    #12 0x000114043bc4 in lbug::processor::ProcessorTask::run()+0x524 (liblbug.0.20.2.dylib:arm64+0x16c7bc4)
    #13 0x000112ca4578 in lbug::common::TaskScheduler::runWorkerThread()+0x47c (liblbug.0.20.2.dylib:arm64+0x328578)
    #14 0x000112ca643c in void* std::__1::__thread_proxy[abi:nqe210106]<std::__1::tuple<std::__1::unique_ptr<std::__1::__thread_struct, std::__1::default_delete<std::__1::__thread_struct>>, lbug::common::TaskScheduler::TaskScheduler(unsigned long long, unsigned int)::$_0>>(void*)+0x11c (liblbug.0.20.2.dylib:arm64+0x32a43c)
    #15 0x000105581d64 in asan_thread_start(void*)+0x4c (libclang_rt.asan_osx_dynamic.dylib:arm64e+0x3dd64)
    #16 0x000181d97c54 in _pthread_start+0x84 (libsystem_pthread.dylib:arm64e+0x6c54)
    #17 0x000181d92c18 in thread_start+0x4 (libsystem_pthread.dylib:arm64e+0x1c18)

SUMMARY: UndefinedBehaviorSanitizer: undefined-behavior /Users/catethos/workspace/ladybugex/zig_library/native/upstream/ladybug/src/processor/result/base_hash_table.cpp:56:43 
{"command": ["/Users/catethos/workspace/ladybugex/zig_library/_build/sanitizers-clt21/tests/features", "create", "/var/folders/z1/r2b_0ydd7yg1xjgf6m352nf40000gn/T/aphid-alignment-goq3z_tf/graph", "/var/folders/z1/r2b_0ydd7yg1xjgf6m352nf40000gn/T/aphid-alignment-goq3z_tf/fixture.duckdb"], "cwd": "/Users/catethos/workspace/ladybugex/zig_library", "exit": -6, "seconds": 0.839}
Traceback (most recent call last):
  File "<stdin>", line 18, in <module>
  File "/Users/catethos/workspace/ladybugex/zig_library/scripts/proof.py", line 28, in run
    raise RuntimeError(f"command failed: {args}")
RuntimeError: command failed: ['/Users/catethos/workspace/ladybugex/zig_library/_build/sanitizers-clt21/tests/features', 'create', '/var/folders/z1/r2b_0ydd7yg1xjgf6m352nf40000gn/T/aphid-alignment-goq3z_tf/graph', '/var/folders/z1/r2b_0ydd7yg1xjgf6m352nf40000gn/T/aphid-alignment-goq3z_tf/fixture.duckdb']
