Resolving Hex dependencies...
Resolution completed in 0.012s
Unchanged:
  earmark_parser 1.4.46
  ex_doc 0.39.1
  makeup 1.2.2
  makeup_elixir 1.0.1
  makeup_erlang 1.1.0
  nimble_parsec 1.4.2
  pegasus 0.2.6
  protoss 1.1.0
  zig_doc 0.7.0
  zig_get 0.16.0
  zig_parser 0.7.0
  zigler 0.16.0
All dependencies have been fetched
{"command": ["mix", "deps.get"], "cwd": "/Users/catethos/workspace/ladybugex/zig_library", "exit": 0, "seconds": 1.248}
Compiling 1 file (.ex)

== Compilation error in file lib/aphid/proof.ex ==
** (CompileError) lib/aphid/proof.ex:1: option `precompiled > precompiled` must be a path or `{:web, url, shasum}` tuple
    (zigler 0.16.0) lib/zig/options.ex:148: Zig.Options.raise_with/3
    (zigler 0.16.0) lib/zig/options.ex:59: anonymous fn/4 in Zig.Options.normalize/4
    (elixir 1.20.0) lib/enum.ex:1725: Enum."-map/2-lists^map/1-1-"/2
    (elixir 1.20.0) lib/enum.ex:1725: Enum."-map/2-lists^map/1-1-"/2
    (zigler 0.16.0) lib/zig/options.ex:57: Zig.Options.normalize/4
    (zigler 0.16.0) lib/zig/_module.ex:156: Zig.Module.new/2
    (zigler 0.16.0) expanding macro: Zig.Compiler.__before_compile__/1
    lib/aphid/proof.ex:1: Aphid.Proof (module)
{"command": ["mix", "test", "--seed", "0"], "cwd": "/Users/catethos/workspace/ladybugex/zig_library", "exit": 1, "seconds": 0.45}
Traceback (most recent call last):
  File "/Users/catethos/workspace/ladybugex/zig_library/scripts/proof.py", line 74, in <module>
    main()
    ~~~~^^
  File "/Users/catethos/workspace/ladybugex/zig_library/scripts/proof.py", line 35, in main
    run(["mix", "test", "--seed", "0"], env=env)
    ~~~^^^^^^^^^^^^^^^^^^^^^^^^^^^^^^^^^^^^^^^^^
  File "/Users/catethos/workspace/ladybugex/zig_library/scripts/proof.py", line 28, in run
    raise RuntimeError(f"command failed: {args}")
RuntimeError: command failed: ['mix', 'test', '--seed', '0']
