Resolving Hex dependencies...
Resolution completed in 0.023s
Unchanged:
  earmark_parser 1.4.46
  ex_doc 0.39.1
  makeup 1.2.2
  makeup_elixir 1.0.1
  makeup_erlang 1.1.0
  nimble_parsec 1.4.2
  pegasus 0.2.6
  protoss 1.1.0
  zig_doc 0.7.0
  zig_get 0.16.0
  zig_parser 0.7.0
  zigler 0.16.0
All dependencies have been fetched
{"command": ["mix", "deps.get"], "cwd": "/Users/catethos/workspace/ladybugex/zig_library", "exit": 0, "seconds": 1.117}
Compiling 1 file (.ex)
    error: undefined function use/3 (there is no such import)
    │
  3 │   use Zig, [
    │   ^
    │
    └─ lib/aphid/proof.ex:3:3: Aphid.Proof (module)


== Compilation error in file lib/aphid/proof.ex ==
** (CompileError) lib/aphid/proof.ex: cannot compile module Aphid.Proof (errors have been logged)

{"command": ["mix", "test", "--seed", "0"], "cwd": "/Users/catethos/workspace/ladybugex/zig_library", "exit": 1, "seconds": 0.402}
Traceback (most recent call last):
  File "/Users/catethos/workspace/ladybugex/zig_library/scripts/proof.py", line 74, in <module>
    main()
    ~~~~^^
  File "/Users/catethos/workspace/ladybugex/zig_library/scripts/proof.py", line 35, in main
    run(["mix", "test", "--seed", "0"], env=env)
    ~~~^^^^^^^^^^^^^^^^^^^^^^^^^^^^^^^^^^^^^^^^^
  File "/Users/catethos/workspace/ladybugex/zig_library/scripts/proof.py", line 28, in run
    raise RuntimeError(f"command failed: {args}")
RuntimeError: command failed: ['mix', 'test', '--seed', '0']
