APHID_MEMORY {"pid":"60334","phase":"pid"}
APHID_MEMORY {"memory":{"binary":309360,"caller":55624,"processes_used":16379968,"total":62122688},"phase":"baseline"}
APHID_MEMORY {"mode":"stream","rows":100000,"phase":"result","engine":"0.20.2","sessions":1,"batch_rows":2048,"batch_bytes":1048576,"baseline":{"binary":309360,"caller":55624,"processes_used":16379968,"total":62122688},"row_text_bytes":128,"peak":{"binary":1056928,"caller":1574848,"processes_used":21148536,"total":67622344},"elapsed_ms":150,"engine_threads":2,"ordinary_schedulers":1,"dirty_cpu_schedulers":1}
        0.52 real         0.44 user         0.09 sys
           117309440  maximum resident set size
                   0  average shared memory size
                   0  average unshared data size
                   0  average unshared stack size
               11363  page reclaims
                  17  page faults
                   0  swaps
                   0  block input operations
                   0  block output operations
                   0  messages sent
                   0  messages received
                   0  signals received
                1310  voluntary context switches
                5588  involuntary context switches
          5783985661  instructions retired
          1724477065  cycles elapsed
            94716624  peak memory footprint
