lock sha256: d6c2db650b15ccb9ab77df54fcd9ad96dfc05da24b0104660c06caf9b575f955
CMake Warning at CMakeLists.txt:200 (message):
  Not disabling vptr sanitizer on M1 Macbook - set DISABLE_VPTR_SANITIZER
  manually if you run into issues with false positives in the sanitizer


-- git hash 6ddac802ff, version v1.4.4, extension folder v1.4.4
-- Extensions will be deployed to: /Users/catethos/workspace/ladybugex/zig_library/_build/tsan-clt21/duckdb/repository
-- Load extension 'core_functions' from '/Users/catethos/workspace/ladybugex/zig_library/native/upstream/duckdb/extensions' @ v1.4.4
-- Load extension 'parquet' from '/Users/catethos/workspace/ladybugex/zig_library/native/upstream/duckdb/extensions' @ v1.4.4
-- Extensions linked into DuckDB: [core_functions, parquet]
-- Configuring done (1.1s)
-- Generating done (0.3s)
-- Build files have been written to: /Users/catethos/workspace/ladybugex/zig_library/_build/tsan-clt21/duckdb
{"command": ["cmake", "-S", "/Users/catethos/workspace/ladybugex/zig_library/native/upstream/duckdb", "-B", "/Users/catethos/workspace/ladybugex/zig_library/_build/tsan-clt21/duckdb", "-G", "Ninja", "-DCMAKE_BUILD_TYPE=Release", "-DCMAKE_OSX_DEPLOYMENT_TARGET=13.3", "-DCMAKE_POSITION_INDEPENDENT_CODE=ON", "-DCMAKE_EXPORT_COMPILE_COMMANDS=ON", "-DCMAKE_TOOLCHAIN_FILE=/Users/catethos/workspace/ladybugex/zig_library/native/cmake/tsan-clt21.cmake", "-DBUILD_UNITTESTS=OFF", "-DBUILD_SHELL=OFF", "-DENABLE_EXTENSION_AUTOLOADING=OFF", "-DENABLE_EXTENSION_AUTOINSTALL=OFF", "-DOVERRIDE_GIT_DESCRIBE=v1.4.4-0-g6ddac802ff"], "cwd": "/Users/catethos/workspace/ladybugex/zig_library", "exit": 0, "seconds": 1.468}
-- Multi-threaded mode is enabled: CMAKE_BUILD_PARALLEL_LEVEL=
-- 64-bit architecture detected
-- LBUG_PAGE_SIZE_LOG2: 12
-- LBUG_VECTOR_CAPACITY_LOG2: 11
-- LBUG_NODE_GROUP_SIZE_LOG2: 17
-- LBUG_MAX_SEGMENT_SIZE_LOG2: 18
-- ✓ F_FULLFSYNC will be used on this platform
-- ✗ fdatasync not available, using fsync fallback
-- Build type is 'Release'
-- Compiler is not EMSCRIPTEN
-- Static link extensions: fts, vector, duckdb
CMake Warning at extension/duckdb/CMakeLists.txt:45 (message):
  duckdb static libs are used but the duckdb_generated_extension_loader
  target was not exported by the DuckDB package - the build may fail to link


-- Query processor SIMD: NEON filter kernels enabled
-- Configuring done (0.3s)
-- Generating done (0.6s)
-- Build files have been written to: /Users/catethos/workspace/ladybugex/zig_library/_build/tsan-clt21/ladybug
{"command": ["cmake", "-S", "/Users/catethos/workspace/ladybugex/zig_library/_build/tsan-clt21/source", "-B", "/Users/catethos/workspace/ladybugex/zig_library/_build/tsan-clt21/ladybug", "-G", "Ninja", "-DCMAKE_BUILD_TYPE=Release", "-DCMAKE_OSX_DEPLOYMENT_TARGET=13.3", "-DCMAKE_POSITION_INDEPENDENT_CODE=ON", "-DCMAKE_EXPORT_COMPILE_COMMANDS=ON", "-DCMAKE_TOOLCHAIN_FILE=/Users/catethos/workspace/ladybugex/zig_library/native/cmake/tsan-clt21.cmake", "-DBUILD_SHELL=OFF", "-DBUILD_TESTS=OFF", "-DBUILD_SINGLE_FILE_HEADER=OFF", "-DEXTENSION_STATIC_LINK_LIST=fts;vector;duckdb", "-DBUILD_SHARED_LBUG=ON", "-DBUILD_STATIC_LBUG=ON", "-DDuckDB_DIR=/Users/catethos/workspace/ladybugex/zig_library/_build/tsan-clt21/duckdb", "-DOPENSSL_ROOT_DIR=/Users/catethos/workspace/ladybugex/zig_library/_build/native/install", "-DOPENSSL_USE_STATIC_LIBS=ON", "-DOPENSSL_SSL_LIBRARY=/Users/catethos/workspace/ladybugex/zig_library/_build/native/install/lib/libssl.a", "-DOPENSSL_CRYPTO_LIBRARY=/Users/catethos/workspace/ladybugex/zig_library/_build/native/install/lib/libcrypto.a", "-DOPENSSL_INCLUDE_DIR=/Users/catethos/workspace/ladybugex/zig_library/_build/native/install/include"], "cwd": "/Users/catethos/workspace/ladybugex/zig_library", "exit": 0, "seconds": 0.96}
ninja: no work to do.
{"command": ["cmake", "--build", "/Users/catethos/workspace/ladybugex/zig_library/_build/tsan-clt21/duckdb", "--target", "duckdb_static", "core_functions_extension", "parquet_extension", "--parallel", "2"], "cwd": "/Users/catethos/workspace/ladybugex/zig_library", "exit": 0, "seconds": 0.048}
[0/2] Re-checking globbed directories...
[1/7] Linking C static library third_party/brotli/libbrotlienc.a
[2/7] Linking CXX shared library /Users/catethos/workspace/ladybugex/zig_library/_build/tsan-clt21/source/extension/duckdb/build/libduckdb_installer.lbug_extension
[3/7] Linking CXX shared library /Users/catethos/workspace/ladybugex/zig_library/_build/tsan-clt21/source/extension/duckdb/build/libduckdb_loader.lbug_extension
[4/7] Linking CXX static library src/liblbug.a
[5/7] Linking CXX shared library src/liblbug.0.20.2.dylib
ld: warning: ignoring duplicate libraries: '/Users/catethos/workspace/ladybugex/zig_library/_build/tsan-clt21/duckdb/extension/core_functions/libcore_functions_extension.a', '/Users/catethos/workspace/ladybugex/zig_library/_build/tsan-clt21/duckdb/extension/parquet/libparquet_extension.a', '/Users/catethos/workspace/ladybugex/zig_library/_build/tsan-clt21/duckdb/src/libduckdb_static.a', 'src/liblbug.a'
[6/7] Creating library symlink src/liblbug.0.dylib src/liblbug.dylib
{"command": ["cmake", "--build", "/Users/catethos/workspace/ladybugex/zig_library/_build/tsan-clt21/ladybug", "--parallel", "2"], "cwd": "/Users/catethos/workspace/ladybugex/zig_library", "exit": 0, "seconds": 192.164}
-- The CXX compiler identification is AppleClang 21.0.0.21000101
-- Detecting CXX compiler ABI info
-- Detecting CXX compiler ABI info - done
-- Check for working CXX compiler: /Library/Developer/CommandLineTools/usr/bin/clang++ - skipped
-- Detecting CXX compile features
-- Detecting CXX compile features - done
-- Performing Test CMAKE_HAVE_LIBC_PTHREAD
-- Performing Test CMAKE_HAVE_LIBC_PTHREAD - Success
-- Found Threads: TRUE
-- Configuring done (0.5s)
-- Generating done (0.0s)
-- Build files have been written to: /Users/catethos/workspace/ladybugex/zig_library/_build/tsan-clt21/bridge
{"command": ["cmake", "-S", "native", "-B", "/Users/catethos/workspace/ladybugex/zig_library/_build/tsan-clt21/bridge", "-G", "Ninja", "-DCMAKE_BUILD_TYPE=Release", "-DCMAKE_OSX_DEPLOYMENT_TARGET=13.3", "-DCMAKE_POSITION_INDEPENDENT_CODE=ON", "-DCMAKE_EXPORT_COMPILE_COMMANDS=ON", "-DCMAKE_TOOLCHAIN_FILE=/Users/catethos/workspace/ladybugex/zig_library/native/cmake/tsan-clt21.cmake", "-DLADYBUG_SOURCE=/Users/catethos/workspace/ladybugex/zig_library/_build/tsan-clt21/source", "-DLADYBUG_BUILD=/Users/catethos/workspace/ladybugex/zig_library/_build/tsan-clt21/ladybug", "-DAPHID_BUILD_TESTS=ON"], "cwd": "/Users/catethos/workspace/ladybugex/zig_library", "exit": 0, "seconds": 0.54}
[1/4] Building CXX object CMakeFiles/aphid_bridge.dir/bridge.cpp.o
[2/4] Linking CXX shared library libaphid_bridge.dylib
[3/4] Building CXX object CMakeFiles/lifecycle.dir/tests/lifecycle.cpp.o
[4/4] Linking CXX executable lifecycle
{"command": ["cmake", "--build", "/Users/catethos/workspace/ladybugex/zig_library/_build/tsan-clt21/bridge", "--parallel", "2"], "cwd": "/Users/catethos/workspace/ladybugex/zig_library", "exit": 0, "seconds": 3.714}
native lifecycle assertion
{"command": ["/Users/catethos/workspace/ladybugex/zig_library/_build/tsan-clt21/bridge/lifecycle"], "cwd": "/Users/catethos/workspace/ladybugex/zig_library", "exit": 1, "seconds": 5.842}
Traceback (most recent call last):
  File "/Users/catethos/workspace/ladybugex/zig_library/scripts/tsan.py", line 53, in <module>
    run([str(out / "bridge/lifecycle")],
    ~~~^^^^^^^^^^^^^^^^^^^^^^^^^^^^^^^^^
        env=dict(os.environ, TSAN_OPTIONS="halt_on_error=1:exitcode=66"), timeout=120)
        ^^^^^^^^^^^^^^^^^^^^^^^^^^^^^^^^^^^^^^^^^^^^^^^^^^^^^^^^^^^^^^^^^^^^^^^^^^^^^^
  File "/Users/catethos/workspace/ladybugex/zig_library/scripts/proof.py", line 28, in run
    raise RuntimeError(f"command failed: {args}")
RuntimeError: command failed: ['/Users/catethos/workspace/ladybugex/zig_library/_build/tsan-clt21/bridge/lifecycle']
