lock sha256: d6c2db650b15ccb9ab77df54fcd9ad96dfc05da24b0104660c06caf9b575f955
CMake Warning at CMakeLists.txt:200 (message):
  Not disabling vptr sanitizer on M1 Macbook - set DISABLE_VPTR_SANITIZER
  manually if you run into issues with false positives in the sanitizer


-- git hash 6ddac802ff, version v1.4.4, extension folder v1.4.4
-- Extensions will be deployed to: /Users/catethos/workspace/ladybugex/zig_library/_build/tsan-clt21/duckdb/repository
-- Load extension 'core_functions' from '/Users/catethos/workspace/ladybugex/zig_library/native/upstream/duckdb/extensions' @ v1.4.4
-- Load extension 'parquet' from '/Users/catethos/workspace/ladybugex/zig_library/native/upstream/duckdb/extensions' @ v1.4.4
-- Extensions linked into DuckDB: [core_functions, parquet]
-- Configuring done (1.1s)
-- Generating done (0.3s)
-- Build files have been written to: /Users/catethos/workspace/ladybugex/zig_library/_build/tsan-clt21/duckdb
{"command": ["cmake", "-S", "/Users/catethos/workspace/ladybugex/zig_library/native/upstream/duckdb", "-B", "/Users/catethos/workspace/ladybugex/zig_library/_build/tsan-clt21/duckdb", "-G", "Ninja", "-DCMAKE_BUILD_TYPE=Release", "-DCMAKE_OSX_DEPLOYMENT_TARGET=13.3", "-DCMAKE_POSITION_INDEPENDENT_CODE=ON", "-DCMAKE_EXPORT_COMPILE_COMMANDS=ON", "-DCMAKE_TOOLCHAIN_FILE=/Users/catethos/workspace/ladybugex/zig_library/native/cmake/tsan-clt21.cmake", "-DBUILD_UNITTESTS=OFF", "-DBUILD_SHELL=OFF", "-DENABLE_EXTENSION_AUTOLOADING=OFF", "-DENABLE_EXTENSION_AUTOINSTALL=OFF", "-DOVERRIDE_GIT_DESCRIBE=v1.4.4-0-g6ddac802ff"], "cwd": "/Users/catethos/workspace/ladybugex/zig_library", "exit": 0, "seconds": 1.429}
-- Multi-threaded mode is enabled: CMAKE_BUILD_PARALLEL_LEVEL=
-- 64-bit architecture detected
-- LBUG_PAGE_SIZE_LOG2: 12
-- LBUG_VECTOR_CAPACITY_LOG2: 11
-- LBUG_NODE_GROUP_SIZE_LOG2: 17
-- LBUG_MAX_SEGMENT_SIZE_LOG2: 18
-- ✓ F_FULLFSYNC will be used on this platform
-- ✗ fdatasync not available, using fsync fallback
-- Build type is 'Release'
-- Compiler is not EMSCRIPTEN
-- Static link extensions: fts, vector, duckdb
CMake Warning at extension/duckdb/CMakeLists.txt:45 (message):
  duckdb static libs are used but the duckdb_generated_extension_loader
  target was not exported by the DuckDB package - the build may fail to link


-- Query processor SIMD: NEON filter kernels enabled
-- Configuring done (0.3s)
-- Generating done (0.6s)
-- Build files have been written to: /Users/catethos/workspace/ladybugex/zig_library/_build/tsan-clt21/ladybug
{"command": ["cmake", "-S", "/Users/catethos/workspace/ladybugex/zig_library/_build/tsan-clt21/source", "-B", "/Users/catethos/workspace/ladybugex/zig_library/_build/tsan-clt21/ladybug", "-G", "Ninja", "-DCMAKE_BUILD_TYPE=Release", "-DCMAKE_OSX_DEPLOYMENT_TARGET=13.3", "-DCMAKE_POSITION_INDEPENDENT_CODE=ON", "-DCMAKE_EXPORT_COMPILE_COMMANDS=ON", "-DCMAKE_TOOLCHAIN_FILE=/Users/catethos/workspace/ladybugex/zig_library/native/cmake/tsan-clt21.cmake", "-DBUILD_SHELL=OFF", "-DBUILD_TESTS=OFF", "-DBUILD_SINGLE_FILE_HEADER=OFF", "-DEXTENSION_STATIC_LINK_LIST=fts;vector;duckdb", "-DBUILD_SHARED_LBUG=ON", "-DBUILD_STATIC_LBUG=ON", "-DDuckDB_DIR=/Users/catethos/workspace/ladybugex/zig_library/_build/tsan-clt21/duckdb", "-DOPENSSL_ROOT_DIR=/Users/catethos/workspace/ladybugex/zig_library/_build/native/install", "-DOPENSSL_USE_STATIC_LIBS=ON", "-DOPENSSL_SSL_LIBRARY=/Users/catethos/workspace/ladybugex/zig_library/_build/native/install/lib/libssl.a", "-DOPENSSL_CRYPTO_LIBRARY=/Users/catethos/workspace/ladybugex/zig_library/_build/native/install/lib/libcrypto.a", "-DOPENSSL_INCLUDE_DIR=/Users/catethos/workspace/ladybugex/zig_library/_build/native/install/include"], "cwd": "/Users/catethos/workspace/ladybugex/zig_library", "exit": 0, "seconds": 0.96}
[1/348] Building CXX object third_party/libpg_query/CMakeFiles/duckdb_pg_query.dir/postgres_parser.cpp.o
[2/348] Building CXX object third_party/libpg_query/CMakeFiles/duckdb_pg_query.dir/pg_functions.cpp.o
[3/348] Building CXX object third_party/libpg_query/CMakeFiles/duckdb_pg_query.dir/src_backend_parser_parser.cpp.o
[4/348] Building CXX object third_party/libpg_query/CMakeFiles/duckdb_pg_query.dir/src_backend_parser_gram.cpp.o
[5/348] Building CXX object third_party/libpg_query/CMakeFiles/duckdb_pg_query.dir/src_backend_nodes_list.cpp.o
[6/348] Building CXX object third_party/libpg_query/CMakeFiles/duckdb_pg_query.dir/src_backend_parser_scansup.cpp.o
[7/348] Building CXX object third_party/libpg_query/CMakeFiles/duckdb_pg_query.dir/src_backend_nodes_makefuncs.cpp.o
[8/348] Building CXX object third_party/libpg_query/CMakeFiles/duckdb_pg_query.dir/src_backend_nodes_value.cpp.o
[9/348] Building CXX object third_party/libpg_query/CMakeFiles/duckdb_pg_query.dir/src_backend_parser_scan.cpp.o
[10/348] Building CXX object third_party/libpg_query/CMakeFiles/duckdb_pg_query.dir/src_common_keywords.cpp.o
[11/348] Building CXX object third_party/re2/CMakeFiles/duckdb_re2.dir/re2/bitmap256.cc.o
[12/348] Building CXX object third_party/fmt/CMakeFiles/duckdb_fmt.dir/format.cc.o
[13/348] Building CXX object third_party/re2/CMakeFiles/duckdb_re2.dir/re2/compile.cc.o
[14/348] Building CXX object third_party/re2/CMakeFiles/duckdb_re2.dir/re2/bitstate.cc.o
[15/348] Building CXX object third_party/re2/CMakeFiles/duckdb_re2.dir/re2/filtered_re2.cc.o
[16/348] Building CXX object third_party/re2/CMakeFiles/duckdb_re2.dir/re2/dfa.cc.o
[17/348] Building CXX object third_party/re2/CMakeFiles/duckdb_re2.dir/re2/mimics_pcre.cc.o
[18/348] Building CXX object third_party/re2/CMakeFiles/duckdb_re2.dir/re2/nfa.cc.o
[19/348] Building CXX object third_party/re2/CMakeFiles/duckdb_re2.dir/re2/onepass.cc.o
[20/348] Building CXX object third_party/re2/CMakeFiles/duckdb_re2.dir/re2/perl_groups.cc.o
[21/348] Building CXX object third_party/re2/CMakeFiles/duckdb_re2.dir/re2/parse.cc.o
[22/348] Building CXX object third_party/re2/CMakeFiles/duckdb_re2.dir/re2/prefilter.cc.o
[23/348] Building CXX object third_party/re2/CMakeFiles/duckdb_re2.dir/re2/prog.cc.o
[24/348] Building CXX object third_party/re2/CMakeFiles/duckdb_re2.dir/re2/prefilter_tree.cc.o
[25/348] Building CXX object third_party/re2/CMakeFiles/duckdb_re2.dir/re2/re2.cc.o
[26/348] Building CXX object third_party/re2/CMakeFiles/duckdb_re2.dir/re2/regexp.cc.o
[27/348] Building CXX object third_party/re2/CMakeFiles/duckdb_re2.dir/re2/set.cc.o
[28/348] Building CXX object third_party/re2/CMakeFiles/duckdb_re2.dir/re2/simplify.cc.o
[29/348] Building CXX object third_party/re2/CMakeFiles/duckdb_re2.dir/re2/stringpiece.cc.o
[30/348] Building CXX object third_party/re2/CMakeFiles/duckdb_re2.dir/re2/unicode_casefold.cc.o
[31/348] Building CXX object third_party/re2/CMakeFiles/duckdb_re2.dir/re2/unicode_groups.cc.o
[32/348] Building CXX object third_party/re2/CMakeFiles/duckdb_re2.dir/util/rune.cc.o
[33/348] Building CXX object third_party/re2/CMakeFiles/duckdb_re2.dir/re2/tostring.cc.o
[34/348] Building CXX object third_party/re2/CMakeFiles/duckdb_re2.dir/util/strutil.cc.o
[35/348] Building CXX object third_party/utf8proc/CMakeFiles/duckdb_utf8proc.dir/utf8proc.cpp.o
[36/348] Building CXX object third_party/utf8proc/CMakeFiles/duckdb_utf8proc.dir/utf8proc_wrapper.cpp.o
[37/348] Building CXX object third_party/miniz/CMakeFiles/duckdb_miniz.dir/miniz.cpp.o
[38/348] Building CXX object third_party/hyperloglog/CMakeFiles/duckdb_hyperloglog.dir/sds.cpp.o
[39/348] Building CXX object third_party/hyperloglog/CMakeFiles/duckdb_hyperloglog.dir/hyperloglog.cpp.o
[40/348] Building CXX object third_party/skiplist/CMakeFiles/duckdb_skiplistlib.dir/SkipList.cpp.o
[41/348] Building CXX object third_party/mbedtls/CMakeFiles/duckdb_mbedtls.dir/mbedtls_wrapper.cpp.o
[42/348] Building CXX object third_party/mbedtls/CMakeFiles/duckdb_mbedtls.dir/library/aes.cpp.o
[43/348] Building CXX object third_party/mbedtls/CMakeFiles/duckdb_mbedtls.dir/library/asn1parse.cpp.o
[44/348] Building CXX object third_party/mbedtls/CMakeFiles/duckdb_mbedtls.dir/library/asn1write.cpp.o
[45/348] Building CXX object third_party/mbedtls/CMakeFiles/duckdb_mbedtls.dir/library/base64.cpp.o
[46/348] Building CXX object third_party/mbedtls/CMakeFiles/duckdb_mbedtls.dir/library/bignum.cpp.o
[47/348] Building CXX object third_party/mbedtls/CMakeFiles/duckdb_mbedtls.dir/library/bignum_core.cpp.o
[48/348] Building CXX object third_party/mbedtls/CMakeFiles/duckdb_mbedtls.dir/library/cipher.cpp.o
[49/348] Building CXX object third_party/mbedtls/CMakeFiles/duckdb_mbedtls.dir/library/cipher_wrap.cpp.o
[50/348] Building CXX object third_party/mbedtls/CMakeFiles/duckdb_mbedtls.dir/library/constant_time.cpp.o
[51/348] Building CXX object third_party/mbedtls/CMakeFiles/duckdb_mbedtls.dir/library/gcm.cpp.o
[52/348] Building CXX object third_party/mbedtls/CMakeFiles/duckdb_mbedtls.dir/library/md.cpp.o
[53/348] Building CXX object third_party/mbedtls/CMakeFiles/duckdb_mbedtls.dir/library/oid.cpp.o
[54/348] Building CXX object third_party/mbedtls/CMakeFiles/duckdb_mbedtls.dir/library/pem.cpp.o
[55/348] Building CXX object third_party/mbedtls/CMakeFiles/duckdb_mbedtls.dir/library/pk.cpp.o
[56/348] Building CXX object third_party/mbedtls/CMakeFiles/duckdb_mbedtls.dir/library/pk_wrap.cpp.o
[57/348] Building CXX object third_party/mbedtls/CMakeFiles/duckdb_mbedtls.dir/library/pkparse.cpp.o
[58/348] Building CXX object third_party/mbedtls/CMakeFiles/duckdb_mbedtls.dir/library/platform.cpp.o
[59/348] Building CXX object third_party/mbedtls/CMakeFiles/duckdb_mbedtls.dir/library/platform_util.cpp.o
[60/348] Building CXX object third_party/mbedtls/CMakeFiles/duckdb_mbedtls.dir/library/rsa.cpp.o
[61/348] Building CXX object third_party/mbedtls/CMakeFiles/duckdb_mbedtls.dir/library/rsa_alt_helpers.cpp.o
[62/348] Building CXX object third_party/mbedtls/CMakeFiles/duckdb_mbedtls.dir/library/sha1.cpp.o
[63/348] Building CXX object third_party/mbedtls/CMakeFiles/duckdb_mbedtls.dir/library/sha256.cpp.o
[64/348] Building CXX object third_party/fastpforlib/CMakeFiles/duckdb_fastpforlib.dir/bitpacking.cpp.o
[65/348] Building CXX object third_party/fsst/CMakeFiles/duckdb_fsst.dir/libfsst.cpp.o
[66/348] Building CXX object third_party/zstd/CMakeFiles/duckdb_zstd.dir/compress/zstd_compress_superblock.cpp.o
[67/348] Building CXX object third_party/zstd/CMakeFiles/duckdb_zstd.dir/compress/zstdmt_compress.cpp.o
[68/348] Building CXX object third_party/zstd/CMakeFiles/duckdb_zstd.dir/compress/zstd_double_fast.cpp.o
[69/348] Building CXX object third_party/zstd/CMakeFiles/duckdb_zstd.dir/compress/zstd_fast.cpp.o
[70/348] Building CXX object third_party/zstd/CMakeFiles/duckdb_zstd.dir/compress/zstd_compress_sequences.cpp.o
[71/348] Building CXX object third_party/zstd/CMakeFiles/duckdb_zstd.dir/compress/zstd_ldm.cpp.o
[72/348] Building CXX object third_party/zstd/CMakeFiles/duckdb_zstd.dir/compress/hist.cpp.o
[73/348] Building CXX object third_party/yyjson/CMakeFiles/duckdb_yyjson.dir/yyjson.cpp.o
[74/348] Building CXX object third_party/zstd/CMakeFiles/duckdb_zstd.dir/compress/zstd_compress.cpp.o
[75/348] Building CXX object third_party/zstd/CMakeFiles/duckdb_zstd.dir/compress/zstd_compress_literals.cpp.o
[76/348] Building CXX object third_party/zstd/CMakeFiles/duckdb_zstd.dir/compress/huf_compress.cpp.o
[77/348] Building CXX object third_party/zstd/CMakeFiles/duckdb_zstd.dir/compress/zstd_opt.cpp.o
[78/348] Building CXX object third_party/zstd/CMakeFiles/duckdb_zstd.dir/compress/fse_compress.cpp.o
[79/348] Building CXX object third_party/zstd/CMakeFiles/duckdb_zstd.dir/decompress/zstd_ddict.cpp.o
[80/348] Building CXX object third_party/zstd/CMakeFiles/duckdb_zstd.dir/compress/zstd_lazy.cpp.o
[81/348] Building CXX object third_party/zstd/CMakeFiles/duckdb_zstd.dir/decompress/zstd_decompress.cpp.o
[82/348] Building CXX object third_party/zstd/CMakeFiles/duckdb_zstd.dir/decompress/huf_decompress.cpp.o
[83/348] Building CXX object third_party/zstd/CMakeFiles/duckdb_zstd.dir/common/entropy_common.cpp.o
[84/348] Building CXX object third_party/zstd/CMakeFiles/duckdb_zstd.dir/common/fse_decompress.cpp.o
[85/348] Building CXX object third_party/zstd/CMakeFiles/duckdb_zstd.dir/common/debug.cpp.o
[86/348] Building CXX object third_party/zstd/CMakeFiles/duckdb_zstd.dir/common/xxhash.cpp.o
[87/348] Building CXX object third_party/zstd/CMakeFiles/duckdb_zstd.dir/common/pool.cpp.o
[88/348] Building CXX object third_party/zstd/CMakeFiles/duckdb_zstd.dir/decompress/zstd_decompress_block.cpp.o
[89/348] Building CXX object third_party/zstd/CMakeFiles/duckdb_zstd.dir/common/threading.cpp.o
[90/348] Building CXX object third_party/zstd/CMakeFiles/duckdb_zstd.dir/common/error_private.cpp.o
[91/348] Building CXX object third_party/zstd/CMakeFiles/duckdb_zstd.dir/common/zstd_common.cpp.o
[92/348] Building CXX object third_party/zstd/CMakeFiles/duckdb_zstd.dir/dict/cover.cpp.o
[93/348] Building CXX object third_party/zstd/CMakeFiles/duckdb_zstd.dir/dict/fastcover.cpp.o
[94/348] Building CXX object third_party/zstd/CMakeFiles/duckdb_zstd.dir/dict/divsufsort.cpp.o
[95/348] Building CXX object third_party/zstd/CMakeFiles/duckdb_zstd.dir/deprecated/zbuff_common.cpp.o
[96/348] Building CXX object third_party/zstd/CMakeFiles/duckdb_zstd.dir/deprecated/zbuff_decompress.cpp.o
[97/348] Building CXX object third_party/zstd/CMakeFiles/duckdb_zstd.dir/dict/zdict.cpp.o
[98/348] Building CXX object third_party/zstd/CMakeFiles/duckdb_zstd.dir/deprecated/zbuff_compress.cpp.o
[99/348] Building CXX object src/optimizer/compressed_materialization/CMakeFiles/duckdb_optimizer_compressed_materialization.dir/ub_duckdb_optimizer_compressed_materialization.cpp.o
[100/348] Building CXX object src/optimizer/join_order/CMakeFiles/duckdb_optimizer_join_order.dir/ub_duckdb_optimizer_join_order.cpp.o
[101/348] Building CXX object src/optimizer/matcher/CMakeFiles/duckdb_optimizer_matcher.dir/ub_duckdb_optimizer_matcher.cpp.o
[102/348] Building CXX object src/optimizer/pullup/CMakeFiles/duckdb_optimizer_pullup.dir/ub_duckdb_optimizer_pullup.cpp.o
[103/348] Building CXX object src/optimizer/CMakeFiles/duckdb_optimizer.dir/ub_duckdb_optimizer.cpp.o
[104/348] Building CXX object src/optimizer/pushdown/CMakeFiles/duckdb_optimizer_pushdown.dir/ub_duckdb_optimizer_pushdown.cpp.o
[105/348] Building CXX object src/optimizer/rule/CMakeFiles/duckdb_optimizer_rules.dir/ub_duckdb_optimizer_rules.cpp.o
[106/348] Building CXX object src/optimizer/statistics/expression/CMakeFiles/duckdb_optimizer_statistics_expr.dir/ub_duckdb_optimizer_statistics_expr.cpp.o
[107/348] Building CXX object src/optimizer/statistics/operator/CMakeFiles/duckdb_optimizer_statistics_op.dir/ub_duckdb_optimizer_statistics_op.cpp.o
[108/348] Building CXX object src/planner/expression/CMakeFiles/duckdb_planner_expression.dir/ub_duckdb_planner_expression.cpp.o
[109/348] Building CXX object src/planner/CMakeFiles/duckdb_planner.dir/ub_duckdb_planner.cpp.o
[110/348] Building CXX object src/planner/binder/expression/CMakeFiles/duckdb_bind_expression.dir/ub_duckdb_bind_expression.cpp.o
[111/348] Building CXX object src/planner/binder/query_node/CMakeFiles/duckdb_bind_query_node.dir/ub_duckdb_bind_query_node.cpp.o
[112/348] Building CXX object src/planner/binder/tableref/CMakeFiles/duckdb_bind_tableref.dir/ub_duckdb_bind_tableref.cpp.o
[113/348] Building CXX object src/planner/binder/statement/CMakeFiles/duckdb_bind_statement.dir/ub_duckdb_bind_statement.cpp.o
[114/348] Building CXX object src/planner/expression_binder/CMakeFiles/duckdb_expression_binders.dir/ub_duckdb_expression_binders.cpp.o
[115/348] Building CXX object src/planner/filter/CMakeFiles/duckdb_planner_filter.dir/ub_duckdb_planner_filter.cpp.o
[116/348] Building CXX object src/planner/operator/CMakeFiles/duckdb_planner_operator.dir/ub_duckdb_planner_operator.cpp.o
[117/348] Building CXX object src/planner/subquery/CMakeFiles/duckdb_planner_subquery.dir/ub_duckdb_planner_subquery.cpp.o
[118/348] Building CXX object src/parser/constraints/CMakeFiles/duckdb_constraints.dir/ub_duckdb_constraints.cpp.o
[119/348] Building CXX object src/parser/expression/CMakeFiles/duckdb_expression.dir/ub_duckdb_expression.cpp.o
[120/348] Building CXX object src/parser/CMakeFiles/duckdb_parser.dir/ub_duckdb_parser.cpp.o
[121/348] Building CXX object src/parser/query_node/CMakeFiles/duckdb_query_node.dir/ub_duckdb_query_node.cpp.o
[122/348] Building CXX object src/parser/parsed_data/CMakeFiles/duckdb_parsed_data.dir/ub_duckdb_parsed_data.cpp.o
[123/348] Building CXX object src/parser/statement/CMakeFiles/duckdb_statement.dir/ub_duckdb_statement.cpp.o
[124/348] Building CXX object src/parser/tableref/CMakeFiles/duckdb_parser_tableref.dir/ub_duckdb_parser_tableref.cpp.o
[125/348] Building CXX object src/parser/transform/constraint/CMakeFiles/duckdb_transformer_constraint.dir/ub_duckdb_transformer_constraint.cpp.o
[126/348] Building CXX object src/parser/transform/helpers/CMakeFiles/duckdb_transformer_helpers.dir/ub_duckdb_transformer_helpers.cpp.o
[127/348] Building CXX object src/parser/transform/expression/CMakeFiles/duckdb_transformer_expression.dir/ub_duckdb_transformer_expression.cpp.o
[128/348] Building CXX object src/parser/transform/tableref/CMakeFiles/duckdb_transformer_tableref.dir/ub_duckdb_transformer_tableref.cpp.o
[129/348] Building CXX object src/parser/transform/statement/CMakeFiles/duckdb_transformer_statement.dir/ub_duckdb_transformer_statement.cpp.o
[130/348] Building CXX object src/function/aggregate/CMakeFiles/duckdb_func_aggr.dir/ub_duckdb_func_aggr.cpp.o
[131/348] Building CXX object src/function/CMakeFiles/duckdb_function.dir/ub_duckdb_function.cpp.o
[132/348] Building CXX object src/function/aggregate/distributive/CMakeFiles/duckdb_aggr_distr.dir/ub_duckdb_aggr_distr.cpp.o
[133/348] Building CXX object src/function/cast/union/CMakeFiles/duckdb_union_cast.dir/ub_duckdb_union_cast.cpp.o
[134/348] Building CXX object src/function/cast/variant/CMakeFiles/duckdb_variant_cast.dir/ub_duckdb_variant_cast.cpp.o
[135/348] Building CXX object src/function/pragma/CMakeFiles/duckdb_func_pragma.dir/ub_duckdb_func_pragma.cpp.o
[136/348] Building CXX object src/function/cast/CMakeFiles/duckdb_func_cast.dir/ub_duckdb_func_cast.cpp.o
[137/348] Building CXX object src/function/scalar/CMakeFiles/duckdb_func_scalar.dir/ub_duckdb_func_scalar.cpp.o
[138/348] Building CXX object src/function/scalar/date/CMakeFiles/duckdb_func_date.dir/ub_duckdb_func_date.cpp.o
ninja: build stopped: interrupted by user.
{"command": ["cmake", "--build", "/Users/catethos/workspace/ladybugex/zig_library/_build/tsan-clt21/duckdb", "--target", "duckdb_static", "core_functions_extension", "parquet_extension", "--parallel", "2"], "cwd": "/Users/catethos/workspace/ladybugex/zig_library", "exit": -15, "seconds": 95.457}
Traceback (most recent call last):
  File "/Users/catethos/workspace/ladybugex/zig_library/scripts/tsan.py", line 46, in <module>
    run(["cmake", "--build", str(out / "duckdb"), "--target", "duckdb_static",
    ~~~^^^^^^^^^^^^^^^^^^^^^^^^^^^^^^^^^^^^^^^^^^^^^^^^^^^^^^^^^^^^^^^^^^^^^^^
         "core_functions_extension", "parquet_extension", "--parallel", "2"], timeout=7200)
         ^^^^^^^^^^^^^^^^^^^^^^^^^^^^^^^^^^^^^^^^^^^^^^^^^^^^^^^^^^^^^^^^^^^^^^^^^^^^^^^^^^
  File "/Users/catethos/workspace/ladybugex/zig_library/scripts/proof.py", line 28, in run
    raise RuntimeError(f"command failed: {args}")
RuntimeError: command failed: ['cmake', '--build', '/Users/catethos/workspace/ladybugex/zig_library/_build/tsan-clt21/duckdb', '--target', 'duckdb_static', 'core_functions_extension', 'parquet_extension', '--parallel', '2']
