warning: pattern matching on 0.0 is equivalent to matching only on +0.0. Instead you must match on +0.0 or -0.0
└─ scripts/vector_persistence.exs

warning: pattern matching on 0.0 is equivalent to matching only on +0.0. Instead you must match on +0.0 or -0.0
└─ scripts/vector_persistence.exs

warning: pattern matching on 0.0 is equivalent to matching only on +0.0. Instead you must match on +0.0 or -0.0
└─ scripts/vector_persistence.exs

vector create: recall@10 mean=1.0, minimum=1.0, points=1000, probes=20, efs=200
vector fresh-process create passed
{"command": ["mix", "run", "scripts/vector_persistence.exs", "create", "/var/folders/z1/r2b_0ydd7yg1xjgf6m352nf40000gn/T/aphid-vector-k2zcofl7/caf\u00e9 graph"], "cwd": "/Users/catethos/workspace/ladybugex/zig_library", "exit": 0, "seconds": 5.038}
warning: pattern matching on 0.0 is equivalent to matching only on +0.0. Instead you must match on +0.0 or -0.0
└─ scripts/vector_persistence.exs

warning: pattern matching on 0.0 is equivalent to matching only on +0.0. Instead you must match on +0.0 or -0.0
└─ scripts/vector_persistence.exs

warning: pattern matching on 0.0 is equivalent to matching only on +0.0. Instead you must match on +0.0 or -0.0
└─ scripts/vector_persistence.exs

vector reopen: recall@10 mean=1.0, minimum=1.0, points=1000, probes=20, efs=200
vector fresh-process reopen passed
{"command": ["mix", "run", "scripts/vector_persistence.exs", "reopen", "/var/folders/z1/r2b_0ydd7yg1xjgf6m352nf40000gn/T/aphid-vector-k2zcofl7/caf\u00e9 graph"], "cwd": "/Users/catethos/workspace/ladybugex/zig_library", "exit": 0, "seconds": 0.616}
warning: pattern matching on 0.0 is equivalent to matching only on +0.0. Instead you must match on +0.0 or -0.0
└─ scripts/vector_persistence.exs

warning: pattern matching on 0.0 is equivalent to matching only on +0.0. Instead you must match on +0.0 or -0.0
└─ scripts/vector_persistence.exs

warning: pattern matching on 0.0 is equivalent to matching only on +0.0. Instead you must match on +0.0 or -0.0
└─ scripts/vector_persistence.exs

vector fresh-process verify passed
{"command": ["mix", "run", "scripts/vector_persistence.exs", "verify", "/var/folders/z1/r2b_0ydd7yg1xjgf6m352nf40000gn/T/aphid-vector-k2zcofl7/caf\u00e9 graph"], "cwd": "/Users/catethos/workspace/ladybugex/zig_library", "exit": 0, "seconds": 0.5}
