{"case":"small","implementation":"aphid","samples_us":[5982.333,6014.792,5992.167,6011.5,6028.125,5974.208,5999.0,6043.167,5987.667,5994.125,6015.042,6021.625,6001.042,6018.833,5974.916,6240.5,6270.458,5854.791,6178.0,5658.041,6140.083,6316.291,5623.375,6021.333,6289.417,5706.958,6661.875,6293.333,5493.334,6768.458,5010.208,5973.208,5948.667,5913.375,6375.709,6433.291,5697.292,6107.291,6232.542,5440.166,5808.25,6219.0,5441.792,6692.167,6356.125,5814.75,5952.75,5832.25,6046.583,5735.625,5748.25,5999.125,6166.75,5764.0,6296.0,5730.0,5988.5,6434.083,5528.542,5925.708,6122.25,6021.834,6504.917,6577.375,5246.916,6402.709,5804.833,5509.625,6532.084,5678.958,6019.0,5983.208,5645.459,6157.042,5981.958,5816.167,6277.75,6549.625,5284.625,6013.083,6020.042,5856.958,6354.875,5684.542,5939.0,6139.667,5995.375,5999.5,6555.709,5462.333,6740.917,5880.459,5860.542,6108.542,5339.25,6091.334,6376.167,5480.166,6399.042,5700.292],"beam_memory_bytes":60217082}
{"case":"rows","implementation":"aphid","samples_us":[5829.875,5895.667,6089.5,6057.458,5863.291,6149.417,5925.25,6042.0,6045.459,5937.75,5969.708,6257.041,5711.708,6092.208,6046.291,5926.75,5958.542,6033.042,5937.583,6239.916,5763.709,6002.541,6090.959,6035.792,5903.708,6195.792,5699.75,5982.5,5851.5,6010.75,6316.917,5685.875,6303.334,5979.75,6060.0,5978.375,6093.0,5484.5,6359.375,5767.041,5918.542,6017.5,6093.333,5948.833,6061.333,5882.917,6091.75,6014.667,6303.083,5822.25,6167.5,5578.333,6467.5,5507.125,6037.625,6055.458,6358.542,5762.75,6263.584,5553.25,6387.666,5928.0,6007.958,5713.666,6457.125,5755.417,6077.666,6098.458,5855.5,6116.541,5693.042,6342.25,5891.875,6004.167,5767.0,6312.25,5800.042,5890.166,6272.083,5617.125,6354.125,5969.75,5784.125,6360.583,5919.333,5952.208,6218.375,5451.042,6331.416,5788.583,5888.125,6077.917,6297.833,5858.541,6198.875,5999.042,5808.167,6162.417,5684.75,6353.25],"beam_memory_bytes":62256565}
{"case":"nested","implementation":"aphid","samples_us":[11995.25,12241.417,11909.166,11816.5,12112.75,12172.958,11833.042,11897.458,12134.542,11918.625,12007.375,12108.5,12057.875,11872.0,11999.417,12127.334,12026.167,11816.5,11961.416,12196.75,11999.625,11738.75,12324.75,11988.167,11668.0,12085.083,12246.833,11864.417,11911.125,12204.167,12787.875,11871.042,18272.291,54287.375,25364.25,11514.083,10535.833,11656.458,12041.791,12094.084,12244.917,11917.375,11763.625,11974.458,12236.792,11896.25,11955.167,11991.209,11837.0,11867.042,12519.709,11803.583,11709.416,12062.083,11912.375,12258.792,11612.417,11994.041,13780.208,11448.791,11239.333,11721.583,11936.292,12702.041,11594.625,11661.792,11820.792,12133.708,11922.792,11791.75,12069.916,12248.833,11874.625,11865.875,12146.667,11964.583,11795.584,12118.167,12163.334,11905.417,11939.791,12062.792,12025.5,12004.584,11815.375,12298.75,11915.833,11726.958,12097.958,12225.0,11867.625,11955.5,12131.083,12037.667,11719.375,12169.125,12162.25,11881.709,11904.708,12046.583],"beam_memory_bytes":63464997}
{"case":"fts","implementation":"aphid","samples_us":[6045.584,5999.917,5911.958,6370.667,5765.0,6094.708,6094.0,5870.333,6069.958,5865.458,6355.0,6031.541,6033.833,5834.25,6191.542,5916.375,5888.5,6185.75,6233.125,5870.541,6144.208,5880.208,6122.667,5900.75,5968.791,6121.709,5889.375,6071.25,5694.416,6190.708,6197.958,5914.875,5915.75,5965.917,6186.959,5825.125,6218.209,5881.125,5900.958,6068.042,5988.791,5948.125,5907.625,6055.209,6059.166,6066.792,5986.375,5962.875,6023.0,5911.5,6142.833,6299.167,5511.083,6624.042,5875.292,5953.958,6208.542,5286.375,6186.625,6403.917,5420.75,6418.833,6161.291,5860.459,6164.417,5534.625,5957.209,6568.666,5668.541,5916.667,6354.75,5788.209,5991.708,5700.75,6037.416,6585.083,5701.0,5866.916,5827.833,6520.917,5748.417,5729.375,5997.834,6025.625,6797.334,5521.792,5762.458,6455.292,5695.25,5655.459,6715.0,5786.584,6006.083,5990.958,5539.459,6149.083,6310.875,5532.042,6035.542,6047.208],"beam_memory_bytes":62091413}
{"case":"vector","implementation":"aphid","samples_us":[5410.833,6415.167,6669.583,5361.625,6112.041,5467.333,6123.625,6453.75,5412.5,6097.25,6072.666,5892.083,6541.667,5476.084,6026.167,6707.666,5834.459,5358.25,7067.708,5293.667,6056.667,5578.083,6057.792,6437.167,5675.417,5954.333,6727.834,5664.375,5492.375,6646.375,6198.792,5562.083,6369.334,5049.208,6324.25,6481.708,5243.709,5908.292,6679.417,6243.917,5459.833,6614.666,5788.584,5795.5,5655.417,6050.541,6596.0,5966.334,5287.583,6921.5,5864.958,5800.875,5842.208,5697.459,6216.166,5919.333,5955.125,5875.333,6076.084,6007.708,6016.458,5891.542,6050.042,6046.417,6427.334,5746.625,5739.167,6624.791,5872.958,5504.542,6608.584,5935.709,5428.209,6616.833,5417.666,6099.542,6755.541,5421.0,5837.125,6185.958,5742.291,6429.209,5463.709,6094.584,6578.417,5834.667,5455.792,6512.25,6411.459,5034.542,6977.125,5689.792,5736.666,6380.5,5231.375,6372.0,6092.584,5731.291,5813.166,5988.875],"beam_memory_bytes":61573773}
{"case":"duckdb","implementation":"aphid","samples_us":[5672.375,6666.584,5310.0,6740.458,5553.041,5871.042,6829.542,5316.083,5856.625,7405.25,4344.125,6047.25,5760.5,5841.292,6126.5,5862.916,6056.625,5865.667,6050.917,6046.958,6290.375,5643.708,6054.25,6045.041,6070.292,5938.0,6016.417,5965.75,6239.125,5849.792,6122.875,5905.417,6025.083,5950.916,7112.791,5349.542,6087.666,6067.958,5491.583,6579.75,6221.083,5523.959,5846.0,6447.834,5626.667,7823.542,4412.0,6110.625,6585.167,5497.0,5967.042,6390.541,5051.208,6422.792,6609.0,5140.792,6601.916,5878.958,5752.583,6529.208,5859.042,5358.25,6308.791,5797.791,5635.042,7045.417,5151.0,6308.542,6226.792,5407.458,7440.917,4963.083,5614.5,7246.083,4952.375,6022.292,6823.083,4724.333,6540.667,6488.834,5267.0,6809.584,5875.041,5247.167,7018.666,5149.375,5634.5,7174.708,5033.375,6211.833,6723.834,4995.75,6221.333,6649.875,5057.667,8631.959,3694.667,5601.75,6568.042,5849.75],"beam_memory_bytes":61589021}
        6.01 real         2.96 user         0.36 sys
           229654528  maximum resident set size
                   0  average shared memory size
                   0  average unshared data size
                   0  average unshared stack size
               18099  page reclaims
                1707  page faults
                   0  swaps
                   0  block input operations
                   0  block output operations
                   0  messages sent
                   0  messages received
                   0  signals received
                3443  voluntary context switches
               25268  involuntary context switches
         29284682070  instructions retired
          8317673686  cycles elapsed
           194200368  peak memory footprint
