{"implementation":"cpp","case":"small","samples_us":[44.666,43.709,51.917,121.625,56.166,46.459,43.916,45.166,44.833,43.292,43.125,42.75,42.375,41.5,41.5,44.25,44.5,42,44.042,40.917,40.834,44.125,41.125,42.792,42.333,43.416,45.625,48.625,46.291,54.583,52.708,42.792,42,43.75,42.833,44.959,43.834,45,44.291,43.875,42.167,63.792,43.209,43.208,46.917,42.583,43.916,44.833,42.416,47.208,40.75,41,42.667,41.25,41.416,41.5,42.542,41.667,41.125,42.958,42.042,42.459,42.083,42.125,41.5,42.292,43.708,41.5,42.125,44.584,42.667,42.084,42.125,42.042,43.042,42.208,42.375,41.541,41.042,45.167,43.417,41.458,42.042,41.791,42.375,42.5,42.375,42.25,41.083,40.541,41.541,42.917,42.334,42.417,42,42.084,41.75,41.875,42.292,42.5]}
{"implementation":"cpp","case":"rows","samples_us":[334.334,359.583,336.667,338.875,332.5,340.208,332.833,372.792,332.042,345.333,381.667,358.792,359.291,405,327.125,339.166,345.208,358.042,360.458,333.042,333.334,377.208,324.417,318.458,340.625,339.708,343.333,330.5,328.458,327.458,326.584,367.084,318.875,326.125,316.042,324.959,326.042,325.917,326.083,327.833,320.167,339.834,319.25,321.833,318.75,349,317.541,326,330.625,340.458,318.25,344.708,321.208,317.125,346.042,339.083,345.458,372.958,330.292,342.667,350.625,334.583,330.042,318.083,318.375,327,346.833,352.958,354.834,321.917,326.084,319.042,325.666,338.75,336.333,318.458,317.75,325.167,344,335.334,319,363.416,346.5,331.375,316.625,315.958,314.625,324.5,325,315.916,324.375,315.5,326.708,315.75,325.458,325.708,324.667,318.625,319.417,315.583]}
{"implementation":"cpp","case":"nested","samples_us":[3400,3384.83,3308.33,3282.75,3276.08,3365.25,3418.08,3300.08,3266.17,3291.42,3398.25,3407.58,3322.46,3260.88,3281.75,3385.71,3422.58,3307.21,3273.25,3262.54,3400.96,3319.29,3321.92,3267.29,3320.5,3366.62,3387.38,3294.62,3266.04,3267.88,3377.46,3458.67,3303.96,3271.54,3352.67,3353.04,3395.58,3319.62,3279.46,3346.25,3397.67,3390.38,3294.67,3267.54,3330.42,3374.58,3375.75,3304.42,3265.21,3292,3385.04,3390.5,3291.96,3268.33,3302.54,3382.38,3434,3265.21,3267.46,3284,3390.58,3377.54,3300.12,3264.54,3298.21,3374.33,3434.46,3298.54,3266.88,3286.71,3353.79,3435.79,3290.5,3265.17,3307.71,3343.25,3378.58,3315.29,3284.25,3275.67,3358.88,3313.54,3279.5,3256.46,3260.38,3370.96,3362.04,3260.33,3272.5,3301.71,3334.38,3396.04,3293.67,3265.25,3323.25,3353.12,3354,3267.58,3259.5,3264.67]}
{"implementation":"cpp","case":"fts","samples_us":[967.709,994.166,982.833,950.584,944.708,943.5,931.666,938.167,922.125,986.166,935.959,994.292,972.667,1050.5,1001.88,990.041,977.708,968.125,959.583,973.958,943.916,938.5,932.709,936.292,935.958,933.292,1002.46,945.167,995.083,964.209,1005.21,1017.21,1004.83,950.583,959.166,943.791,953.625,978.875,941.916,936.5,939.125,937.542,937.708,1002.5,950.25,963.167,941.209,986.375,944.625,1019.62,988.042,955.042,937.583,925.5,936.875,937.291,942.791,942.083,943.25,992.459,942.834,960.042,933.666,942.458,948.417,992.459,960.083,973.208,946.542,937.167,928.875,960.791,947.958,967.667,926.041,931.166,925.708,923.584,964.625,959.917,955.042,957.5,1049.25,967.792,1031.83,959.042,949.166,983,994.084,961.792,947.708,968.375,961,965.333,947.958,967.75,950.584,956.708,986.5,985.791]}
{"implementation":"cpp","case":"vector","samples_us":[600.458,687.542,674.25,714.625,615.542,616.917,604.667,606.083,603.042,612.208,600.5,601.875,617.25,600.25,602.583,603.625,601.5,600.666,603.458,599.708,601.125,600.5,642.166,612.25,607.583,601.292,601.125,599.459,684.25,649.542,613.042,678.875,629.5,613.666,606.125,603.75,607.959,606.042,603.167,627.083,604.167,602.625,603.208,600.541,602.708,603,601.709,601.916,601.958,650.625,607.833,610.375,613.584,601.375,603.75,659.917,618.958,602.5,649.959,631,606.833,608.166,602.5,603.167,602.375,609,621.041,604.292,602,602.625,602.5,599.833,603.666,600.666,602.084,604.209,650.417,621.5,623.375,602.167,607,606.209,624.5,662.625,611.666,659.416,643.583,606.083,606.625,609.333,607.375,599.334,601,619.417,601.417,602.542,599.959,600.875,598.709,599.417]}
{"implementation":"cpp","case":"duckdb","samples_us":[212.75,211.833,208.083,261.25,230.459,217.167,216.459,212.667,214.042,209.209,212.333,219.583,229.458,220.042,214.584,211.458,225.25,288.5,260.167,248.25,234.417,230.667,254.542,240.041,243.542,246.25,268.209,315.208,245.959,272,254.667,243.125,266.75,261.625,233.291,223.959,228,220.125,216.25,233.958,228.417,212.417,213.416,241.709,225.5,252.083,233.791,212.666,211.458,223.333,228.875,208.958,214,230.292,208.375,265,250.75,232.375,211.875,219.917,225.042,227.958,230.917,279.25,216.458,212,226.5,218.958,211,210.042,214.167,218.375,226.875,215.959,215.583,212.084,214,218.25,227.875,231.375,221.583,216.375,222.541,211.833,220.666,211.5,214,209.791,215.042,231.708,222.084,215.583,219.75,219.958,215.125,212.667,210.709,210.459,210.708,216.916]}
        1.81 real         0.96 user         0.09 sys
           139755520  maximum resident set size
                   0  average shared memory size
                   0  average unshared data size
                   0  average unshared stack size
                8375  page reclaims
                1543  page faults
                   0  swaps
                   0  block input operations
                   0  block output operations
                   0  messages sent
                   0  messages received
                   0  signals received
                   1  voluntary context switches
                9598  involuntary context switches
         16116443329  instructions retired
          3420846004  cycles elapsed
           114115136  peak memory footprint
